2026-07-21 12:07:31,975 [INFO] ascension.benchmarks.alien_depth: alien_depth: max_depth=6 per_layer=(True, False, False, False, False, True) held_out_rmse=None q_drift=None n_hyp=6 elapsed_ms=9933
========================================================================
ALIEN RUN 5b70369f-69cb-4868-9c20-1c82c360da8b
  run.status=completed  halt_reason=duration_exceeded
  PROVENANCE (P-15.2-6): benchmark_system='alien_universe'  included_in_distillation_v1=False
  SCORING MODE: FAMILY-V2 (V2 law: sum coupling + r^-2.5; L3/L4 vs held-out sums {4,6})
  node types: {'hypothesis': 6}
  hypothesis nodes=6  status_breakdown={'active': 6}
  SPEND: 12 llm_calls, $0.5123 total
    provider='google': 12 calls, $0.5123
------------------------------------------------------------------------
  DISCOVERY DEPTH (P-15.2-1/2/3): max_depth=6
    per_layer L1..L6 = (True, False, False, False, False, True)
    HONEST consecutive force-law depth (L1-L4, L-057) = 1   [L5=False L6=True reported separately, non-consecutive]
    held_out_rss_reduction=None  q_drift=None
  scorer notes (17):
    - L1: inverse-square term + Newton accel-fit converges ('(s1*s2 - kappa) / r**2')
    - L6: law verified invariant under P:(x->-x,v->-v,s->-s) ('(s1*s2 - kappa) / r**2')
    - L1: inverse-square term + Newton accel-fit converges ('(s1*s2 / r**3) - (kappa / r**2)')
    - L2 DENIED: second radial term exponent not ~-2.5 ('(s1*s2 / r**3) - (kappa / r**2)')
    - L6: law verified invariant under P:(x->-x,v->-v,s->-s) ('(s1*s2 / r**3) - (kappa / r**2)')
    - L1: inverse-square term + Newton accel-fit converges ('alpha * s1 * s2 / r**3 - beta / r**2')
    - L2 DENIED: second radial term exponent not ~-2.5 ('alpha * s1 * s2 / r**3 - beta / r**2')
    - L6: law verified invariant under P:(x->-x,v->-v,s->-s) ('alpha * s1 * s2 / r**3 - beta / r**2')
    - L1: inverse-square term + Newton accel-fit converges ('k*s1*s2/r**3 - G*m1/r**2')
    - L2 DENIED: second radial term exponent not ~-2.5 ('k*s1*s2/r**3 - G*m1/r**2')
    - L6: law verified invariant under P:(x->-x,v->-v,s->-s) ('k*s1*s2/r**3 - G*m1/r**2')
    - L1: inverse-square term + Newton accel-fit converges ('kappa * s1 * s2 / r**2 + beta / r**3')
    - L2 DENIED: second radial term exponent not ~-2.5 ('kappa * s1 * s2 / r**2 + beta / r**3')
    - L6: law verified invariant under P:(x->-x,v->-v,s->-s) ('kappa * s1 * s2 / r**2 + beta / r**3')
    - L1: inverse-square term + Newton accel-fit converges ('m2 * (-alpha/r**2 + beta*s1*s2/r**3)')
    - L2 DENIED: second radial term exponent not ~-2.5 ('m2 * (-alpha/r**2 + beta*s1*s2/r**3)')
    - L6: law verified invariant under P:(x->-x,v->-v,s->-s) ('m2 * (-alpha/r**2 + beta*s1*s2/r**3)')
  distinct symbolic_form count=6 (sample up to 30):
    (s1*s2 - kappa) / r**2
    (s1*s2 / r**3) - (kappa / r**2)
    alpha * s1 * s2 / r**3 - beta / r**2
    k*s1*s2/r**3 - G*m1/r**2
    kappa * s1 * s2 / r**2 + beta / r**3
    m2 * (-alpha/r**2 + beta*s1*s2/r**3)
========================================================================
