2026-07-21 13:10:30,954 [INFO] ascension.benchmarks.alien_depth: alien_depth: max_depth=6 per_layer=(True, False, True, False, False, True) held_out_rmse=0.32083882427693194 q_drift=None n_hyp=42 elapsed_ms=10687
========================================================================
ALIEN RUN 462dc0da-ecec-4bbc-9f5f-6a47de65ca6e
  run.status=completed  halt_reason=duration_exceeded
  PROVENANCE (P-15.2-6): benchmark_system='alien_universe'  included_in_distillation_v1=False
  SCORING MODE: FAMILY-V2 (V2 law: sum coupling + r^-2.5; L3/L4 vs held-out sums {4,6})
  node types: {'dispute': 10, 'hypothesis': 42}
  hypothesis nodes=42  status_breakdown={'contested': 16, 'active': 26}
  SPEND: 120 llm_calls, $3.5436 total
    provider='google': 119 calls, $3.5436
    provider='nvidia': 1 calls, $0.0000
------------------------------------------------------------------------
  DISCOVERY DEPTH (P-15.2-1/2/3): max_depth=6
    per_layer L1..L6 = (True, False, True, False, False, True)
    HONEST consecutive force-law depth (L1-L4, L-057) = 1   [L5=False L6=True reported separately, non-consecutive]
    held_out_rss_reduction=0.32083882427693194  q_drift=None
  scorer notes (93):
    - L1: inverse-square term + Newton accel-fit converges ('(C * s1 * s2) / (m1 * r**2) - (G * m2) / r**2')
    - L6: law verified invariant under P:(x->-x,v->-v,s->-s) ('(C * s1 * s2) / (m1 * r**2) - (G * m2) / r**2')
    - L1: inverse-square term + Newton accel-fit converges ('(G*m1*m2/r**2) * (1 + s1*s2 * cos(kappa * log(r)))')
    - L6: law verified invariant under P:(x->-x,v->-v,s->-s) ('(G*m1*m2/r**2) * (1 + s1*s2 * cos(kappa * log(r)))')
    - L1: inverse-square term + Newton accel-fit converges ('(G*s1*s2/r**2) - (H/r**alpha)')
    - L6: law verified invariant under P:(x->-x,v->-v,s->-s) ('(G*s1*s2/r**2) - (H/r**alpha)')
    - L1: inverse-square term + Newton accel-fit converges ('(alpha * s1 * s2 / r**2) * cos(kappa / r)')
    - L6: law verified invariant under P:(x->-x,v->-v,s->-s) ('(alpha * s1 * s2 / r**2) * cos(kappa / r)')
    - L1: inverse-square term + Newton accel-fit converges ('(alpha * s1 * s2 / r**2) - (beta / r**2.1)')
    - L6: law verified invariant under P:(x->-x,v->-v,s->-s) ('(alpha * s1 * s2 / r**2) - (beta / r**2.1)')
    - L1: inverse-square term + Newton accel-fit converges ('(alpha * s1 * s2 / r**3) - (beta / r**2)')
    - L2 DENIED: second radial term exponent not ~-2.5 ('(alpha * s1 * s2 / r**3) - (beta / r**2)')
    - L6: law verified invariant under P:(x->-x,v->-v,s->-s) ('(alpha * s1 * s2 / r**3) - (beta / r**2)')
    - L1: inverse-square term + Newton accel-fit converges ('(alpha * s2 * cos(kappa * r) - G * m2) / r**2')
    - L6 DENIED: claimed symmetry not verified by sympy ('(alpha * s2 * cos(kappa * r) - G * m2) / r**2')
    - L1: inverse-square term + Newton accel-fit converges ('(k*s1*s2 - G*m1*m2)/(m1*r**2)')
    - L6: law verified invariant under P:(x->-x,v->-v,s->-s) ('(k*s1*s2 - G*m1*m2)/(m1*r**2)')
    - L1: inverse-square term + Newton accel-fit converges ('(kappa * s1 * s2) / (m1 * r**3) - (G * m2) / r**2')
    - L2 DENIED: second radial term exponent not ~-2.5 ('(kappa * s1 * s2) / (m1 * r**3) - (G * m2) / r**2')
    - L6: law verified invariant under P:(x->-x,v->-v,s->-s) ('(kappa * s1 * s2) / (m1 * r**3) - (G * m2) / r**2')
    - L1: inverse-square term + Newton accel-fit converges ('(s1*s2) * (alpha/r**2 - beta/r**2.1)')
    - L6: law verified invariant under P:(x->-x,v->-v,s->-s) ('(s1*s2) * (alpha/r**2 - beta/r**2.1)')
    - L1: inverse-square term + Newton accel-fit converges ('(s1*s2*m2) * (G/r**2 + K/r**(2.0 + delta))')
    - L6: law verified invariant under P:(x->-x,v->-v,s->-s) ('(s1*s2*m2) * (G/r**2 + K/r**(2.0 + delta))')
    - L1: inverse-square term + Newton accel-fit converges ('-(s1*s2/r**2) * (1 + beta * v1*v2 / c**2)')
    - L6: law verified invariant under P:(x->-x,v->-v,s->-s) ('-(s1*s2/r**2) * (1 + beta * v1*v2 / c**2)')
    - L1: inverse-square term + Newton accel-fit converges ('-G * m1 * m2 / r**2 + k * s1 * s2 / r**2.1')
    - L6: law verified invariant under P:(x->-x,v->-v,s->-s) ('-G * m1 * m2 / r**2 + k * s1 * s2 / r**2.1')
    - L1: inverse-square term + Newton accel-fit converges ('-G*m1*m2/r**2 + s1*s2*alpha*cos(kappa*r)/r**3')
    - L2 DENIED: second radial term exponent not ~-2.5 ('-G*m1*m2/r**2 + s1*s2*alpha*cos(kappa*r)/r**3')
    - L6: law verified invariant under P:(x->-x,v->-v,s->-s) ('-G*m1*m2/r**2 + s1*s2*alpha*cos(kappa*r)/r**3')
    - L1: inverse-square term + Newton accel-fit converges ('-G*m2/r**2 + K*s1*s2/(m1*r**p)')
    - L6: law verified invariant under P:(x->-x,v->-v,s->-s) ('-G*m2/r**2 + K*s1*s2/(m1*r**p)')
    - L1: inverse-square term + Newton accel-fit converges ('-G*m2/r**2 + k*s1*s2*((x2-x1)*(vx2-vx1) + (y2-y1)*(vy2-vy1))/(r**3)')
    - L2 DENIED: second radial term exponent not ~-2.5 ('-G*m2/r**2 + k*s1*s2*((x2-x1)*(vx2-vx1) + (y2-y1)*(vy2-vy1))/(r**3)')
    - L6: law verified invariant under P:(x->-x,v->-v,s->-s) ('-G*m2/r**2 + k*s1*s2*((x2-x1)*(vx2-vx1) + (y2-y1)*(vy2-vy1))/(r**3)')
    - L1: inverse-square term + Newton accel-fit converges ('-G*m2/r**2 + kappa*s1*s2/(m1*r**2.1)')
    - L6: law verified invariant under P:(x->-x,v->-v,s->-s) ('-G*m2/r**2 + kappa*s1*s2/(m1*r**2.1)')
    - L1: inverse-square term + Newton accel-fit converges ('-alpha*s1*s2/r**2 + beta*cos(omega*r)/r**2.1')
    - L6: law verified invariant under P:(x->-x,v->-v,s->-s) ('-alpha*s1*s2/r**2 + beta*cos(omega*r)/r**2.1')
    - L1: inverse-square term + Newton accel-fit converges ('-alpha/r**2 * (1 + beta*(s1+s2)*cos(omega*log(r) + phi))')
    - L3: hidden sum does real work, hidden-basis RSS reduction 0.321 (+rationale tiebreaker) ('-alpha/r**2 * (1 + beta*(s1+s2)*cos(omega*log(r) + phi))')
    - L6 DENIED: claimed symmetry not verified by sympy ('-alpha/r**2 * (1 + beta*(s1+s2)*cos(omega*log(r) + phi))')
    - L1: inverse-square term + Newton accel-fit converges ('-alpha/r**2 + (beta * s1 * s2) / r**kappa')
    - L6: law verified invariant under P:(x->-x,v->-v,s->-s) ('-alpha/r**2 + (beta * s1 * s2) / r**kappa')
    - L1: inverse-square term + Newton accel-fit converges ('-s1*s2*(G/r**2 + K/r**2.1)')
    - L6: law verified invariant under P:(x->-x,v->-v,s->-s) ('-s1*s2*(G/r**2 + K/r**2.1)')
    - L1: inverse-square term + Newton accel-fit converges ('G * m2 / r**2 - K * s1 * s2 / (m1 * r**2.1)')
    - L6: law verified invariant under P:(x->-x,v->-v,s->-s) ('G * m2 / r**2 - K * s1 * s2 / (m1 * r**2.1)')
    - L1: inverse-square term + Newton accel-fit converges ('G * s1 * s2 / r**2 + C / r**2.1')
    - L6: law verified invariant under P:(x->-x,v->-v,s->-s) ('G * s1 * s2 / r**2 + C / r**2.1')
    - L1: inverse-square term + Newton accel-fit converges ('G*m2*(k*s1*s2 - r)/r**3')
    - L2 DENIED: second radial term exponent not ~-2.5 ('G*m2*(k*s1*s2 - r)/r**3')
    - L6: law verified invariant under P:(x->-x,v->-v,s->-s) ('G*m2*(k*s1*s2 - r)/r**3')
    - L1: inverse-square term + Newton accel-fit converges ('G*m2/r**2 * (1 + s1*s2*cos(kappa*r))')
    - L6: law verified invariant under P:(x->-x,v->-v,s->-s) ('G*m2/r**2 * (1 + s1*s2*cos(kappa*r))')
    - L1: inverse-square term + Newton accel-fit converges ('G*m2/r**2 + kappa*s1*s2/(m1*r**2.1)')
    - L6: law verified invariant under P:(x->-x,v->-v,s->-s) ('G*m2/r**2 + kappa*s1*s2/(m1*r**2.1)')
    - L1: inverse-square term + Newton accel-fit converges ('G*m2/r**2 - kappa*s1*s2/r**2.1')
    - L6: law verified invariant under P:(x->-x,v->-v,s->-s) ('G*m2/r**2 - kappa*s1*s2/r**2.1')
  distinct symbolic_form count=42 (sample up to 30):
    (C * s1 * s2) / (m1 * r**2) - (G * m2) / r**2
    (G*m1*m2/r**2) * (1 + s1*s2 * cos(kappa * log(r)))
    (G*s1*s2/r**2) - (H/r**alpha)
    (alpha * s1 * s2 / r**2) * cos(kappa / r)
    (alpha * s1 * s2 / r**2) - (beta / r**2.1)
    (alpha * s1 * s2 / r**3) - (beta / r**2)
    (alpha * s2 * cos(kappa * r) - G * m2) / r**2
    (k*s1*s2 - G*m1*m2)/(m1*r**2)
    (kappa * s1 * s2) / (m1 * r**3) - (G * m2) / r**2
    (s1*s2) * (alpha/r**2 - beta/r**2.1)
    (s1*s2*m2) * (G/r**2 + K/r**(2.0 + delta))
    -(s1*s2/r**2) * (1 + beta * v1*v2 / c**2)
    -G * m1 * m2 / r**2 + k * s1 * s2 / r**2.1
    -G*m1*m2/r**2 + s1*s2*alpha*cos(kappa*r)/r**3
    -G*m2/r**2 + K*s1*s2/(m1*r**p)
    -G*m2/r**2 + k*s1*s2*((x2-x1)*(vx2-vx1) + (y2-y1)*(vy2-vy1))/(r**3)
    -G*m2/r**2 + kappa*s1*s2/(m1*r**2.1)
    -alpha*s1*s2/r**2 + beta*cos(omega*r)/r**2.1
    -alpha/r**2 * (1 + beta*(s1+s2)*cos(omega*log(r) + phi))
    -alpha/r**2 + (beta * s1 * s2) / r**kappa
    -s1*s2*(G/r**2 + K/r**2.1)
    G * m2 / r**2 - K * s1 * s2 / (m1 * r**2.1)
    G * s1 * s2 / r**2 + C / r**2.1
    G*m2*(k*s1*s2 - r)/r**3
    G*m2/r**2 * (1 + s1*s2*cos(kappa*r))
    G*m2/r**2 + kappa*s1*s2/(m1*r**2.1)
    G*m2/r**2 - kappa*s1*s2/r**2.1
    G*r/(r**2 + alpha*r**2.1) + beta*sin(k*r)*exp(-s1*r) + gamma*cos(k*r)*exp(-s2*r)
    G*s1*s2/r**2 * (1 + alpha * cos(omega*log(r)))
    G*s1*s2/r**2 + (A/r**kappa) * cos(omega * log(r) + phi)
========================================================================
