2026-07-21 13:52:35,165 [INFO] ascension.benchmarks.alien_depth: alien_depth: max_depth=6 per_layer=(True, True, True, False, False, True) held_out_rmse=0.32083882427693194 q_drift=None n_hyp=17 elapsed_ms=10468
========================================================================
ALIEN RUN c305a51e-be72-417a-832f-9567db09a694
  run.status=completed  halt_reason=duration_exceeded
  PROVENANCE (P-15.2-6): benchmark_system='alien_universe'  included_in_distillation_v1=False
  SCORING MODE: FAMILY-V2 (V2 law: sum coupling + r^-2.5; L3/L4 vs held-out sums {4,6})
  node types: {'dispute': 8, 'hypothesis': 17}
  hypothesis nodes=17  status_breakdown={'active': 5, 'contested': 12}
  SPEND: 46 llm_calls, $1.5120 total
    provider='google': 46 calls, $1.5120
------------------------------------------------------------------------
  DISCOVERY DEPTH (P-15.2-1/2/3): max_depth=6
    per_layer L1..L6 = (True, True, True, False, False, True)
    HONEST consecutive force-law depth (L1-L4, L-057) = 3   [L5=False L6=True reported separately, non-consecutive]
    held_out_rss_reduction=0.32083882427693194  q_drift=None
  scorer notes (38):
    - L2 DENIED: second radial term exponent not ~-2.5 ('(G * m2 * s1 * s2) / r')
    - L6: law verified invariant under P:(x->-x,v->-v,s->-s) ('(G * m2 * s1 * s2) / r')
    - L1: inverse-square term + Newton accel-fit converges ('(G * m2 / r**2) * (1 + alpha * s1 * s2 * cos(kappa * log(r)))')
    - L6: law verified invariant under P:(x->-x,v->-v,s->-s) ('(G * m2 / r**2) * (1 + alpha * s1 * s2 * cos(kappa * log(r)))')
    - L1: inverse-square term + Newton accel-fit converges ('(G - kappa*s2)/r**2')
    - L6 DENIED: claimed symmetry not verified by sympy ('(G - kappa*s2)/r**2')
    - L1: inverse-square term + Newton accel-fit converges ('(G*m2*s1*s2/r**2) + (beta * cos(omega * r) / r**2)')
    - L6: law verified invariant under P:(x->-x,v->-v,s->-s) ('(G*m2*s1*s2/r**2) + (beta * cos(omega * r) / r**2)')
    - L2 DENIED: second radial term exponent not ~-2.5 ('(gamma * s1 * s2 * r * exp(-alpha * r**2)) / m1')
    - L6: law verified invariant under P:(x->-x,v->-v,s->-s) ('(gamma * s1 * s2 * r * exp(-alpha * r**2)) / m1')
    - L1: inverse-square term + Newton accel-fit converges ('-(G * m2 * s1 * s2 / r**2) + (K * m2 * s1 * s2 / r**2.1)')
    - L6: law verified invariant under P:(x->-x,v->-v,s->-s) ('-(G * m2 * s1 * s2 / r**2) + (K * m2 * s1 * s2 / r**2.1)')
    - L1: inverse-square term + Newton accel-fit converges ('-G*m1*m2/r**2 + H/r**3 + (s1+s2)*alpha*cos(omega*r)/r**2')
    - L2 DENIED: second radial term exponent not ~-2.5 ('-G*m1*m2/r**2 + H/r**3 + (s1+s2)*alpha*cos(omega*r)/r**2')
    - L3: hidden sum does real work, hidden-basis RSS reduction 0.321 (+rationale tiebreaker) ('-G*m1*m2/r**2 + H/r**3 + (s1+s2)*alpha*cos(omega*r)/r**2')
    - L6 DENIED: claimed symmetry not verified by sympy ('-G*m1*m2/r**2 + H/r**3 + (s1+s2)*alpha*cos(omega*r)/r**2')
    - L6: law verified invariant under P:(x->-x,v->-v,s->-s) ('-G*m2/r**(2 - c*s1*s2)')
    - L1: inverse-square term + Newton accel-fit converges ('-G*m2/r**2 + alpha*s1*s2/(m1*r**2.1)')
    - L6: law verified invariant under P:(x->-x,v->-v,s->-s) ('-G*m2/r**2 + alpha*s1*s2/(m1*r**2.1)')
    - L1: inverse-square term + Newton accel-fit converges ('-G*m2/r**2 + kappa*s1*s2/(m1*r**2.1)')
    - L6: law verified invariant under P:(x->-x,v->-v,s->-s) ('-G*m2/r**2 + kappa*s1*s2/(m1*r**2.1)')
    - L1: inverse-square term + Newton accel-fit converges ('-G*m2/r**2 + s1*s2*H*cos(kappa*r)/r**2.5')
    - L2: second radial term ~r**-2.5 + correction-basis RSS reduction 0.251 >= 0.05 ('-G*m2/r**2 + s1*s2*H*cos(kappa*r)/r**2.5')
    - L6: law verified invariant under P:(x->-x,v->-v,s->-s) ('-G*m2/r**2 + s1*s2*H*cos(kappa*r)/r**2.5')
    - L1: inverse-square term + Newton accel-fit converges ('G * m2 / r**2 * (1 + A * s1 * s2 * cos(omega * r))')
    - L6: law verified invariant under P:(x->-x,v->-v,s->-s) ('G * m2 / r**2 * (1 + A * s1 * s2 * cos(omega * r))')
    - L1: inverse-square term + Newton accel-fit converges ('G*m2/r**2 + kappa*s1*s2/(m1*r**2.1)')
    - L6: law verified invariant under P:(x->-x,v->-v,s->-s) ('G*m2/r**2 + kappa*s1*s2/(m1*r**2.1)')
    - L1: inverse-square term + Newton accel-fit converges ('G*m2/r**2 + s1*s2*alpha*cos(omega*r)/r**3')
    - L2 DENIED: second radial term exponent not ~-2.5 ('G*m2/r**2 + s1*s2*alpha*cos(omega*r)/r**3')
    - L6: law verified invariant under P:(x->-x,v->-v,s->-s) ('G*m2/r**2 + s1*s2*alpha*cos(omega*r)/r**3')
    - L1: inverse-square term + Newton accel-fit converges ('kappa * s1 * s2 / r**2')
    - L6: law verified invariant under P:(x->-x,v->-v,s->-s) ('kappa * s1 * s2 / r**2')
    - L1: inverse-square term + Newton accel-fit converges ('s1*s2 * (G*m2/r**2 + alpha*cos(omega*r)/r)')
    - L2 DENIED: second radial term exponent not ~-2.5 ('s1*s2 * (G*m2/r**2 + alpha*cos(omega*r)/r)')
    - L6: law verified invariant under P:(x->-x,v->-v,s->-s) ('s1*s2 * (G*m2/r**2 + alpha*cos(omega*r)/r)')
    - L1: inverse-square term + Newton accel-fit converges ('s2 * (G/r**2 + H/r**2.1)')
    - L6 DENIED: claimed symmetry not verified by sympy ('s2 * (G/r**2 + H/r**2.1)')
  distinct symbolic_form count=17 (sample up to 30):
    (G * m2 * s1 * s2) / r
    (G * m2 / r**2) * (1 + alpha * s1 * s2 * cos(kappa * log(r)))
    (G - kappa*s2)/r**2
    (G*m2*s1*s2/r**2) + (beta * cos(omega * r) / r**2)
    (gamma * s1 * s2 * r * exp(-alpha * r**2)) / m1
    -(G * m2 * s1 * s2 / r**2) + (K * m2 * s1 * s2 / r**2.1)
    -G*m1*m2/r**2 + H/r**3 + (s1+s2)*alpha*cos(omega*r)/r**2
    -G*m2/r**(2 - c*s1*s2)
    -G*m2/r**2 + alpha*s1*s2/(m1*r**2.1)
    -G*m2/r**2 + kappa*s1*s2/(m1*r**2.1)
    -G*m2/r**2 + s1*s2*H*cos(kappa*r)/r**2.5
    G * m2 / r**2 * (1 + A * s1 * s2 * cos(omega * r))
    G*m2/r**2 + kappa*s1*s2/(m1*r**2.1)
    G*m2/r**2 + s1*s2*alpha*cos(omega*r)/r**3
    kappa * s1 * s2 / r**2
    s1*s2 * (G*m2/r**2 + alpha*cos(omega*r)/r)
    s2 * (G/r**2 + H/r**2.1)
========================================================================
