2026-07-21 13:32:03,272 [INFO] ascension.benchmarks.alien_depth: alien_depth: max_depth=6 per_layer=(True, False, True, False, False, True) held_out_rmse=0.32083882427693194 q_drift=None n_hyp=25 elapsed_ms=12738
========================================================================
ALIEN RUN 96423879-7868-4a8b-84c2-314d1375ccc3
  run.status=completed  halt_reason=duration_exceeded
  PROVENANCE (P-15.2-6): benchmark_system='alien_universe'  included_in_distillation_v1=False
  SCORING MODE: FAMILY-V2 (V2 law: sum coupling + r^-2.5; L3/L4 vs held-out sums {4,6})
  node types: {'dispute': 4, 'hypothesis': 25}
  hypothesis nodes=25  status_breakdown={'active': 19, 'contested': 6}
  SPEND: 56 llm_calls, $2.2930 total
    provider='google': 55 calls, $2.2930
    provider='nvidia': 1 calls, $0.0000
------------------------------------------------------------------------
  DISCOVERY DEPTH (P-15.2-1/2/3): max_depth=6
    per_layer L1..L6 = (True, False, True, False, False, True)
    HONEST consecutive force-law depth (L1-L4, L-057) = 1   [L5=False L6=True reported separately, non-consecutive]
    held_out_rss_reduction=0.32083882427693194  q_drift=None
  scorer notes (55):
    - L1: inverse-square term + Newton accel-fit converges ('(-G * m2 + alpha * s1 * s2 / m1) / r**2')
    - L6: law verified invariant under P:(x->-x,v->-v,s->-s) ('(-G * m2 + alpha * s1 * s2 / m1) / r**2')
    - L1: inverse-square term + Newton accel-fit converges ('(-G*m1*m2/r**2) + (k*s1*s2/r**p)')
    - L6: law verified invariant under P:(x->-x,v->-v,s->-s) ('(-G*m1*m2/r**2) + (k*s1*s2/r**p)')
    - L1: inverse-square term + Newton accel-fit converges ('(-G*m2/r**2) + (kappa*s1*s2/(m1*r**gamma))')
    - L6: law verified invariant under P:(x->-x,v->-v,s->-s) ('(-G*m2/r**2) + (kappa*s1*s2/(m1*r**gamma))')
    - L6: law verified invariant under P:(x->-x,v->-v,s->-s) ('(G*s1*s2/r**p) * (1 + alpha*cos(k*log(r)))')
    - L1: inverse-square term + Newton accel-fit converges ('(s1*s2*G/r**2) + (k*(s1+s2)*cos(omega*r)/r**2)')
    - L3: hidden sum does real work, hidden-basis RSS reduction 0.321 ('(s1*s2*G/r**2) + (k*(s1+s2)*cos(omega*r)/r**2)')
    - L6 DENIED: claimed symmetry not verified by sympy ('(s1*s2*G/r**2) + (k*(s1+s2)*cos(omega*r)/r**2)')
    - L1: inverse-square term + Newton accel-fit converges ('-G*(m1+m2)/r**2 + beta*s1*s2*cos(kappa*log(r))/r**2')
    - L6: law verified invariant under P:(x->-x,v->-v,s->-s) ('-G*(m1+m2)/r**2 + beta*s1*s2*cos(kappa*log(r))/r**2')
    - L1: inverse-square term + Newton accel-fit converges ('-G*m1*m2/r**2 + K*s1*s2/r**2.1')
    - L6: law verified invariant under P:(x->-x,v->-v,s->-s) ('-G*m1*m2/r**2 + K*s1*s2/r**2.1')
    - L1: inverse-square term + Newton accel-fit converges ('-G*m2/r**2 + K*s1*s2/(m1*r**2)')
    - L6: law verified invariant under P:(x->-x,v->-v,s->-s) ('-G*m2/r**2 + K*s1*s2/(m1*r**2)')
    - L1: inverse-square term + Newton accel-fit converges ('-G*m2/r**2 + s1*s2*beta*m2*cos(alpha*log(r))/r**2.1')
    - L6: law verified invariant under P:(x->-x,v->-v,s->-s) ('-G*m2/r**2 + s1*s2*beta*m2*cos(alpha*log(r))/r**2.1')
    - L1: inverse-square term + Newton accel-fit converges ('-G*m2/r**2 - alpha*(s1*s2)*cos(omega*r)/r**2')
    - L6: law verified invariant under P:(x->-x,v->-v,s->-s) ('-G*m2/r**2 - alpha*(s1*s2)*cos(omega*r)/r**2')
    - L1: inverse-square term + Newton accel-fit converges ('-G/r**2 + k*s1*s2/r**3')
    - L2 DENIED: second radial term exponent not ~-2.5 ('-G/r**2 + k*s1*s2/r**3')
    - L6: law verified invariant under P:(x->-x,v->-v,s->-s) ('-G/r**2 + k*s1*s2/r**3')
    - L1: inverse-square term + Newton accel-fit converges ('-alpha/r**2 + beta*s1*s2/r**3')
    - L2 DENIED: second radial term exponent not ~-2.5 ('-alpha/r**2 + beta*s1*s2/r**3')
    - L6: law verified invariant under P:(x->-x,v->-v,s->-s) ('-alpha/r**2 + beta*s1*s2/r**3')
    - L1: inverse-square term + Newton accel-fit converges ('G*(m1+m2)/r**2 + kappa*s1*s2/r**2.1')
    - L6: law verified invariant under P:(x->-x,v->-v,s->-s) ('G*(m1+m2)/r**2 + kappa*s1*s2/r**2.1')
    - L1: inverse-square term + Newton accel-fit converges ('G*(m1+m2)/r**2 - alpha*s1*s2*(m1+m2)/(m1*m2)/r**p')
    - L6: law verified invariant under P:(x->-x,v->-v,s->-s) ('G*(m1+m2)/r**2 - alpha*s1*s2*(m1+m2)/(m1*m2)/r**p')
    - L1: inverse-square term + Newton accel-fit converges ('G*m2/r**2 - alpha*s1*s2*m2/r**2.1')
    - L6: law verified invariant under P:(x->-x,v->-v,s->-s) ('G*m2/r**2 - alpha*s1*s2*m2/r**2.1')
    - L1: inverse-square term + Newton accel-fit converges ('G/r**2 + K*(s1*s2)/r**alpha')
    - L6: law verified invariant under P:(x->-x,v->-v,s->-s) ('G/r**2 + K*(s1*s2)/r**alpha')
    - L1: inverse-square term + Newton accel-fit converges ('alpha*m2*s1*s2/r**2 - beta*m2*(s1**2 + s2**2)/r**3')
    - L2 DENIED: second radial term exponent not ~-2.5 ('alpha*m2*s1*s2/r**2 - beta*m2*(s1**2 + s2**2)/r**3')
    - L6: law verified invariant under P:(x->-x,v->-v,s->-s) ('alpha*m2*s1*s2/r**2 - beta*m2*(s1**2 + s2**2)/r**3')
    - L1: inverse-square term + Newton accel-fit converges ('beta*(s1+s2)/r**2.1 - G/r**2')
    - L3: hidden sum does real work, hidden-basis RSS reduction 0.321 (+rationale tiebreaker) ('beta*(s1+s2)/r**2.1 - G/r**2')
    - L6 DENIED: claimed symmetry not verified by sympy ('beta*(s1+s2)/r**2.1 - G/r**2')
    - L1: inverse-square term + Newton accel-fit converges ('k*(s1+s2)/(m1*r**2)')
    - L3: hidden sum does real work, hidden-basis RSS reduction 0.321 ('k*(s1+s2)/(m1*r**2)')
    - L6 DENIED: claimed symmetry not verified by sympy ('k*(s1+s2)/(m1*r**2)')
    - L1: inverse-square term + Newton accel-fit converges ('m2 * (-G/r**2 + K*s1*s2/r**2.1)')
    - L6: law verified invariant under P:(x->-x,v->-v,s->-s) ('m2 * (-G/r**2 + K*s1*s2/r**2.1)')
    - L1: inverse-square term + Newton accel-fit converges ('m2 * s1 * s2 * (G/r**2 - K/r**2.1)')
    - L6: law verified invariant under P:(x->-x,v->-v,s->-s) ('m2 * s1 * s2 * (G/r**2 - K/r**2.1)')
    - L1: inverse-square term + Newton accel-fit converges ('m2*(-G/r**2 + kappa*s1*s2/r**2.1)')
    - L6: law verified invariant under P:(x->-x,v->-v,s->-s) ('m2*(-G/r**2 + kappa*s1*s2/r**2.1)')
    - L1: inverse-square term + Newton accel-fit converges ('s1 * s2 * (alpha/r**2 - beta/r**2.1)')
    - L6: law verified invariant under P:(x->-x,v->-v,s->-s) ('s1 * s2 * (alpha/r**2 - beta/r**2.1)')
    - L1: inverse-square term + Newton accel-fit converges ('s1*s2 * (G/r**2 - alpha/r**2.1)')
    - L6: law verified invariant under P:(x->-x,v->-v,s->-s) ('s1*s2 * (G/r**2 - alpha/r**2.1)')
    - L1: inverse-square term + Newton accel-fit converges ('s1*s2 * m2 * (alpha/r**2 + beta/r**2.1)')
    - L6: law verified invariant under P:(x->-x,v->-v,s->-s) ('s1*s2 * m2 * (alpha/r**2 + beta/r**2.1)')
  distinct symbolic_form count=25 (sample up to 30):
    (-G * m2 + alpha * s1 * s2 / m1) / r**2
    (-G*m1*m2/r**2) + (k*s1*s2/r**p)
    (-G*m2/r**2) + (kappa*s1*s2/(m1*r**gamma))
    (G*s1*s2/r**p) * (1 + alpha*cos(k*log(r)))
    (s1*s2*G/r**2) + (k*(s1+s2)*cos(omega*r)/r**2)
    -G*(m1+m2)/r**2 + beta*s1*s2*cos(kappa*log(r))/r**2
    -G*m1*m2/r**2 + K*s1*s2/r**2.1
    -G*m2/r**2 + K*s1*s2/(m1*r**2)
    -G*m2/r**2 + s1*s2*beta*m2*cos(alpha*log(r))/r**2.1
    -G*m2/r**2 - alpha*(s1*s2)*cos(omega*r)/r**2
    -G/r**2 + k*s1*s2/r**3
    -alpha/r**2 + beta*s1*s2/r**3
    G*(m1+m2)/r**2 + kappa*s1*s2/r**2.1
    G*(m1+m2)/r**2 - alpha*s1*s2*(m1+m2)/(m1*m2)/r**p
    G*m2/r**2 - alpha*s1*s2*m2/r**2.1
    G/r**2 + K*(s1*s2)/r**alpha
    alpha*m2*s1*s2/r**2 - beta*m2*(s1**2 + s2**2)/r**3
    beta*(s1+s2)/r**2.1 - G/r**2
    k*(s1+s2)/(m1*r**2)
    m2 * (-G/r**2 + K*s1*s2/r**2.1)
    m2 * s1 * s2 * (G/r**2 - K/r**2.1)
    m2*(-G/r**2 + kappa*s1*s2/r**2.1)
    s1 * s2 * (alpha/r**2 - beta/r**2.1)
    s1*s2 * (G/r**2 - alpha/r**2.1)
    s1*s2 * m2 * (alpha/r**2 + beta/r**2.1)
========================================================================
