2026-07-21 12:49:51,360 [INFO] ascension.benchmarks.alien_depth: alien_depth: max_depth=6 per_layer=(True, False, True, False, False, True) held_out_rmse=0.32083882427693194 q_drift=None n_hyp=17 elapsed_ms=10725
========================================================================
ALIEN RUN fd44dced-aa73-40ba-a4db-3c3dfda86568
  run.status=completed  halt_reason=duration_exceeded
  PROVENANCE (P-15.2-6): benchmark_system='alien_universe'  included_in_distillation_v1=False
  SCORING MODE: FAMILY-V2 (V2 law: sum coupling + r^-2.5; L3/L4 vs held-out sums {4,6})
  node types: {'hypothesis': 17}
  hypothesis nodes=17  status_breakdown={'active': 17}
  SPEND: 53 llm_calls, $1.5684 total
    provider='google': 53 calls, $1.5684
------------------------------------------------------------------------
  DISCOVERY DEPTH (P-15.2-1/2/3): max_depth=6
    per_layer L1..L6 = (True, False, True, False, False, True)
    HONEST consecutive force-law depth (L1-L4, L-057) = 1   [L5=False L6=True reported separately, non-consecutive]
    held_out_rss_reduction=0.32083882427693194  q_drift=None
  scorer notes (44):
    - L1: inverse-square term + Newton accel-fit converges ('(alpha * s2 - G * m2) / r**2')
    - L6 DENIED: claimed symmetry not verified by sympy ('(alpha * s2 - G * m2) / r**2')
    - L1: inverse-square term + Newton accel-fit converges ('(k * s1 * s2 - G * m1 * m2) / (((m1 * m2) / (m1 + m2)) * r**2)')
    - L6: law verified invariant under P:(x->-x,v->-v,s->-s) ('(k * s1 * s2 - G * m1 * m2) / (((m1 * m2) / (m1 + m2)) * r**2)')
    - L1: inverse-square term + Newton accel-fit converges ('(kappa * s1 * s2 / r**3) - (G * m2 / r**2)')
    - L2 DENIED: second radial term exponent not ~-2.5 ('(kappa * s1 * s2 / r**3) - (G * m2 / r**2)')
    - L6: law verified invariant under P:(x->-x,v->-v,s->-s) ('(kappa * s1 * s2 / r**3) - (G * m2 / r**2)')
    - L1: inverse-square term + Newton accel-fit converges ('(kappa * s1 * s2) / (m1 * r**3) - (G * m2) / r**2')
    - L2 DENIED: second radial term exponent not ~-2.5 ('(kappa * s1 * s2) / (m1 * r**3) - (G * m2) / r**2')
    - L6: law verified invariant under P:(x->-x,v->-v,s->-s) ('(kappa * s1 * s2) / (m1 * r**3) - (G * m2) / r**2')
    - L1: inverse-square term + Newton accel-fit converges ('(kappa * s2 / r**3) - (G * m2 / r**2)')
    - L2 DENIED: second radial term exponent not ~-2.5 ('(kappa * s2 / r**3) - (G * m2 / r**2)')
    - L6 DENIED: claimed symmetry not verified by sympy ('(kappa * s2 / r**3) - (G * m2 / r**2)')
    - L1: inverse-square term + Newton accel-fit converges ('-A/r**2 + B*s1*s2*cos(k*log(r))/r**n')
    - L6: law verified invariant under P:(x->-x,v->-v,s->-s) ('-A/r**2 + B*s1*s2*cos(k*log(r))/r**n')
    - L1: inverse-square term + Newton accel-fit converges ('-G * m2 / r**2 + kappa * s2 / r**3')
    - L2 DENIED: second radial term exponent not ~-2.5 ('-G * m2 / r**2 + kappa * s2 / r**3')
    - L6 DENIED: claimed symmetry not verified by sympy ('-G * m2 / r**2 + kappa * s2 / r**3')
    - L1: inverse-square term + Newton accel-fit converges ('-G*(m1*m2)/r**2 + A*(s1*s2)*cos(omega*r)/r**p')
    - L6: law verified invariant under P:(x->-x,v->-v,s->-s) ('-G*(m1*m2)/r**2 + A*(s1*s2)*cos(omega*r)/r**p')
    - L1: inverse-square term + Newton accel-fit converges ('-G/r**2 + kappa*s1*s2/r**2.1')
    - L6: law verified invariant under P:(x->-x,v->-v,s->-s) ('-G/r**2 + kappa*s1*s2/r**2.1')
    - L1: inverse-square term + Newton accel-fit converges ('-alpha / r**2 + beta * s1 * s2 / r**3')
    - L2 DENIED: second radial term exponent not ~-2.5 ('-alpha / r**2 + beta * s1 * s2 / r**3')
    - L6: law verified invariant under P:(x->-x,v->-v,s->-s) ('-alpha / r**2 + beta * s1 * s2 / r**3')
    - L1: inverse-square term + Newton accel-fit converges ('alpha * s1 * s2 / r**2 - beta / r**3')
    - L2 DENIED: second radial term exponent not ~-2.5 ('alpha * s1 * s2 / r**2 - beta / r**3')
    - L6: law verified invariant under P:(x->-x,v->-v,s->-s) ('alpha * s1 * s2 / r**2 - beta / r**3')
    - L1: inverse-square term + Newton accel-fit converges ('alpha * s2 / r**2.1 - G * m2 / r**2')
    - L6 DENIED: claimed symmetry not verified by sympy ('alpha * s2 / r**2.1 - G * m2 / r**2')
    - L1: inverse-square term + Newton accel-fit converges ('alpha*s1*s2/r**4 - beta*m1*m2/r**2')
    - L2 DENIED: second radial term exponent not ~-2.5 ('alpha*s1*s2/r**4 - beta*m1*m2/r**2')
    - L6: law verified invariant under P:(x->-x,v->-v,s->-s) ('alpha*s1*s2/r**4 - beta*m1*m2/r**2')
    - L1: inverse-square term + Newton accel-fit converges ('beta * s1 * s2 / r**kappa - alpha / r**2')
    - L6: law verified invariant under P:(x->-x,v->-v,s->-s) ('beta * s1 * s2 / r**kappa - alpha / r**2')
    - L1: inverse-square term + Newton accel-fit converges ('k*s1*s2/(m1*r**3) - G*m2/r**2')
    - L2 DENIED: second radial term exponent not ~-2.5 ('k*s1*s2/(m1*r**3) - G*m2/r**2')
    - L6: law verified invariant under P:(x->-x,v->-v,s->-s) ('k*s1*s2/(m1*r**3) - G*m2/r**2')
    - L1: inverse-square term + Newton accel-fit converges ('kappa*s1*s2/(m1*r**3) - G*m2/r**2')
    - L2 DENIED: second radial term exponent not ~-2.5 ('kappa*s1*s2/(m1*r**3) - G*m2/r**2')
    - L6: law verified invariant under P:(x->-x,v->-v,s->-s) ('kappa*s1*s2/(m1*r**3) - G*m2/r**2')
    - L1: inverse-square term + Newton accel-fit converges ('m2*(-G/r**2 + H*(s1+s2)/r**2.1)')
    - L3: hidden sum does real work, hidden-basis RSS reduction 0.321 ('m2*(-G/r**2 + H*(s1+s2)/r**2.1)')
    - L6 DENIED: claimed symmetry not verified by sympy ('m2*(-G/r**2 + H*(s1+s2)/r**2.1)')
  distinct symbolic_form count=17 (sample up to 30):
    (alpha * s2 - G * m2) / r**2
    (k * s1 * s2 - G * m1 * m2) / (((m1 * m2) / (m1 + m2)) * r**2)
    (kappa * s1 * s2 / r**3) - (G * m2 / r**2)
    (kappa * s1 * s2) / (m1 * r**3) - (G * m2) / r**2
    (kappa * s2 / r**3) - (G * m2 / r**2)
    -A/r**2 + B*s1*s2*cos(k*log(r))/r**n
    -G * m2 / r**2 + kappa * s2 / r**3
    -G*(m1*m2)/r**2 + A*(s1*s2)*cos(omega*r)/r**p
    -G/r**2 + kappa*s1*s2/r**2.1
    -alpha / r**2 + beta * s1 * s2 / r**3
    alpha * s1 * s2 / r**2 - beta / r**3
    alpha * s2 / r**2.1 - G * m2 / r**2
    alpha*s1*s2/r**4 - beta*m1*m2/r**2
    beta * s1 * s2 / r**kappa - alpha / r**2
    k*s1*s2/(m1*r**3) - G*m2/r**2
    kappa*s1*s2/(m1*r**3) - G*m2/r**2
    m2*(-G/r**2 + H*(s1+s2)/r**2.1)
========================================================================
