2026-07-21 11:27:26,589 [INFO] ascension.benchmarks.alien_depth: alien_depth: max_depth=6 per_layer=(True, False, False, False, False, True) held_out_rmse=None q_drift=None n_hyp=40 elapsed_ms=10351
========================================================================
ALIEN RUN bbfa37b9-3bb2-4acf-8c37-d668283a8b64
  run.status=completed  halt_reason=duration_exceeded
  PROVENANCE (P-15.2-6): benchmark_system='alien_universe'  included_in_distillation_v1=False
  SCORING MODE: FAMILY-V2 (V2 law: sum coupling + r^-2.5; L3/L4 vs held-out sums {4,6})
  node types: {'dispute': 8, 'hypothesis': 40}
  hypothesis nodes=40  status_breakdown={'active': 27, 'contested': 13}
  SPEND: 120 llm_calls, $3.3696 total
    provider='google': 120 calls, $3.3696
------------------------------------------------------------------------
  DISCOVERY DEPTH (P-15.2-1/2/3): max_depth=6
    per_layer L1..L6 = (True, False, False, False, False, True)
    HONEST consecutive force-law depth (L1-L4, L-057) = 1   [L5=False L6=True reported separately, non-consecutive]
    held_out_rss_reduction=None  q_drift=None
  scorer notes (88):
    - L1: inverse-square term + Newton accel-fit converges ('(alpha * s1 * s2 / r**2) - (beta / r**2.1) + (gamma * cos(kappa * r) / r**2)')
    - L6: law verified invariant under P:(x->-x,v->-v,s->-s) ('(alpha * s1 * s2 / r**2) - (beta / r**2.1) + (gamma * cos(kappa * r) / r**2)')
    - L1: inverse-square term + Newton accel-fit converges ('(alpha * s1 * s2) / r**4 - beta / r**2')
    - L2 DENIED: second radial term exponent not ~-2.5 ('(alpha * s1 * s2) / r**4 - beta / r**2')
    - L6: law verified invariant under P:(x->-x,v->-v,s->-s) ('(alpha * s1 * s2) / r**4 - beta / r**2')
    - L1: inverse-square term + Newton accel-fit converges ('(k*s1*s2)/r**2 - alpha*(v1+v2)')
    - L2 DENIED: second radial term exponent not ~-2.5 ('(k*s1*s2)/r**2 - alpha*(v1+v2)')
    - L6: law verified invariant under P:(x->-x,v->-v,s->-s) ('(k*s1*s2)/r**2 - alpha*(v1+v2)')
    - L1: inverse-square term + Newton accel-fit converges ('(k*s1*s2/m1 - G*m2)/r**2')
    - L6: law verified invariant under P:(x->-x,v->-v,s->-s) ('(k*s1*s2/m1 - G*m2)/r**2')
    - L1: inverse-square term + Newton accel-fit converges ('(kappa * s1 * s2 / r**2) + (alpha / r**2.1) + (beta * cos(omega * r) / r**2)')
    - L6: law verified invariant under P:(x->-x,v->-v,s->-s) ('(kappa * s1 * s2 / r**2) + (alpha / r**2.1) + (beta * cos(omega * r) / r**2)')
    - L1: inverse-square term + Newton accel-fit converges ('(kappa*s1*s2*exp(-alpha*r) - G*m1*m2)/(m1*r**2)')
    - L6: law verified invariant under P:(x->-x,v->-v,s->-s) ('(kappa*s1*s2*exp(-alpha*r) - G*m1*m2)/(m1*r**2)')
    - L1: inverse-square term + Newton accel-fit converges ('(s1*s2 - alpha) / r**2')
    - L6: law verified invariant under P:(x->-x,v->-v,s->-s) ('(s1*s2 - alpha) / r**2')
    - L1: inverse-square term + Newton accel-fit converges ('-(G*m1*m2)/r**2 + (kappa*s1*s2)/r**2.1')
    - L6: law verified invariant under P:(x->-x,v->-v,s->-s) ('-(G*m1*m2)/r**2 + (kappa*s1*s2)/r**2.1')
    - L1: inverse-square term + Newton accel-fit converges ('-G * m1 * m2 / r**2 + k * s1 * s2 * cos(omega * r) / r**3')
    - L2 DENIED: second radial term exponent not ~-2.5 ('-G * m1 * m2 / r**2 + k * s1 * s2 * cos(omega * r) / r**3')
    - L6: law verified invariant under P:(x->-x,v->-v,s->-s) ('-G * m1 * m2 / r**2 + k * s1 * s2 * cos(omega * r) / r**3')
    - L1: inverse-square term + Newton accel-fit converges ('-G * m1*m2/r**2 + beta * s1*s2 * cos(kappa * r) / r**2')
    - L6: law verified invariant under P:(x->-x,v->-v,s->-s) ('-G * m1*m2/r**2 + beta * s1*s2 * cos(kappa * r) / r**2')
    - L1: inverse-square term + Newton accel-fit converges ('-G * m2 / r**2')
    - L1: inverse-square term + Newton accel-fit converges ('-G * m2 / r**2 + beta * s1 * s2 * m2 / r**2.1')
    - L6: law verified invariant under P:(x->-x,v->-v,s->-s) ('-G * m2 / r**2 + beta * s1 * s2 * m2 / r**2.1')
    - L1: inverse-square term + Newton accel-fit converges ('-G * m2 / r**2 + k * s1 * s2 * m2 / r**2.1')
    - L6: law verified invariant under P:(x->-x,v->-v,s->-s) ('-G * m2 / r**2 + k * s1 * s2 * m2 / r**2.1')
    - L1: inverse-square term + Newton accel-fit converges ('-G * m2 / r**2 + kappa * s1 * s2 / r**2.1')
    - L6: law verified invariant under P:(x->-x,v->-v,s->-s) ('-G * m2 / r**2 + kappa * s1 * s2 / r**2.1')
    - L1: inverse-square term + Newton accel-fit converges ('-G*m1*m2/r**2 + kappa*(s1*s2)/r**p + alpha*cos(beta*r)')
    - L6: law verified invariant under P:(x->-x,v->-v,s->-s) ('-G*m1*m2/r**2 + kappa*(s1*s2)/r**p + alpha*cos(beta*r)')
    - L1: inverse-square term + Newton accel-fit converges ('-G*m2/r**2 + k*s1*s2*m2/r**kappa')
    - L6: law verified invariant under P:(x->-x,v->-v,s->-s) ('-G*m2/r**2 + k*s1*s2*m2/r**kappa')
    - L6: law verified invariant under P:(x->-x,v->-v,s->-s) ('-G/r**gamma + k*s1*s2/r**delta')
    - L1: inverse-square term + Newton accel-fit converges ('-alpha/r**2 + (s1*s2)/r**3')
    - L2 DENIED: second radial term exponent not ~-2.5 ('-alpha/r**2 + (s1*s2)/r**3')
    - L6: law verified invariant under P:(x->-x,v->-v,s->-s) ('-alpha/r**2 + (s1*s2)/r**3')
    - L1: inverse-square term + Newton accel-fit converges ('-kappa * m1 * m2 / r**2 + alpha * s1 * s2 / r**2.1')
    - L6: law verified invariant under P:(x->-x,v->-v,s->-s) ('-kappa * m1 * m2 / r**2 + alpha * s1 * s2 / r**2.1')
    - L1: inverse-square term + Newton accel-fit converges ('A/r**2 + B*s1*s2/r**2.1')
    - L6: law verified invariant under P:(x->-x,v->-v,s->-s) ('A/r**2 + B*s1*s2/r**2.1')
    - L1: inverse-square term + Newton accel-fit converges ('G*m1*m2/r**2 * (1 - s1*s2*cos(kappa*log(r)))')
    - L6: law verified invariant under P:(x->-x,v->-v,s->-s) ('G*m1*m2/r**2 * (1 - s1*s2*cos(kappa*log(r)))')
    - L1: inverse-square term + Newton accel-fit converges ('G*m1*m2/r**2 + K*s1*s2/r**2.1')
    - L6: law verified invariant under P:(x->-x,v->-v,s->-s) ('G*m1*m2/r**2 + K*s1*s2/r**2.1')
    - L1: inverse-square term + Newton accel-fit converges ('G*m2/r**2 + K*s1*s2/r**kappa')
    - L6: law verified invariant under P:(x->-x,v->-v,s->-s) ('G*m2/r**2 + K*s1*s2/r**kappa')
    - L1: inverse-square term + Newton accel-fit converges ('G*m2/r**2 - k*s1*s2/(m1*r**2.1)')
    - L6: law verified invariant under P:(x->-x,v->-v,s->-s) ('G*m2/r**2 - k*s1*s2/(m1*r**2.1)')
    - L1: inverse-square term + Newton accel-fit converges ('K*s1*s2/r**3 - G*m1*m2/r**2')
    - L2 DENIED: second radial term exponent not ~-2.5 ('K*s1*s2/r**3 - G*m1*m2/r**2')
    - L6: law verified invariant under P:(x->-x,v->-v,s->-s) ('K*s1*s2/r**3 - G*m1*m2/r**2')
    - L1: inverse-square term + Newton accel-fit converges ('alpha * s1 * s2 / r**2 + beta * ((vx1-vx2)**2 + (vy1-vy2)**2) / r')
    - L2 DENIED: second radial term exponent not ~-2.5 ('alpha * s1 * s2 / r**2 + beta * ((vx1-vx2)**2 + (vy1-vy2)**2) / r')
    - L6: law verified invariant under P:(x->-x,v->-v,s->-s) ('alpha * s1 * s2 / r**2 + beta * ((vx1-vx2)**2 + (vy1-vy2)**2) / r')
    - L1: inverse-square term + Newton accel-fit converges ('alpha * s1 * s2 / r**2 + beta * s1 * s2 / r**2.1 * cos(gamma * log(r))')
    - L6: law verified invariant under P:(x->-x,v->-v,s->-s) ('alpha * s1 * s2 / r**2 + beta * s1 * s2 / r**2.1 * cos(gamma * log(r))')
    - L1: inverse-square term + Newton accel-fit converges ('alpha * s1 * s2 / r**2 + beta / r**3')
    - L2 DENIED: second radial term exponent not ~-2.5 ('alpha * s1 * s2 / r**2 + beta / r**3')
  distinct symbolic_form count=40 (sample up to 30):
    (alpha * s1 * s2 / r**2) - (beta / r**2.1) + (gamma * cos(kappa * r) / r**2)
    (alpha * s1 * s2) / r**4 - beta / r**2
    (k*s1*s2)/r**2 - alpha*(v1+v2)
    (k*s1*s2/m1 - G*m2)/r**2
    (kappa * s1 * s2 / r**2) + (alpha / r**2.1) + (beta * cos(omega * r) / r**2)
    (kappa*s1*s2*exp(-alpha*r) - G*m1*m2)/(m1*r**2)
    (s1*s2 - alpha) / r**2
    -(G*m1*m2)/r**2 + (kappa*s1*s2)/r**2.1
    -G * m1 * m2 / r**2 + k * s1 * s2 * cos(omega * r) / r**3
    -G * m1*m2/r**2 + beta * s1*s2 * cos(kappa * r) / r**2
    -G * m2 / r**2
    -G * m2 / r**2 + beta * s1 * s2 * m2 / r**2.1
    -G * m2 / r**2 + k * s1 * s2 * m2 / r**2.1
    -G * m2 / r**2 + kappa * s1 * s2 / r**2.1
    -G*m1*m2/r**2 + kappa*(s1*s2)/r**p + alpha*cos(beta*r)
    -G*m2/r**2 + k*s1*s2*m2/r**kappa
    -G/r**gamma + k*s1*s2/r**delta
    -alpha/r**2 + (s1*s2)/r**3
    -kappa * m1 * m2 / r**2 + alpha * s1 * s2 / r**2.1
    A/r**2 + B*s1*s2/r**2.1
    G*m1*m2/r**2 * (1 - s1*s2*cos(kappa*log(r)))
    G*m1*m2/r**2 + K*s1*s2/r**2.1
    G*m2/r**2 + K*s1*s2/r**kappa
    G*m2/r**2 - k*s1*s2/(m1*r**2.1)
    K*s1*s2/r**3 - G*m1*m2/r**2
    alpha * s1 * s2 / r**2 + beta * ((vx1-vx2)**2 + (vy1-vy2)**2) / r
    alpha * s1 * s2 / r**2 + beta * s1 * s2 / r**2.1 * cos(gamma * log(r))
    alpha * s1 * s2 / r**2 + beta / r**3
    alpha * s1 * s2 / r**2.1 - G * m1 * m2 / r**2
    alpha * s1 * s2 / r**2.1 - beta / r**2
========================================================================
