2026-07-21 10:26:05,264 [INFO] ascension.benchmarks.alien_depth: alien_depth: max_depth=6 per_layer=(True, True, True, False, False, True) held_out_rmse=0.32083882427693194 q_drift=None n_hyp=54 elapsed_ms=14575
========================================================================
ALIEN RUN 11e2d94b-b755-4d89-99b7-25a9aff00846
  run.status=completed  halt_reason=duration_exceeded
  PROVENANCE (P-15.2-6): benchmark_system='alien_universe'  included_in_distillation_v1=False
  SCORING MODE: FAMILY-V2 (V2 law: sum coupling + r^-2.5; L3/L4 vs held-out sums {4,6})
  node types: {'dispute': 16, 'hypothesis': 54}
  hypothesis nodes=54  status_breakdown={'active': 31, 'contested': 23}
  SPEND: 159 llm_calls, $4.7588 total
    provider='google': 159 calls, $4.7588
------------------------------------------------------------------------
  DISCOVERY DEPTH (P-15.2-1/2/3): max_depth=6
    per_layer L1..L6 = (True, True, True, False, False, True)
    HONEST consecutive force-law depth (L1-L4, L-057) = 3   [L5=False L6=True reported separately, non-consecutive]
    held_out_rss_reduction=0.32083882427693194  q_drift=None
  scorer notes (127):
    - L1: inverse-square term + Newton accel-fit converges ('(C - s1*s2 + beta*cos(kappa*r)) / r**2')
    - L6: law verified invariant under P:(x->-x,v->-v,s->-s) ('(C - s1*s2 + beta*cos(kappa*r)) / r**2')
    - L1: inverse-square term + Newton accel-fit converges ('(G * m2 / r**2) - (kappa * s1 * s2 / (m1 * r**3))')
    - L2 DENIED: second radial term exponent not ~-2.5 ('(G * m2 / r**2) - (kappa * s1 * s2 / (m1 * r**3))')
    - L6: law verified invariant under P:(x->-x,v->-v,s->-s) ('(G * m2 / r**2) - (kappa * s1 * s2 / (m1 * r**3))')
    - L1: inverse-square term + Newton accel-fit converges ('(G*m1*m2/r**2 - beta*(s1+s2)/r) * exp(-kappa*r)')
    - L2 DENIED: second radial term exponent not ~-2.5 ('(G*m1*m2/r**2 - beta*(s1+s2)/r) * exp(-kappa*r)')
    - L3: hidden sum does real work, hidden-basis RSS reduction 0.321 ('(G*m1*m2/r**2 - beta*(s1+s2)/r) * exp(-kappa*r)')
    - L6 DENIED: claimed symmetry not verified by sympy ('(G*m1*m2/r**2 - beta*(s1+s2)/r) * exp(-kappa*r)')
    - L6: law verified invariant under P:(x->-x,v->-v,s->-s) ('(G*m2*s1*s2/r**kappa) * (1 + alpha*cos(beta*r))')
    - L2: second radial term ~r**-2.5 + correction-basis RSS reduction 0.251 >= 0.05 ('(G/r**2.3) + (s1*s2*cos(kappa*r))/r**3')
    - L6: law verified invariant under P:(x->-x,v->-v,s->-s) ('(G/r**2.3) + (s1*s2*cos(kappa*r))/r**3')
    - L1: inverse-square term + Newton accel-fit converges ('(alpha * s1 * s2 * m2 / r**2) - (beta * m2 / r**2.1)')
    - L6: law verified invariant under P:(x->-x,v->-v,s->-s) ('(alpha * s1 * s2 * m2 / r**2) - (beta * m2 / r**2.1)')
    - L1: inverse-square term + Newton accel-fit converges ('(alpha / r**3 - beta / r**2) * s1 * s2')
    - L2 DENIED: second radial term exponent not ~-2.5 ('(alpha / r**3 - beta / r**2) * s1 * s2')
    - L6: law verified invariant under P:(x->-x,v->-v,s->-s) ('(alpha / r**3 - beta / r**2) * s1 * s2')
    - L1: inverse-square term + Newton accel-fit converges ('(beta * s1 * s2 / r**kappa) - (alpha / r**2)')
    - L6: law verified invariant under P:(x->-x,v->-v,s->-s) ('(beta * s1 * s2 / r**kappa) - (alpha / r**2)')
    - L1: inverse-square term + Newton accel-fit converges ('(k*s1*s2 - G*m1*m2) / (m1 * r**2.1)')
    - L6: law verified invariant under P:(x->-x,v->-v,s->-s) ('(k*s1*s2 - G*m1*m2) / (m1 * r**2.1)')
    - L1: inverse-square term + Newton accel-fit converges ('(kappa * s1 * s2 / r**2) - (alpha / r**2.1)')
    - L6: law verified invariant under P:(x->-x,v->-v,s->-s) ('(kappa * s1 * s2 / r**2) - (alpha / r**2.1)')
    - L1: inverse-square term + Newton accel-fit converges ('(m1+m2) * (s1 + s2 - r) / r**3')
    - L2 DENIED: second radial term exponent not ~-2.5 ('(m1+m2) * (s1 + s2 - r) / r**3')
    - L3: hidden sum does real work, hidden-basis RSS reduction 0.321 ('(m1+m2) * (s1 + s2 - r) / r**3')
    - L6 DENIED: claimed symmetry not verified by sympy ('(m1+m2) * (s1 + s2 - r) / r**3')
    - L1: inverse-square term + Newton accel-fit converges ('(s1*s2)/r**2 - C/r**p + A*cos(k*r)')
    - L6: law verified invariant under P:(x->-x,v->-v,s->-s) ('(s1*s2)/r**2 - C/r**p + A*cos(k*r)')
    - L1: inverse-square term + Newton accel-fit converges ('-G * m1 * m2 / r**2 + k * (s1 + s2) / r**gamma')
    - L3: hidden sum does real work, hidden-basis RSS reduction 0.321 ('-G * m1 * m2 / r**2 + k * (s1 + s2) / r**gamma')
    - L6 DENIED: claimed symmetry not verified by sympy ('-G * m1 * m2 / r**2 + k * (s1 + s2) / r**gamma')
    - L1: inverse-square term + Newton accel-fit converges ('-G / r**p + alpha * (s1*s2) * cos(omega*r) / r**2')
    - L6: law verified invariant under P:(x->-x,v->-v,s->-s) ('-G / r**p + alpha * (s1*s2) * cos(omega*r) / r**2')
    - L1: inverse-square term + Newton accel-fit converges ('-G*m1*m2/r**2 + k*s1*s2*cos(omega*r)/r**2.1')
    - L6: law verified invariant under P:(x->-x,v->-v,s->-s) ('-G*m1*m2/r**2 + k*s1*s2*cos(omega*r)/r**2.1')
    - L1: inverse-square term + Newton accel-fit converges ('-G*m2/r**2 + kappa*s1*s2/(m1*r**3)')
    - L2 DENIED: second radial term exponent not ~-2.5 ('-G*m2/r**2 + kappa*s1*s2/(m1*r**3)')
    - L6: law verified invariant under P:(x->-x,v->-v,s->-s) ('-G*m2/r**2 + kappa*s1*s2/(m1*r**3)')
    - L1: inverse-square term + Newton accel-fit converges ('-G/r**2 + alpha*s1*s2*cos(kappa*log(r))/r**3')
    - L2 DENIED: second radial term exponent not ~-2.5 ('-G/r**2 + alpha*s1*s2*cos(kappa*log(r))/r**3')
    - L6: law verified invariant under P:(x->-x,v->-v,s->-s) ('-G/r**2 + alpha*s1*s2*cos(kappa*log(r))/r**3')
    - L1: inverse-square term + Newton accel-fit converges ('-alpha*m2/r**2 + beta*s1*s2/(m1*r**2.1)')
    - L6: law verified invariant under P:(x->-x,v->-v,s->-s) ('-alpha*m2/r**2 + beta*s1*s2/(m1*r**2.1)')
    - L1: inverse-square term + Newton accel-fit converges ('-k1/r**2 - k2/r**2.1 + (s1+s2) * cos(beta*r) / r**2')
    - L3: hidden sum does real work, hidden-basis RSS reduction 0.321 (+rationale tiebreaker) ('-k1/r**2 - k2/r**2.1 + (s1+s2) * cos(beta*r) / r**2')
    - L6 DENIED: claimed symmetry not verified by sympy ('-k1/r**2 - k2/r**2.1 + (s1+s2) * cos(beta*r) / r**2')
    - L1: inverse-square term + Newton accel-fit converges ('A/r**3 - B*s1*s2/r**2')
    - L2 DENIED: second radial term exponent not ~-2.5 ('A/r**3 - B*s1*s2/r**2')
    - L6: law verified invariant under P:(x->-x,v->-v,s->-s) ('A/r**3 - B*s1*s2/r**2')
    - L1: inverse-square term + Newton accel-fit converges ('G * m1 * m2 * (1 + alpha * s1 * s2 * cos(kappa * r)) / r**2')
    - L6: law verified invariant under P:(x->-x,v->-v,s->-s) ('G * m1 * m2 * (1 + alpha * s1 * s2 * cos(kappa * r)) / r**2')
    - L1: inverse-square term + Newton accel-fit converges ('G * m2 * ((s1+s2)/2 - r) / r**3')
    - L2 DENIED: second radial term exponent not ~-2.5 ('G * m2 * ((s1+s2)/2 - r) / r**3')
    - L3: hidden sum does real work, hidden-basis RSS reduction 0.321 (+rationale tiebreaker) ('G * m2 * ((s1+s2)/2 - r) / r**3')
    - L6 DENIED: claimed symmetry not verified by sympy ('G * m2 * ((s1+s2)/2 - r) / r**3')
    - L1: inverse-square term + Newton accel-fit converges ('G * m2 * (1/r**2 + kappa * s1 * s2 / r**2.1)')
    - L6: law verified invariant under P:(x->-x,v->-v,s->-s) ('G * m2 * (1/r**2 + kappa * s1 * s2 / r**2.1)')
    - L1: inverse-square term + Newton accel-fit converges ('G * m2 * s1 * s2 / r**2 - alpha * m2 / r**2.1')
    - L6: law verified invariant under P:(x->-x,v->-v,s->-s) ('G * m2 * s1 * s2 / r**2 - alpha * m2 / r**2.1')
  distinct symbolic_form count=54 (sample up to 30):
    (C - s1*s2 + beta*cos(kappa*r)) / r**2
    (G * m2 / r**2) - (kappa * s1 * s2 / (m1 * r**3))
    (G*m1*m2/r**2 - beta*(s1+s2)/r) * exp(-kappa*r)
    (G*m2*s1*s2/r**kappa) * (1 + alpha*cos(beta*r))
    (G/r**2.3) + (s1*s2*cos(kappa*r))/r**3
    (alpha * s1 * s2 * m2 / r**2) - (beta * m2 / r**2.1)
    (alpha / r**3 - beta / r**2) * s1 * s2
    (beta * s1 * s2 / r**kappa) - (alpha / r**2)
    (k*s1*s2 - G*m1*m2) / (m1 * r**2.1)
    (kappa * s1 * s2 / r**2) - (alpha / r**2.1)
    (m1+m2) * (s1 + s2 - r) / r**3
    (s1*s2)/r**2 - C/r**p + A*cos(k*r)
    -G * m1 * m2 / r**2 + k * (s1 + s2) / r**gamma
    -G / r**p + alpha * (s1*s2) * cos(omega*r) / r**2
    -G*m1*m2/r**2 + k*s1*s2*cos(omega*r)/r**2.1
    -G*m2/r**2 + kappa*s1*s2/(m1*r**3)
    -G/r**2 + alpha*s1*s2*cos(kappa*log(r))/r**3
    -alpha*m2/r**2 + beta*s1*s2/(m1*r**2.1)
    -k1/r**2 - k2/r**2.1 + (s1+s2) * cos(beta*r) / r**2
    A/r**3 - B*s1*s2/r**2
    G * m1 * m2 * (1 + alpha * s1 * s2 * cos(kappa * r)) / r**2
    G * m2 * ((s1+s2)/2 - r) / r**3
    G * m2 * (1/r**2 + kappa * s1 * s2 / r**2.1)
    G * m2 * s1 * s2 / r**2 - alpha * m2 / r**2.1
    G * s1 * s2 * m2 / r**2 + alpha * m2 / r**2.1
    G * s1 * s2 / r**2 + A * cos(omega * r) / r**2.1
    G * s1 * s2 / r**2 + alpha / r**kappa
    G*(m1+m2)/r**2 + alpha*s1*s2*cos(kappa*r)/r**2.1
    G*m1*m2/r**2 + alpha*s1*s2/r**2.1 * cos(kappa*log(r))
    G*m2/r**2 + K*s1*s2*(1 - r0/r)/r**2
========================================================================
