2026-07-21 12:29:01,136 [INFO] ascension.benchmarks.alien_depth: alien_depth: max_depth=6 per_layer=(True, False, True, False, False, True) held_out_rmse=0.32083882427693194 q_drift=None n_hyp=53 elapsed_ms=14594
========================================================================
ALIEN RUN a1da36c8-f3a5-4f77-a741-50db2acd863b
  run.status=completed  halt_reason=duration_exceeded
  PROVENANCE (P-15.2-6): benchmark_system='alien_universe'  included_in_distillation_v1=False
  SCORING MODE: FAMILY-V2 (V2 law: sum coupling + r^-2.5; L3/L4 vs held-out sums {4,6})
  node types: {'dispute': 9, 'hypothesis': 53}
  hypothesis nodes=53  status_breakdown={'active': 41, 'contested': 12}
  SPEND: 160 llm_calls, $4.5457 total
    provider='google': 160 calls, $4.5457
------------------------------------------------------------------------
  DISCOVERY DEPTH (P-15.2-1/2/3): max_depth=6
    per_layer L1..L6 = (True, False, True, False, False, True)
    HONEST consecutive force-law depth (L1-L4, L-057) = 1   [L5=False L6=True reported separately, non-consecutive]
    held_out_rss_reduction=0.32083882427693194  q_drift=None
  scorer notes (115):
    - L1: inverse-square term + Newton accel-fit converges ('(-G * m1 * m2 / r**2) + (kappa * s1 * s2 / r**2.1)')
    - L6: law verified invariant under P:(x->-x,v->-v,s->-s) ('(-G * m1 * m2 / r**2) + (kappa * s1 * s2 / r**2.1)')
    - L1: inverse-square term + Newton accel-fit converges ('(-alpha * m1 * m2) / r**2 + (beta * s1 * s2) / r**4')
    - L2 DENIED: second radial term exponent not ~-2.5 ('(-alpha * m1 * m2) / r**2 + (beta * s1 * s2) / r**4')
    - L6: law verified invariant under P:(x->-x,v->-v,s->-s) ('(-alpha * m1 * m2) / r**2 + (beta * s1 * s2) / r**4')
    - L6: law verified invariant under P:(x->-x,v->-v,s->-s) ('(A*s1*s2 - B*cos(omega*r)) / r**kappa')
    - L1: inverse-square term + Newton accel-fit converges ('(G * m2 / r**2) - (kappa * s1 * s2 / (m1 * r**3))')
    - L2 DENIED: second radial term exponent not ~-2.5 ('(G * m2 / r**2) - (kappa * s1 * s2 / (m1 * r**3))')
    - L6: law verified invariant under P:(x->-x,v->-v,s->-s) ('(G * m2 / r**2) - (kappa * s1 * s2 / (m1 * r**3))')
    - L3: hidden sum does real work, hidden-basis RSS reduction 0.321 (+rationale tiebreaker) ('(G*(s1+s2) + B*cos(omega*r)) / r**kappa')
    - L6 DENIED: claimed symmetry not verified by sympy ('(G*(s1+s2) + B*cos(omega*r)) / r**kappa')
    - L1: inverse-square term + Newton accel-fit converges ('(G*s1*s2/r**2 + kappa/r**2.1)/m1')
    - L6: law verified invariant under P:(x->-x,v->-v,s->-s) ('(G*s1*s2/r**2 + kappa/r**2.1)/m1')
    - L1: inverse-square term + Newton accel-fit converges ('(alpha * s1 * s2 * m1 * m2 / r**2) + (beta * s1 * s2 * m1 * m2 / r**2.1)')
    - L6: law verified invariant under P:(x->-x,v->-v,s->-s) ('(alpha * s1 * s2 * m1 * m2 / r**2) + (beta * s1 * s2 * m1 * m2 / r**2.1)')
    - L1: inverse-square term + Newton accel-fit converges ('(k * s1 * s2 / r**2) * (1 + alpha * cos(omega * log(r)))')
    - L6: law verified invariant under P:(x->-x,v->-v,s->-s) ('(k * s1 * s2 / r**2) * (1 + alpha * cos(omega * log(r)))')
    - L1: inverse-square term + Newton accel-fit converges ('(k * s1 * s2 / r**kappa) - (G * m2 / r**2)')
    - L6: law verified invariant under P:(x->-x,v->-v,s->-s) ('(k * s1 * s2 / r**kappa) - (G * m2 / r**2)')
    - L1: inverse-square term + Newton accel-fit converges ('(kappa * s1 * s2 / m1 - G * m2) / r**2')
    - L6: law verified invariant under P:(x->-x,v->-v,s->-s) ('(kappa * s1 * s2 / m1 - G * m2) / r**2')
    - L1: inverse-square term + Newton accel-fit converges ('(kappa * s1 * s2 / r**3) - (G / r**2)')
    - L2 DENIED: second radial term exponent not ~-2.5 ('(kappa * s1 * s2 / r**3) - (G / r**2)')
    - L6: law verified invariant under P:(x->-x,v->-v,s->-s) ('(kappa * s1 * s2 / r**3) - (G / r**2)')
    - L1: inverse-square term + Newton accel-fit converges ('(s1 * s2) * (gamma / r**2 + kappa / r**alpha)')
    - L6: law verified invariant under P:(x->-x,v->-v,s->-s) ('(s1 * s2) * (gamma / r**2 + kappa / r**alpha)')
    - L1: inverse-square term + Newton accel-fit converges ('(s1*s2) * (alpha/r**p - beta/r**2)')
    - L6: law verified invariant under P:(x->-x,v->-v,s->-s) ('(s1*s2) * (alpha/r**p - beta/r**2)')
    - L1: inverse-square term + Newton accel-fit converges ('(s1*s2)/r**2.1 - G*(m1*m2)/r**2')
    - L6: law verified invariant under P:(x->-x,v->-v,s->-s) ('(s1*s2)/r**2.1 - G*(m1*m2)/r**2')
    - L1: inverse-square term + Newton accel-fit converges ('(s1*s2*alpha)/r**2 + (s1*s2*beta/r**2) * sin(kappa*r)')
    - L6: law verified invariant under P:(x->-x,v->-v,s->-s) ('(s1*s2*alpha)/r**2 + (s1*s2*beta/r**2) * sin(kappa*r)')
    - L6: law verified invariant under P:(x->-x,v->-v,s->-s) ('(s1*s2/r**kappa) + (beta * cos(omega*r))')
    - L1: inverse-square term + Newton accel-fit converges ('-(G * m1 * m2 / r**2) + (k * s1 * s2 / r**2.1)')
    - L6: law verified invariant under P:(x->-x,v->-v,s->-s) ('-(G * m1 * m2 / r**2) + (k * s1 * s2 / r**2.1)')
    - L1: inverse-square term + Newton accel-fit converges ('-G * (m1+m2) / r**2 * (1 + s1*s2*cos(kappa/r))')
    - L6: law verified invariant under P:(x->-x,v->-v,s->-s) ('-G * (m1+m2) / r**2 * (1 + s1*s2*cos(kappa/r))')
    - L1: inverse-square term + Newton accel-fit converges ('-G * m2 / r**2 + K * s1 * s2 / (m1 * r**2.1)')
    - L6: law verified invariant under P:(x->-x,v->-v,s->-s) ('-G * m2 / r**2 + K * s1 * s2 / (m1 * r**2.1)')
    - L1: inverse-square term + Newton accel-fit converges ('-G * m2 / r**2 + alpha * s1 * s2 / r**p')
    - L6: law verified invariant under P:(x->-x,v->-v,s->-s) ('-G * m2 / r**2 + alpha * s1 * s2 / r**p')
    - L1: inverse-square term + Newton accel-fit converges ('-G * m2 / r**2 + k * s1 * s2 / (m1 * r**2.1)')
    - L6: law verified invariant under P:(x->-x,v->-v,s->-s) ('-G * m2 / r**2 + k * s1 * s2 / (m1 * r**2.1)')
    - L1: inverse-square term + Newton accel-fit converges ('-G * m2 / r**2 + kappa * s1 * s2 * m2 / r**2.1')
    - L6: law verified invariant under P:(x->-x,v->-v,s->-s) ('-G * m2 / r**2 + kappa * s1 * s2 * m2 / r**2.1')
    - L1: inverse-square term + Newton accel-fit converges ('-G*m1*m2/r**2 + C*s1*s2/r**2.1')
    - L6: law verified invariant under P:(x->-x,v->-v,s->-s) ('-G*m1*m2/r**2 + C*s1*s2/r**2.1')
    - L1: inverse-square term + Newton accel-fit converges ('-G*m1*m2/r**2 + alpha*s1*s2*cos(kappa*log(r))/r**2.1')
    - L6: law verified invariant under P:(x->-x,v->-v,s->-s) ('-G*m1*m2/r**2 + alpha*s1*s2*cos(kappa*log(r))/r**2.1')
    - L1: inverse-square term + Newton accel-fit converges ('-G*m1*m2/r**2 + k*s1*s2/r**2.1 * cos(omega*r)')
    - L6: law verified invariant under P:(x->-x,v->-v,s->-s) ('-G*m1*m2/r**2 + k*s1*s2/r**2.1 * cos(omega*r)')
    - L1: inverse-square term + Newton accel-fit converges ('-G*m1/r**2 + K*s1*s2*cos(beta*log(r) + phi)/(m2*r**2.1)')
    - L6: law verified invariant under P:(x->-x,v->-v,s->-s) ('-G*m1/r**2 + K*s1*s2*cos(beta*log(r) + phi)/(m2*r**2.1)')
    - L1: inverse-square term + Newton accel-fit converges ('-G*m2/r**2')
    - L1: inverse-square term + Newton accel-fit converges ('-G*m2/r**2 + k*s1*s2/(m1*r**2.1) + alpha*s1*s2*cos(kappa*r)/(m1*r**2.1)')
    - L6: law verified invariant under P:(x->-x,v->-v,s->-s) ('-G*m2/r**2 + k*s1*s2/(m1*r**2.1) + alpha*s1*s2*cos(kappa*r)/(m1*r**2.1)')
    - L3: hidden sum does real work, hidden-basis RSS reduction 0.321 ('-G/r**p + (s1+s2)*k/r**q')
    - L6 DENIED: claimed symmetry not verified by sympy ('-G/r**p + (s1+s2)*k/r**q')
    - L1: inverse-square term + Newton accel-fit converges ('-alpha/r**2 + (s1+s2) * beta / r**2.1 * sin(kappa*log(r))')
    - L3: hidden sum does real work, hidden-basis RSS reduction 0.321 ('-alpha/r**2 + (s1+s2) * beta / r**2.1 * sin(kappa*log(r))')
  distinct symbolic_form count=53 (sample up to 30):
    (-G * m1 * m2 / r**2) + (kappa * s1 * s2 / r**2.1)
    (-alpha * m1 * m2) / r**2 + (beta * s1 * s2) / r**4
    (A*s1*s2 - B*cos(omega*r)) / r**kappa
    (G * m2 / r**2) - (kappa * s1 * s2 / (m1 * r**3))
    (G*(s1+s2) + B*cos(omega*r)) / r**kappa
    (G*s1*s2/r**2 + kappa/r**2.1)/m1
    (alpha * s1 * s2 * m1 * m2 / r**2) + (beta * s1 * s2 * m1 * m2 / r**2.1)
    (k * s1 * s2 / r**2) * (1 + alpha * cos(omega * log(r)))
    (k * s1 * s2 / r**kappa) - (G * m2 / r**2)
    (kappa * s1 * s2 / m1 - G * m2) / r**2
    (kappa * s1 * s2 / r**3) - (G / r**2)
    (s1 * s2) * (gamma / r**2 + kappa / r**alpha)
    (s1*s2) * (alpha/r**p - beta/r**2)
    (s1*s2)/r**2.1 - G*(m1*m2)/r**2
    (s1*s2*alpha)/r**2 + (s1*s2*beta/r**2) * sin(kappa*r)
    (s1*s2/r**kappa) + (beta * cos(omega*r))
    -(G * m1 * m2 / r**2) + (k * s1 * s2 / r**2.1)
    -G * (m1+m2) / r**2 * (1 + s1*s2*cos(kappa/r))
    -G * m2 / r**2 + K * s1 * s2 / (m1 * r**2.1)
    -G * m2 / r**2 + alpha * s1 * s2 / r**p
    -G * m2 / r**2 + k * s1 * s2 / (m1 * r**2.1)
    -G * m2 / r**2 + kappa * s1 * s2 * m2 / r**2.1
    -G*m1*m2/r**2 + C*s1*s2/r**2.1
    -G*m1*m2/r**2 + alpha*s1*s2*cos(kappa*log(r))/r**2.1
    -G*m1*m2/r**2 + k*s1*s2/r**2.1 * cos(omega*r)
    -G*m1/r**2 + K*s1*s2*cos(beta*log(r) + phi)/(m2*r**2.1)
    -G*m2/r**2
    -G*m2/r**2 + k*s1*s2/(m1*r**2.1) + alpha*s1*s2*cos(kappa*r)/(m1*r**2.1)
    -G/r**p + (s1+s2)*k/r**q
    -alpha/r**2 + (s1+s2) * beta / r**2.1 * sin(kappa*log(r))
========================================================================
