2026-09-08 14:41:47,905 [INFO] ascension.benchmarks.alien_depth: alien_depth: max_depth=2 per_layer=(True, True, False, False, False, False) held_out_rmse=0.16949941384776535 q_drift=None n_hyp=51 elapsed_ms=76477
========================================================================
ALIEN RUN 88eaf47e-9954-47e5-bfb7-fab6b866c403
  run.status=completed  halt_reason=duration_exceeded
  PROVENANCE (P-15.2-6): benchmark_system='alien_universe'  included_in_distillation_v1=False
  SCORING MODE: single-config
  node types: {'dispute': 11, 'hypothesis': 51}
  hypothesis nodes=51  status_breakdown={'active': 36, 'contested': 15}
  SPEND: 163 llm_calls, $3.8590 total
    provider='google': 163 calls, $3.8590
------------------------------------------------------------------------
  DISCOVERY DEPTH (P-15.2-1/2/3): max_depth=2
    per_layer L1..L6 = (True, True, False, False, False, False)
    HONEST consecutive force-law depth (L1-L4, L-057) = 2   [L5=False L6=False reported separately, non-consecutive]
    held_out_rss_reduction=0.16949941384776535  q_drift=None
  scorer notes (85):
    - L1: inverse-square term + Newton accel-fit converges ('(G + alpha / r**1.4) / r**2')
    - L2: second radial term ~r**-3.5 + correction-basis RSS reduction 0.169 >= 0.05 ('(G + alpha / r**1.4) / r**2')
    - L1: inverse-square term + Newton accel-fit converges ('-(G * (1 - alpha * cos(omega * r))) / r**2')
    - L1: inverse-square term + Newton accel-fit converges ('-G*(m1*m2)/r**2 - alpha/r**(10/3)')
    - L2: second radial term ~r**-3.5 + correction-basis RSS reduction 0.169 >= 0.05 ('-G*(m1*m2)/r**2 - alpha/r**(10/3)')
    - L1: inverse-square term + Newton accel-fit converges ('-G*(m1+m2)/r**2 - A/r**3.4 + B*cos(omega*r)/r**2')
    - L2: second radial term ~r**-3.5 + correction-basis RSS reduction 0.169 >= 0.05 ('-G*(m1+m2)/r**2 - A/r**3.4 + B*cos(omega*r)/r**2')
    - L1: inverse-square term + Newton accel-fit converges ('-G*m1*m2/r**2 - A*cos(omega*r)/r**3.4')
    - L2: second radial term ~r**-3.5 + correction-basis RSS reduction 0.169 >= 0.05 ('-G*m1*m2/r**2 - A*cos(omega*r)/r**3.4')
    - L1: inverse-square term + Newton accel-fit converges ('-G*m1*m2/r**2 - C/r**3.4')
    - L2: second radial term ~r**-3.5 + correction-basis RSS reduction 0.169 >= 0.05 ('-G*m1*m2/r**2 - C/r**3.4')
    - L2 DENIED: second radial term exponent not ~-3.5 ('-G*m2*(x1-x2)/r**3 + k*vx1')
    - L1: inverse-square term + Newton accel-fit converges ('-G*m2/r**2 - alpha/r**3.4')
    - L2: second radial term ~r**-3.5 + correction-basis RSS reduction 0.169 >= 0.05 ('-G*m2/r**2 - alpha/r**3.4')
    - L1: inverse-square term + Newton accel-fit converges ('-G*m2/r**2 - alpha/r**3.4')
    - L2: second radial term ~r**-3.5 + correction-basis RSS reduction 0.169 >= 0.05 ('-G*m2/r**2 - alpha/r**3.4')
    - L1: inverse-square term + Newton accel-fit converges ('-G*m2/r**2 - beta*v1**2/r')
    - L2 DENIED: second radial term exponent not ~-3.5 ('-G*m2/r**2 - beta*v1**2/r')
    - L1: inverse-square term + Newton accel-fit converges ('-G*m2/r**2 - beta/r**3.4')
    - L2: second radial term ~r**-3.5 + correction-basis RSS reduction 0.169 >= 0.05 ('-G*m2/r**2 - beta/r**3.4')
    - L6 DENIED: claimed symmetry not verified by sympy ('-G*m2/r**2 - beta/r**3.4')
    - L1: inverse-square term + Newton accel-fit converges ('-G*m2/r**2 - k/r**3.4')
    - L2: second radial term ~r**-3.5 + correction-basis RSS reduction 0.169 >= 0.05 ('-G*m2/r**2 - k/r**3.4')
    - L1: inverse-square term + Newton accel-fit converges ('-G*m2/r**2 - k/r**4')
    - L2 DENIED: second radial term exponent not ~-3.5 ('-G*m2/r**2 - k/r**4')
    - L1: inverse-square term + Newton accel-fit converges ('-G/r**2 + A*cos(omega*log(r))/r**3')
    - L2 DENIED: second radial term exponent not ~-3.5 ('-G/r**2 + A*cos(omega*log(r))/r**3')
    - L1: inverse-square term + Newton accel-fit converges ('-G/r**2 + beta*cos(k*r)/r**2')
    - L1: inverse-square term + Newton accel-fit converges ('-G/r**2 - C/r**3.4')
    - L2: second radial term ~r**-3.5 + correction-basis RSS reduction 0.169 >= 0.05 ('-G/r**2 - C/r**3.4')
    - L1: inverse-square term + Newton accel-fit converges ('-G/r**2 - H/r**3.4')
    - L2: second radial term ~r**-3.5 + correction-basis RSS reduction 0.169 >= 0.05 ('-G/r**2 - H/r**3.4')
    - L1: inverse-square term + Newton accel-fit converges ('-G/r**2 - H/r**3.4 + J*cos(k*r)/r**2')
    - L2: second radial term ~r**-3.5 + correction-basis RSS reduction 0.169 >= 0.05 ('-G/r**2 - H/r**3.4 + J*cos(k*r)/r**2')
    - L1: inverse-square term + Newton accel-fit converges ('-G/r**2 - alpha/r**3.4 + beta*cos(omega*r)')
    - L2: second radial term ~r**-3.5 + correction-basis RSS reduction 0.169 >= 0.05 ('-G/r**2 - alpha/r**3.4 + beta*cos(omega*r)')
    - L1: inverse-square term + Newton accel-fit converges ('-G/r**2 - alpha/r**p + beta*cos(k*r)')
    - L1: inverse-square term + Newton accel-fit converges ('-G/r**2 - alpha/r**p + beta*cos(kappa*r)')
    - L1: inverse-square term + Newton accel-fit converges ('-G/r**2 - k*cos(omega*r)/r**3')
    - L2 DENIED: second radial term exponent not ~-3.5 ('-G/r**2 - k*cos(omega*r)/r**3')
    - L1: inverse-square term + Newton accel-fit converges ('-G/r**2 - kappa/r**3 * cos(omega * log(r))')
    - L2 DENIED: second radial term exponent not ~-3.5 ('-G/r**2 - kappa/r**3 * cos(omega * log(r))')
    - L1: inverse-square term + Newton accel-fit converges ('-alpha/r**2 - kappa/r**3.4 + beta*cos(omega*r)')
    - L2: second radial term ~r**-3.5 + correction-basis RSS reduction 0.169 >= 0.05 ('-alpha/r**2 - kappa/r**3.4 + beta*cos(omega*r)')
    - L2 DENIED: second radial term exponent not ~-3.5 ('0')
    - L2 DENIED: second radial term exponent not ~-3.5 ('A/r**7 - B/r**3')
    - L1: inverse-square term + Newton accel-fit converges ('G * m2 / r**2 + C / r**3.4')
    - L2: second radial term ~r**-3.5 + correction-basis RSS reduction 0.169 >= 0.05 ('G * m2 / r**2 + C / r**3.4')
    - L1: inverse-square term + Newton accel-fit converges ('G * m2 / r**2 + alpha / r**3.4')
    - L2: second radial term ~r**-3.5 + correction-basis RSS reduction 0.169 >= 0.05 ('G * m2 / r**2 + alpha / r**3.4')
    - L1: inverse-square term + Newton accel-fit converges ('G * m2 / r**2 + beta / r**3.4')
    - L2: second radial term ~r**-3.5 + correction-basis RSS reduction 0.169 >= 0.05 ('G * m2 / r**2 + beta / r**3.4')
    - L1: inverse-square term + Newton accel-fit converges ('G / r**2')
    - L1: inverse-square term + Newton accel-fit converges ('G*(m1+m2)/r**2 + k/r**3.4')
    - L2: second radial term ~r**-3.5 + correction-basis RSS reduction 0.169 >= 0.05 ('G*(m1+m2)/r**2 + k/r**3.4')
    - L1: inverse-square term + Newton accel-fit converges ('G*m2/r**2')
    - L1: inverse-square term + Newton accel-fit converges ('G*m2/r**2 + C*m2/r**3')
    - L2 DENIED: second radial term exponent not ~-3.5 ('G*m2/r**2 + C*m2/r**3')
    - L1: inverse-square term + Newton accel-fit converges ('G*m2/r**2 + alpha/r**3')
    - L2 DENIED: second radial term exponent not ~-3.5 ('G*m2/r**2 + alpha/r**3')
  distinct symbolic_form count=46 (sample up to 30):
    (-G/r**p) * (1 + alpha*cos(omega*r))
    (G + alpha / r**1.4) / r**2
    -(G * (1 - alpha * cos(omega * r))) / r**2
    -G * m1 * m2 / r**p
    -G*(m1*m2)/r**2 - alpha/r**(10/3)
    -G*(m1+m2)/r**2 - A/r**3.4 + B*cos(omega*r)/r**2
    -G*m1*m2/r**2 - A*cos(omega*r)/r**3.4
    -G*m1*m2/r**2 - C/r**3.4
    -G*m2*(x1-x2)/r**3 + k*vx1
    -G*m2/r**2 - alpha/r**3.4
    -G*m2/r**2 - beta*v1**2/r
    -G*m2/r**2 - beta/r**3.4
    -G*m2/r**2 - k/r**3.4
    -G*m2/r**2 - k/r**4
    -G*m2/r**p - A*cos(k*r)
    -G/r**2 + A*cos(omega*log(r))/r**3
    -G/r**2 + beta*cos(k*r)/r**2
    -G/r**2 - C/r**3.4
    -G/r**2 - H/r**3.4
    -G/r**2 - H/r**3.4 + J*cos(k*r)/r**2
    -G/r**2 - alpha/r**3.4 + beta*cos(omega*r)
    -G/r**2 - alpha/r**p + beta*cos(k*r)
    -G/r**2 - alpha/r**p + beta*cos(kappa*r)
    -G/r**2 - k*cos(omega*r)/r**3
    -G/r**2 - kappa/r**3 * cos(omega * log(r))
    -G/r**p + A*cos(k*r)
    -alpha/r**2 - kappa/r**3.4 + beta*cos(omega*r)
    0
    A/r**7 - B/r**3
    G * m2 / r**2 + C / r**3.4
========================================================================
