2026-06-09 16:09:14,841 [INFO] ascension.benchmarks.alien_depth: alien_depth: max_depth=6 per_layer=(True, False, True, False, False, True) held_out_rmse=0.32083882427693194 q_drift=None n_hyp=63 elapsed_ms=12725
========================================================================
ALIEN RUN fc13434b-47ab-4659-bae8-a0e80fb30fa7
  run.status=completed  halt_reason=duration_exceeded
  PROVENANCE (P-15.2-6): benchmark_system='alien_universe'  included_in_distillation_v1=False
  SCORING MODE: FAMILY-V2 (V2 law: sum coupling + r^-2.5; L3/L4 vs held-out sums {4,6})
  node types: {'dispute': 15, 'hypothesis': 63}
  hypothesis nodes=63  status_breakdown={'active': 36, 'contested': 27}
  SPEND: 182 llm_calls, $4.6834 total
    provider='google': 182 calls, $4.6834
------------------------------------------------------------------------
  DISCOVERY DEPTH (P-15.2-1/2/3): max_depth=6
    per_layer L1..L6 = (True, False, True, False, False, True)
    HONEST consecutive force-law depth (L1-L4, L-057) = 1   [L5=False L6=True reported separately, non-consecutive]
    held_out_rss_reduction=0.32083882427693194  q_drift=None
  scorer notes (145):
    - L1: inverse-square term + Newton accel-fit converges ('(-G*m1*m2/r**2) + (kappa*s1*s2/r**3)')
    - L2 DENIED: second radial term exponent not ~-2.5 ('(-G*m1*m2/r**2) + (kappa*s1*s2/r**3)')
    - L6: law verified invariant under P:(x->-x,v->-v,s->-s) ('(-G*m1*m2/r**2) + (kappa*s1*s2/r**3)')
    - L1: inverse-square term + Newton accel-fit converges ('(alpha * s1 * s2 / r**2) + (beta * s1 * s2 / r**2.1)')
    - L6: law verified invariant under P:(x->-x,v->-v,s->-s) ('(alpha * s1 * s2 / r**2) + (beta * s1 * s2 / r**2.1)')
    - L1: inverse-square term + Newton accel-fit converges ('(alpha/r**2) * (1 + beta*s1*s2*cos(gamma * log(r)))')
    - L6: law verified invariant under P:(x->-x,v->-v,s->-s) ('(alpha/r**2) * (1 + beta*s1*s2*cos(gamma * log(r)))')
    - L1: inverse-square term + Newton accel-fit converges ('(k1 - k2*s1*s2*cos(beta*log(r)))/r**2')
    - L6: law verified invariant under P:(x->-x,v->-v,s->-s) ('(k1 - k2*s1*s2*cos(beta*log(r)))/r**2')
    - L1: inverse-square term + Newton accel-fit converges ('(kappa * s1 * s2) / r**2.1 - G*m2/r**2')
    - L6: law verified invariant under P:(x->-x,v->-v,s->-s) ('(kappa * s1 * s2) / r**2.1 - G*m2/r**2')
    - L1: inverse-square term + Newton accel-fit converges ('(s1 * s2 / m1) * (alpha/r**2 + beta/r**2.1)')
    - L6: law verified invariant under P:(x->-x,v->-v,s->-s) ('(s1 * s2 / m1) * (alpha/r**2 + beta/r**2.1)')
    - L1: inverse-square term + Newton accel-fit converges ('-G * m1 * m2 / r**2 * (1 + s1 * s2 * cos(kappa * log(r)))')
    - L6: law verified invariant under P:(x->-x,v->-v,s->-s) ('-G * m1 * m2 / r**2 * (1 + s1 * s2 * cos(kappa * log(r)))')
    - L1: inverse-square term + Newton accel-fit converges ('-G * m1 * m2 / r**2 + (s1 * s2 * alpha / r**2) * cos(kappa * log(r))')
    - L6: law verified invariant under P:(x->-x,v->-v,s->-s) ('-G * m1 * m2 / r**2 + (s1 * s2 * alpha / r**2) * cos(kappa * log(r))')
    - L1: inverse-square term + Newton accel-fit converges ('-G * m1 * m2 / r**2 + k * s1 * s2 / r**2.1')
    - L6: law verified invariant under P:(x->-x,v->-v,s->-s) ('-G * m1 * m2 / r**2 + k * s1 * s2 / r**2.1')
    - L1: inverse-square term + Newton accel-fit converges ('-G * m1 * m2 / r**2 + kappa * s1 * s2 / r**2.1')
    - L6: law verified invariant under P:(x->-x,v->-v,s->-s) ('-G * m1 * m2 / r**2 + kappa * s1 * s2 / r**2.1')
    - L1: inverse-square term + Newton accel-fit converges ('-G * m2 / r**2 + K * (s1 + s2) / r**2.1')
    - L3: hidden sum does real work, hidden-basis RSS reduction 0.321 (+rationale tiebreaker) ('-G * m2 / r**2 + K * (s1 + s2) / r**2.1')
    - L6 DENIED: claimed symmetry not verified by sympy ('-G * m2 / r**2 + K * (s1 + s2) / r**2.1')
    - L1: inverse-square term + Newton accel-fit converges ('-G * m2 / r**2 + K * s1 * s2 * cos(omega * r) / (m1 * r**2)')
    - L6: law verified invariant under P:(x->-x,v->-v,s->-s) ('-G * m2 / r**2 + K * s1 * s2 * cos(omega * r) / (m1 * r**2)')
    - L1: inverse-square term + Newton accel-fit converges ('-G * m2/r**2 + alpha * s1 * s2 / r**2.1')
    - L6: law verified invariant under P:(x->-x,v->-v,s->-s) ('-G * m2/r**2 + alpha * s1 * s2 / r**2.1')
    - L1: inverse-square term + Newton accel-fit converges ('-G*m1*m2*(1 + s1*s2*cos(omega*r))/r**2')
    - L6: law verified invariant under P:(x->-x,v->-v,s->-s) ('-G*m1*m2*(1 + s1*s2*cos(omega*r))/r**2')
    - L1: inverse-square term + Newton accel-fit converges ('-G*m1*m2/r**2 + (beta * s1 * s2 / r**3) * cos(omega * r)')
    - L2 DENIED: second radial term exponent not ~-2.5 ('-G*m1*m2/r**2 + (beta * s1 * s2 / r**3) * cos(omega * r)')
    - L6: law verified invariant under P:(x->-x,v->-v,s->-s) ('-G*m1*m2/r**2 + (beta * s1 * s2 / r**3) * cos(omega * r)')
    - L1: inverse-square term + Newton accel-fit converges ('-G*m1*m2/r**2 + (s1*s2) * cos(k*r) / r**3')
    - L2 DENIED: second radial term exponent not ~-2.5 ('-G*m1*m2/r**2 + (s1*s2) * cos(k*r) / r**3')
    - L6: law verified invariant under P:(x->-x,v->-v,s->-s) ('-G*m1*m2/r**2 + (s1*s2) * cos(k*r) / r**3')
    - L1: inverse-square term + Newton accel-fit converges ('-G*m1*m2/r**2 + beta * s1 * s2 * cos(kappa*r) / r**2')
    - L6: law verified invariant under P:(x->-x,v->-v,s->-s) ('-G*m1*m2/r**2 + beta * s1 * s2 * cos(kappa*r) / r**2')
    - L1: inverse-square term + Newton accel-fit converges ('-G*m1*m2/r**2 + s1*s2*alpha*cos(beta*r)/r**3')
    - L2 DENIED: second radial term exponent not ~-2.5 ('-G*m1*m2/r**2 + s1*s2*alpha*cos(beta*r)/r**3')
    - L6: law verified invariant under P:(x->-x,v->-v,s->-s) ('-G*m1*m2/r**2 + s1*s2*alpha*cos(beta*r)/r**3')
    - L1: inverse-square term + Newton accel-fit converges ('-G*m1*m2/r**2 + s1*s2*cos(k*r)/r**2.1')
    - L6: law verified invariant under P:(x->-x,v->-v,s->-s) ('-G*m1*m2/r**2 + s1*s2*cos(k*r)/r**2.1')
    - L6: law verified invariant under P:(x->-x,v->-v,s->-s) ('-G*m2 / r**(2.0 + k*s1*s2)')
    - L1: inverse-square term + Newton accel-fit converges ('-G*m2/r**2 + alpha*s1*s2/r**2.1')
    - L6: law verified invariant under P:(x->-x,v->-v,s->-s) ('-G*m2/r**2 + alpha*s1*s2/r**2.1')
    - L1: inverse-square term + Newton accel-fit converges ('-G*m2/r**2 + k*s1*s2/(m1*r**2.1)')
    - L6: law verified invariant under P:(x->-x,v->-v,s->-s) ('-G*m2/r**2 + k*s1*s2/(m1*r**2.1)')
    - L1: inverse-square term + Newton accel-fit converges ('-G*m2/r**2 + kappa*(s1+s2)/(m1*r**3)')
    - L2 DENIED: second radial term exponent not ~-2.5 ('-G*m2/r**2 + kappa*(s1+s2)/(m1*r**3)')
    - L6 DENIED: claimed symmetry not verified by sympy ('-G*m2/r**2 + kappa*(s1+s2)/(m1*r**3)')
    - L1: inverse-square term + Newton accel-fit converges ('-G*m2/r**2 + kappa*s1*s2/(m1*r**3)')
    - L2 DENIED: second radial term exponent not ~-2.5 ('-G*m2/r**2 + kappa*s1*s2/(m1*r**3)')
    - L6: law verified invariant under P:(x->-x,v->-v,s->-s) ('-G*m2/r**2 + kappa*s1*s2/(m1*r**3)')
    - L1: inverse-square term + Newton accel-fit converges ('-G*m2/r**2 + s2 * alpha * cos(kappa*r) / r**3')
    - L2 DENIED: second radial term exponent not ~-2.5 ('-G*m2/r**2 + s2 * alpha * cos(kappa*r) / r**3')
    - L6 DENIED: claimed symmetry not verified by sympy ('-G*m2/r**2 + s2 * alpha * cos(kappa*r) / r**3')
    - L1: inverse-square term + Newton accel-fit converges ('-G*s1*s2/r**2 - K*s1*s2*cos(omega*r)/r**3')
    - L2 DENIED: second radial term exponent not ~-2.5 ('-G*s1*s2/r**2 - K*s1*s2*cos(omega*r)/r**3')
    - L6: law verified invariant under P:(x->-x,v->-v,s->-s) ('-G*s1*s2/r**2 - K*s1*s2*cos(omega*r)/r**3')
  distinct symbolic_form count=59 (sample up to 30):
    (-G*m1*m2/r**2) + (kappa*s1*s2/r**3)
    (alpha * s1 * s2 / r**2) + (beta * s1 * s2 / r**2.1)
    (alpha/r**2) * (1 + beta*s1*s2*cos(gamma * log(r)))
    (k1 - k2*s1*s2*cos(beta*log(r)))/r**2
    (kappa * s1 * s2) / r**2.1 - G*m2/r**2
    (s1 * s2 / m1) * (alpha/r**2 + beta/r**2.1)
    -G * m1 * m2 / r**2 * (1 + s1 * s2 * cos(kappa * log(r)))
    -G * m1 * m2 / r**2 + (s1 * s2 * alpha / r**2) * cos(kappa * log(r))
    -G * m1 * m2 / r**2 + k * s1 * s2 / r**2.1
    -G * m1 * m2 / r**2 + kappa * s1 * s2 / r**2.1
    -G * m2 / r**2 + K * (s1 + s2) / r**2.1
    -G * m2 / r**2 + K * s1 * s2 * cos(omega * r) / (m1 * r**2)
    -G * m2/r**2 + alpha * s1 * s2 / r**2.1
    -G*m1*m2*(1 + s1*s2*cos(omega*r))/r**2
    -G*m1*m2/r**2 + (beta * s1 * s2 / r**3) * cos(omega * r)
    -G*m1*m2/r**2 + (s1*s2) * cos(k*r) / r**3
    -G*m1*m2/r**2 + beta * s1 * s2 * cos(kappa*r) / r**2
    -G*m1*m2/r**2 + s1*s2*alpha*cos(beta*r)/r**3
    -G*m1*m2/r**2 + s1*s2*cos(k*r)/r**2.1
    -G*m2 / r**(2.0 + k*s1*s2)
    -G*m2/r**2 + alpha*s1*s2/r**2.1
    -G*m2/r**2 + k*s1*s2/(m1*r**2.1)
    -G*m2/r**2 + kappa*(s1+s2)/(m1*r**3)
    -G*m2/r**2 + kappa*s1*s2/(m1*r**3)
    -G*m2/r**2 + s2 * alpha * cos(kappa*r) / r**3
    -G*s1*s2/r**2 - K*s1*s2*cos(omega*r)/r**3
    -G/r**2 + alpha*s1*s2/r**2.1
    -G/r**2 + k*s1*s2/r**2.1
    -alpha * m2 / r**2 + beta * s1 * s2 / r**2.1
    -alpha / r**2 + beta * s1 * s2 / r**2.1
========================================================================
