2026-06-09 15:07:42,326 [INFO] ascension.benchmarks.alien_depth: alien_depth: max_depth=6 per_layer=(True, True, False, False, False, True) held_out_rmse=0.2514447557858914 q_drift=None n_hyp=40 elapsed_ms=9692
========================================================================
ALIEN RUN b2468222-838a-4d22-9ed2-e5b34b96ecd4
  run.status=completed  halt_reason=duration_exceeded
  PROVENANCE (P-15.2-6): benchmark_system='alien_universe'  included_in_distillation_v1=False
  SCORING MODE: FAMILY-V2 (V2 law: sum coupling + r^-2.5; L3/L4 vs held-out sums {4,6})
  node types: {'dispute': 1, 'hypothesis': 40}
  hypothesis nodes=40  status_breakdown={'active': 38, 'contested': 2}
  SPEND: 134 llm_calls, $0.0000 total
    provider='google': 83 calls, $0.0000
    provider='nvidia': 51 calls, $0.0000
------------------------------------------------------------------------
  DISCOVERY DEPTH (P-15.2-1/2/3): max_depth=6
    per_layer L1..L6 = (True, True, False, False, False, True)
    HONEST consecutive force-law depth (L1-L4, L-057) = 2   [L5=False L6=True reported separately, non-consecutive]
    held_out_rss_reduction=0.2514447557858914  q_drift=None
  scorer notes (72):
    - L1: inverse-square term + Newton accel-fit converges ('(G*m2*s1)/(r**2)')
    - L6 DENIED: claimed symmetry not verified by sympy ('(G*m2*s1)/(r**2)')
    - L2 DENIED: second radial term exponent not ~-2.5 ('(G*m2/(r**2))*((x2 - x1)/r) + (G*m2/(r**2))*((y2 - y1)/r)')
    - L1: inverse-square term + Newton accel-fit converges ('G*(m1*m2)/(r**2)')
    - L2 DENIED: second radial term exponent not ~-2.5 ('G*m1*m2/(r**2) * (x2 - x1)/r + s1*(vx2 - vx1)/r + s2*(vy2 - vy1)/r')
    - L6 DENIED: claimed symmetry not verified by sympy ('G*m1*m2/(r**2) * (x2 - x1)/r + s1*(vx2 - vx1)/r + s2*(vy2 - vy1)/r')
    - L2 DENIED: second radial term exponent not ~-2.5 ('G*m1*m2/r**2 * (x2 - x1)/r + s1*vx1 + s2*vx2')
    - L6 DENIED: claimed symmetry not verified by sympy ('G*m1*m2/r**2 * (x2 - x1)/r + s1*vx1 + s2*vx2')
    - L1: inverse-square term + Newton accel-fit converges ('G*m1*m2/r**2 + alpha*m1*m2/r**2.1')
    - L1: inverse-square term + Newton accel-fit converges ('G*m1*m2/r**2 + alpha*s1*s2/r**3')
    - L2 DENIED: second radial term exponent not ~-2.5 ('G*m1*m2/r**2 + alpha*s1*s2/r**3')
    - L6: law verified invariant under P:(x->-x,v->-v,s->-s) ('G*m1*m2/r**2 + alpha*s1*s2/r**3')
    - L1: inverse-square term + Newton accel-fit converges ('G*m1*m2/r**2 + alpha*s1*s2/r**3')
    - L2 DENIED: second radial term exponent not ~-2.5 ('G*m1*m2/r**2 + alpha*s1*s2/r**3')
    - L6: law verified invariant under P:(x->-x,v->-v,s->-s) ('G*m1*m2/r**2 + alpha*s1*s2/r**3')
    - L1: inverse-square term + Newton accel-fit converges ('G*m1*m2/r**2 + alpha*s1*s2/r**3')
    - L2 DENIED: second radial term exponent not ~-2.5 ('G*m1*m2/r**2 + alpha*s1*s2/r**3')
    - L6: law verified invariant under P:(x->-x,v->-v,s->-s) ('G*m1*m2/r**2 + alpha*s1*s2/r**3')
    - L1: inverse-square term + Newton accel-fit converges ('G*m1*m2/r**2 + alpha*s1*s2/r**3 + beta*(vx1*vx2 + vy1*vy2)/r**2')
    - L2 DENIED: second radial term exponent not ~-2.5 ('G*m1*m2/r**2 + alpha*s1*s2/r**3 + beta*(vx1*vx2 + vy1*vy2)/r**2')
    - L6: law verified invariant under P:(x->-x,v->-v,s->-s) ('G*m1*m2/r**2 + alpha*s1*s2/r**3 + beta*(vx1*vx2 + vy1*vy2)/r**2')
    - L1: inverse-square term + Newton accel-fit converges ('G*m1*m2/r**2 + alpha*s1*s2/r**3 + beta*(vx1*vx2 + vy1*vy2)/r**2')
    - L2 DENIED: second radial term exponent not ~-2.5 ('G*m1*m2/r**2 + alpha*s1*s2/r**3 + beta*(vx1*vx2 + vy1*vy2)/r**2')
    - L6: law verified invariant under P:(x->-x,v->-v,s->-s) ('G*m1*m2/r**2 + alpha*s1*s2/r**3 + beta*(vx1*vx2 + vy1*vy2)/r**2')
    - L1: inverse-square term + Newton accel-fit converges ('G*m1*m2/r**2 + alpha/r**2.1')
    - L1: inverse-square term + Newton accel-fit converges ('G*m1*m2/r**2 + alpha/r**2.1')
    - L1: inverse-square term + Newton accel-fit converges ('G*m1*m2/r**2 + alpha/r**2.1')
    - L1: inverse-square term + Newton accel-fit converges ('G*m1*m2/r**2 + alpha/r**2.1')
    - L1: inverse-square term + Newton accel-fit converges ('G*m1*m2/r**2 + alpha/r**2.1 + beta*sin(k*r)')
    - L1: inverse-square term + Newton accel-fit converges ('G*m1*m2/r**2 + alpha/r**2.1 + beta*sin(k*r)')
    - L1: inverse-square term + Newton accel-fit converges ('G*m1*m2/r**2 + alpha/r**2.1 + beta*sin(k*r)')
    - L1: inverse-square term + Newton accel-fit converges ('G*m1*m2/r**2 + alpha/r**2.1 + beta*sin(k*r)')
    - L1: inverse-square term + Newton accel-fit converges ('G*m1*m2/r**2 + alpha/r**2.1 + beta*sin(kappa*r)')
    - L1: inverse-square term + Newton accel-fit converges ('G*m1*m2/r**2 + kappa/r**2.1')
    - L1: inverse-square term + Newton accel-fit converges ('G*m1*m2/r**2 + kappa/r**2.1')
    - L1: inverse-square term + Newton accel-fit converges ('G*m1*m2/r**2 + kappa/r**2.1 + alpha*sin(beta*r)')
    - L1: inverse-square term + Newton accel-fit converges ('G*m1*m2/r**2.2 + alpha*sin(k*r)*exp(-beta*r) + s1*s2*gamma/r**2.5')
    - L2: second radial term ~r**-2.5 + correction-basis RSS reduction 0.251 >= 0.05 ('G*m1*m2/r**2.2 + alpha*sin(k*r)*exp(-beta*r) + s1*s2*gamma/r**2.5')
    - L6: law verified invariant under P:(x->-x,v->-v,s->-s) ('G*m1*m2/r**2.2 + alpha*sin(k*r)*exp(-beta*r) + s1*s2*gamma/r**2.5')
    - L1: inverse-square term + Newton accel-fit converges ('G*m1*m2/r**2.2 - alpha*s1*s2*sin(k*r)')
    - L6: law verified invariant under P:(x->-x,v->-v,s->-s) ('G*m1*m2/r**2.2 - alpha*s1*s2*sin(k*r)')
    - L1: inverse-square term + Newton accel-fit converges ('G*m1*m2/r**2.2 - alpha*s1*s2*sin(k*r)')
    - L6: law verified invariant under P:(x->-x,v->-v,s->-s) ('G*m1*m2/r**2.2 - alpha*s1*s2*sin(k*r)')
    - L1: inverse-square term + Newton accel-fit converges ('G*m1*m2/r**2.2 - alpha*s1*s2/r**3*cos(2*pi*r/k)')
    - L2 DENIED: second radial term exponent not ~-2.5 ('G*m1*m2/r**2.2 - alpha*s1*s2/r**3*cos(2*pi*r/k)')
    - L6: law verified invariant under P:(x->-x,v->-v,s->-s) ('G*m1*m2/r**2.2 - alpha*s1*s2/r**3*cos(2*pi*r/k)')
    - L2 DENIED: second radial term exponent not ~-2.5 ('G*m2/(m1+m2)*r/(r**2 + alpha**2)')
    - L2 DENIED: second radial term exponent not ~-2.5 ('G*m2/(m1+m2)*r/(r**2 + alpha**2) - G*m1/(m1+m2)*s1*s2/r**2')
    - L6: law verified invariant under P:(x->-x,v->-v,s->-s) ('G*m2/(m1+m2)*r/(r**2 + alpha**2) - G*m1/(m1+m2)*s1*s2/r**2')
    - L1: inverse-square term + Newton accel-fit converges ('G*m2/(m1+m2)*r/(r**2) - alpha*s1*s2/r**2')
    - L6: law verified invariant under P:(x->-x,v->-v,s->-s) ('G*m2/(m1+m2)*r/(r**2) - alpha*s1*s2/r**2')
    - L1: inverse-square term + Newton accel-fit converges ('G*m2/(r**2) - s1*alpha/r**2')
    - L6 DENIED: claimed symmetry not verified by sympy ('G*m2/(r**2) - s1*alpha/r**2')
    - L1: inverse-square term + Newton accel-fit converges ('G*m2/(r**2) - s1*s2*alpha/r**2')
    - L6: law verified invariant under P:(x->-x,v->-v,s->-s) ('G*m2/(r**2) - s1*s2*alpha/r**2')
    - L1: inverse-square term + Newton accel-fit converges ('G*m2/(r**2) - s1*s2*alpha/r**3')
    - L2 DENIED: second radial term exponent not ~-2.5 ('G*m2/(r**2) - s1*s2*alpha/r**3')
    - L6: law verified invariant under P:(x->-x,v->-v,s->-s) ('G*m2/(r**2) - s1*s2*alpha/r**3')
    - L1: inverse-square term + Newton accel-fit converges ('G*r - alpha/r**2 + beta/r**2.1 * cos(gamma*r)')
    - L2 DENIED: second radial term exponent not ~-2.5 ('G*r - alpha/r**2 + beta/r**2.1 * cos(gamma*r)')
  distinct symbolic_form count=29 (sample up to 30):
    (G*m2*s1)/(r**2)
    (G*m2/(r**2))*((x2 - x1)/r) + (G*m2/(r**2))*((y2 - y1)/r)
    G*(m1*m2)/(r**2)
    G*m1*m2/(r**2) * (x2 - x1)/r + s1*(vx2 - vx1)/r + s2*(vy2 - vy1)/r
    G*m1*m2/r**2 * (x2 - x1)/r + s1*vx1 + s2*vx2
    G*m1*m2/r**2 + alpha*m1*m2/r**2.1
    G*m1*m2/r**2 + alpha*s1*s2/r**3
    G*m1*m2/r**2 + alpha*s1*s2/r**3 + beta*(vx1*vx2 + vy1*vy2)/r**2
    G*m1*m2/r**2 + alpha/r**2.1
    G*m1*m2/r**2 + alpha/r**2.1 + beta*sin(k*r)
    G*m1*m2/r**2 + alpha/r**2.1 + beta*sin(kappa*r)
    G*m1*m2/r**2 + kappa/r**2.1
    G*m1*m2/r**2 + kappa/r**2.1 + alpha*sin(beta*r)
    G*m1*m2/r**2.2 + alpha*sin(k*r)*exp(-beta*r) + s1*s2*gamma/r**2.5
    G*m1*m2/r**2.2 - alpha*s1*s2*sin(k*r)
    G*m1*m2/r**2.2 - alpha*s1*s2/r**3*cos(2*pi*r/k)
    G*m2/(m1+m2)*r/(r**2 + alpha**2)
    G*m2/(m1+m2)*r/(r**2 + alpha**2) - G*m1/(m1+m2)*s1*s2/r**2
    G*m2/(m1+m2)*r/(r**2) - alpha*s1*s2/r**2
    G*m2/(r**2) - s1*alpha/r**2
    G*m2/(r**2) - s1*s2*alpha/r**2
    G*m2/(r**2) - s1*s2*alpha/r**3
    G*r - alpha/r**2 + beta/r**2.1 * cos(gamma*r)
    G*r - alpha/r**2.1 + beta*sin(k*r) + gamma*s1*s2/r**2.2
    G*r - alpha/r**2.5 + beta*sin(kappa*r) + gamma*s1*s2/r**2
    G*r/(r**2 + alpha*r**2.1) + beta*s1*s2/r**2.1
    G*r/(r**2 + alpha*r**2.1) + beta*sin(gamma*r)
    G*r/(r**2 + alpha*r**beta) + kappa*sin(gamma/r)
    G/r**2 + alpha/r**2.1 + beta*sin(gamma*r)
========================================================================
