2026-06-09 16:50:09,777 [INFO] ascension.benchmarks.alien_depth: alien_depth: max_depth=6 per_layer=(True, True, True, False, False, True) held_out_rmse=0.32083882427693194 q_drift=None n_hyp=64 elapsed_ms=10962
========================================================================
ALIEN RUN e6741312-b8f6-4098-875c-0dc5e586f9ca
  run.status=completed  halt_reason=duration_exceeded
  PROVENANCE (P-15.2-6): benchmark_system='alien_universe'  included_in_distillation_v1=False
  SCORING MODE: FAMILY-V2 (V2 law: sum coupling + r^-2.5; L3/L4 vs held-out sums {4,6})
  node types: {'dispute': 15, 'hypothesis': 64}
  hypothesis nodes=64  status_breakdown={'contested': 24, 'active': 40}
  SPEND: 184 llm_calls, $4.7361 total
    provider='google': 184 calls, $4.7361
------------------------------------------------------------------------
  DISCOVERY DEPTH (P-15.2-1/2/3): max_depth=6
    per_layer L1..L6 = (True, True, True, False, False, True)
    HONEST consecutive force-law depth (L1-L4, L-057) = 3   [L5=False L6=True reported separately, non-consecutive]
    held_out_rss_reduction=0.32083882427693194  q_drift=None
  scorer notes (142):
    - L1: inverse-square term + Newton accel-fit converges ('(-G * m2 / r**2) + (kappa * s1 * s2 / r**2.1)')
    - L6: law verified invariant under P:(x->-x,v->-v,s->-s) ('(-G * m2 / r**2) + (kappa * s1 * s2 / r**2.1)')
    - L1: inverse-square term + Newton accel-fit converges ('(-G + beta * s1 * s2 * cos(kappa * r)) / r**2')
    - L6: law verified invariant under P:(x->-x,v->-v,s->-s) ('(-G + beta * s1 * s2 * cos(kappa * r)) / r**2')
    - L1: inverse-square term + Newton accel-fit converges ('(-G*m1*m2/r**2) + (alpha/r**3) * cos(omega*r + s1 + s2)')
    - L2 DENIED: second radial term exponent not ~-2.5 ('(-G*m1*m2/r**2) + (alpha/r**3) * cos(omega*r + s1 + s2)')
    - L6 DENIED: claimed symmetry not verified by sympy ('(-G*m1*m2/r**2) + (alpha/r**3) * cos(omega*r + s1 + s2)')
    - L1: inverse-square term + Newton accel-fit converges ('(-G*m2/r**2) * (1 + alpha * s1 * s2 * cos(kappa * log(r)))')
    - L6: law verified invariant under P:(x->-x,v->-v,s->-s) ('(-G*m2/r**2) * (1 + alpha * s1 * s2 * cos(kappa * log(r)))')
    - L1: inverse-square term + Newton accel-fit converges ('(-alpha * m1 * m2 / r**2) * cos(k * (s1 + s2) * log(r))')
    - L6: law verified invariant under P:(x->-x,v->-v,s->-s) ('(-alpha * m1 * m2 / r**2) * cos(k * (s1 + s2) * log(r))')
    - L1: inverse-square term + Newton accel-fit converges ('(G*m2)/r**2 + (K*m2*s1*s2)/r**2.1')
    - L6: law verified invariant under P:(x->-x,v->-v,s->-s) ('(G*m2)/r**2 + (K*m2*s1*s2)/r**2.1')
    - L1: inverse-square term + Newton accel-fit converges ('(alpha * s1 * s2 / r**2) - (beta / r**2.1)')
    - L6: law verified invariant under P:(x->-x,v->-v,s->-s) ('(alpha * s1 * s2 / r**2) - (beta / r**2.1)')
    - L1: inverse-square term + Newton accel-fit converges ('(alpha*s1*s2*cos(beta*r) - G*m2)/r**2')
    - L6: law verified invariant under P:(x->-x,v->-v,s->-s) ('(alpha*s1*s2*cos(beta*r) - G*m2)/r**2')
    - L1: inverse-square term + Newton accel-fit converges ('(k*s1*s2/r**2) * (1 - ((vx1-vx2)**2 + (vy1-vy2)**2) / c**2)')
    - L6: law verified invariant under P:(x->-x,v->-v,s->-s) ('(k*s1*s2/r**2) * (1 - ((vx1-vx2)**2 + (vy1-vy2)**2) / c**2)')
    - L1: inverse-square term + Newton accel-fit converges ('(k1 * s1 * s2) / r**2 - k2 / r**2.1 + k3 * cos(omega * log(r)) / r**2')
    - L6: law verified invariant under P:(x->-x,v->-v,s->-s) ('(k1 * s1 * s2) / r**2 - k2 / r**2.1 + k3 * cos(omega * log(r)) / r**2')
    - L1: inverse-square term + Newton accel-fit converges ('(k1*s1*s2 + k2*cos(omega*r + phi)) / r**2')
    - L6: law verified invariant under P:(x->-x,v->-v,s->-s) ('(k1*s1*s2 + k2*cos(omega*r + phi)) / r**2')
    - L1: inverse-square term + Newton accel-fit converges ('(k1*s1*s2/r**2 + k2*s1*s2/r**2.1)/m1')
    - L6: law verified invariant under P:(x->-x,v->-v,s->-s) ('(k1*s1*s2/r**2 + k2*s1*s2/r**2.1)/m1')
    - L1: inverse-square term + Newton accel-fit converges ('(k1*s1*s2/r**2) * (1 + k2*sin(k3*log(r)))')
    - L6: law verified invariant under P:(x->-x,v->-v,s->-s) ('(k1*s1*s2/r**2) * (1 + k2*sin(k3*log(r)))')
    - L1: inverse-square term + Newton accel-fit converges ('(s1 * s2) * (G / r**2 + H / r**3)')
    - L2 DENIED: second radial term exponent not ~-2.5 ('(s1 * s2) * (G / r**2 + H / r**3)')
    - L6: law verified invariant under P:(x->-x,v->-v,s->-s) ('(s1 * s2) * (G / r**2 + H / r**3)')
    - L1: inverse-square term + Newton accel-fit converges ('(s1 + s2) * cos(k*r) / r**2.1')
    - L3: hidden sum does real work, hidden-basis RSS reduction 0.321 ('(s1 + s2) * cos(k*r) / r**2.1')
    - L6 DENIED: claimed symmetry not verified by sympy ('(s1 + s2) * cos(k*r) / r**2.1')
    - L1: inverse-square term + Newton accel-fit converges ('(s1*s2)/r**3 - 1/r**2')
    - L2 DENIED: second radial term exponent not ~-2.5 ('(s1*s2)/r**3 - 1/r**2')
    - L6: law verified invariant under P:(x->-x,v->-v,s->-s) ('(s1*s2)/r**3 - 1/r**2')
    - L1: inverse-square term + Newton accel-fit converges ('(s1*s2)/r**3 - G*m1*m2/r**2')
    - L2 DENIED: second radial term exponent not ~-2.5 ('(s1*s2)/r**3 - G*m1*m2/r**2')
    - L6: law verified invariant under P:(x->-x,v->-v,s->-s) ('(s1*s2)/r**3 - G*m1*m2/r**2')
    - L1: inverse-square term + Newton accel-fit converges ('(s1*s2/m1) * (alpha / r**2.2 + beta * cos(gamma * r))')
    - L6: law verified invariant under P:(x->-x,v->-v,s->-s) ('(s1*s2/m1) * (alpha / r**2.2 + beta * cos(gamma * r))')
    - L1: inverse-square term + Newton accel-fit converges ('(s1*s2/r**2) * (alpha + beta * log(r))')
    - L6: law verified invariant under P:(x->-x,v->-v,s->-s) ('(s1*s2/r**2) * (alpha + beta * log(r))')
    - L1: inverse-square term + Newton accel-fit converges ('-(s1*s2)/r**2 - kappa/r**2.1')
    - L6: law verified invariant under P:(x->-x,v->-v,s->-s) ('-(s1*s2)/r**2 - kappa/r**2.1')
    - L1: inverse-square term + Newton accel-fit converges ('-G * m2 * s1 * s2 * (1/r**2 + alpha/r**2.1)')
    - L6: law verified invariant under P:(x->-x,v->-v,s->-s) ('-G * m2 * s1 * s2 * (1/r**2 + alpha/r**2.1)')
    - L1: inverse-square term + Newton accel-fit converges ('-G * m2 / r**2 + beta * s1 * s2 * cos(kappa * r) / r**2')
    - L6: law verified invariant under P:(x->-x,v->-v,s->-s) ('-G * m2 / r**2 + beta * s1 * s2 * cos(kappa * r) / r**2')
    - L1: inverse-square term + Newton accel-fit converges ('-G*m1*m2/r**2 + A*s1*s2*cos(omega*r)/r**2')
    - L6: law verified invariant under P:(x->-x,v->-v,s->-s) ('-G*m1*m2/r**2 + A*s1*s2*cos(omega*r)/r**2')
    - L1: inverse-square term + Newton accel-fit converges ('-G*m1*m2/r**2 + beta*s1*s2*cos(k*r)/r**2')
    - L6: law verified invariant under P:(x->-x,v->-v,s->-s) ('-G*m1*m2/r**2 + beta*s1*s2*cos(k*r)/r**2')
    - L1: inverse-square term + Newton accel-fit converges ('-G*m1*m2/r**2 + beta*s1*s2/r**gamma')
    - L6: law verified invariant under P:(x->-x,v->-v,s->-s) ('-G*m1*m2/r**2 + beta*s1*s2/r**gamma')
    - L1: inverse-square term + Newton accel-fit converges ('-G*m1*m2/r**2 + k*s1*s2/r**2.1')
    - L6: law verified invariant under P:(x->-x,v->-v,s->-s) ('-G*m1*m2/r**2 + k*s1*s2/r**2.1')
    - L1: inverse-square term + Newton accel-fit converges ('-G*m2/r**2 * (1 + alpha*s1*s2*cos(kappa*log(r)))')
    - L6: law verified invariant under P:(x->-x,v->-v,s->-s) ('-G*m2/r**2 * (1 + alpha*s1*s2*cos(kappa*log(r)))')
    - L1: inverse-square term + Newton accel-fit converges ('-G*m2/r**2 + K*s1*s2/(m1*r**2.1)')
  distinct symbolic_form count=64 (sample up to 30):
    (-G * m2 / r**2) + (kappa * s1 * s2 / r**2.1)
    (-G + beta * s1 * s2 * cos(kappa * r)) / r**2
    (-G*m1*m2/r**2) + (alpha/r**3) * cos(omega*r + s1 + s2)
    (-G*m2/r**2) * (1 + alpha * s1 * s2 * cos(kappa * log(r)))
    (-alpha * m1 * m2 / r**2) * cos(k * (s1 + s2) * log(r))
    (G*m2)/r**2 + (K*m2*s1*s2)/r**2.1
    (alpha * s1 * s2 / r**2) - (beta / r**2.1)
    (alpha*s1*s2*cos(beta*r) - G*m2)/r**2
    (k*s1*s2/r**2) * (1 - ((vx1-vx2)**2 + (vy1-vy2)**2) / c**2)
    (k1 * s1 * s2) / r**2 - k2 / r**2.1 + k3 * cos(omega * log(r)) / r**2
    (k1*s1*s2 + k2*cos(omega*r + phi)) / r**2
    (k1*s1*s2/r**2 + k2*s1*s2/r**2.1)/m1
    (k1*s1*s2/r**2) * (1 + k2*sin(k3*log(r)))
    (s1 * s2) * (G / r**2 + H / r**3)
    (s1 + s2) * cos(k*r) / r**2.1
    (s1*s2)/r**3 - 1/r**2
    (s1*s2)/r**3 - G*m1*m2/r**2
    (s1*s2/m1) * (alpha / r**2.2 + beta * cos(gamma * r))
    (s1*s2/r**2) * (alpha + beta * log(r))
    -(s1*s2)/r**2 - kappa/r**2.1
    -G * m2 * s1 * s2 * (1/r**2 + alpha/r**2.1)
    -G * m2 / r**2 + beta * s1 * s2 * cos(kappa * r) / r**2
    -G*m1*m2/r**2 + A*s1*s2*cos(omega*r)/r**2
    -G*m1*m2/r**2 + beta*s1*s2*cos(k*r)/r**2
    -G*m1*m2/r**2 + beta*s1*s2/r**gamma
    -G*m1*m2/r**2 + k*s1*s2/r**2.1
    -G*m2/r**2 * (1 + alpha*s1*s2*cos(kappa*log(r)))
    -G*m2/r**2 + K*s1*s2/(m1*r**2.1)
    -G*m2/r**2 + K*s1*s2/r**p
    -G*m2/r**2 + beta*s1*s2*(1 + gamma*sin(k*r))/r**2.1
========================================================================
