2026-06-09 16:29:43,834 [INFO] ascension.benchmarks.alien_depth: alien_depth: max_depth=6 per_layer=(True, True, True, False, False, True) held_out_rmse=0.32083882427693194 q_drift=None n_hyp=60 elapsed_ms=14215
========================================================================
ALIEN RUN 0aa27d06-bf35-4bd2-bb6c-194f76b3a3b6
  run.status=completed  halt_reason=duration_exceeded
  PROVENANCE (P-15.2-6): benchmark_system='alien_universe'  included_in_distillation_v1=False
  SCORING MODE: FAMILY-V2 (V2 law: sum coupling + r^-2.5; L3/L4 vs held-out sums {4,6})
  node types: {'dispute': 15, 'hypothesis': 60}
  hypothesis nodes=60  status_breakdown={'active': 35, 'contested': 25}
  SPEND: 180 llm_calls, $4.3872 total
    provider='google': 180 calls, $4.3872
------------------------------------------------------------------------
  DISCOVERY DEPTH (P-15.2-1/2/3): max_depth=6
    per_layer L1..L6 = (True, True, True, False, False, True)
    HONEST consecutive force-law depth (L1-L4, L-057) = 3   [L5=False L6=True reported separately, non-consecutive]
    held_out_rss_reduction=0.32083882427693194  q_drift=None
  scorer notes (132):
    - L1: inverse-square term + Newton accel-fit converges ('(-G * m2 / r**2) - (s1 * s2 * H * m2 / r**2.5) * sin(kappa * r)')
    - L2: second radial term ~r**-2.5 + correction-basis RSS reduction 0.251 >= 0.05 ('(-G * m2 / r**2) - (s1 * s2 * H * m2 / r**2.5) * sin(kappa * r)')
    - L6: law verified invariant under P:(x->-x,v->-v,s->-s) ('(-G * m2 / r**2) - (s1 * s2 * H * m2 / r**2.5) * sin(kappa * r)')
    - L1: inverse-square term + Newton accel-fit converges ('(-G*m1*m2 + beta*(s1*s2)*cos(kappa*r)) / r**2')
    - L6: law verified invariant under P:(x->-x,v->-v,s->-s) ('(-G*m1*m2 + beta*(s1*s2)*cos(kappa*r)) / r**2')
    - L1: inverse-square term + Newton accel-fit converges ('(G*m2 + alpha*s1*s2*cos(beta*r))/r**2')
    - L6: law verified invariant under P:(x->-x,v->-v,s->-s) ('(G*m2 + alpha*s1*s2*cos(beta*r))/r**2')
    - L1: inverse-square term + Newton accel-fit converges ('(G*m2/r**2) * (1 + s1*s2*alpha*cos(k*r))')
    - L6: law verified invariant under P:(x->-x,v->-v,s->-s) ('(G*m2/r**2) * (1 + s1*s2*alpha*cos(k*r))')
    - L1: inverse-square term + Newton accel-fit converges ('(alpha * s1 * s2 - beta) / r**2')
    - L6: law verified invariant under P:(x->-x,v->-v,s->-s) ('(alpha * s1 * s2 - beta) / r**2')
    - L6: law verified invariant under P:(x->-x,v->-v,s->-s) ('(alpha*s1*s2 - beta) * exp(-kappa*r)')
    - L1: inverse-square term + Newton accel-fit converges ('(alpha*s1*s2 - beta*m1*m2) / r**2')
    - L6: law verified invariant under P:(x->-x,v->-v,s->-s) ('(alpha*s1*s2 - beta*m1*m2) / r**2')
    - L1: inverse-square term + Newton accel-fit converges ('(k * s1 * s2 / r**2.1) - (G * m1 * m2 / r**2)')
    - L6: law verified invariant under P:(x->-x,v->-v,s->-s) ('(k * s1 * s2 / r**2.1) - (G * m1 * m2 / r**2)')
    - L1: inverse-square term + Newton accel-fit converges ('(k * s1 * s2) / r**2.1 - (G * m1 * m2) / r**2')
    - L6: law verified invariant under P:(x->-x,v->-v,s->-s) ('(k * s1 * s2) / r**2.1 - (G * m1 * m2) / r**2')
    - L1: inverse-square term + Newton accel-fit converges ('(s1 * s2) / r**2')
    - L6: law verified invariant under P:(x->-x,v->-v,s->-s) ('(s1 * s2) / r**2')
    - L1: inverse-square term + Newton accel-fit converges ('(s1*s2) * (G*m2/r**2 + H*m2/r**2.1)')
    - L6: law verified invariant under P:(x->-x,v->-v,s->-s) ('(s1*s2) * (G*m2/r**2 + H*m2/r**2.1)')
    - L1: inverse-square term + Newton accel-fit converges ('(s1*s2) * (m1+m2) * (G/r**2 + beta/r**2.1)')
    - L6: law verified invariant under P:(x->-x,v->-v,s->-s) ('(s1*s2) * (m1+m2) * (G/r**2 + beta/r**2.1)')
    - L1: inverse-square term + Newton accel-fit converges ('(s1*s2/m1) * (alpha/r**2 + beta/r**2.1)')
    - L6: law verified invariant under P:(x->-x,v->-v,s->-s) ('(s1*s2/m1) * (alpha/r**2 + beta/r**2.1)')
    - L1: inverse-square term + Newton accel-fit converges ('(s1*s2/m1) * (alpha/r**2 + beta/r**2.1)')
    - L6: law verified invariant under P:(x->-x,v->-v,s->-s) ('(s1*s2/m1) * (alpha/r**2 + beta/r**2.1)')
    - L1: inverse-square term + Newton accel-fit converges ('-(G * m1 * m2 / r**2) * exp(-k * sqrt(s1*s2) * r)')
    - L6: law verified invariant under P:(x->-x,v->-v,s->-s) ('-(G * m1 * m2 / r**2) * exp(-k * sqrt(s1*s2) * r)')
    - L1: inverse-square term + Newton accel-fit converges ('-(s1*s2)/r**2 - alpha/r**2.1')
    - L6: law verified invariant under P:(x->-x,v->-v,s->-s) ('-(s1*s2)/r**2 - alpha/r**2.1')
    - L1: inverse-square term + Newton accel-fit converges ('-G * m1 * m2 / r**2 + k * s1 * s2 / r**2.1')
    - L6: law verified invariant under P:(x->-x,v->-v,s->-s) ('-G * m1 * m2 / r**2 + k * s1 * s2 / r**2.1')
    - L1: inverse-square term + Newton accel-fit converges ('-G * m2 / r**2 + kappa * s1 * s2 / m1 / r**2.1')
    - L6: law verified invariant under P:(x->-x,v->-v,s->-s) ('-G * m2 / r**2 + kappa * s1 * s2 / m1 / r**2.1')
    - L1: inverse-square term + Newton accel-fit converges ('-G*m1*m2/r**2 + (k*s1*s2/r**3) * cos(omega*log(r))')
    - L2 DENIED: second radial term exponent not ~-2.5 ('-G*m1*m2/r**2 + (k*s1*s2/r**3) * cos(omega*log(r))')
    - L6: law verified invariant under P:(x->-x,v->-v,s->-s) ('-G*m1*m2/r**2 + (k*s1*s2/r**3) * cos(omega*log(r))')
    - L1: inverse-square term + Newton accel-fit converges ('-G*m1*m2/r**2 + (s1*s2 + alpha*cos(omega*log(r)))/r**2.1')
    - L6: law verified invariant under P:(x->-x,v->-v,s->-s) ('-G*m1*m2/r**2 + (s1*s2 + alpha*cos(omega*log(r)))/r**2.1')
    - L1: inverse-square term + Newton accel-fit converges ('-G*m1*m2/r**2 + A*s1*s2/r**3 + B*cos(k*r)/r**2')
    - L2 DENIED: second radial term exponent not ~-2.5 ('-G*m1*m2/r**2 + A*s1*s2/r**3 + B*cos(k*r)/r**2')
    - L6: law verified invariant under P:(x->-x,v->-v,s->-s) ('-G*m1*m2/r**2 + A*s1*s2/r**3 + B*cos(k*r)/r**2')
    - L1: inverse-square term + Newton accel-fit converges ('-G*m1*m2/r**2 + alpha*s1*s2*cos(beta*r)/r**2')
    - L6: law verified invariant under P:(x->-x,v->-v,s->-s) ('-G*m1*m2/r**2 + alpha*s1*s2*cos(beta*r)/r**2')
    - L1: inverse-square term + Newton accel-fit converges ('-G*m1*m2/r**2 + alpha*s1*s2/r**2.1 + beta*cos(k*r)/r**2')
    - L6: law verified invariant under P:(x->-x,v->-v,s->-s) ('-G*m1*m2/r**2 + alpha*s1*s2/r**2.1 + beta*cos(k*r)/r**2')
    - L1: inverse-square term + Newton accel-fit converges ('-G*m1*m2/r**2 + beta*(s1+s2)*cos(kappa*r)/r**2.2')
    - L3: hidden sum does real work, hidden-basis RSS reduction 0.321 ('-G*m1*m2/r**2 + beta*(s1+s2)*cos(kappa*r)/r**2.2')
    - L6 DENIED: claimed symmetry not verified by sympy ('-G*m1*m2/r**2 + beta*(s1+s2)*cos(kappa*r)/r**2.2')
    - L1: inverse-square term + Newton accel-fit converges ('-G*m1*m2/r**2 + beta*s1*s2*cos(kappa*r)/r**2.1')
    - L6: law verified invariant under P:(x->-x,v->-v,s->-s) ('-G*m1*m2/r**2 + beta*s1*s2*cos(kappa*r)/r**2.1')
    - L1: inverse-square term + Newton accel-fit converges ('-G*m1*m2/r**2 + beta*s1*s2/r**2 * cos(kappa*r)')
    - L6: law verified invariant under P:(x->-x,v->-v,s->-s) ('-G*m1*m2/r**2 + beta*s1*s2/r**2 * cos(kappa*r)')
    - L1: inverse-square term + Newton accel-fit converges ('-G*m1*m2/r**2 + s1*s2*cos(k*r)/r**3')
    - L2 DENIED: second radial term exponent not ~-2.5 ('-G*m1*m2/r**2 + s1*s2*cos(k*r)/r**3')
    - L6: law verified invariant under P:(x->-x,v->-v,s->-s) ('-G*m1*m2/r**2 + s1*s2*cos(k*r)/r**3')
    - L1: inverse-square term + Newton accel-fit converges ('-G*m1*m2/r**2 - k*s1*s2/r**2.1')
    - L6: law verified invariant under P:(x->-x,v->-v,s->-s) ('-G*m1*m2/r**2 - k*s1*s2/r**2.1')
  distinct symbolic_form count=57 (sample up to 30):
    (-G * m2 / r**2) - (s1 * s2 * H * m2 / r**2.5) * sin(kappa * r)
    (-G*m1*m2 + beta*(s1*s2)*cos(kappa*r)) / r**2
    (G*m2 + alpha*s1*s2*cos(beta*r))/r**2
    (G*m2/r**2) * (1 + s1*s2*alpha*cos(k*r))
    (alpha * s1 * s2 - beta) / r**2
    (alpha*s1*s2 - beta) * exp(-kappa*r)
    (alpha*s1*s2 - beta*m1*m2) / r**2
    (k * s1 * s2 / r**2.1) - (G * m1 * m2 / r**2)
    (k * s1 * s2) / r**2.1 - (G * m1 * m2) / r**2
    (s1 * s2) / r**2
    (s1*s2) * (G*m2/r**2 + H*m2/r**2.1)
    (s1*s2) * (m1+m2) * (G/r**2 + beta/r**2.1)
    (s1*s2/m1) * (alpha/r**2 + beta/r**2.1)
    -(G * m1 * m2 / r**2) * exp(-k * sqrt(s1*s2) * r)
    -(s1*s2)/r**2 - alpha/r**2.1
    -G * m1 * m2 / r**2 + k * s1 * s2 / r**2.1
    -G * m2 / r**2 + kappa * s1 * s2 / m1 / r**2.1
    -G*m1*m2/r**2 + (k*s1*s2/r**3) * cos(omega*log(r))
    -G*m1*m2/r**2 + (s1*s2 + alpha*cos(omega*log(r)))/r**2.1
    -G*m1*m2/r**2 + A*s1*s2/r**3 + B*cos(k*r)/r**2
    -G*m1*m2/r**2 + alpha*s1*s2*cos(beta*r)/r**2
    -G*m1*m2/r**2 + alpha*s1*s2/r**2.1 + beta*cos(k*r)/r**2
    -G*m1*m2/r**2 + beta*(s1+s2)*cos(kappa*r)/r**2.2
    -G*m1*m2/r**2 + beta*s1*s2*cos(kappa*r)/r**2.1
    -G*m1*m2/r**2 + beta*s1*s2/r**2 * cos(kappa*r)
    -G*m1*m2/r**2 + s1*s2*cos(k*r)/r**3
    -G*m1*m2/r**2 - k*s1*s2/r**2.1
    -G*m2/r**2 + alpha * s1 * s2 * cos(k * r) / r**2
    -G*m2/r**2 + alpha*(s1+s2)*m2*cos(k*r)/r**2
    -G*m2/r**2 + alpha*s1*s2*cos(k*r)/r**2
========================================================================
