2026-06-09 14:47:19,733 [INFO] ascension.benchmarks.alien_depth: alien_depth: max_depth=6 per_layer=(True, True, True, False, False, True) held_out_rmse=0.32083882427693194 q_drift=None n_hyp=34 elapsed_ms=10405
========================================================================
ALIEN RUN 7cd887f9-a467-4510-b0f1-59f02483798a
  run.status=completed  halt_reason=duration_exceeded
  PROVENANCE (P-15.2-6): benchmark_system='alien_universe'  included_in_distillation_v1=False
  SCORING MODE: FAMILY-V2 (V2 law: sum coupling + r^-2.5; L3/L4 vs held-out sums {4,6})
  node types: {'dispute': 7, 'hypothesis': 34}
  hypothesis nodes=34  status_breakdown={'contested': 10, 'active': 24}
  SPEND: 111 llm_calls, $1.8229 total
    provider='google': 89 calls, $1.8229
    provider='nvidia': 22 calls, $0.0000
------------------------------------------------------------------------
  DISCOVERY DEPTH (P-15.2-1/2/3): max_depth=6
    per_layer L1..L6 = (True, True, True, False, False, True)
    HONEST consecutive force-law depth (L1-L4, L-057) = 3   [L5=False L6=True reported separately, non-consecutive]
    held_out_rss_reduction=0.32083882427693194  q_drift=None
  scorer notes (61):
    - L1: inverse-square term + Newton accel-fit converges ('((-G * m2) + (kappa * s1 * s2 / m1) * cos(omega * log(r))) / (r**2)')
    - L6: law verified invariant under P:(x->-x,v->-v,s->-s) ('((-G * m2) + (kappa * s1 * s2 / m1) * cos(omega * log(r))) / (r**2)')
    - L6: law verified invariant under P:(x->-x,v->-v,s->-s) ('((k*s1*s2 - G*m1*m2)/r**alpha) * (1 + A*cos(beta*log(r)))')
    - L1: inverse-square term + Newton accel-fit converges ('(-G*m1*m2/r**2) * (1 + alpha*cos(beta*(s1+s2)*r))')
    - L6: law verified invariant under P:(x->-x,v->-v,s->-s) ('(-G*m1*m2/r**2) * (1 + alpha*cos(beta*(s1+s2)*r))')
    - L2 DENIED: second radial term exponent not ~-2.5 ('(-G*m2/r**3) * ( (x2-x1)*cos(k*(s1+s2)*log(r/r0)) - (y2-y1)*sin(k*(s1+s2)*log(r/r0)) )')
    - L6 DENIED: claimed symmetry not verified by sympy ('(-G*m2/r**3) * ( (x2-x1)*cos(k*(s1+s2)*log(r/r0)) - (y2-y1)*sin(k*(s1+s2)*log(r/r0)) )')
    - L1: inverse-square term + Newton accel-fit converges ('(G * m2 * s1 * s2 / r**2) * (1 + C * cos(omega * log(r)))')
    - L6: law verified invariant under P:(x->-x,v->-v,s->-s) ('(G * m2 * s1 * s2 / r**2) * (1 + C * cos(omega * log(r)))')
    - L1: inverse-square term + Newton accel-fit converges ('(G*m1*m2/r**2) * (1 + alpha*s1*s2*cos(omega*log(r)))')
    - L6: law verified invariant under P:(x->-x,v->-v,s->-s) ('(G*m1*m2/r**2) * (1 + alpha*s1*s2*cos(omega*log(r)))')
    - L1: inverse-square term + Newton accel-fit converges ('(G/r**2) * (1 + alpha * cos(omega * log(r)))')
    - L1: inverse-square term + Newton accel-fit converges ('(k*s1*s2 - G*m1*m2) / (m1 * r**2)')
    - L6: law verified invariant under P:(x->-x,v->-v,s->-s) ('(k*s1*s2 - G*m1*m2) / (m1 * r**2)')
    - L6: law verified invariant under P:(x->-x,v->-v,s->-s) ('(k*s1*s2 / r**alpha) * cos(beta * log(r))')
    - L1: inverse-square term + Newton accel-fit converges ('(s1*s2 / r**2) * (1 + alpha * cos(beta * log(r)))')
    - L6: law verified invariant under P:(x->-x,v->-v,s->-s) ('(s1*s2 / r**2) * (1 + alpha * cos(beta * log(r)))')
    - L1: inverse-square term + Newton accel-fit converges ('(s1*s2/r**2) * (1 + alpha * cos(omega * log(r) + phi))')
    - L6: law verified invariant under P:(x->-x,v->-v,s->-s) ('(s1*s2/r**2) * (1 + alpha * cos(omega * log(r) + phi))')
    - L1: inverse-square term + Newton accel-fit converges ('(s1*s2/r**2.1) * (1 + alpha*cos(omega*log(r)))')
    - L6: law verified invariant under P:(x->-x,v->-v,s->-s) ('(s1*s2/r**2.1) * (1 + alpha*cos(omega*log(r)))')
    - L6: law verified invariant under P:(x->-x,v->-v,s->-s) ('-(G*m1*m2) / r**(2.0 + s1*s2*alpha*cos(omega*log(r)))')
    - L1: inverse-square term + Newton accel-fit converges ('-G*m1*m2/r**2 + (s1*s2) * A/r**3 * cos(omega*log(r/r0))')
    - L2 DENIED: second radial term exponent not ~-2.5 ('-G*m1*m2/r**2 + (s1*s2) * A/r**3 * cos(omega*log(r/r0))')
    - L6: law verified invariant under P:(x->-x,v->-v,s->-s) ('-G*m1*m2/r**2 + (s1*s2) * A/r**3 * cos(omega*log(r/r0))')
    - L1: inverse-square term + Newton accel-fit converges ('-G*m2/r**2 + K*s1*s2/(m1*r**3)')
    - L2 DENIED: second radial term exponent not ~-2.5 ('-G*m2/r**2 + K*s1*s2/(m1*r**3)')
    - L6: law verified invariant under P:(x->-x,v->-v,s->-s) ('-G*m2/r**2 + K*s1*s2/(m1*r**3)')
    - L1: inverse-square term + Newton accel-fit converges ('-G*m2/r**2 + kappa*s1*s2/(m1*r**2.1)')
    - L6: law verified invariant under P:(x->-x,v->-v,s->-s) ('-G*m2/r**2 + kappa*s1*s2/(m1*r**2.1)')
    - L1: inverse-square term + Newton accel-fit converges ('G * m2 / r**2 * (1 + (s1+s2) * cos(omega * log(r)))')
    - L3: hidden sum does real work, hidden-basis RSS reduction 0.321 (+rationale tiebreaker) ('G * m2 / r**2 * (1 + (s1+s2) * cos(omega * log(r)))')
    - L6 DENIED: claimed symmetry not verified by sympy ('G * m2 / r**2 * (1 + (s1+s2) * cos(omega * log(r)))')
    - L1: inverse-square term + Newton accel-fit converges ('G * s1 * s2 / r**2 + alpha * cos(omega * log(r) + delta) / r**2.1')
    - L6: law verified invariant under P:(x->-x,v->-v,s->-s) ('G * s1 * s2 / r**2 + alpha * cos(omega * log(r) + delta) / r**2.1')
    - L1: inverse-square term + Newton accel-fit converges ('G*m1*m2/r**2 + alpha*s1*s2/r**2.1 + beta*s1*s2*cos(gamma*log(r))')
    - L6: law verified invariant under P:(x->-x,v->-v,s->-s) ('G*m1*m2/r**2 + alpha*s1*s2/r**2.1 + beta*s1*s2*cos(gamma*log(r))')
    - L1: inverse-square term + Newton accel-fit converges ('G*m1*m2/r**2 + alpha/r**2.1')
    - L1: inverse-square term + Newton accel-fit converges ('G*m1*m2/r**2 + alpha/r**2.1')
    - L1: inverse-square term + Newton accel-fit converges ('G*m1*m2/r**2 + alpha/r**2.1')
    - L1: inverse-square term + Newton accel-fit converges ('G*m1*m2/r**2 + alpha/r**2.1 + beta*s1*s2/r**2*sin(k*r)')
    - L6: law verified invariant under P:(x->-x,v->-v,s->-s) ('G*m1*m2/r**2 + alpha/r**2.1 + beta*s1*s2/r**2*sin(k*r)')
    - L1: inverse-square term + Newton accel-fit converges ('G*m1*m2/r**2 + alpha/r**2.1 + beta*sin(k*r)')
    - L1: inverse-square term + Newton accel-fit converges ('G*m1*m2/r**2 + alpha/r**2.1 + beta*sin(k*r)')
    - L1: inverse-square term + Newton accel-fit converges ('G*m1*m2/r**2 + alpha/r**2.1 + beta*sin(k*r)')
    - L1: inverse-square term + Newton accel-fit converges ('G*m1*m2/r**2 + alpha/r**2.1 + beta*sin(kappa*r)')
    - L1: inverse-square term + Newton accel-fit converges ('G*m1*m2/r**2 + kappa*s1*s2/r**2.1 + alpha*sin(beta*r)')
    - L6: law verified invariant under P:(x->-x,v->-v,s->-s) ('G*m1*m2/r**2 + kappa*s1*s2/r**2.1 + alpha*sin(beta*r)')
    - L1: inverse-square term + Newton accel-fit converges ('G*m1*m2/r**2 + kappa*s1*s2/r**2.1 + alpha*sin(beta*r)')
    - L6: law verified invariant under P:(x->-x,v->-v,s->-s) ('G*m1*m2/r**2 + kappa*s1*s2/r**2.1 + alpha*sin(beta*r)')
    - L1: inverse-square term + Newton accel-fit converges ('G*m1*m2/r**2 + kappa*s1*s2/r**2.5 + alpha*sin(beta*r) + gamma*log(r)')
    - L2: second radial term ~r**-2.5 + correction-basis RSS reduction 0.251 >= 0.05 ('G*m1*m2/r**2 + kappa*s1*s2/r**2.5 + alpha*sin(beta*r) + gamma*log(r)')
    - L6: law verified invariant under P:(x->-x,v->-v,s->-s) ('G*m1*m2/r**2 + kappa*s1*s2/r**2.5 + alpha*sin(beta*r) + gamma*log(r)')
    - L1: inverse-square term + Newton accel-fit converges ('G*m1*m2/r**2 + kappa/r**2.1')
    - L1: inverse-square term + Newton accel-fit converges ('G*m1*m2/r**2 + kappa/r**2.1')
    - L1: inverse-square term + Newton accel-fit converges ('alpha*s1*s2/r**3 - beta*m1*m2/r**2')
    - L2 DENIED: second radial term exponent not ~-2.5 ('alpha*s1*s2/r**3 - beta*m1*m2/r**2')
    - L6: law verified invariant under P:(x->-x,v->-v,s->-s) ('alpha*s1*s2/r**3 - beta*m1*m2/r**2')
    - L1: inverse-square term + Newton accel-fit converges ('k*s1*s2/(m1*r**3) - G*m2/r**2')
    - L2 DENIED: second radial term exponent not ~-2.5 ('k*s1*s2/(m1*r**3) - G*m2/r**2')
  distinct symbolic_form count=28 (sample up to 30):
    ((-G * m2) + (kappa * s1 * s2 / m1) * cos(omega * log(r))) / (r**2)
    ((k*s1*s2 - G*m1*m2)/r**alpha) * (1 + A*cos(beta*log(r)))
    (-G*m1*m2/r**2) * (1 + alpha*cos(beta*(s1+s2)*r))
    (-G*m2/r**3) * ( (x2-x1)*cos(k*(s1+s2)*log(r/r0)) - (y2-y1)*sin(k*(s1+s2)*log(r/r0)) )
    (G * m2 * s1 * s2 / r**2) * (1 + C * cos(omega * log(r)))
    (G*m1*m2/r**2) * (1 + alpha*s1*s2*cos(omega*log(r)))
    (G/r**2) * (1 + alpha * cos(omega * log(r)))
    (k*s1*s2 - G*m1*m2) / (m1 * r**2)
    (k*s1*s2 / r**alpha) * cos(beta * log(r))
    (s1*s2 / r**2) * (1 + alpha * cos(beta * log(r)))
    (s1*s2/r**2) * (1 + alpha * cos(omega * log(r) + phi))
    (s1*s2/r**2.1) * (1 + alpha*cos(omega*log(r)))
    -(G*m1*m2) / r**(2.0 + s1*s2*alpha*cos(omega*log(r)))
    -G*m1*m2/r**2 + (s1*s2) * A/r**3 * cos(omega*log(r/r0))
    -G*m2/r**2 + K*s1*s2/(m1*r**3)
    -G*m2/r**2 + kappa*s1*s2/(m1*r**2.1)
    G * m2 / r**2 * (1 + (s1+s2) * cos(omega * log(r)))
    G * s1 * s2 / r**2 + alpha * cos(omega * log(r) + delta) / r**2.1
    G*m1*m2/r**2 + alpha*s1*s2/r**2.1 + beta*s1*s2*cos(gamma*log(r))
    G*m1*m2/r**2 + alpha/r**2.1
    G*m1*m2/r**2 + alpha/r**2.1 + beta*s1*s2/r**2*sin(k*r)
    G*m1*m2/r**2 + alpha/r**2.1 + beta*sin(k*r)
    G*m1*m2/r**2 + alpha/r**2.1 + beta*sin(kappa*r)
    G*m1*m2/r**2 + kappa*s1*s2/r**2.1 + alpha*sin(beta*r)
    G*m1*m2/r**2 + kappa*s1*s2/r**2.5 + alpha*sin(beta*r) + gamma*log(r)
    G*m1*m2/r**2 + kappa/r**2.1
    alpha*s1*s2/r**3 - beta*m1*m2/r**2
    k*s1*s2/(m1*r**3) - G*m2/r**2
========================================================================
