2026-06-09 17:10:35,268 [INFO] ascension.benchmarks.alien_depth: alien_depth: max_depth=6 per_layer=(True, False, True, False, False, True) held_out_rmse=0.32083882427693194 q_drift=None n_hyp=56 elapsed_ms=11267
========================================================================
ALIEN RUN d95bf069-159f-4e35-b4a7-df7afe9784a4
  run.status=completed  halt_reason=duration_exceeded
  PROVENANCE (P-15.2-6): benchmark_system='alien_universe'  included_in_distillation_v1=False
  SCORING MODE: FAMILY-V2 (V2 law: sum coupling + r^-2.5; L3/L4 vs held-out sums {4,6})
  node types: {'dispute': 14, 'hypothesis': 56}
  hypothesis nodes=56  status_breakdown={'contested': 22, 'active': 34}
  SPEND: 168 llm_calls, $4.4327 total
    provider='google': 168 calls, $4.4327
------------------------------------------------------------------------
  DISCOVERY DEPTH (P-15.2-1/2/3): max_depth=6
    per_layer L1..L6 = (True, False, True, False, False, True)
    HONEST consecutive force-law depth (L1-L4, L-057) = 1   [L5=False L6=True reported separately, non-consecutive]
    held_out_rss_reduction=0.32083882427693194  q_drift=None
  scorer notes (124):
    - L1: inverse-square term + Newton accel-fit converges ('(-G * m1 * m2 / r**2) + (s1 * s2 * alpha * cos(omega * r) / r**2)')
    - L6: law verified invariant under P:(x->-x,v->-v,s->-s) ('(-G * m1 * m2 / r**2) + (s1 * s2 * alpha * cos(omega * r) / r**2)')
    - L1: inverse-square term + Newton accel-fit converges ('(-G * m2 / r**2) + (k * s1 * s2 / r**2.1)')
    - L6: law verified invariant under P:(x->-x,v->-v,s->-s) ('(-G * m2 / r**2) + (k * s1 * s2 / r**2.1)')
    - L1: inverse-square term + Newton accel-fit converges ('(-G*m2*s1*s2/r**2) * (1 + alpha * cos(kappa * r))')
    - L6: law verified invariant under P:(x->-x,v->-v,s->-s) ('(-G*m2*s1*s2/r**2) * (1 + alpha * cos(kappa * r))')
    - L1: inverse-square term + Newton accel-fit converges ('(-G/r**2) + (k*s1*s2 / r**2.1)')
    - L6: law verified invariant under P:(x->-x,v->-v,s->-s) ('(-G/r**2) + (k*s1*s2 / r**2.1)')
    - L1: inverse-square term + Newton accel-fit converges ('(G * s1 * s2 * m2 / r**2) - (kappa * m2 / r**2.1)')
    - L6: law verified invariant under P:(x->-x,v->-v,s->-s) ('(G * s1 * s2 * m2 / r**2) - (kappa * m2 / r**2.1)')
    - L1: inverse-square term + Newton accel-fit converges ('(beta * s1 * s2 - G) / r**2')
    - L6: law verified invariant under P:(x->-x,v->-v,s->-s) ('(beta * s1 * s2 - G) / r**2')
    - L1: inverse-square term + Newton accel-fit converges ('(beta * s1 * s2 / r**3) - (alpha / r**2)')
    - L2 DENIED: second radial term exponent not ~-2.5 ('(beta * s1 * s2 / r**3) - (alpha / r**2)')
    - L6: law verified invariant under P:(x->-x,v->-v,s->-s) ('(beta * s1 * s2 / r**3) - (alpha / r**2)')
    - L1: inverse-square term + Newton accel-fit converges ('(k*s1*s2 - G*m1*m2)/r**2')
    - L6: law verified invariant under P:(x->-x,v->-v,s->-s) ('(k*s1*s2 - G*m1*m2)/r**2')
    - L1: inverse-square term + Newton accel-fit converges ('(k*s1*s2/m1 - G*m2)/r**2')
    - L6: law verified invariant under P:(x->-x,v->-v,s->-s) ('(k*s1*s2/m1 - G*m2)/r**2')
    - L1: inverse-square term + Newton accel-fit converges ('(kappa * s1 * s2 - G) / r**2')
    - L6: law verified invariant under P:(x->-x,v->-v,s->-s) ('(kappa * s1 * s2 - G) / r**2')
    - L1: inverse-square term + Newton accel-fit converges ('(s1*s2) * m2 * (G/r**2 + K/r**3 * cos(omega*r))')
    - L2 DENIED: second radial term exponent not ~-2.5 ('(s1*s2) * m2 * (G/r**2 + K/r**3 * cos(omega*r))')
    - L6: law verified invariant under P:(x->-x,v->-v,s->-s) ('(s1*s2) * m2 * (G/r**2 + K/r**3 * cos(omega*r))')
    - L1: inverse-square term + Newton accel-fit converges ('(s1*s2)/r - G/r**2')
    - L2 DENIED: second radial term exponent not ~-2.5 ('(s1*s2)/r - G/r**2')
    - L6: law verified invariant under P:(x->-x,v->-v,s->-s) ('(s1*s2)/r - G/r**2')
    - L1: inverse-square term + Newton accel-fit converges ('(s1*s2/m1) * (-alpha/r**2 - beta/r**3)')
    - L2 DENIED: second radial term exponent not ~-2.5 ('(s1*s2/m1) * (-alpha/r**2 - beta/r**3)')
    - L6: law verified invariant under P:(x->-x,v->-v,s->-s) ('(s1*s2/m1) * (-alpha/r**2 - beta/r**3)')
    - L1: inverse-square term + Newton accel-fit converges ('-(G * m1 * m2 / r**2) + (k * s1 * s2 / r**2.1)')
    - L6: law verified invariant under P:(x->-x,v->-v,s->-s) ('-(G * m1 * m2 / r**2) + (k * s1 * s2 / r**2.1)')
    - L1: inverse-square term + Newton accel-fit converges ('-(G - k*s1*s2)*m2/r**2')
    - L6: law verified invariant under P:(x->-x,v->-v,s->-s) ('-(G - k*s1*s2)*m2/r**2')
    - L1: inverse-square term + Newton accel-fit converges ('-(G*m2/r**2) * (1 + s1*s2*cos(omega*log(r)))')
    - L6: law verified invariant under P:(x->-x,v->-v,s->-s) ('-(G*m2/r**2) * (1 + s1*s2*cos(omega*log(r)))')
    - L1: inverse-square term + Newton accel-fit converges ('-G * m2 * s1 * s2 / r**2 - beta * m2 * s1 * s2 / r**(2.1) * cos(kappa * r)')
    - L6: law verified invariant under P:(x->-x,v->-v,s->-s) ('-G * m2 * s1 * s2 / r**2 - beta * m2 * s1 * s2 / r**(2.1) * cos(kappa * r)')
    - L1: inverse-square term + Newton accel-fit converges ('-G * m2 / r**2 + alpha * s1 * s2 / (m1 * r**2.1)')
    - L6: law verified invariant under P:(x->-x,v->-v,s->-s) ('-G * m2 / r**2 + alpha * s1 * s2 / (m1 * r**2.1)')
    - L6: law verified invariant under P:(x->-x,v->-v,s->-s) ('-G*m1*m2 / r**(2.0 + alpha*s1*s2)')
    - L1: inverse-square term + Newton accel-fit converges ('-G*m1*m2/r**2 + K*s1*s2/r**2.1')
    - L6: law verified invariant under P:(x->-x,v->-v,s->-s) ('-G*m1*m2/r**2 + K*s1*s2/r**2.1')
    - L1: inverse-square term + Newton accel-fit converges ('-G*m1*m2/r**2 + k*s1*s2*cos(omega*r)/r**2.1')
    - L6: law verified invariant under P:(x->-x,v->-v,s->-s) ('-G*m1*m2/r**2 + k*s1*s2*cos(omega*r)/r**2.1')
    - L1: inverse-square term + Newton accel-fit converges ('-G*m1*m2/r**2 + k*s1*s2/r**3')
    - L2 DENIED: second radial term exponent not ~-2.5 ('-G*m1*m2/r**2 + k*s1*s2/r**3')
    - L6: law verified invariant under P:(x->-x,v->-v,s->-s) ('-G*m1*m2/r**2 + k*s1*s2/r**3')
    - L1: inverse-square term + Newton accel-fit converges ('-G*m1*m2/r**2.1 + s1*s2*((x2-x1)*(vx2-vx1) + (y2-y1)*(vy2-vy1))/r**3')
    - L2 DENIED: second radial term exponent not ~-2.5 ('-G*m1*m2/r**2.1 + s1*s2*((x2-x1)*(vx2-vx1) + (y2-y1)*(vy2-vy1))/r**3')
    - L6: law verified invariant under P:(x->-x,v->-v,s->-s) ('-G*m1*m2/r**2.1 + s1*s2*((x2-x1)*(vx2-vx1) + (y2-y1)*(vy2-vy1))/r**3')
    - L1: inverse-square term + Newton accel-fit converges ('-G*m2/r**2 + (alpha * s1*s2 / r**2) * cos(kappa * r)')
    - L6: law verified invariant under P:(x->-x,v->-v,s->-s) ('-G*m2/r**2 + (alpha * s1*s2 / r**2) * cos(kappa * r)')
    - L1: inverse-square term + Newton accel-fit converges ('-G*m2/r**2 + K*s2/r**2.1')
    - L6 DENIED: claimed symmetry not verified by sympy ('-G*m2/r**2 + K*s2/r**2.1')
    - L1: inverse-square term + Newton accel-fit converges ('-G*m2/r**2 + beta*(s1+s2)*m2/r**2.1')
    - L3: hidden sum does real work, hidden-basis RSS reduction 0.321 (+rationale tiebreaker) ('-G*m2/r**2 + beta*(s1+s2)*m2/r**2.1')
    - L6 DENIED: claimed symmetry not verified by sympy ('-G*m2/r**2 + beta*(s1+s2)*m2/r**2.1')
    - L1: inverse-square term + Newton accel-fit converges ('-G*m2/r**2 + beta*s1*s2*m2/r**2.1')
    - L6: law verified invariant under P:(x->-x,v->-v,s->-s) ('-G*m2/r**2 + beta*s1*s2*m2/r**2.1')
  distinct symbolic_form count=55 (sample up to 30):
    (-G * m1 * m2 / r**2) + (s1 * s2 * alpha * cos(omega * r) / r**2)
    (-G * m2 / r**2) + (k * s1 * s2 / r**2.1)
    (-G*m2*s1*s2/r**2) * (1 + alpha * cos(kappa * r))
    (-G/r**2) + (k*s1*s2 / r**2.1)
    (G * s1 * s2 * m2 / r**2) - (kappa * m2 / r**2.1)
    (beta * s1 * s2 - G) / r**2
    (beta * s1 * s2 / r**3) - (alpha / r**2)
    (k*s1*s2 - G*m1*m2)/r**2
    (k*s1*s2/m1 - G*m2)/r**2
    (kappa * s1 * s2 - G) / r**2
    (s1*s2) * m2 * (G/r**2 + K/r**3 * cos(omega*r))
    (s1*s2)/r - G/r**2
    (s1*s2/m1) * (-alpha/r**2 - beta/r**3)
    -(G * m1 * m2 / r**2) + (k * s1 * s2 / r**2.1)
    -(G - k*s1*s2)*m2/r**2
    -(G*m2/r**2) * (1 + s1*s2*cos(omega*log(r)))
    -G * m2 * s1 * s2 / r**2 - beta * m2 * s1 * s2 / r**(2.1) * cos(kappa * r)
    -G * m2 / r**2 + alpha * s1 * s2 / (m1 * r**2.1)
    -G*m1*m2 / r**(2.0 + alpha*s1*s2)
    -G*m1*m2/r**2 + K*s1*s2/r**2.1
    -G*m1*m2/r**2 + k*s1*s2*cos(omega*r)/r**2.1
    -G*m1*m2/r**2 + k*s1*s2/r**3
    -G*m1*m2/r**2.1 + s1*s2*((x2-x1)*(vx2-vx1) + (y2-y1)*(vy2-vy1))/r**3
    -G*m2/r**2 + (alpha * s1*s2 / r**2) * cos(kappa * r)
    -G*m2/r**2 + K*s2/r**2.1
    -G*m2/r**2 + beta*(s1+s2)*m2/r**2.1
    -G*m2/r**2 + beta*s1*s2*m2/r**2.1
    -G*m2/r**2 + kappa*s1*s2*log(r)
    -G*m2/r**2 - alpha*s1*s2*cos(kappa*r)/r**2
    -G/r**2 + alpha*s1*s2*cos(kappa*r)/r**2.1
========================================================================
