2026-06-09 15:28:16,975 [INFO] ascension.benchmarks.alien_depth: alien_depth: max_depth=6 per_layer=(True, False, True, False, False, True) held_out_rmse=0.32083882427693194 q_drift=None n_hyp=51 elapsed_ms=19903
========================================================================
ALIEN RUN 3780a0da-c826-4dbc-ae60-49c36ffa4249
  run.status=completed  halt_reason=duration_exceeded
  PROVENANCE (P-15.2-6): benchmark_system='alien_universe'  included_in_distillation_v1=False
  SCORING MODE: FAMILY-V2 (V2 law: sum coupling + r^-2.5; L3/L4 vs held-out sums {4,6})
  node types: {'dispute': 13, 'hypothesis': 51}
  hypothesis nodes=51  status_breakdown={'active': 32, 'contested': 19}
  SPEND: 156 llm_calls, $3.8277 total
    provider='google': 152 calls, $3.8277
    provider='nvidia': 4 calls, $0.0000
------------------------------------------------------------------------
  DISCOVERY DEPTH (P-15.2-1/2/3): max_depth=6
    per_layer L1..L6 = (True, False, True, False, False, True)
    HONEST consecutive force-law depth (L1-L4, L-057) = 1   [L5=False L6=True reported separately, non-consecutive]
    held_out_rss_reduction=0.32083882427693194  q_drift=None
  scorer notes (116):
    - L1: inverse-square term + Newton accel-fit converges ('(-G * m1 * m2 / r**2) * (1 + s1*s2*cos(omega*log(r)))')
    - L6: law verified invariant under P:(x->-x,v->-v,s->-s) ('(-G * m1 * m2 / r**2) * (1 + s1*s2*cos(omega*log(r)))')
    - L1: inverse-square term + Newton accel-fit converges ('(-G*m2/r**2) * (1 + alpha * s1 * s2 * cos(beta * log(r) + gamma))')
    - L6: law verified invariant under P:(x->-x,v->-v,s->-s) ('(-G*m2/r**2) * (1 + alpha * s1 * s2 * cos(beta * log(r) + gamma))')
    - L1: inverse-square term + Newton accel-fit converges ('(-G*m2/r**2) * (1 + alpha*s1*s2*cos(beta*log(r/r0)))')
    - L6: law verified invariant under P:(x->-x,v->-v,s->-s) ('(-G*m2/r**2) * (1 + alpha*s1*s2*cos(beta*log(r/r0)))')
    - L1: inverse-square term + Newton accel-fit converges ('(G * m1 * m2 / r**2) * (1 + alpha * (s1 + s2) * cos(beta * log(r)))')
    - L3: hidden sum does real work, hidden-basis RSS reduction 0.321 (+rationale tiebreaker) ('(G * m1 * m2 / r**2) * (1 + alpha * (s1 + s2) * cos(beta * log(r)))')
    - L6 DENIED: claimed symmetry not verified by sympy ('(G * m1 * m2 / r**2) * (1 + alpha * (s1 + s2) * cos(beta * log(r)))')
    - L1: inverse-square term + Newton accel-fit converges ('(G + beta*cos(omega*log(r)))/r**2 + k*(s1+s2)/r**2.1')
    - L3: hidden sum does real work, hidden-basis RSS reduction 0.321 (+rationale tiebreaker) ('(G + beta*cos(omega*log(r)))/r**2 + k*(s1+s2)/r**2.1')
    - L6 DENIED: claimed symmetry not verified by sympy ('(G + beta*cos(omega*log(r)))/r**2 + k*(s1+s2)/r**2.1')
    - L1: inverse-square term + Newton accel-fit converges ('(G*m2/r**2) * (1 + s1*s2 * cos(omega * log(r)))')
    - L6: law verified invariant under P:(x->-x,v->-v,s->-s) ('(G*m2/r**2) * (1 + s1*s2 * cos(omega * log(r)))')
    - L1: inverse-square term + Newton accel-fit converges ('(s1*s2) * G / r**2 * (1 + kappa * cos(beta * log(r)))')
    - L6: law verified invariant under P:(x->-x,v->-v,s->-s) ('(s1*s2) * G / r**2 * (1 + kappa * cos(beta * log(r)))')
    - L1: inverse-square term + Newton accel-fit converges ('(s1*s2)/r**2 * (1 + alpha*cos(omega*log(r)))')
    - L6: law verified invariant under P:(x->-x,v->-v,s->-s) ('(s1*s2)/r**2 * (1 + alpha*cos(omega*log(r)))')
    - L1: inverse-square term + Newton accel-fit converges ('(s1*s2)/r**3 - G/r**2')
    - L2 DENIED: second radial term exponent not ~-2.5 ('(s1*s2)/r**3 - G/r**2')
    - L6: law verified invariant under P:(x->-x,v->-v,s->-s) ('(s1*s2)/r**3 - G/r**2')
    - L1: inverse-square term + Newton accel-fit converges ('-(G*m2/r**2) * (1 + (s1+s2)*cos(omega*log(r)))')
    - L3: hidden sum does real work, hidden-basis RSS reduction 0.321 (+rationale tiebreaker) ('-(G*m2/r**2) * (1 + (s1+s2)*cos(omega*log(r)))')
    - L6 DENIED: claimed symmetry not verified by sympy ('-(G*m2/r**2) * (1 + (s1+s2)*cos(omega*log(r)))')
    - L6: law verified invariant under P:(x->-x,v->-v,s->-s) ('-G * m1 * m2 / r**(2.0 + alpha * s1 * s2)')
    - L1: inverse-square term + Newton accel-fit converges ('-G * m2 / r**2 * (1 + alpha * s1 * s2 * cos(beta * log(r)))')
    - L6: law verified invariant under P:(x->-x,v->-v,s->-s) ('-G * m2 / r**2 * (1 + alpha * s1 * s2 * cos(beta * log(r)))')
    - L1: inverse-square term + Newton accel-fit converges ('-G * m2 / r**2 + (k * s1 * s2 / r**2.1) * (1 + alpha * cos(omega * log(r)))')
    - L6: law verified invariant under P:(x->-x,v->-v,s->-s) ('-G * m2 / r**2 + (k * s1 * s2 / r**2.1) * (1 + alpha * cos(omega * log(r)))')
    - L1: inverse-square term + Newton accel-fit converges ('-G * m2 / r**2 + k * s1 * s2 / r**3')
    - L2 DENIED: second radial term exponent not ~-2.5 ('-G * m2 / r**2 + k * s1 * s2 / r**3')
    - L6: law verified invariant under P:(x->-x,v->-v,s->-s) ('-G * m2 / r**2 + k * s1 * s2 / r**3')
    - L1: inverse-square term + Newton accel-fit converges ('-G*m2/r**2 * (1 + (s1+s2) * cos(omega * log(r)))')
    - L3: hidden sum does real work, hidden-basis RSS reduction 0.321 (+rationale tiebreaker) ('-G*m2/r**2 * (1 + (s1+s2) * cos(omega * log(r)))')
    - L6 DENIED: claimed symmetry not verified by sympy ('-G*m2/r**2 * (1 + (s1+s2) * cos(omega * log(r)))')
    - L1: inverse-square term + Newton accel-fit converges ('-G*m2/r**2 * (1 + alpha*(s1+s2)*cos(omega*log(r)))')
    - L3: hidden sum does real work, hidden-basis RSS reduction 0.321 (+rationale tiebreaker) ('-G*m2/r**2 * (1 + alpha*(s1+s2)*cos(omega*log(r)))')
    - L6 DENIED: claimed symmetry not verified by sympy ('-G*m2/r**2 * (1 + alpha*(s1+s2)*cos(omega*log(r)))')
    - L1: inverse-square term + Newton accel-fit converges ('-G*m2/r**2 + (alpha*s1*s2/r**2.1) * cos(omega*log(r))')
    - L6: law verified invariant under P:(x->-x,v->-v,s->-s) ('-G*m2/r**2 + (alpha*s1*s2/r**2.1) * cos(omega*log(r))')
    - L1: inverse-square term + Newton accel-fit converges ('-G*m2/r**2 + C*m2*s1*s2/r**2.1')
    - L6: law verified invariant under P:(x->-x,v->-v,s->-s) ('-G*m2/r**2 + C*m2*s1*s2/r**2.1')
    - L1: inverse-square term + Newton accel-fit converges ('-G*m2/r**2 + K*s1*s2/(m1*r**alpha) * cos(beta*log(r/r0))')
    - L6: law verified invariant under P:(x->-x,v->-v,s->-s) ('-G*m2/r**2 + K*s1*s2/(m1*r**alpha) * cos(beta*log(r/r0))')
    - L1: inverse-square term + Newton accel-fit converges ('-G*m2/r**2 + alpha*((s1+s2)/2)*m2/r**2.1*cos(omega*log(r))')
    - L3: hidden sum does real work, hidden-basis RSS reduction 0.321 (+rationale tiebreaker) ('-G*m2/r**2 + alpha*((s1+s2)/2)*m2/r**2.1*cos(omega*log(r))')
    - L6 DENIED: claimed symmetry not verified by sympy ('-G*m2/r**2 + alpha*((s1+s2)/2)*m2/r**2.1*cos(omega*log(r))')
    - L1: inverse-square term + Newton accel-fit converges ('-G*m2/r**2 + alpha*s1*s2/r**3')
    - L2 DENIED: second radial term exponent not ~-2.5 ('-G*m2/r**2 + alpha*s1*s2/r**3')
    - L6: law verified invariant under P:(x->-x,v->-v,s->-s) ('-G*m2/r**2 + alpha*s1*s2/r**3')
    - L1: inverse-square term + Newton accel-fit converges ('-G*m2/r**2 + kappa*s1*s2/r**2.1')
    - L6: law verified invariant under P:(x->-x,v->-v,s->-s) ('-G*m2/r**2 + kappa*s1*s2/r**2.1')
    - L1: inverse-square term + Newton accel-fit converges ('-G*m2/r**2 + s1*s2/(m1*r**3)')
    - L2 DENIED: second radial term exponent not ~-2.5 ('-G*m2/r**2 + s1*s2/(m1*r**3)')
    - L6: law verified invariant under P:(x->-x,v->-v,s->-s) ('-G*m2/r**2 + s1*s2/(m1*r**3)')
    - L1: inverse-square term + Newton accel-fit converges ('-G/r**2 * (1 + alpha*(s1+s2)*cos(omega*log(r)))')
    - L3: hidden sum does real work, hidden-basis RSS reduction 0.321 (+rationale tiebreaker) ('-G/r**2 * (1 + alpha*(s1+s2)*cos(omega*log(r)))')
    - L6 DENIED: claimed symmetry not verified by sympy ('-G/r**2 * (1 + alpha*(s1+s2)*cos(omega*log(r)))')
    - L1: inverse-square term + Newton accel-fit converges ('-alpha*(s1*s2)/r**2 - beta*(s1*s2)/r**2.1')
    - L6: law verified invariant under P:(x->-x,v->-v,s->-s) ('-alpha*(s1*s2)/r**2 - beta*(s1*s2)/r**2.1')
  distinct symbolic_form count=51 (sample up to 30):
    (-G * m1 * m2 / r**2) * (1 + s1*s2*cos(omega*log(r)))
    (-G*m2/r**2) * (1 + alpha * s1 * s2 * cos(beta * log(r) + gamma))
    (-G*m2/r**2) * (1 + alpha*s1*s2*cos(beta*log(r/r0)))
    (G * m1 * m2 / r**2) * (1 + alpha * (s1 + s2) * cos(beta * log(r)))
    (G + beta*cos(omega*log(r)))/r**2 + k*(s1+s2)/r**2.1
    (G*m2/r**2) * (1 + s1*s2 * cos(omega * log(r)))
    (s1*s2) * G / r**2 * (1 + kappa * cos(beta * log(r)))
    (s1*s2)/r**2 * (1 + alpha*cos(omega*log(r)))
    (s1*s2)/r**3 - G/r**2
    -(G*m2/r**2) * (1 + (s1+s2)*cos(omega*log(r)))
    -G * m1 * m2 / r**(2.0 + alpha * s1 * s2)
    -G * m2 / r**2 * (1 + alpha * s1 * s2 * cos(beta * log(r)))
    -G * m2 / r**2 + (k * s1 * s2 / r**2.1) * (1 + alpha * cos(omega * log(r)))
    -G * m2 / r**2 + k * s1 * s2 / r**3
    -G*m2/r**2 * (1 + (s1+s2) * cos(omega * log(r)))
    -G*m2/r**2 * (1 + alpha*(s1+s2)*cos(omega*log(r)))
    -G*m2/r**2 + (alpha*s1*s2/r**2.1) * cos(omega*log(r))
    -G*m2/r**2 + C*m2*s1*s2/r**2.1
    -G*m2/r**2 + K*s1*s2/(m1*r**alpha) * cos(beta*log(r/r0))
    -G*m2/r**2 + alpha*((s1+s2)/2)*m2/r**2.1*cos(omega*log(r))
    -G*m2/r**2 + alpha*s1*s2/r**3
    -G*m2/r**2 + kappa*s1*s2/r**2.1
    -G*m2/r**2 + s1*s2/(m1*r**3)
    -G/r**2 * (1 + alpha*(s1+s2)*cos(omega*log(r)))
    -alpha*(s1*s2)/r**2 - beta*(s1*s2)/r**2.1
    -alpha*m2/r**2 + beta*m2*(s1+s2)*cos(omega*log(r))/r**2.1
    G * m2 / r**2 * (1 + s1 * s2 * cos(omega * log(r)))
    G * m2/r**2 * (1 + s2 * cos(beta * log(r)))
    G * s1 * s2 * m2 / r**2 + alpha * m2 / r**2.1
    G*m1*m2/r**2 + (s1+s2) * cos(omega*log(r) + phi) / r**2
========================================================================
