2026-06-09 15:48:31,282 [WARNING] ascension.benchmarks.alien_depth: alien_depth: could not parse symbolic_form '-G/r**2 + S*(s1+s2)*cos(omega*log(r))/r**2' (TypeError: unsupported operand type(s) for *: 'SingletonRegistry' and 'Add'); skipped
2026-06-09 15:48:47,980 [INFO] ascension.benchmarks.alien_depth: alien_depth: max_depth=6 per_layer=(True, False, True, False, False, True) held_out_rmse=0.32083882427693194 q_drift=None n_hyp=57 elapsed_ms=16728
========================================================================
ALIEN RUN 9a803bbd-68ed-46c2-ad62-7f4d0889283d
  run.status=completed  halt_reason=duration_exceeded
  PROVENANCE (P-15.2-6): benchmark_system='alien_universe'  included_in_distillation_v1=False
  SCORING MODE: FAMILY-V2 (V2 law: sum coupling + r^-2.5; L3/L4 vs held-out sums {4,6})
  node types: {'dispute': 14, 'hypothesis': 58}
  hypothesis nodes=58  status_breakdown={'active': 35, 'contested': 23}
  SPEND: 172 llm_calls, $4.9838 total
    provider='google': 172 calls, $4.9838
------------------------------------------------------------------------
  DISCOVERY DEPTH (P-15.2-1/2/3): max_depth=6
    per_layer L1..L6 = (True, False, True, False, False, True)
    HONEST consecutive force-law depth (L1-L4, L-057) = 1   [L5=False L6=True reported separately, non-consecutive]
    held_out_rss_reduction=0.32083882427693194  q_drift=None
  scorer notes (126):
    - skipped: unparseable '-G/r**2 + S*(s1+s2)*cos(omega*log(r))/r**2'
    - L1: inverse-square term + Newton accel-fit converges ('(-G*m1*m2 + alpha*s1*s2*cos(omega*log(r))) / r**2')
    - L6: law verified invariant under P:(x->-x,v->-v,s->-s) ('(-G*m1*m2 + alpha*s1*s2*cos(omega*log(r))) / r**2')
    - L1: inverse-square term + Newton accel-fit converges ('(-G*m2/r**2) * (1 + alpha*(s1+s2)*log(r/r0))')
    - L3: hidden sum does real work, hidden-basis RSS reduction 0.321 (+rationale tiebreaker) ('(-G*m2/r**2) * (1 + alpha*(s1+s2)*log(r/r0))')
    - L6 DENIED: claimed symmetry not verified by sympy ('(-G*m2/r**2) * (1 + alpha*(s1+s2)*log(r/r0))')
    - L1: inverse-square term + Newton accel-fit converges ('(G * s1 * s2 / r**2) + (alpha * s1 * s2 / r**2.1)')
    - L6: law verified invariant under P:(x->-x,v->-v,s->-s) ('(G * s1 * s2 / r**2) + (alpha * s1 * s2 / r**2.1)')
    - L1: inverse-square term + Newton accel-fit converges ('(G*m2 + alpha*s1*s2*cos(beta*log(r))) / r**2')
    - L6: law verified invariant under P:(x->-x,v->-v,s->-s) ('(G*m2 + alpha*s1*s2*cos(beta*log(r))) / r**2')
    - L1: inverse-square term + Newton accel-fit converges ('(G*m2 - alpha*s1*s2) / r**2')
    - L6: law verified invariant under P:(x->-x,v->-v,s->-s) ('(G*m2 - alpha*s1*s2) / r**2')
    - L1: inverse-square term + Newton accel-fit converges ('(G*m2/r**2) * (1 + C*(s1+s2) * cos(beta*log(r)))')
    - L3: hidden sum does real work, hidden-basis RSS reduction 0.321 (+rationale tiebreaker) ('(G*m2/r**2) * (1 + C*(s1+s2) * cos(beta*log(r)))')
    - L6 DENIED: claimed symmetry not verified by sympy ('(G*m2/r**2) * (1 + C*(s1+s2) * cos(beta*log(r)))')
    - L2 DENIED: second radial term exponent not ~-2.5 ('(alpha * s1 * s2 - beta) / r**3')
    - L6: law verified invariant under P:(x->-x,v->-v,s->-s) ('(alpha * s1 * s2 - beta) / r**3')
    - L1: inverse-square term + Newton accel-fit converges ('(alpha*s1*s2 - G*m1*m2) / (m1 * r**2)')
    - L6: law verified invariant under P:(x->-x,v->-v,s->-s) ('(alpha*s1*s2 - G*m1*m2) / (m1 * r**2)')
    - L1: inverse-square term + Newton accel-fit converges ('(gamma/r**2) * (1 + alpha * s1 * s2 * cos(omega * log(r)))')
    - L6: law verified invariant under P:(x->-x,v->-v,s->-s) ('(gamma/r**2) * (1 + alpha * s1 * s2 * cos(omega * log(r)))')
    - L1: inverse-square term + Newton accel-fit converges ('(s1 * s2) * (G / r**2 - alpha / r**2.1)')
    - L6: law verified invariant under P:(x->-x,v->-v,s->-s) ('(s1 * s2) * (G / r**2 - alpha / r**2.1)')
    - L1: inverse-square term + Newton accel-fit converges ('-(G*m2/r**2) * (1 + (s1+s2)*cos(omega*log(r)))')
    - L3: hidden sum does real work, hidden-basis RSS reduction 0.321 (+rationale tiebreaker) ('-(G*m2/r**2) * (1 + (s1+s2)*cos(omega*log(r)))')
    - L6 DENIED: claimed symmetry not verified by sympy ('-(G*m2/r**2) * (1 + (s1+s2)*cos(omega*log(r)))')
    - L1: inverse-square term + Newton accel-fit converges ('-(G*m2/r**2) * exp(-kappa*(s1+s2)*r)')
    - L6 DENIED: claimed symmetry not verified by sympy ('-(G*m2/r**2) * exp(-kappa*(s1+s2)*r)')
    - L1: inverse-square term + Newton accel-fit converges ('-(G*s1*s2/r**2) * (1 + alpha*cos(omega*r))')
    - L6: law verified invariant under P:(x->-x,v->-v,s->-s) ('-(G*s1*s2/r**2) * (1 + alpha*cos(omega*r))')
    - L1: inverse-square term + Newton accel-fit converges ('-G * m2 / r**2 + K * s1 * s2 / r**2.1')
    - L6: law verified invariant under P:(x->-x,v->-v,s->-s) ('-G * m2 / r**2 + K * s1 * s2 / r**2.1')
    - L1: inverse-square term + Newton accel-fit converges ('-G * m2 / r**2 + beta * s1 * s2 * cos(alpha * log(r)) / r**3')
    - L2 DENIED: second radial term exponent not ~-2.5 ('-G * m2 / r**2 + beta * s1 * s2 * cos(alpha * log(r)) / r**3')
    - L6: law verified invariant under P:(x->-x,v->-v,s->-s) ('-G * m2 / r**2 + beta * s1 * s2 * cos(alpha * log(r)) / r**3')
    - L1: inverse-square term + Newton accel-fit converges ('-G * m2 / r**2 + k * s1 * s2 * m2 / r**2.1')
    - L6: law verified invariant under P:(x->-x,v->-v,s->-s) ('-G * m2 / r**2 + k * s1 * s2 * m2 / r**2.1')
    - L1: inverse-square term + Newton accel-fit converges ('-G * m2 / r**2 + kappa * s1 * s2 * m2 / r**2.1')
    - L6: law verified invariant under P:(x->-x,v->-v,s->-s) ('-G * m2 / r**2 + kappa * s1 * s2 * m2 / r**2.1')
    - L1: inverse-square term + Newton accel-fit converges ('-G * m2/r**2 + K * s1*s2 / r**2.1 * cos(omega * log(r))')
    - L6: law verified invariant under P:(x->-x,v->-v,s->-s) ('-G * m2/r**2 + K * s1*s2 / r**2.1 * cos(omega * log(r))')
    - L1: inverse-square term + Newton accel-fit converges ('-G*m2/r**2 * (1 + alpha*(s1+s2) * cos(beta*log(r)))')
    - L3: hidden sum does real work, hidden-basis RSS reduction 0.321 (+rationale tiebreaker) ('-G*m2/r**2 * (1 + alpha*(s1+s2) * cos(beta*log(r)))')
    - L6 DENIED: claimed symmetry not verified by sympy ('-G*m2/r**2 * (1 + alpha*(s1+s2) * cos(beta*log(r)))')
    - L1: inverse-square term + Newton accel-fit converges ('-G*m2/r**2 * (1 + alpha*(s1+s2)*cos(omega*log(r)))')
    - L3: hidden sum does real work, hidden-basis RSS reduction 0.321 (+rationale tiebreaker) ('-G*m2/r**2 * (1 + alpha*(s1+s2)*cos(omega*log(r)))')
    - L6 DENIED: claimed symmetry not verified by sympy ('-G*m2/r**2 * (1 + alpha*(s1+s2)*cos(omega*log(r)))')
    - L1: inverse-square term + Newton accel-fit converges ('-G*m2/r**2 * (1 + s2 * alpha * cos(omega*log(r/r0)))')
    - L6 DENIED: claimed symmetry not verified by sympy ('-G*m2/r**2 * (1 + s2 * alpha * cos(omega*log(r/r0)))')
    - L1: inverse-square term + Newton accel-fit converges ('-G*m2/r**2 * (1 + s2*alpha*cos(beta*log(r)))')
    - L6 DENIED: claimed symmetry not verified by sympy ('-G*m2/r**2 * (1 + s2*alpha*cos(beta*log(r)))')
    - L1: inverse-square term + Newton accel-fit converges ('-G*m2/r**2 + (k*s1*s2/r**2.1)*cos(omega*log(r))')
    - L6: law verified invariant under P:(x->-x,v->-v,s->-s) ('-G*m2/r**2 + (k*s1*s2/r**2.1)*cos(omega*log(r))')
    - L1: inverse-square term + Newton accel-fit converges ('-G*m2/r**2 + (s1*s2/m1/r**2) * (alpha + beta*cos(gamma*log(r)))')
    - L6: law verified invariant under P:(x->-x,v->-v,s->-s) ('-G*m2/r**2 + (s1*s2/m1/r**2) * (alpha + beta*cos(gamma*log(r)))')
    - L1: inverse-square term + Newton accel-fit converges ('-G*m2/r**2 + K*s1*s2/(m1*r**2.1)')
    - L6: law verified invariant under P:(x->-x,v->-v,s->-s) ('-G*m2/r**2 + K*s1*s2/(m1*r**2.1)')
    - L1: inverse-square term + Newton accel-fit converges ('-G*m2/r**2 + alpha*(s1+s2) * ((vx1-vx2)**2 + (vy1-vy2)**2) / r')
    - L2 DENIED: second radial term exponent not ~-2.5 ('-G*m2/r**2 + alpha*(s1+s2) * ((vx1-vx2)**2 + (vy1-vy2)**2) / r')
    - L3: hidden sum does real work, hidden-basis RSS reduction 0.321 ('-G*m2/r**2 + alpha*(s1+s2) * ((vx1-vx2)**2 + (vy1-vy2)**2) / r')
  distinct symbolic_form count=58 (sample up to 30):
    (-G*m1*m2 + alpha*s1*s2*cos(omega*log(r))) / r**2
    (-G*m2/r**2) * (1 + alpha*(s1+s2)*log(r/r0))
    (G * s1 * s2 / r**2) + (alpha * s1 * s2 / r**2.1)
    (G*m2 + alpha*s1*s2*cos(beta*log(r))) / r**2
    (G*m2 - alpha*s1*s2) / r**2
    (G*m2/r**2) * (1 + C*(s1+s2) * cos(beta*log(r)))
    (alpha * s1 * s2 - beta) / r**3
    (alpha*s1*s2 - G*m1*m2) / (m1 * r**2)
    (gamma/r**2) * (1 + alpha * s1 * s2 * cos(omega * log(r)))
    (s1 * s2) * (G / r**2 - alpha / r**2.1)
    -(G*m2/r**2) * (1 + (s1+s2)*cos(omega*log(r)))
    -(G*m2/r**2) * exp(-kappa*(s1+s2)*r)
    -(G*s1*s2/r**2) * (1 + alpha*cos(omega*r))
    -G * m2 / r**2 + K * s1 * s2 / r**2.1
    -G * m2 / r**2 + beta * s1 * s2 * cos(alpha * log(r)) / r**3
    -G * m2 / r**2 + k * s1 * s2 * m2 / r**2.1
    -G * m2 / r**2 + kappa * s1 * s2 * m2 / r**2.1
    -G * m2/r**2 + K * s1*s2 / r**2.1 * cos(omega * log(r))
    -G*m2/r**2 * (1 + alpha*(s1+s2) * cos(beta*log(r)))
    -G*m2/r**2 * (1 + alpha*(s1+s2)*cos(omega*log(r)))
    -G*m2/r**2 * (1 + s2 * alpha * cos(omega*log(r/r0)))
    -G*m2/r**2 * (1 + s2*alpha*cos(beta*log(r)))
    -G*m2/r**2 + (k*s1*s2/r**2.1)*cos(omega*log(r))
    -G*m2/r**2 + (s1*s2/m1/r**2) * (alpha + beta*cos(gamma*log(r)))
    -G*m2/r**2 + K*s1*s2/(m1*r**2.1)
    -G*m2/r**2 + alpha*(s1+s2) * ((vx1-vx2)**2 + (vy1-vy2)**2) / r
    -G*m2/r**2 + alpha*s1*s2/r**2.1
    -G*m2/r**2 + k*s1*s2/(m1*r**2.1)
    -G*m2/r**2 + k*s1*s2/(m1*r**3)
    -G*m2/r**2 + kappa/m1*(s1+s2) * ((vx2-vx1)*(x2-x1) + (vy2-vy1)*(y2-y1))/r
========================================================================
