2026-06-07 20:19:26,541 [INFO] ascension.benchmarks.alien_depth: alien_depth: max_depth=6 per_layer=(True, False, True, False, False, True) held_out_rmse=0.32083882427693194 q_drift=None n_hyp=44 elapsed_ms=10648
========================================================================
ALIEN RUN f34a9c64-2af0-43bd-9aab-05aa72f97977
  run.status=completed  halt_reason=duration_exceeded
  PROVENANCE (P-15.2-6): benchmark_system='alien_universe'  included_in_distillation_v1=False
  SCORING MODE: FAMILY-V2 (V2 law: sum coupling + r^-2.5; L3/L4 vs held-out sums {4,6})
  node types: {'dispute': 10, 'hypothesis': 44}
  hypothesis nodes=44  status_breakdown={'active': 32, 'contested': 12}
  SPEND: 145 llm_calls, $2.6054 total
    provider='google': 126 calls, $2.6054
    provider='nvidia': 19 calls, $0.0000
------------------------------------------------------------------------
  DISCOVERY DEPTH (P-15.2-1/2/3): max_depth=6
    per_layer L1..L6 = (True, False, True, False, False, True)
    HONEST consecutive force-law depth (L1-L4, L-057) = 1   [L5=False L6=True reported separately, non-consecutive]
    held_out_rss_reduction=0.32083882427693194  q_drift=None
  scorer notes (108):
    - L1: inverse-square term + Newton accel-fit converges ('(G * s1 * s2 / r**2) + (k / r**3.4)')
    - L2 DENIED: second radial term exponent not ~-2.5 ('(G * s1 * s2 / r**2) + (k / r**3.4)')
    - L6: law verified invariant under P:(x->-x,v->-v,s->-s) ('(G * s1 * s2 / r**2) + (k / r**3.4)')
    - L1: inverse-square term + Newton accel-fit converges ('(alpha*s1*s2/m1 - beta*m2)/r**2')
    - L6: law verified invariant under P:(x->-x,v->-v,s->-s) ('(alpha*s1*s2/m1 - beta*m2)/r**2')
    - L1: inverse-square term + Newton accel-fit converges ('(k * s1 * s2 - G) / r**2')
    - L6: law verified invariant under P:(x->-x,v->-v,s->-s) ('(k * s1 * s2 - G) / r**2')
    - L1: inverse-square term + Newton accel-fit converges ('(kappa * s1 * s2 / r**2) * (1 + A * cos(omega * log(r) + phi))')
    - L6: law verified invariant under P:(x->-x,v->-v,s->-s) ('(kappa * s1 * s2 / r**2) * (1 + A * cos(omega * log(r) + phi))')
    - L1: inverse-square term + Newton accel-fit converges ('(kappa * s1 * s2 / r**2) * (1 + alpha * cos(beta * log(r)))')
    - L6: law verified invariant under P:(x->-x,v->-v,s->-s) ('(kappa * s1 * s2 / r**2) * (1 + alpha * cos(beta * log(r)))')
    - L1: inverse-square term + Newton accel-fit converges ('(kappa * s1 * s2 / r**2) * (1 + alpha * cos(beta * log(r)))')
    - L6: law verified invariant under P:(x->-x,v->-v,s->-s) ('(kappa * s1 * s2 / r**2) * (1 + alpha * cos(beta * log(r)))')
    - L1: inverse-square term + Newton accel-fit converges ('(s1*s2 + beta*cos(omega*log(r))) / r**2')
    - L6: law verified invariant under P:(x->-x,v->-v,s->-s) ('(s1*s2 + beta*cos(omega*log(r))) / r**2')
    - L1: inverse-square term + Newton accel-fit converges ('(s1*s2) * (alpha/r**2 - beta/r**3.4)')
    - L2 DENIED: second radial term exponent not ~-2.5 ('(s1*s2) * (alpha/r**2 - beta/r**3.4)')
    - L6: law verified invariant under P:(x->-x,v->-v,s->-s) ('(s1*s2) * (alpha/r**2 - beta/r**3.4)')
    - L6: law verified invariant under P:(x->-x,v->-v,s->-s) ('(s1*s2) / r**alpha * cos(beta * log(r))')
    - L1: inverse-square term + Newton accel-fit converges ('(s1*s2)/r**2 + alpha/r**p + beta*cos(gamma*log(r))/r**q')
    - L6: law verified invariant under P:(x->-x,v->-v,s->-s) ('(s1*s2)/r**2 + alpha/r**p + beta*cos(gamma*log(r))/r**q')
    - L1: inverse-square term + Newton accel-fit converges ('(s1*s2)/r**3 - G/r**2')
    - L2 DENIED: second radial term exponent not ~-2.5 ('(s1*s2)/r**3 - G/r**2')
    - L6: law verified invariant under P:(x->-x,v->-v,s->-s) ('(s1*s2)/r**3 - G/r**2')
    - L1: inverse-square term + Newton accel-fit converges ('(s1*s2/m1) * (G/r**2 + beta/r**3)')
    - L2 DENIED: second radial term exponent not ~-2.5 ('(s1*s2/m1) * (G/r**2 + beta/r**3)')
    - L6: law verified invariant under P:(x->-x,v->-v,s->-s) ('(s1*s2/m1) * (G/r**2 + beta/r**3)')
    - L1: inverse-square term + Newton accel-fit converges ('(s1*s2/r**2) * (1 + alpha * cos(beta * log(r)))')
    - L6: law verified invariant under P:(x->-x,v->-v,s->-s) ('(s1*s2/r**2) * (1 + alpha * cos(beta * log(r)))')
    - L1: inverse-square term + Newton accel-fit converges ('-G*m1*m2/r**2 + s1*s2/r**alpha * (1 + beta*cos(kappa*log(r)))')
    - L6: law verified invariant under P:(x->-x,v->-v,s->-s) ('-G*m1*m2/r**2 + s1*s2/r**alpha * (1 + beta*cos(kappa*log(r)))')
    - L1: inverse-square term + Newton accel-fit converges ('-G*m2/r**2 + k*s1*s2/(m1*r**3.4)')
    - L2 DENIED: second radial term exponent not ~-2.5 ('-G*m2/r**2 + k*s1*s2/(m1*r**3.4)')
    - L6: law verified invariant under P:(x->-x,v->-v,s->-s) ('-G*m2/r**2 + k*s1*s2/(m1*r**3.4)')
    - L1: inverse-square term + Newton accel-fit converges ('-G*m2/r**2 + s1*s2*(A/r**3)*cos(omega*log(r))')
    - L2 DENIED: second radial term exponent not ~-2.5 ('-G*m2/r**2 + s1*s2*(A/r**3)*cos(omega*log(r))')
    - L6: law verified invariant under P:(x->-x,v->-v,s->-s) ('-G*m2/r**2 + s1*s2*(A/r**3)*cos(omega*log(r))')
    - L1: inverse-square term + Newton accel-fit converges ('-kappa*s1*s2/r**2 + gamma*(s1+s2)*((vx2-vx1)*(x2-x1) + (vy2-vy1)*(y2-y1))/r')
    - L2 DENIED: second radial term exponent not ~-2.5 ('-kappa*s1*s2/r**2 + gamma*(s1+s2)*((vx2-vx1)*(x2-x1) + (vy2-vy1)*(y2-y1))/r')
    - L3: hidden sum does real work, hidden-basis RSS reduction 0.321 ('-kappa*s1*s2/r**2 + gamma*(s1+s2)*((vx2-vx1)*(x2-x1) + (vy2-vy1)*(y2-y1))/r')
    - L6 DENIED: claimed symmetry not verified by sympy ('-kappa*s1*s2/r**2 + gamma*(s1+s2)*((vx2-vx1)*(x2-x1) + (vy2-vy1)*(y2-y1))/r')
    - L1: inverse-square term + Newton accel-fit converges ('G*m1*m2/r**2 + alpha/r**3.4')
    - L2 DENIED: second radial term exponent not ~-2.5 ('G*m1*m2/r**2 + alpha/r**3.4')
    - L1: inverse-square term + Newton accel-fit converges ('G*m1*m2/r**2 + alpha/r**3.4 + beta*s1*s2/r**2*cos(gamma*r)')
    - L2 DENIED: second radial term exponent not ~-2.5 ('G*m1*m2/r**2 + alpha/r**3.4 + beta*s1*s2/r**2*cos(gamma*r)')
    - L6: law verified invariant under P:(x->-x,v->-v,s->-s) ('G*m1*m2/r**2 + alpha/r**3.4 + beta*s1*s2/r**2*cos(gamma*r)')
    - L1: inverse-square term + Newton accel-fit converges ('G*m1*m2/r**2 + kappa/r**3.4')
    - L2 DENIED: second radial term exponent not ~-2.5 ('G*m1*m2/r**2 + kappa/r**3.4')
    - L1: inverse-square term + Newton accel-fit converges ('G*m1*m2/r**2 + kappa/r**3.4')
    - L2 DENIED: second radial term exponent not ~-2.5 ('G*m1*m2/r**2 + kappa/r**3.4')
    - L1: inverse-square term + Newton accel-fit converges ('G*m1*m2/r**2 + kappa/r**3.4')
    - L2 DENIED: second radial term exponent not ~-2.5 ('G*m1*m2/r**2 + kappa/r**3.4')
    - L1: inverse-square term + Newton accel-fit converges ('G*m1*m2/r**2 + kappa/r**3.4 + alpha*sin(beta*r)')
    - L2 DENIED: second radial term exponent not ~-2.5 ('G*m1*m2/r**2 + kappa/r**3.4 + alpha*sin(beta*r)')
    - L1: inverse-square term + Newton accel-fit converges ('G*m1*m2/r**2 + kappa/r**3.4 + alpha*sin(beta*r)')
    - L2 DENIED: second radial term exponent not ~-2.5 ('G*m1*m2/r**2 + kappa/r**3.4 + alpha*sin(beta*r)')
    - L1: inverse-square term + Newton accel-fit converges ('G*m1*m2/r**2 - k*s1*s2/r**3.4')
    - L2 DENIED: second radial term exponent not ~-2.5 ('G*m1*m2/r**2 - k*s1*s2/r**3.4')
    - L6: law verified invariant under P:(x->-x,v->-v,s->-s) ('G*m1*m2/r**2 - k*s1*s2/r**3.4')
    - L1: inverse-square term + Newton accel-fit converges ('G*s1*s2/r**2 * (1 + alpha * cos(kappa * log(r)))')
  distinct symbolic_form count=40 (sample up to 30):
    (G * s1 * s2 / r**2) + (k / r**3.4)
    (alpha*s1*s2/m1 - beta*m2)/r**2
    (k * s1 * s2 - G) / r**2
    (kappa * s1 * s2 / r**2) * (1 + A * cos(omega * log(r) + phi))
    (kappa * s1 * s2 / r**2) * (1 + alpha * cos(beta * log(r)))
    (s1*s2 + beta*cos(omega*log(r))) / r**2
    (s1*s2) * (alpha/r**2 - beta/r**3.4)
    (s1*s2) / r**alpha * cos(beta * log(r))
    (s1*s2)/r**2 + alpha/r**p + beta*cos(gamma*log(r))/r**q
    (s1*s2)/r**3 - G/r**2
    (s1*s2/m1) * (G/r**2 + beta/r**3)
    (s1*s2/r**2) * (1 + alpha * cos(beta * log(r)))
    -G*m1*m2/r**2 + s1*s2/r**alpha * (1 + beta*cos(kappa*log(r)))
    -G*m2/r**2 + k*s1*s2/(m1*r**3.4)
    -G*m2/r**2 + s1*s2*(A/r**3)*cos(omega*log(r))
    -kappa*s1*s2/r**2 + gamma*(s1+s2)*((vx2-vx1)*(x2-x1) + (vy2-vy1)*(y2-y1))/r
    G*m1*m2/r**2 + alpha/r**3.4
    G*m1*m2/r**2 + alpha/r**3.4 + beta*s1*s2/r**2*cos(gamma*r)
    G*m1*m2/r**2 + kappa/r**3.4
    G*m1*m2/r**2 + kappa/r**3.4 + alpha*sin(beta*r)
    G*m1*m2/r**2 - k*s1*s2/r**3.4
    G*s1*s2/r**2 * (1 + alpha * cos(kappa * log(r)))
    G*s1*s2/r**2 + (alpha/r**3.4) * cos(kappa*log(r))
    G*s1*s2/r**2 + A*s1*s2/r**3.4 * cos(omega*log(r))
    G*s1*s2/r**2 + H*cos(omega*log(r/r0))/r**3.4
    G*s1*s2/r**2 + alpha/r**3 * cos(beta*log(r))
    G*s1*s2/r**2 + alpha/r**3.4 + beta*sin(kappa*r)
    G/r**2 + kappa/r**3.4 + alpha*sin(beta*r)
    G/r**2 - K*s1*s2/r**3
    k * s1 * s2 * (1/r**alpha) * cos(beta * log(r))
========================================================================
