2026-06-07 21:20:49,032 [INFO] ascension.benchmarks.alien_depth: alien_depth: max_depth=6 per_layer=(True, True, True, False, False, True) held_out_rmse=0.32083882427693194 q_drift=None n_hyp=33 elapsed_ms=11203
========================================================================
ALIEN RUN 301f8871-edff-49b3-9dac-e6fcae5c316f
  run.status=completed  halt_reason=duration_exceeded
  PROVENANCE (P-15.2-6): benchmark_system='alien_universe'  included_in_distillation_v1=False
  SCORING MODE: FAMILY-V2 (V2 law: sum coupling + r^-2.5; L3/L4 vs held-out sums {4,6})
  node types: {'dispute': 9, 'hypothesis': 33}
  hypothesis nodes=33  status_breakdown={'active': 20, 'contested': 13}
  SPEND: 94 llm_calls, $1.7905 total
    provider='google': 79 calls, $1.7905
    provider='nvidia': 15 calls, $0.0000
------------------------------------------------------------------------
  DISCOVERY DEPTH (P-15.2-1/2/3): max_depth=6
    per_layer L1..L6 = (True, True, True, False, False, True)
    HONEST consecutive force-law depth (L1-L4, L-057) = 3   [L5=False L6=True reported separately, non-consecutive]
    held_out_rss_reduction=0.32083882427693194  q_drift=None
  scorer notes (76):
    - L1: inverse-square term + Newton accel-fit converges ('(-G * m2 / r**2) + (K * s1 * s2 / r**3) * cos(omega * log(r))')
    - L2 DENIED: second radial term exponent not ~-2.5 ('(-G * m2 / r**2) + (K * s1 * s2 / r**3) * cos(omega * log(r))')
    - L6: law verified invariant under P:(x->-x,v->-v,s->-s) ('(-G * m2 / r**2) + (K * s1 * s2 / r**3) * cos(omega * log(r))')
    - L1: inverse-square term + Newton accel-fit converges ('(-alpha / r**2) * (1 + s1*s2*cos(kappa*log(r)))')
    - L6: law verified invariant under P:(x->-x,v->-v,s->-s) ('(-alpha / r**2) * (1 + s1*s2*cos(kappa*log(r)))')
    - L2: second radial term ~r**-2.5 + correction-basis RSS reduction 0.251 >= 0.05 ('(G * s1*s2 / r**2.5) * (1 + alpha * cos(kappa * r))')
    - L6: law verified invariant under P:(x->-x,v->-v,s->-s) ('(G * s1*s2 / r**2.5) * (1 + alpha * cos(kappa * r))')
    - L1: inverse-square term + Newton accel-fit converges ('(G*m1*m2 - k*s1*s2) / r**2 + alpha/r**3')
    - L2 DENIED: second radial term exponent not ~-2.5 ('(G*m1*m2 - k*s1*s2) / r**2 + alpha/r**3')
    - L6: law verified invariant under P:(x->-x,v->-v,s->-s) ('(G*m1*m2 - k*s1*s2) / r**2 + alpha/r**3')
    - L1: inverse-square term + Newton accel-fit converges ('(alpha * s1 * s2 - beta) / r**2 + gamma / r**3')
    - L2 DENIED: second radial term exponent not ~-2.5 ('(alpha * s1 * s2 - beta) / r**2 + gamma / r**3')
    - L6: law verified invariant under P:(x->-x,v->-v,s->-s) ('(alpha * s1 * s2 - beta) / r**2 + gamma / r**3')
    - L1: inverse-square term + Newton accel-fit converges ('(alpha * s1 * s2 / r**2) + (beta / r**3)')
    - L2 DENIED: second radial term exponent not ~-2.5 ('(alpha * s1 * s2 / r**2) + (beta / r**3)')
    - L6: law verified invariant under P:(x->-x,v->-v,s->-s) ('(alpha * s1 * s2 / r**2) + (beta / r**3)')
    - L1: inverse-square term + Newton accel-fit converges ('(alpha*s1*s2 - beta) / (m1 * r**2)')
    - L6: law verified invariant under P:(x->-x,v->-v,s->-s) ('(alpha*s1*s2 - beta) / (m1 * r**2)')
    - L1: inverse-square term + Newton accel-fit converges ('(k*s1*s2 - G*m1*m2) * (1 + alpha*cos(omega*log(r))) / (m1 * r**2)')
    - L6: law verified invariant under P:(x->-x,v->-v,s->-s) ('(k*s1*s2 - G*m1*m2) * (1 + alpha*cos(omega*log(r))) / (m1 * r**2)')
    - L1: inverse-square term + Newton accel-fit converges ('(k*s1*s2 - G*m1*m2) / (m2 * r**2)')
    - L6: law verified invariant under P:(x->-x,v->-v,s->-s) ('(k*s1*s2 - G*m1*m2) / (m2 * r**2)')
    - L6: law verified invariant under P:(x->-x,v->-v,s->-s) ('(k*s1*s2 - G*m1*m2) / r**(2.0 + gamma * s1 * s2)')
    - L1: inverse-square term + Newton accel-fit converges ('(k*s1*s2 - G*m1*m2)/r**2 + beta*((x2-x1)*(vx2-vx1) + (y2-y1)*(vy2-vy1))/r**2')
    - L6: law verified invariant under P:(x->-x,v->-v,s->-s) ('(k*s1*s2 - G*m1*m2)/r**2 + beta*((x2-x1)*(vx2-vx1) + (y2-y1)*(vy2-vy1))/r**2')
    - L1: inverse-square term + Newton accel-fit converges ('(s1*s2/r**2) * (1 + alpha * cos(beta * log(r)))')
    - L6: law verified invariant under P:(x->-x,v->-v,s->-s) ('(s1*s2/r**2) * (1 + alpha * cos(beta * log(r)))')
    - L1: inverse-square term + Newton accel-fit converges ('-G*m1*m2/r**2 + (k*s1*s2/r**3.4) * cos(omega * log(r))')
    - L2 DENIED: second radial term exponent not ~-2.5 ('-G*m1*m2/r**2 + (k*s1*s2/r**3.4) * cos(omega * log(r))')
    - L6: law verified invariant under P:(x->-x,v->-v,s->-s) ('-G*m1*m2/r**2 + (k*s1*s2/r**3.4) * cos(omega * log(r))')
    - L1: inverse-square term + Newton accel-fit converges ('-G*m1*m2/r**2 + (s1*s2*(alpha + beta*cos(omega*log(r))))/r**3.4')
    - L2 DENIED: second radial term exponent not ~-2.5 ('-G*m1*m2/r**2 + (s1*s2*(alpha + beta*cos(omega*log(r))))/r**3.4')
    - L6: law verified invariant under P:(x->-x,v->-v,s->-s) ('-G*m1*m2/r**2 + (s1*s2*(alpha + beta*cos(omega*log(r))))/r**3.4')
    - L1: inverse-square term + Newton accel-fit converges ('-G*m1*m2/r**2 + K*s1*s2/r**3.4')
    - L2 DENIED: second radial term exponent not ~-2.5 ('-G*m1*m2/r**2 + K*s1*s2/r**3.4')
    - L6: law verified invariant under P:(x->-x,v->-v,s->-s) ('-G*m1*m2/r**2 + K*s1*s2/r**3.4')
    - L1: inverse-square term + Newton accel-fit converges ('-G*m1*m2/r**2 + s1*s2*A/r**alpha * cos(beta*log(r) + delta)')
    - L6: law verified invariant under P:(x->-x,v->-v,s->-s) ('-G*m1*m2/r**2 + s1*s2*A/r**alpha * cos(beta*log(r) + delta)')
    - L1: inverse-square term + Newton accel-fit converges ('-G*m2/r**2 * (1 + s1*s2*cos(kappa*log(r)))')
    - L6: law verified invariant under P:(x->-x,v->-v,s->-s) ('-G*m2/r**2 * (1 + s1*s2*cos(kappa*log(r)))')
    - L1: inverse-square term + Newton accel-fit converges ('-G*m2/r**2 + C*(s1+s2)*((x2-x1)*(vx2-vx1) + (y2-y1)*(vy2-vy1))/(m1*r)')
    - L2 DENIED: second radial term exponent not ~-2.5 ('-G*m2/r**2 + C*(s1+s2)*((x2-x1)*(vx2-vx1) + (y2-y1)*(vy2-vy1))/(m1*r)')
    - L3: hidden sum does real work, hidden-basis RSS reduction 0.321 (+rationale tiebreaker) ('-G*m2/r**2 + C*(s1+s2)*((x2-x1)*(vx2-vx1) + (y2-y1)*(vy2-vy1))/(m1*r)')
    - L6 DENIED: claimed symmetry not verified by sympy ('-G*m2/r**2 + C*(s1+s2)*((x2-x1)*(vx2-vx1) + (y2-y1)*(vy2-vy1))/(m1*r)')
    - L1: inverse-square term + Newton accel-fit converges ('-G*m2/r**2 + C*s1/r**3')
    - L2 DENIED: second radial term exponent not ~-2.5 ('-G*m2/r**2 + C*s1/r**3')
    - L6 DENIED: claimed symmetry not verified by sympy ('-G*m2/r**2 + C*s1/r**3')
    - L1: inverse-square term + Newton accel-fit converges ('-G*m2/r**2 + alpha*s1*s2*m2/r**3 * cos(omega*log(r))')
    - L2 DENIED: second radial term exponent not ~-2.5 ('-G*m2/r**2 + alpha*s1*s2*m2/r**3 * cos(omega*log(r))')
    - L6: law verified invariant under P:(x->-x,v->-v,s->-s) ('-G*m2/r**2 + alpha*s1*s2*m2/r**3 * cos(omega*log(r))')
    - L1: inverse-square term + Newton accel-fit converges ('-alpha/r**2 + beta*s1*s2/r**3 * cos(gamma*log(r))')
    - L2 DENIED: second radial term exponent not ~-2.5 ('-alpha/r**2 + beta*s1*s2/r**3 * cos(gamma*log(r))')
    - L6: law verified invariant under P:(x->-x,v->-v,s->-s) ('-alpha/r**2 + beta*s1*s2/r**3 * cos(gamma*log(r))')
    - L6: law verified invariant under P:(x->-x,v->-v,s->-s) ('G * s1 * s2 / r**p * (1 + A * cos(alpha * log(r) + beta))')
    - L1: inverse-square term + Newton accel-fit converges ('G*m1*m2/r**2 + alpha/r**3.4')
    - L2 DENIED: second radial term exponent not ~-2.5 ('G*m1*m2/r**2 + alpha/r**3.4')
    - L1: inverse-square term + Newton accel-fit converges ('G*m1*m2/r**2 + alpha/r**3.4')
    - L2 DENIED: second radial term exponent not ~-2.5 ('G*m1*m2/r**2 + alpha/r**3.4')
    - L1: inverse-square term + Newton accel-fit converges ('G*m1*m2/r**2 + alpha/r**3.4 + beta*sin(k*r)')
    - L2 DENIED: second radial term exponent not ~-2.5 ('G*m1*m2/r**2 + alpha/r**3.4 + beta*sin(k*r)')
  distinct symbolic_form count=30 (sample up to 30):
    (-G * m2 / r**2) + (K * s1 * s2 / r**3) * cos(omega * log(r))
    (-alpha / r**2) * (1 + s1*s2*cos(kappa*log(r)))
    (G * s1*s2 / r**2.5) * (1 + alpha * cos(kappa * r))
    (G*m1*m2 - k*s1*s2) / r**2 + alpha/r**3
    (alpha * s1 * s2 - beta) / r**2 + gamma / r**3
    (alpha * s1 * s2 / r**2) + (beta / r**3)
    (alpha*s1*s2 - beta) / (m1 * r**2)
    (k*s1*s2 - G*m1*m2) * (1 + alpha*cos(omega*log(r))) / (m1 * r**2)
    (k*s1*s2 - G*m1*m2) / (m2 * r**2)
    (k*s1*s2 - G*m1*m2) / r**(2.0 + gamma * s1 * s2)
    (k*s1*s2 - G*m1*m2)/r**2 + beta*((x2-x1)*(vx2-vx1) + (y2-y1)*(vy2-vy1))/r**2
    (s1*s2/r**2) * (1 + alpha * cos(beta * log(r)))
    -G*m1*m2/r**2 + (k*s1*s2/r**3.4) * cos(omega * log(r))
    -G*m1*m2/r**2 + (s1*s2*(alpha + beta*cos(omega*log(r))))/r**3.4
    -G*m1*m2/r**2 + K*s1*s2/r**3.4
    -G*m1*m2/r**2 + s1*s2*A/r**alpha * cos(beta*log(r) + delta)
    -G*m2/r**2 * (1 + s1*s2*cos(kappa*log(r)))
    -G*m2/r**2 + C*(s1+s2)*((x2-x1)*(vx2-vx1) + (y2-y1)*(vy2-vy1))/(m1*r)
    -G*m2/r**2 + C*s1/r**3
    -G*m2/r**2 + alpha*s1*s2*m2/r**3 * cos(omega*log(r))
    -alpha/r**2 + beta*s1*s2/r**3 * cos(gamma*log(r))
    G * s1 * s2 / r**p * (1 + A * cos(alpha * log(r) + beta))
    G*m1*m2/r**2 + alpha/r**3.4
    G*m1*m2/r**2 + alpha/r**3.4 + beta*sin(k*r)
    G*m1*m2/r**2 + alpha/r**3.4 + beta*sin(kappa*r)
    G*m1*m2/r**2 + k*s1*s2*cos(alpha*log(r))/r**3
    G*m1*m2/r**2 + kappa/r**3.4
    G*m2/(r**2) - s1*s2/(r**2)
    G*r - alpha/r**2.5 + beta*sin(k*r) + gamma*s1*s2/r**3.4
    G*r - alpha/r**3.4 + beta*sin(k*r)
========================================================================
