2026-06-07 20:39:56,060 [INFO] ascension.benchmarks.alien_depth: alien_depth: max_depth=6 per_layer=(True, True, False, False, False, True) held_out_rmse=0.2514447557858914 q_drift=None n_hyp=36 elapsed_ms=10038
========================================================================
ALIEN RUN d68ebca5-2628-43cf-b10e-beb9148e00b5
  run.status=completed  halt_reason=duration_exceeded
  PROVENANCE (P-15.2-6): benchmark_system='alien_universe'  included_in_distillation_v1=False
  SCORING MODE: FAMILY-V2 (V2 law: sum coupling + r^-2.5; L3/L4 vs held-out sums {4,6})
  node types: {'dispute': 8, 'hypothesis': 36}
  hypothesis nodes=36  status_breakdown={'contested': 10, 'active': 26}
  SPEND: 124 llm_calls, $1.7742 total
    provider='google': 97 calls, $1.7742
    provider='nvidia': 27 calls, $0.0000
------------------------------------------------------------------------
  DISCOVERY DEPTH (P-15.2-1/2/3): max_depth=6
    per_layer L1..L6 = (True, True, False, False, False, True)
    HONEST consecutive force-law depth (L1-L4, L-057) = 2   [L5=False L6=True reported separately, non-consecutive]
    held_out_rss_reduction=0.2514447557858914  q_drift=None
  scorer notes (84):
    - L1: inverse-square term + Newton accel-fit converges ('(-G*m1*m2/r**2) * (1 + alpha*s1*s2*cos(k*log(r)))')
    - L6: law verified invariant under P:(x->-x,v->-v,s->-s) ('(-G*m1*m2/r**2) * (1 + alpha*s1*s2*cos(k*log(r)))')
    - L1: inverse-square term + Newton accel-fit converges ('(-G*m1*m2/r**2) + (k*s1*s2/r**3)*cos(omega*log(r))')
    - L2 DENIED: second radial term exponent not ~-2.5 ('(-G*m1*m2/r**2) + (k*s1*s2/r**3)*cos(omega*log(r))')
    - L6: law verified invariant under P:(x->-x,v->-v,s->-s) ('(-G*m1*m2/r**2) + (k*s1*s2/r**3)*cos(omega*log(r))')
    - L1: inverse-square term + Newton accel-fit converges ('(-G*s1*s2/r**2) * (1 + A*cos(w*log(r))) + k/r**3.4')
    - L2 DENIED: second radial term exponent not ~-2.5 ('(-G*s1*s2/r**2) * (1 + A*cos(w*log(r))) + k/r**3.4')
    - L6: law verified invariant under P:(x->-x,v->-v,s->-s) ('(-G*s1*s2/r**2) * (1 + A*cos(w*log(r))) + k/r**3.4')
    - L1: inverse-square term + Newton accel-fit converges ('(G * s1 * s2 / r**2) + (beta / r**p) * cos(omega * log(r) + phi)')
    - L6: law verified invariant under P:(x->-x,v->-v,s->-s) ('(G * s1 * s2 / r**2) + (beta / r**p) * cos(omega * log(r) + phi)')
    - L1: inverse-square term + Newton accel-fit converges ('-G * s1*s2 / r**2.1 * (1 + alpha * cos(omega * log(r)))')
    - L6: law verified invariant under P:(x->-x,v->-v,s->-s) ('-G * s1*s2 / r**2.1 * (1 + alpha * cos(omega * log(r)))')
    - L1: inverse-square term + Newton accel-fit converges ('-G*m1*m2/r**2 * (1 + A*s1*s2 * cos(omega * log(r)))')
    - L6: law verified invariant under P:(x->-x,v->-v,s->-s) ('-G*m1*m2/r**2 * (1 + A*s1*s2 * cos(omega * log(r)))')
    - L1: inverse-square term + Newton accel-fit converges ('-G*m1*m2/r**2 + C*s1*s2/r**3.4 * cos(omega*log(r))')
    - L2 DENIED: second radial term exponent not ~-2.5 ('-G*m1*m2/r**2 + C*s1*s2/r**3.4 * cos(omega*log(r))')
    - L6: law verified invariant under P:(x->-x,v->-v,s->-s) ('-G*m1*m2/r**2 + C*s1*s2/r**3.4 * cos(omega*log(r))')
    - L1: inverse-square term + Newton accel-fit converges ('-G*m1*m2/r**2 - alpha/r**3.4 + beta*r*sin(k*r)')
    - L2 DENIED: second radial term exponent not ~-2.5 ('-G*m1*m2/r**2 - alpha/r**3.4 + beta*r*sin(k*r)')
    - L1: inverse-square term + Newton accel-fit converges ('-G*m1*m2/r**2 - alpha/r**3.4 + beta*sin(k*r)')
    - L2 DENIED: second radial term exponent not ~-2.5 ('-G*m1*m2/r**2 - alpha/r**3.4 + beta*sin(k*r)')
    - L1: inverse-square term + Newton accel-fit converges ('-G*m1/r**2 + beta*s1*s2/r**p * cos(kappa*log(r))')
    - L6: law verified invariant under P:(x->-x,v->-v,s->-s) ('-G*m1/r**2 + beta*s1*s2/r**p * cos(kappa*log(r))')
    - L1: inverse-square term + Newton accel-fit converges ('-G*m2/r**2 + K*s1*s2/(m1*r**3.4)')
    - L2 DENIED: second radial term exponent not ~-2.5 ('-G*m2/r**2 + K*s1*s2/(m1*r**3.4)')
    - L6: law verified invariant under P:(x->-x,v->-v,s->-s) ('-G*m2/r**2 + K*s1*s2/(m1*r**3.4)')
    - L1: inverse-square term + Newton accel-fit converges ('-G*s1*s2/r**2 * (1 + alpha * cos(k * log(r)))')
    - L6: law verified invariant under P:(x->-x,v->-v,s->-s) ('-G*s1*s2/r**2 * (1 + alpha * cos(k * log(r)))')
    - L1: inverse-square term + Newton accel-fit converges ('-G/r**2 + s/r**3')
    - L2 DENIED: second radial term exponent not ~-2.5 ('-G/r**2 + s/r**3')
    - L6 DENIED: claimed symmetry not verified by sympy ('-G/r**2 + s/r**3')
    - L1: inverse-square term + Newton accel-fit converges ('-alpha/r**2 + (s1*s2) * beta * cos(gamma*log(r)) / r**3.4')
    - L2 DENIED: second radial term exponent not ~-2.5 ('-alpha/r**2 + (s1*s2) * beta * cos(gamma*log(r)) / r**3.4')
    - L6: law verified invariant under P:(x->-x,v->-v,s->-s) ('-alpha/r**2 + (s1*s2) * beta * cos(gamma*log(r)) / r**3.4')
    - L1: inverse-square term + Newton accel-fit converges ('-k * s1 * s2 / r**2 * (1 + A * cos(omega * log(r/r0)))')
    - L6: law verified invariant under P:(x->-x,v->-v,s->-s) ('-k * s1 * s2 / r**2 * (1 + A * cos(omega * log(r/r0)))')
    - L1: inverse-square term + Newton accel-fit converges ('G*m1*m2/r**2 + alpha/r**2.5 * cos(kappa*r) + beta*s1*s2/r**2')
    - L2: second radial term ~r**-2.5 + correction-basis RSS reduction 0.251 >= 0.05 ('G*m1*m2/r**2 + alpha/r**2.5 * cos(kappa*r) + beta*s1*s2/r**2')
    - L6: law verified invariant under P:(x->-x,v->-v,s->-s) ('G*m1*m2/r**2 + alpha/r**2.5 * cos(kappa*r) + beta*s1*s2/r**2')
    - L1: inverse-square term + Newton accel-fit converges ('G*m1*m2/r**2 + alpha/r**3.4')
    - L2 DENIED: second radial term exponent not ~-2.5 ('G*m1*m2/r**2 + alpha/r**3.4')
    - L1: inverse-square term + Newton accel-fit converges ('G*m1*m2/r**2 + alpha/r**3.4')
    - L2 DENIED: second radial term exponent not ~-2.5 ('G*m1*m2/r**2 + alpha/r**3.4')
    - L1: inverse-square term + Newton accel-fit converges ('G*m1*m2/r**2 + alpha/r**3.4 + beta*sin(k*r)')
    - L2 DENIED: second radial term exponent not ~-2.5 ('G*m1*m2/r**2 + alpha/r**3.4 + beta*sin(k*r)')
    - L1: inverse-square term + Newton accel-fit converges ('G*m1*m2/r**2 + alpha/r**3.4 + beta*sin(k*r)')
    - L2 DENIED: second radial term exponent not ~-2.5 ('G*m1*m2/r**2 + alpha/r**3.4 + beta*sin(k*r)')
    - L1: inverse-square term + Newton accel-fit converges ('G*m1*m2/r**2 + alpha/r**3.4 + beta*sin(k*r)')
    - L2 DENIED: second radial term exponent not ~-2.5 ('G*m1*m2/r**2 + alpha/r**3.4 + beta*sin(k*r)')
    - L1: inverse-square term + Newton accel-fit converges ('G*m1*m2/r**2 + kappa/r**3.4')
    - L2 DENIED: second radial term exponent not ~-2.5 ('G*m1*m2/r**2 + kappa/r**3.4')
    - L1: inverse-square term + Newton accel-fit converges ('G*m1*m2/r**2 + kappa/r**3.4 + alpha*sin(beta*r)')
    - L2 DENIED: second radial term exponent not ~-2.5 ('G*m1*m2/r**2 + kappa/r**3.4 + alpha*sin(beta*r)')
    - L1: inverse-square term + Newton accel-fit converges ('G*m1*m2/r**2 + kappa/r**3.4 + alpha*sin(beta*r)')
    - L2 DENIED: second radial term exponent not ~-2.5 ('G*m1*m2/r**2 + kappa/r**3.4 + alpha*sin(beta*r)')
    - L1: inverse-square term + Newton accel-fit converges ('G*m2/(r**2) - alpha*s1*s2/r**2')
    - L6: law verified invariant under P:(x->-x,v->-v,s->-s) ('G*m2/(r**2) - alpha*s1*s2/r**2')
    - L1: inverse-square term + Newton accel-fit converges ('G*m2/(r**2) - s1*s2/(r**2)')
    - L6: law verified invariant under P:(x->-x,v->-v,s->-s) ('G*m2/(r**2) - s1*s2/(r**2)')
    - L1: inverse-square term + Newton accel-fit converges ('G*m2/(r**2) - s1*s2/(r**2)')
  distinct symbolic_form count=31 (sample up to 30):
    (-G*m1*m2/r**2) * (1 + alpha*s1*s2*cos(k*log(r)))
    (-G*m1*m2/r**2) + (k*s1*s2/r**3)*cos(omega*log(r))
    (-G*s1*s2/r**2) * (1 + A*cos(w*log(r))) + k/r**3.4
    (G * s1 * s2 / r**2) + (beta / r**p) * cos(omega * log(r) + phi)
    -G * s1*s2 / r**2.1 * (1 + alpha * cos(omega * log(r)))
    -G*m1*m2/r**2 * (1 + A*s1*s2 * cos(omega * log(r)))
    -G*m1*m2/r**2 + C*s1*s2/r**3.4 * cos(omega*log(r))
    -G*m1*m2/r**2 - alpha/r**3.4 + beta*r*sin(k*r)
    -G*m1*m2/r**2 - alpha/r**3.4 + beta*sin(k*r)
    -G*m1/r**2 + beta*s1*s2/r**p * cos(kappa*log(r))
    -G*m2/r**2 + K*s1*s2/(m1*r**3.4)
    -G*s1*s2/r**2 * (1 + alpha * cos(k * log(r)))
    -G/r**2 + s/r**3
    -alpha/r**2 + (s1*s2) * beta * cos(gamma*log(r)) / r**3.4
    -k * s1 * s2 / r**2 * (1 + A * cos(omega * log(r/r0)))
    G*m1*m2/r**2 + alpha/r**2.5 * cos(kappa*r) + beta*s1*s2/r**2
    G*m1*m2/r**2 + alpha/r**3.4
    G*m1*m2/r**2 + alpha/r**3.4 + beta*sin(k*r)
    G*m1*m2/r**2 + kappa/r**3.4
    G*m1*m2/r**2 + kappa/r**3.4 + alpha*sin(beta*r)
    G*m2/(r**2) - alpha*s1*s2/r**2
    G*m2/(r**2) - s1*s2/(r**2)
    G*r**(-1.8) + alpha*r**(-2.2)*sin(k*r) + s1*s2*r**(-1.5)
    G*r/(1 + s1*s2) + alpha*r**2/(m1*m2)
    G*s1*s2/r**nu * (1 + alpha*cos(omega*r))
    G/r**2 + alpha/r**(3.4) + beta*s1*s2*log(r)
    k1*s1*s2/r**2 + k2*s1*s2/r**3.4 * cos(omega*log(r) + phi)
    kappa * s1 * s2 / r**2
    s1 * s2 * (G/r**2 + C/r**3.4)
    s1*s2*(G/r**2 + alpha/r**3.4)
========================================================================
