2026-06-07 21:00:22,268 [INFO] ascension.benchmarks.alien_depth: alien_depth: max_depth=6 per_layer=(True, True, True, False, False, True) held_out_rmse=0.32083882427693194 q_drift=None n_hyp=39 elapsed_ms=11149
========================================================================
ALIEN RUN 8ef4a653-4b7e-426f-94dc-75e2ef59f432
  run.status=completed  halt_reason=duration_exceeded
  PROVENANCE (P-15.2-6): benchmark_system='alien_universe'  included_in_distillation_v1=False
  SCORING MODE: FAMILY-V2 (V2 law: sum coupling + r^-2.5; L3/L4 vs held-out sums {4,6})
  node types: {'dispute': 4, 'hypothesis': 39}
  hypothesis nodes=39  status_breakdown={'active': 32, 'contested': 7}
  SPEND: 120 llm_calls, $1.4860 total
    provider='google': 96 calls, $1.4860
    provider='nvidia': 24 calls, $0.0000
------------------------------------------------------------------------
  DISCOVERY DEPTH (P-15.2-1/2/3): max_depth=6
    per_layer L1..L6 = (True, True, True, False, False, True)
    HONEST consecutive force-law depth (L1-L4, L-057) = 3   [L5=False L6=True reported separately, non-consecutive]
    held_out_rss_reduction=0.32083882427693194  q_drift=None
  scorer notes (67):
    - L1: inverse-square term + Newton accel-fit converges ('(-alpha/r**2) + (beta*s1*s2/r**p)*(1 + gamma*cos(omega*log(r)))')
    - L6: law verified invariant under P:(x->-x,v->-v,s->-s) ('(-alpha/r**2) + (beta*s1*s2/r**p)*(1 + gamma*cos(omega*log(r)))')
    - L6: law verified invariant under P:(x->-x,v->-v,s->-s) ('(G * s1 * s2 / r**p) * (1 + alpha * cos(omega * log(r)))')
    - L6: law verified invariant under P:(x->-x,v->-v,s->-s) ('(G * s1*s2 / r**p) * (1 + A * cos(omega * log(r)))')
    - L1: inverse-square term + Newton accel-fit converges ('(G*m1*m2/r**2.2) * (1 + A*(s1+s2) * cos(omega*log(r)))')
    - L3: hidden sum does real work, hidden-basis RSS reduction 0.321 (+rationale tiebreaker) ('(G*m1*m2/r**2.2) * (1 + A*(s1+s2) * cos(omega*log(r)))')
    - L6 DENIED: claimed symmetry not verified by sympy ('(G*m1*m2/r**2.2) * (1 + A*(s1+s2) * cos(omega*log(r)))')
    - L6: law verified invariant under P:(x->-x,v->-v,s->-s) ('(k*s1*s2/r**p) * (1 + alpha*cos(beta*log(r)))')
    - L6: law verified invariant under P:(x->-x,v->-v,s->-s) ('(s1 * s2 / r**p) * (1 + alpha * cos(omega * log(r)))')
    - L6 DENIED: claimed symmetry not verified by sympy ('(s1*m2 - s2*m1) / (r**2 * (m1 + m2))')
    - L1: inverse-square term + Newton accel-fit converges ('(s1*s2 - C)/r**2 * (1 + A*cos(omega*log(r)))')
    - L6: law verified invariant under P:(x->-x,v->-v,s->-s) ('(s1*s2 - C)/r**2 * (1 + A*cos(omega*log(r)))')
    - L1: inverse-square term + Newton accel-fit converges ('(s1*s2/r**2) * (1 + alpha*cos(beta*log(r))) - gamma/r**delta')
    - L6: law verified invariant under P:(x->-x,v->-v,s->-s) ('(s1*s2/r**2) * (1 + alpha*cos(beta*log(r))) - gamma/r**delta')
    - L6: law verified invariant under P:(x->-x,v->-v,s->-s) ('(s1*s2/r**alpha) * (1 + beta*cos(omega*log(r/r0)))')
    - L1: inverse-square term + Newton accel-fit converges ('-G*m1*m2/r**2 * (1 + alpha * s1*s2 * cos(omega * log(r)))')
    - L6: law verified invariant under P:(x->-x,v->-v,s->-s) ('-G*m1*m2/r**2 * (1 + alpha * s1*s2 * cos(omega * log(r)))')
    - L1: inverse-square term + Newton accel-fit converges ('-G*m1*m2/r**2 + alpha/r**3.4 + beta*sin(k*r)')
    - L2 DENIED: second radial term exponent not ~-2.5 ('-G*m1*m2/r**2 + alpha/r**3.4 + beta*sin(k*r)')
    - L1: inverse-square term + Newton accel-fit converges ('-G*m1*m2/r**2 + s1*s2*alpha*cos(omega*log(r/r0))/r**beta')
    - L6: law verified invariant under P:(x->-x,v->-v,s->-s) ('-G*m1*m2/r**2 + s1*s2*alpha*cos(omega*log(r/r0))/r**beta')
    - L6: law verified invariant under P:(x->-x,v->-v,s->-s) ('-G*m2/r**(p0 + alpha*s1*s2*cos(omega*log(r)))')
    - L1: inverse-square term + Newton accel-fit converges ('-G*m2/r**2 + (alpha*s2/r**2.5) * cos(omega*log(r))')
    - L2: second radial term ~r**-2.5 + correction-basis RSS reduction 0.251 >= 0.05 ('-G*m2/r**2 + (alpha*s2/r**2.5) * cos(omega*log(r))')
    - L6 DENIED: claimed symmetry not verified by sympy ('-G*m2/r**2 + (alpha*s2/r**2.5) * cos(omega*log(r))')
    - L1: inverse-square term + Newton accel-fit converges ('-G*m2/r**2 + s2*alpha/r**p * cos(omega*log(r))')
    - L6 DENIED: claimed symmetry not verified by sympy ('-G*m2/r**2 + s2*alpha/r**p * cos(omega*log(r))')
    - L1: inverse-square term + Newton accel-fit converges ('-G*s1*s2/r**2 * (1 + alpha * cos(beta * log(r)))')
    - L6: law verified invariant under P:(x->-x,v->-v,s->-s) ('-G*s1*s2/r**2 * (1 + alpha * cos(beta * log(r)))')
    - L6: law verified invariant under P:(x->-x,v->-v,s->-s) ('-G*s1*s2/r**p - A*cos(k*log(r))/r**p')
    - L6: law verified invariant under P:(x->-x,v->-v,s->-s) ('G * s1 * s2 * (r**-alpha) * cos(beta * log(r) + delta)')
    - L1: inverse-square term + Newton accel-fit converges ('G * s1 * s2 / r**p + A * cos(omega * log(r)) / r**2')
    - L6: law verified invariant under P:(x->-x,v->-v,s->-s) ('G * s1 * s2 / r**p + A * cos(omega * log(r)) / r**2')
    - L1: inverse-square term + Newton accel-fit converges ('G*(m1*m2)/(r**2)')
    - L2 DENIED: second radial term exponent not ~-2.5 ('G*m1*m2/(r**2) * (x2 - x1)/r + s1*(vx2 - vx1)/r')
    - L6 DENIED: claimed symmetry not verified by sympy ('G*m1*m2/(r**2) * (x2 - x1)/r + s1*(vx2 - vx1)/r')
    - L2 DENIED: second radial term exponent not ~-2.5 ('G*m1*m2/(r**2) * (x2 - x1)/r + s1*(vx2 - vx1)/r + s2*(vy2 - vy1)/r')
    - L6 DENIED: claimed symmetry not verified by sympy ('G*m1*m2/(r**2) * (x2 - x1)/r + s1*(vx2 - vx1)/r + s2*(vy2 - vy1)/r')
    - L1: inverse-square term + Newton accel-fit converges ('G*m1*m2/r**2 + alpha*s1*s2/r**3')
    - L2 DENIED: second radial term exponent not ~-2.5 ('G*m1*m2/r**2 + alpha*s1*s2/r**3')
    - L6: law verified invariant under P:(x->-x,v->-v,s->-s) ('G*m1*m2/r**2 + alpha*s1*s2/r**3')
    - L1: inverse-square term + Newton accel-fit converges ('G*m1*m2/r**2.2 + alpha*sin(k*r)*exp(-beta*r)')
    - L1: inverse-square term + Newton accel-fit converges ('G*m1*m2/r**2.2 - alpha*s1*s2*sin(k*r)')
    - L6: law verified invariant under P:(x->-x,v->-v,s->-s) ('G*m1*m2/r**2.2 - alpha*s1*s2*sin(k*r)')
    - L1: inverse-square term + Newton accel-fit converges ('G*m1*m2/r**2.2 - alpha*s1*s2*sin(k*r)')
    - L6: law verified invariant under P:(x->-x,v->-v,s->-s) ('G*m1*m2/r**2.2 - alpha*s1*s2*sin(k*r)')
    - L1: inverse-square term + Newton accel-fit converges ('G*m1*m2/r**2.2 - alpha*s1*s2*sin(k*r) / r**2')
    - L6: law verified invariant under P:(x->-x,v->-v,s->-s) ('G*m1*m2/r**2.2 - alpha*s1*s2*sin(k*r) / r**2')
    - L1: inverse-square term + Newton accel-fit converges ('G*m1*m2/r**2.2 - alpha*sin(k*r)/r**2')
    - L2: second radial term ~r**-2.5 + correction-basis RSS reduction 0.251 >= 0.05 ('G*m1*m2/r**2.5 + alpha*sin(k*r) + beta*s1*s2/r**3')
    - L6: law verified invariant under P:(x->-x,v->-v,s->-s) ('G*m1*m2/r**2.5 + alpha*sin(k*r) + beta*s1*s2/r**3')
    - L2 DENIED: second radial term exponent not ~-2.5 ('G*m2/(r**2) * (x2 - x1)/r + G*m1/(r**2) * (x1 - x2)/r + s1*(vx2 - vx1)/r + s2*(vy2 - vy1)/r')
    - L6 DENIED: claimed symmetry not verified by sympy ('G*m2/(r**2) * (x2 - x1)/r + G*m1/(r**2) * (x1 - x2)/r + s1*(vx2 - vx1)/r + s2*(vy2 - vy1)/r')
    - L1: inverse-square term + Newton accel-fit converges ('G*m2/(r**2) - alpha*s1*s2/(r**2)')
    - L6: law verified invariant under P:(x->-x,v->-v,s->-s) ('G*m2/(r**2) - alpha*s1*s2/(r**2)')
    - L1: inverse-square term + Newton accel-fit converges ('G*m2/(r**2) - s1*s2/(r**2)')
    - L6: law verified invariant under P:(x->-x,v->-v,s->-s) ('G*m2/(r**2) - s1*s2/(r**2)')
    - L1: inverse-square term + Newton accel-fit converges ('G*r - alpha/r**2.5 + beta*sin(kappa*r) + gamma*s1*s2/r**2')
    - L2: second radial term ~r**-2.5 + correction-basis RSS reduction 0.251 >= 0.05 ('G*r - alpha/r**2.5 + beta*sin(kappa*r) + gamma*s1*s2/r**2')
    - L6: law verified invariant under P:(x->-x,v->-v,s->-s) ('G*r - alpha/r**2.5 + beta*sin(kappa*r) + gamma*s1*s2/r**2')
  distinct symbolic_form count=38 (sample up to 30):
    (-alpha/r**2) + (beta*s1*s2/r**p)*(1 + gamma*cos(omega*log(r)))
    (G * s1 * s2 / r**p) * (1 + alpha * cos(omega * log(r)))
    (G * s1*s2 / r**p) * (1 + A * cos(omega * log(r)))
    (G*m1*m2/r**2.2) * (1 + A*(s1+s2) * cos(omega*log(r)))
    (k*s1*s2/r**p) * (1 + alpha*cos(beta*log(r)))
    (s1 * s2 / r**p) * (1 + alpha * cos(omega * log(r)))
    (s1*m2 - s2*m1) / (r**2 * (m1 + m2))
    (s1*s2 - C)/r**2 * (1 + A*cos(omega*log(r)))
    (s1*s2/r**2) * (1 + alpha*cos(beta*log(r))) - gamma/r**delta
    (s1*s2/r**alpha) * (1 + beta*cos(omega*log(r/r0)))
    -G*m1*m2/r**2 * (1 + alpha * s1*s2 * cos(omega * log(r)))
    -G*m1*m2/r**2 + alpha/r**3.4 + beta*sin(k*r)
    -G*m1*m2/r**2 + s1*s2*alpha*cos(omega*log(r/r0))/r**beta
    -G*m2/r**(p0 + alpha*s1*s2*cos(omega*log(r)))
    -G*m2/r**2 + (alpha*s2/r**2.5) * cos(omega*log(r))
    -G*m2/r**2 + s2*alpha/r**p * cos(omega*log(r))
    -G*s1*s2/r**2 * (1 + alpha * cos(beta * log(r)))
    -G*s1*s2/r**p - A*cos(k*log(r))/r**p
    G * s1 * s2 * (r**-alpha) * cos(beta * log(r) + delta)
    G * s1 * s2 / r**p + A * cos(omega * log(r)) / r**2
    G*(m1*m2)/(r**2)
    G*m1*m2/(r**2) * (x2 - x1)/r + s1*(vx2 - vx1)/r
    G*m1*m2/(r**2) * (x2 - x1)/r + s1*(vx2 - vx1)/r + s2*(vy2 - vy1)/r
    G*m1*m2/r**2 + alpha*s1*s2/r**3
    G*m1*m2/r**2.2 + alpha*sin(k*r)*exp(-beta*r)
    G*m1*m2/r**2.2 - alpha*s1*s2*sin(k*r)
    G*m1*m2/r**2.2 - alpha*s1*s2*sin(k*r) / r**2
    G*m1*m2/r**2.2 - alpha*sin(k*r)/r**2
    G*m1*m2/r**2.5 + alpha*sin(k*r) + beta*s1*s2/r**3
    G*m2/(r**2) * (x2 - x1)/r + G*m1/(r**2) * (x1 - x2)/r + s1*(vx2 - vx1)/r + s2*(vy2 - vy1)/r
========================================================================
