2026-06-07 22:22:08,778 [INFO] ascension.benchmarks.alien_depth: alien_depth: max_depth=6 per_layer=(True, True, True, False, False, True) held_out_rmse=0.32083882427693194 q_drift=None n_hyp=40 elapsed_ms=10637
========================================================================
ALIEN RUN de94529e-f67d-4b01-b68b-db8d7306ba1f
  run.status=completed  halt_reason=duration_exceeded
  PROVENANCE (P-15.2-6): benchmark_system='alien_universe'  included_in_distillation_v1=False
  SCORING MODE: FAMILY-V2 (V2 law: sum coupling + r^-2.5; L3/L4 vs held-out sums {4,6})
  node types: {'dispute': 5, 'hypothesis': 40}
  hypothesis nodes=40  status_breakdown={'active': 34, 'contested': 6}
  SPEND: 124 llm_calls, $1.3847 total
    provider='google': 96 calls, $1.3847
    provider='nvidia': 28 calls, $0.0000
------------------------------------------------------------------------
  DISCOVERY DEPTH (P-15.2-1/2/3): max_depth=6
    per_layer L1..L6 = (True, True, True, False, False, True)
    HONEST consecutive force-law depth (L1-L4, L-057) = 3   [L5=False L6=True reported separately, non-consecutive]
    held_out_rss_reduction=0.32083882427693194  q_drift=None
  scorer notes (88):
    - L6: law verified invariant under P:(x->-x,v->-v,s->-s) ('(-G*m1*m2/r**alpha) * (1 + s1*s2*A*cos(omega*log(r)))')
    - L1: inverse-square term + Newton accel-fit converges ('(G * s1 * s2 / r**2) * (1 + alpha * cos(beta * log(r)))')
    - L6: law verified invariant under P:(x->-x,v->-v,s->-s) ('(G * s1 * s2 / r**2) * (1 + alpha * cos(beta * log(r)))')
    - L1: inverse-square term + Newton accel-fit converges ('(G*m1*m2/r**2) * (1 + (s1+s2)*cos(omega*log(r)))')
    - L3: hidden sum does real work, hidden-basis RSS reduction 0.321 (+rationale tiebreaker) ('(G*m1*m2/r**2) * (1 + (s1+s2)*cos(omega*log(r)))')
    - L6 DENIED: claimed symmetry not verified by sympy ('(G*m1*m2/r**2) * (1 + (s1+s2)*cos(omega*log(r)))')
    - L6: law verified invariant under P:(x->-x,v->-v,s->-s) ('(alpha + beta * s1 * s2) * r**(-p) * cos(omega * log(r) + delta)')
    - L6: law verified invariant under P:(x->-x,v->-v,s->-s) ('(kappa * s1 * s2 / r**p) * (1 + beta * cos(omega * log(r)))')
    - L6: law verified invariant under P:(x->-x,v->-v,s->-s) ('(s1 * s2 / r**gamma) * (1 + alpha * cos(omega * log(r)))')
    - L1: inverse-square term + Newton accel-fit converges ('-G*m1*m2/r**2 - alpha/r**3.4 + beta*s1*s2/r**2*sin(k*r)')
    - L2 DENIED: second radial term exponent not ~-2.5 ('-G*m1*m2/r**2 - alpha/r**3.4 + beta*s1*s2/r**2*sin(k*r)')
    - L6: law verified invariant under P:(x->-x,v->-v,s->-s) ('-G*m1*m2/r**2 - alpha/r**3.4 + beta*s1*s2/r**2*sin(k*r)')
    - L1: inverse-square term + Newton accel-fit converges ('-G/r**2 + (kappa * s1 * s2 / r**3) * cos(omega * log(r))')
    - L2 DENIED: second radial term exponent not ~-2.5 ('-G/r**2 + (kappa * s1 * s2 / r**3) * cos(omega * log(r))')
    - L6: law verified invariant under P:(x->-x,v->-v,s->-s) ('-G/r**2 + (kappa * s1 * s2 / r**3) * cos(omega * log(r))')
    - L1: inverse-square term + Newton accel-fit converges ('-G/r**2 + alpha * s1*s2 * cos(beta * log(r)) / r**3')
    - L2 DENIED: second radial term exponent not ~-2.5 ('-G/r**2 + alpha * s1*s2 * cos(beta * log(r)) / r**3')
    - L6: law verified invariant under P:(x->-x,v->-v,s->-s) ('-G/r**2 + alpha * s1*s2 * cos(beta * log(r)) / r**3')
    - L1: inverse-square term + Newton accel-fit converges ('G * m1 * m2 / r**p + alpha * s1 * s2 * cos(omega * log(r)) / r**2')
    - L6: law verified invariant under P:(x->-x,v->-v,s->-s) ('G * m1 * m2 / r**p + alpha * s1 * s2 * cos(omega * log(r)) / r**2')
    - L1: inverse-square term + Newton accel-fit converges ('G*m1*m2/r**2 * (1 + s1*s2*cos(kappa*log(r)))')
    - L6: law verified invariant under P:(x->-x,v->-v,s->-s) ('G*m1*m2/r**2 * (1 + s1*s2*cos(kappa*log(r)))')
    - L1: inverse-square term + Newton accel-fit converges ('G*m1*m2/r**2 + alpha*r**(-p) + beta*s1*s2/r**3*sin(k*r)')
    - L2 DENIED: second radial term exponent not ~-2.5 ('G*m1*m2/r**2 + alpha*r**(-p) + beta*s1*s2/r**3*sin(k*r)')
    - L6: law verified invariant under P:(x->-x,v->-v,s->-s) ('G*m1*m2/r**2 + alpha*r**(-p) + beta*s1*s2/r**3*sin(k*r)')
    - L1: inverse-square term + Newton accel-fit converges ('G*m1*m2/r**2 + alpha*s1*s2/r**2.5 + beta*sin(kappa*r)')
    - L2: second radial term ~r**-2.5 + correction-basis RSS reduction 0.251 >= 0.05 ('G*m1*m2/r**2 + alpha*s1*s2/r**2.5 + beta*sin(kappa*r)')
    - L6: law verified invariant under P:(x->-x,v->-v,s->-s) ('G*m1*m2/r**2 + alpha*s1*s2/r**2.5 + beta*sin(kappa*r)')
    - L1: inverse-square term + Newton accel-fit converges ('G*m1*m2/r**2 + alpha*s1*s2/r**3')
    - L2 DENIED: second radial term exponent not ~-2.5 ('G*m1*m2/r**2 + alpha*s1*s2/r**3')
    - L6: law verified invariant under P:(x->-x,v->-v,s->-s) ('G*m1*m2/r**2 + alpha*s1*s2/r**3')
    - L1: inverse-square term + Newton accel-fit converges ('G*m1*m2/r**2 + alpha*s1*s2/r**3')
    - L2 DENIED: second radial term exponent not ~-2.5 ('G*m1*m2/r**2 + alpha*s1*s2/r**3')
    - L6: law verified invariant under P:(x->-x,v->-v,s->-s) ('G*m1*m2/r**2 + alpha*s1*s2/r**3')
    - L1: inverse-square term + Newton accel-fit converges ('G*m1*m2/r**2 + alpha*s1*s2/r**3 + beta*(vx1*vx2 + vy1*vy2)/r**2')
    - L2 DENIED: second radial term exponent not ~-2.5 ('G*m1*m2/r**2 + alpha*s1*s2/r**3 + beta*(vx1*vx2 + vy1*vy2)/r**2')
    - L6: law verified invariant under P:(x->-x,v->-v,s->-s) ('G*m1*m2/r**2 + alpha*s1*s2/r**3 + beta*(vx1*vx2 + vy1*vy2)/r**2')
    - L1: inverse-square term + Newton accel-fit converges ('G*m1*m2/r**2 + alpha*s1*s2/r**3 + beta*(vx1*vx2 + vy1*vy2)/r**2')
    - L2 DENIED: second radial term exponent not ~-2.5 ('G*m1*m2/r**2 + alpha*s1*s2/r**3 + beta*(vx1*vx2 + vy1*vy2)/r**2')
    - L6: law verified invariant under P:(x->-x,v->-v,s->-s) ('G*m1*m2/r**2 + alpha*s1*s2/r**3 + beta*(vx1*vx2 + vy1*vy2)/r**2')
    - L1: inverse-square term + Newton accel-fit converges ('G*m1*m2/r**2 + alpha*s1*s2/r**3 + beta*(vx1*vx2 + vy1*vy2)/r**2')
    - L2 DENIED: second radial term exponent not ~-2.5 ('G*m1*m2/r**2 + alpha*s1*s2/r**3 + beta*(vx1*vx2 + vy1*vy2)/r**2')
    - L6: law verified invariant under P:(x->-x,v->-v,s->-s) ('G*m1*m2/r**2 + alpha*s1*s2/r**3 + beta*(vx1*vx2 + vy1*vy2)/r**2')
    - L1: inverse-square term + Newton accel-fit converges ('G*m1*m2/r**2 + alpha*s1*s2/r**3.4 + beta*(vx1*vx2 + vy1*vy2)/r**2')
    - L2 DENIED: second radial term exponent not ~-2.5 ('G*m1*m2/r**2 + alpha*s1*s2/r**3.4 + beta*(vx1*vx2 + vy1*vy2)/r**2')
    - L6: law verified invariant under P:(x->-x,v->-v,s->-s) ('G*m1*m2/r**2 + alpha*s1*s2/r**3.4 + beta*(vx1*vx2 + vy1*vy2)/r**2')
    - L1: inverse-square term + Newton accel-fit converges ('G*m1*m2/r**2.2 + alpha*sin(k*r) + beta/r**3')
    - L2 DENIED: second radial term exponent not ~-2.5 ('G*m1*m2/r**2.2 + alpha*sin(k*r) + beta/r**3')
    - L1: inverse-square term + Newton accel-fit converges ('G*m1*m2/r**2.2 + alpha*sin(k*r)*exp(-beta*r)')
    - L1: inverse-square term + Newton accel-fit converges ('G*m1*m2/r**2.2 - alpha*s1*s2*sin(k*r)')
    - L6: law verified invariant under P:(x->-x,v->-v,s->-s) ('G*m1*m2/r**2.2 - alpha*s1*s2*sin(k*r)')
    - L1: inverse-square term + Newton accel-fit converges ('G*m1*m2/r**2.2 - alpha*s1*s2/r**2*cos(2*3.14*r)')
    - L6: law verified invariant under P:(x->-x,v->-v,s->-s) ('G*m1*m2/r**2.2 - alpha*s1*s2/r**2*cos(2*3.14*r)')
    - L1: inverse-square term + Newton accel-fit converges ('G*m2/(m1 + m2)*r/(r**2) - s1*s2/(r**2)')
    - L6: law verified invariant under P:(x->-x,v->-v,s->-s) ('G*m2/(m1 + m2)*r/(r**2) - s1*s2/(r**2)')
    - L2 DENIED: second radial term exponent not ~-2.5 ('G*m2/(m1+m2)*r/(r**2 + s1**2 + s2**2)')
    - L6: law verified invariant under P:(x->-x,v->-v,s->-s) ('G*m2/(m1+m2)*r/(r**2 + s1**2 + s2**2)')
    - L1: inverse-square term + Newton accel-fit converges ('G*m2/(m1+m2)*r/(r**2) - alpha*s1*s2/r**2')
    - L6: law verified invariant under P:(x->-x,v->-v,s->-s) ('G*m2/(m1+m2)*r/(r**2) - alpha*s1*s2/r**2')
    - L2 DENIED: second radial term exponent not ~-2.5 ('G*m2/(m1+m2)*x2/r**3 - G*m1/(m1+m2)*x1/r**3 + s1*vx1 + s2*vx2')
  distinct symbolic_form count=37 (sample up to 30):
    (-G*m1*m2/r**alpha) * (1 + s1*s2*A*cos(omega*log(r)))
    (G * s1 * s2 / r**2) * (1 + alpha * cos(beta * log(r)))
    (G*m1*m2/r**2) * (1 + (s1+s2)*cos(omega*log(r)))
    (alpha + beta * s1 * s2) * r**(-p) * cos(omega * log(r) + delta)
    (kappa * s1 * s2 / r**p) * (1 + beta * cos(omega * log(r)))
    (s1 * s2 / r**gamma) * (1 + alpha * cos(omega * log(r)))
    -G*m1*m2/r**2 - alpha/r**3.4 + beta*s1*s2/r**2*sin(k*r)
    -G/r**2 + (kappa * s1 * s2 / r**3) * cos(omega * log(r))
    -G/r**2 + alpha * s1*s2 * cos(beta * log(r)) / r**3
    G * m1 * m2 / r**p + alpha * s1 * s2 * cos(omega * log(r)) / r**2
    G*m1*m2/r**2 * (1 + s1*s2*cos(kappa*log(r)))
    G*m1*m2/r**2 + alpha*r**(-p) + beta*s1*s2/r**3*sin(k*r)
    G*m1*m2/r**2 + alpha*s1*s2/r**2.5 + beta*sin(kappa*r)
    G*m1*m2/r**2 + alpha*s1*s2/r**3
    G*m1*m2/r**2 + alpha*s1*s2/r**3 + beta*(vx1*vx2 + vy1*vy2)/r**2
    G*m1*m2/r**2 + alpha*s1*s2/r**3.4 + beta*(vx1*vx2 + vy1*vy2)/r**2
    G*m1*m2/r**2.2 + alpha*sin(k*r) + beta/r**3
    G*m1*m2/r**2.2 + alpha*sin(k*r)*exp(-beta*r)
    G*m1*m2/r**2.2 - alpha*s1*s2*sin(k*r)
    G*m1*m2/r**2.2 - alpha*s1*s2/r**2*cos(2*3.14*r)
    G*m2/(m1 + m2)*r/(r**2) - s1*s2/(r**2)
    G*m2/(m1+m2)*r/(r**2 + s1**2 + s2**2)
    G*m2/(m1+m2)*r/(r**2) - alpha*s1*s2/r**2
    G*m2/(m1+m2)*x2/r**3 - G*m1/(m1+m2)*x1/r**3 + s1*vx1 + s2*vx2
    G*m2/(r**2) - s1*s2/(r**2)
    G*m2/r**2 * (1 + alpha*s1*s2*cos(omega*log(r)))
    G*r - alpha/r**2 + beta*r*log(r) + gamma*s1*s2/r**3
    G*r - alpha/r**2.5 + beta*sin(kappa*r) + gamma*s1*s2/r**2
    G*r/(r**2 + alpha*r**beta) + kappa*sin(gamma*log(r))
    G*s1*s2/r**2 + alpha*s1*s2*r**(-p)*cos(omega*log(r) + phi)
========================================================================
