2026-06-07 21:41:19,590 [INFO] ascension.benchmarks.alien_depth: alien_depth: max_depth=6 per_layer=(True, True, True, False, False, True) held_out_rmse=0.32083882427693194 q_drift=None n_hyp=39 elapsed_ms=11268
========================================================================
ALIEN RUN dec785d2-4302-44f7-a9b3-bac1363774c6
  run.status=completed  halt_reason=duration_exceeded
  PROVENANCE (P-15.2-6): benchmark_system='alien_universe'  included_in_distillation_v1=False
  SCORING MODE: FAMILY-V2 (V2 law: sum coupling + r^-2.5; L3/L4 vs held-out sums {4,6})
  node types: {'dispute': 6, 'hypothesis': 39}
  hypothesis nodes=39  status_breakdown={'active': 30, 'contested': 9}
  SPEND: 115 llm_calls, $1.6645 total
    provider='google': 95 calls, $1.6645
    provider='nvidia': 20 calls, $0.0000
------------------------------------------------------------------------
  DISCOVERY DEPTH (P-15.2-1/2/3): max_depth=6
    per_layer L1..L6 = (True, True, True, False, False, True)
    HONEST consecutive force-law depth (L1-L4, L-057) = 3   [L5=False L6=True reported separately, non-consecutive]
    held_out_rss_reduction=0.32083882427693194  q_drift=None
  scorer notes (94):
    - L1: inverse-square term + Newton accel-fit converges ('((alpha*s1*s2 - beta*m1*m2)/r**2) * (1 + A*cos(omega*log(r)))')
    - L6: law verified invariant under P:(x->-x,v->-v,s->-s) ('((alpha*s1*s2 - beta*m1*m2)/r**2) * (1 + A*cos(omega*log(r)))')
    - L6: law verified invariant under P:(x->-x,v->-v,s->-s) ('(G * s1 * s2 / r**alpha) * (1 + beta * cos(k * log(r)))')
    - L6: law verified invariant under P:(x->-x,v->-v,s->-s) ('(alpha*s1*s2 - beta*m1*m2)/(m1 * r**p) + gamma * cos(omega * log(r)) / (m1 * r**q)')
    - L1: inverse-square term + Newton accel-fit converges ('(alpha*s1*s2 - beta*m1*m2)/r**2 - gamma/r**3.4')
    - L2 DENIED: second radial term exponent not ~-2.5 ('(alpha*s1*s2 - beta*m1*m2)/r**2 - gamma/r**3.4')
    - L6: law verified invariant under P:(x->-x,v->-v,s->-s) ('(alpha*s1*s2 - beta*m1*m2)/r**2 - gamma/r**3.4')
    - L1: inverse-square term + Newton accel-fit converges ('(kappa*m2*s1*s2/r**2) * (1 + alpha * cos(beta * log(r)))')
    - L6: law verified invariant under P:(x->-x,v->-v,s->-s) ('(kappa*m2*s1*s2/r**2) * (1 + alpha * cos(beta * log(r)))')
    - L1: inverse-square term + Newton accel-fit converges ('(s1 + s2) / r**2')
    - L3: hidden sum does real work, hidden-basis RSS reduction 0.321 ('(s1 + s2) / r**2')
    - L6 DENIED: claimed symmetry not verified by sympy ('(s1 + s2) / r**2')
    - L1: inverse-square term + Newton accel-fit converges ('(s1*s2 / r**2) * (1 + alpha * cos(beta * log(r)))')
    - L6: law verified invariant under P:(x->-x,v->-v,s->-s) ('(s1*s2 / r**2) * (1 + alpha * cos(beta * log(r)))')
    - L1: inverse-square term + Newton accel-fit converges ('(s1*s2*G/r**2) * (1 + alpha * cos(omega * log(r)))')
    - L6: law verified invariant under P:(x->-x,v->-v,s->-s) ('(s1*s2*G/r**2) * (1 + alpha * cos(omega * log(r)))')
    - L1: inverse-square term + Newton accel-fit converges ('-G*m1*m2/r**2 + (alpha*s1*s2/r**3) * cos(omega*log(r))')
    - L2 DENIED: second radial term exponent not ~-2.5 ('-G*m1*m2/r**2 + (alpha*s1*s2/r**3) * cos(omega*log(r))')
    - L6: law verified invariant under P:(x->-x,v->-v,s->-s) ('-G*m1*m2/r**2 + (alpha*s1*s2/r**3) * cos(omega*log(r))')
    - L1: inverse-square term + Newton accel-fit converges ('-G*m1*m2/r**2 + s1*s2/r**3 * cos(alpha*log(r))')
    - L2 DENIED: second radial term exponent not ~-2.5 ('-G*m1*m2/r**2 + s1*s2/r**3 * cos(alpha*log(r))')
    - L6: law verified invariant under P:(x->-x,v->-v,s->-s) ('-G*m1*m2/r**2 + s1*s2/r**3 * cos(alpha*log(r))')
    - L1: inverse-square term + Newton accel-fit converges ('-G*m1*m2/r**2 - k*s1*s2/r**4')
    - L2 DENIED: second radial term exponent not ~-2.5 ('-G*m1*m2/r**2 - k*s1*s2/r**4')
    - L6: law verified invariant under P:(x->-x,v->-v,s->-s) ('-G*m1*m2/r**2 - k*s1*s2/r**4')
    - L1: inverse-square term + Newton accel-fit converges ('-G*m2/r**2 + (beta * s1 * s2 / r**3.4) * (1 + A * cos(omega * log(r)))')
    - L2 DENIED: second radial term exponent not ~-2.5 ('-G*m2/r**2 + (beta * s1 * s2 / r**3.4) * (1 + A * cos(omega * log(r)))')
    - L6: law verified invariant under P:(x->-x,v->-v,s->-s) ('-G*m2/r**2 + (beta * s1 * s2 / r**3.4) * (1 + A * cos(omega * log(r)))')
    - L1: inverse-square term + Newton accel-fit converges ('-G*m2/r**2 + alpha*(s1*s2)/r**3.4 * cos(omega*log(r))')
    - L2 DENIED: second radial term exponent not ~-2.5 ('-G*m2/r**2 + alpha*(s1*s2)/r**3.4 * cos(omega*log(r))')
    - L6: law verified invariant under P:(x->-x,v->-v,s->-s) ('-G*m2/r**2 + alpha*(s1*s2)/r**3.4 * cos(omega*log(r))')
    - L1: inverse-square term + Newton accel-fit converges ('-G*m2/r**2 + alpha*s1*s2/(m1*r**3.4)')
    - L2 DENIED: second radial term exponent not ~-2.5 ('-G*m2/r**2 + alpha*s1*s2/(m1*r**3.4)')
    - L6: law verified invariant under P:(x->-x,v->-v,s->-s) ('-G*m2/r**2 + alpha*s1*s2/(m1*r**3.4)')
    - L1: inverse-square term + Newton accel-fit converges ('-G*m2/r**2 + beta*s1*s2/r**3.4')
    - L2 DENIED: second radial term exponent not ~-2.5 ('-G*m2/r**2 + beta*s1*s2/r**3.4')
    - L6: law verified invariant under P:(x->-x,v->-v,s->-s) ('-G*m2/r**2 + beta*s1*s2/r**3.4')
    - L1: inverse-square term + Newton accel-fit converges ('-G*m2/r**2 + k*(s1+s2)*m2/r**3.4')
    - L2 DENIED: second radial term exponent not ~-2.5 ('-G*m2/r**2 + k*(s1+s2)*m2/r**3.4')
    - L3: hidden sum does real work, hidden-basis RSS reduction 0.321 (+rationale tiebreaker) ('-G*m2/r**2 + k*(s1+s2)*m2/r**3.4')
    - L6 DENIED: claimed symmetry not verified by sympy ('-G*m2/r**2 + k*(s1+s2)*m2/r**3.4')
    - L2 DENIED: second radial term exponent not ~-2.5 ('G*m1*m2/(r**2) * (x2 - x1)/r + G*m1*m2/(r**2) * (y2 - y1)/r * s1*s2')
    - L6: law verified invariant under P:(x->-x,v->-v,s->-s) ('G*m1*m2/(r**2) * (x2 - x1)/r + G*m1*m2/(r**2) * (y2 - y1)/r * s1*s2')
    - L2 DENIED: second radial term exponent not ~-2.5 ('G*m1*m2/(r**2) * (x2 - x1)/r + s1*(vx2 - vx1)/r')
    - L6 DENIED: claimed symmetry not verified by sympy ('G*m1*m2/(r**2) * (x2 - x1)/r + s1*(vx2 - vx1)/r')
    - L1: inverse-square term + Newton accel-fit converges ('G*m1*m2/r**2 + alpha*(s1*s2)/r**3.4')
    - L2 DENIED: second radial term exponent not ~-2.5 ('G*m1*m2/r**2 + alpha*(s1*s2)/r**3.4')
    - L6: law verified invariant under P:(x->-x,v->-v,s->-s) ('G*m1*m2/r**2 + alpha*(s1*s2)/r**3.4')
    - L1: inverse-square term + Newton accel-fit converges ('G*m1*m2/r**2 + alpha*(s1*s2)/r**3.4 + beta*sin(k*r)')
    - L2 DENIED: second radial term exponent not ~-2.5 ('G*m1*m2/r**2 + alpha*(s1*s2)/r**3.4 + beta*sin(k*r)')
    - L6: law verified invariant under P:(x->-x,v->-v,s->-s) ('G*m1*m2/r**2 + alpha*(s1*s2)/r**3.4 + beta*sin(k*r)')
    - L1: inverse-square term + Newton accel-fit converges ('G*m1*m2/r**2 + alpha*s1*s2/r**2*log(r)')
    - L6: law verified invariant under P:(x->-x,v->-v,s->-s) ('G*m1*m2/r**2 + alpha*s1*s2/r**2*log(r)')
    - L1: inverse-square term + Newton accel-fit converges ('G*m1*m2/r**2 + alpha/r**3.4')
    - L2 DENIED: second radial term exponent not ~-2.5 ('G*m1*m2/r**2 + alpha/r**3.4')
    - L1: inverse-square term + Newton accel-fit converges ('G*m1*m2/r**2 + alpha/r**3.4 + beta*sin(gamma*r)')
    - L2 DENIED: second radial term exponent not ~-2.5 ('G*m1*m2/r**2 + alpha/r**3.4 + beta*sin(gamma*r)')
    - L1: inverse-square term + Newton accel-fit converges ('G*m1*m2/r**2 + kappa/r**3.4')
    - L2 DENIED: second radial term exponent not ~-2.5 ('G*m1*m2/r**2 + kappa/r**3.4')
    - L1: inverse-square term + Newton accel-fit converges ('G*m1*m2/r**2 + kappa/r**3.4')
  distinct symbolic_form count=38 (sample up to 30):
    ((alpha*s1*s2 - beta*m1*m2)/r**2) * (1 + A*cos(omega*log(r)))
    (G * s1 * s2 / r**alpha) * (1 + beta * cos(k * log(r)))
    (alpha*s1*s2 - beta*m1*m2)/(m1 * r**p) + gamma * cos(omega * log(r)) / (m1 * r**q)
    (alpha*s1*s2 - beta*m1*m2)/r**2 - gamma/r**3.4
    (kappa*m2*s1*s2/r**2) * (1 + alpha * cos(beta * log(r)))
    (s1 + s2) / r**2
    (s1*s2 / r**2) * (1 + alpha * cos(beta * log(r)))
    (s1*s2*G/r**2) * (1 + alpha * cos(omega * log(r)))
    -G*m1*m2/r**2 + (alpha*s1*s2/r**3) * cos(omega*log(r))
    -G*m1*m2/r**2 + s1*s2/r**3 * cos(alpha*log(r))
    -G*m1*m2/r**2 - k*s1*s2/r**4
    -G*m2/r**2 + (beta * s1 * s2 / r**3.4) * (1 + A * cos(omega * log(r)))
    -G*m2/r**2 + alpha*(s1*s2)/r**3.4 * cos(omega*log(r))
    -G*m2/r**2 + alpha*s1*s2/(m1*r**3.4)
    -G*m2/r**2 + beta*s1*s2/r**3.4
    -G*m2/r**2 + k*(s1+s2)*m2/r**3.4
    G*m1*m2/(r**2) * (x2 - x1)/r + G*m1*m2/(r**2) * (y2 - y1)/r * s1*s2
    G*m1*m2/(r**2) * (x2 - x1)/r + s1*(vx2 - vx1)/r
    G*m1*m2/r**2 + alpha*(s1*s2)/r**3.4
    G*m1*m2/r**2 + alpha*(s1*s2)/r**3.4 + beta*sin(k*r)
    G*m1*m2/r**2 + alpha*s1*s2/r**2*log(r)
    G*m1*m2/r**2 + alpha/r**3.4
    G*m1*m2/r**2 + alpha/r**3.4 + beta*sin(gamma*r)
    G*m1*m2/r**2 + kappa/r**3.4
    G*m1*m2/r**2 + kappa/r**3.4 + alpha*s1*s2*cos(omega*r)
    G*m1*m2/r**2 + kappa/r**3.4 + alpha*s1*s2*sin(r)
    G*m1*m2/r**2 + s1*s2*alpha/r**3.4 * cos(beta * log(r))
    G*m1*m2/r**2.2 + alpha*sin(k*r)*r**(-1.5) + beta*r**(-2.8)
    G*m2/(r**2)
    G*m2/r**2 - H*s1*s2/r**3.4
========================================================================
