2026-06-02 20:47:08,178 [INFO] ascension.benchmarks.alien_depth: alien_depth: max_depth=6 per_layer=(True, False, True, False, False, True) held_out_rmse=0.21206819539332167 q_drift=None n_hyp=6 elapsed_ms=13742
========================================================================
ALIEN RUN a4dec7f1-0a4b-4435-b2df-1e941c068af9
  run.status=completed  halt_reason=call_budget_exceeded
  PROVENANCE (P-15.2-6): benchmark_system='alien_universe'  included_in_distillation_v1=False
  SCORING MODE: FAMILY (L3/L4 vs held-out products {3,5})
  node types: {'hypothesis': 6}
  hypothesis nodes=6  status_breakdown={'active': 6}
  SPEND: 15 llm_calls, $1.4287 total
    provider='google': 15 calls, $1.4287
------------------------------------------------------------------------
  DISCOVERY DEPTH (P-15.2-1/2/3): max_depth=6
    per_layer L1..L6 = (True, False, True, False, False, True)
    HONEST consecutive force-law depth (L1-L4, L-057) = 1   [L5=False L6=True reported separately, non-consecutive]
    held_out_rss_reduction=0.21206819539332167  q_drift=None
  scorer notes (24):
    - L1: inverse-square term + Newton accel-fit converges ('(kappa * s1 * s2 / r**3) - (G / r**2)')
    - L2 DENIED: second radial term exponent not ~-3.5 ('(kappa * s1 * s2 / r**3) - (G / r**2)')
    - L3: hidden product does real work, hidden-basis RSS reduction 0.212 (+rationale tiebreaker) ('(kappa * s1 * s2 / r**3) - (G / r**2)')
    - L6: law verified invariant under P:(x->-x,v->-v,s->-s) ('(kappa * s1 * s2 / r**3) - (G / r**2)')
    - L1: inverse-square term + Newton accel-fit converges ('(s1*s2)/r**4 - k/r**2')
    - L2 DENIED: second radial term exponent not ~-3.5 ('(s1*s2)/r**4 - k/r**2')
    - L3: hidden product does real work, hidden-basis RSS reduction 0.212 ('(s1*s2)/r**4 - k/r**2')
    - L6: law verified invariant under P:(x->-x,v->-v,s->-s) ('(s1*s2)/r**4 - k/r**2')
    - L1: inverse-square term + Newton accel-fit converges ('(s1*s2/r**2 + kappa/r**3) / m1')
    - L2 DENIED: second radial term exponent not ~-3.5 ('(s1*s2/r**2 + kappa/r**3) / m1')
    - L3: hidden product does real work, hidden-basis RSS reduction 0.212 (+rationale tiebreaker) ('(s1*s2/r**2 + kappa/r**3) / m1')
    - L6: law verified invariant under P:(x->-x,v->-v,s->-s) ('(s1*s2/r**2 + kappa/r**3) / m1')
    - L1: inverse-square term + Newton accel-fit converges ('alpha*s1*s2/r**2 - beta/r**3')
    - L2 DENIED: second radial term exponent not ~-3.5 ('alpha*s1*s2/r**2 - beta/r**3')
    - L3: hidden product does real work, hidden-basis RSS reduction 0.212 (+rationale tiebreaker) ('alpha*s1*s2/r**2 - beta/r**3')
    - L6: law verified invariant under P:(x->-x,v->-v,s->-s) ('alpha*s1*s2/r**2 - beta/r**3')
    - L1: inverse-square term + Newton accel-fit converges ('m2 * (s1*s2/r**3 - kappa/r**2)')
    - L2 DENIED: second radial term exponent not ~-3.5 ('m2 * (s1*s2/r**3 - kappa/r**2)')
    - L3: hidden product does real work, hidden-basis RSS reduction 0.212 (+rationale tiebreaker) ('m2 * (s1*s2/r**3 - kappa/r**2)')
    - L6: law verified invariant under P:(x->-x,v->-v,s->-s) ('m2 * (s1*s2/r**3 - kappa/r**2)')
    - L1: inverse-square term + Newton accel-fit converges ('s1*s2/r**2 - 2.0/r**3')
    - L2 DENIED: second radial term exponent not ~-3.5 ('s1*s2/r**2 - 2.0/r**3')
    - L3: hidden product does real work, hidden-basis RSS reduction 0.212 (+rationale tiebreaker) ('s1*s2/r**2 - 2.0/r**3')
    - L6: law verified invariant under P:(x->-x,v->-v,s->-s) ('s1*s2/r**2 - 2.0/r**3')
  distinct symbolic_form count=6 (sample up to 30):
    (kappa * s1 * s2 / r**3) - (G / r**2)
    (s1*s2)/r**4 - k/r**2
    (s1*s2/r**2 + kappa/r**3) / m1
    alpha*s1*s2/r**2 - beta/r**3
    m2 * (s1*s2/r**3 - kappa/r**2)
    s1*s2/r**2 - 2.0/r**3
========================================================================
