2026-06-02 21:13:38,112 [INFO] ascension.benchmarks.alien_depth: alien_depth: max_depth=6 per_layer=(True, False, True, False, False, True) held_out_rmse=0.21206819539332167 q_drift=None n_hyp=7 elapsed_ms=13614
========================================================================
ALIEN RUN ed4a1928-03f3-4bf7-8ce8-9e8768d1ec33
  run.status=completed  halt_reason=call_budget_exceeded
  PROVENANCE (P-15.2-6): benchmark_system='alien_universe'  included_in_distillation_v1=False
  SCORING MODE: FAMILY (L3/L4 vs held-out products {3,5})
  node types: {'dispute': 2, 'hypothesis': 7}
  hypothesis nodes=7  status_breakdown={'contested': 3, 'active': 4}
  SPEND: 19 llm_calls, $0.5937 total
    provider='google': 19 calls, $0.5937
------------------------------------------------------------------------
  DISCOVERY DEPTH (P-15.2-1/2/3): max_depth=6
    per_layer L1..L6 = (True, False, True, False, False, True)
    HONEST consecutive force-law depth (L1-L4, L-057) = 1   [L5=False L6=True reported separately, non-consecutive]
    held_out_rss_reduction=0.21206819539332167  q_drift=None
  scorer notes (26):
    - L1: inverse-square term + Newton accel-fit converges ('(-G/r**2) * cos(kappa * (s1+s2) * r)')
    - L6: law verified invariant under P:(x->-x,v->-v,s->-s) ('(-G/r**2) * cos(kappa * (s1+s2) * r)')
    - L1: inverse-square term + Newton accel-fit converges ('(k * s1 * s2 / r**3) - (G / r**2)')
    - L2 DENIED: second radial term exponent not ~-3.5 ('(k * s1 * s2 / r**3) - (G / r**2)')
    - L3: hidden product does real work, hidden-basis RSS reduction 0.212 (+rationale tiebreaker) ('(k * s1 * s2 / r**3) - (G / r**2)')
    - L6: law verified invariant under P:(x->-x,v->-v,s->-s) ('(k * s1 * s2 / r**3) - (G / r**2)')
    - L1: inverse-square term + Newton accel-fit converges ('-A/r**2 + B*s1*s2/r**3')
    - L2 DENIED: second radial term exponent not ~-3.5 ('-A/r**2 + B*s1*s2/r**3')
    - L3: hidden product does real work, hidden-basis RSS reduction 0.212 (+rationale tiebreaker) ('-A/r**2 + B*s1*s2/r**3')
    - L6: law verified invariant under P:(x->-x,v->-v,s->-s) ('-A/r**2 + B*s1*s2/r**3')
    - L1: inverse-square term + Newton accel-fit converges ('alpha * s1 * s2 / r**3 - beta / r**2')
    - L2 DENIED: second radial term exponent not ~-3.5 ('alpha * s1 * s2 / r**3 - beta / r**2')
    - L3: hidden product does real work, hidden-basis RSS reduction 0.212 (+rationale tiebreaker) ('alpha * s1 * s2 / r**3 - beta / r**2')
    - L6: law verified invariant under P:(x->-x,v->-v,s->-s) ('alpha * s1 * s2 / r**3 - beta / r**2')
    - L1: inverse-square term + Newton accel-fit converges ('alpha*s1*s2/r**3 - beta/r**2')
    - L2 DENIED: second radial term exponent not ~-3.5 ('alpha*s1*s2/r**3 - beta/r**2')
    - L3: hidden product does real work, hidden-basis RSS reduction 0.212 (+rationale tiebreaker) ('alpha*s1*s2/r**3 - beta/r**2')
    - L6: law verified invariant under P:(x->-x,v->-v,s->-s) ('alpha*s1*s2/r**3 - beta/r**2')
    - L1: inverse-square term + Newton accel-fit converges ('alpha/r**3 - s1*s2/r**2')
    - L2 DENIED: second radial term exponent not ~-3.5 ('alpha/r**3 - s1*s2/r**2')
    - L3: hidden product does real work, hidden-basis RSS reduction 0.212 (+rationale tiebreaker) ('alpha/r**3 - s1*s2/r**2')
    - L6: law verified invariant under P:(x->-x,v->-v,s->-s) ('alpha/r**3 - s1*s2/r**2')
    - L1: inverse-square term + Newton accel-fit converges ('s1*s2 * (alpha/r + 1/r**2) * exp(-alpha*r)')
    - L2 DENIED: second radial term exponent not ~-3.5 ('s1*s2 * (alpha/r + 1/r**2) * exp(-alpha*r)')
    - L3: hidden product does real work, hidden-basis RSS reduction 0.212 ('s1*s2 * (alpha/r + 1/r**2) * exp(-alpha*r)')
    - L6: law verified invariant under P:(x->-x,v->-v,s->-s) ('s1*s2 * (alpha/r + 1/r**2) * exp(-alpha*r)')
  distinct symbolic_form count=7 (sample up to 30):
    (-G/r**2) * cos(kappa * (s1+s2) * r)
    (k * s1 * s2 / r**3) - (G / r**2)
    -A/r**2 + B*s1*s2/r**3
    alpha * s1 * s2 / r**3 - beta / r**2
    alpha*s1*s2/r**3 - beta/r**2
    alpha/r**3 - s1*s2/r**2
    s1*s2 * (alpha/r + 1/r**2) * exp(-alpha*r)
========================================================================
