2026-06-02 20:50:19,455 [INFO] ascension.benchmarks.alien_depth: alien_depth: max_depth=6 per_layer=(True, False, True, False, False, True) held_out_rmse=0.21206819539332167 q_drift=None n_hyp=6 elapsed_ms=13414
========================================================================
ALIEN RUN ec507dad-c32c-42a1-b7d4-aac8a438f518
  run.status=completed  halt_reason=call_budget_exceeded
  PROVENANCE (P-15.2-6): benchmark_system='alien_universe'  included_in_distillation_v1=False
  SCORING MODE: FAMILY (L3/L4 vs held-out products {3,5})
  node types: {'dispute': 2, 'hypothesis': 6}
  hypothesis nodes=6  status_breakdown={'contested': 2, 'active': 4}
  SPEND: 16 llm_calls, $0.5134 total
    provider='google': 16 calls, $0.5134
------------------------------------------------------------------------
  DISCOVERY DEPTH (P-15.2-1/2/3): max_depth=6
    per_layer L1..L6 = (True, False, True, False, False, True)
    HONEST consecutive force-law depth (L1-L4, L-057) = 1   [L5=False L6=True reported separately, non-consecutive]
    held_out_rss_reduction=0.21206819539332167  q_drift=None
  scorer notes (21):
    - L1: inverse-square term + Newton accel-fit converges ('(kappa * s1 * s2 / m1) / r**3 - (gamma * m2) / r**2')
    - L2 DENIED: second radial term exponent not ~-3.5 ('(kappa * s1 * s2 / m1) / r**3 - (gamma * m2) / r**2')
    - L3: hidden product does real work, hidden-basis RSS reduction 0.212 (+rationale tiebreaker) ('(kappa * s1 * s2 / m1) / r**3 - (gamma * m2) / r**2')
    - L6: law verified invariant under P:(x->-x,v->-v,s->-s) ('(kappa * s1 * s2 / m1) / r**3 - (gamma * m2) / r**2')
    - L1: inverse-square term + Newton accel-fit converges ('(s1*s2 - cos(kappa*r)) / r**2')
    - L3: hidden product does real work, hidden-basis RSS reduction 0.212 ('(s1*s2 - cos(kappa*r)) / r**2')
    - L6: law verified invariant under P:(x->-x,v->-v,s->-s) ('(s1*s2 - cos(kappa*r)) / r**2')
    - L1: inverse-square term + Newton accel-fit converges ('G * s1 * s2 / r**2 + k / r**3')
    - L2 DENIED: second radial term exponent not ~-3.5 ('G * s1 * s2 / r**2 + k / r**3')
    - L3: hidden product does real work, hidden-basis RSS reduction 0.212 (+rationale tiebreaker) ('G * s1 * s2 / r**2 + k / r**3')
    - L6: law verified invariant under P:(x->-x,v->-v,s->-s) ('G * s1 * s2 / r**2 + k / r**3')
    - L2 DENIED: second radial term exponent not ~-3.5 ('alpha * s1 * s2 / (m1 * r)')
    - L3: hidden product does real work, hidden-basis RSS reduction 0.212 ('alpha * s1 * s2 / (m1 * r)')
    - L6: law verified invariant under P:(x->-x,v->-v,s->-s) ('alpha * s1 * s2 / (m1 * r)')
    - L1: inverse-square term + Newton accel-fit converges ('k*(s1*s2/r**3 - 1/r**2)')
    - L2 DENIED: second radial term exponent not ~-3.5 ('k*(s1*s2/r**3 - 1/r**2)')
    - L3: hidden product does real work, hidden-basis RSS reduction 0.212 (+rationale tiebreaker) ('k*(s1*s2/r**3 - 1/r**2)')
    - L6: law verified invariant under P:(x->-x,v->-v,s->-s) ('k*(s1*s2/r**3 - 1/r**2)')
    - L1: inverse-square term + Newton accel-fit converges ('k*s1*s2/(m1*r**2) - G*m2/r**2')
    - L3: hidden product does real work, hidden-basis RSS reduction 0.212 ('k*s1*s2/(m1*r**2) - G*m2/r**2')
    - L6: law verified invariant under P:(x->-x,v->-v,s->-s) ('k*s1*s2/(m1*r**2) - G*m2/r**2')
  distinct symbolic_form count=6 (sample up to 30):
    (kappa * s1 * s2 / m1) / r**3 - (gamma * m2) / r**2
    (s1*s2 - cos(kappa*r)) / r**2
    G * s1 * s2 / r**2 + k / r**3
    alpha * s1 * s2 / (m1 * r)
    k*(s1*s2/r**3 - 1/r**2)
    k*s1*s2/(m1*r**2) - G*m2/r**2
========================================================================
