2026-06-03 00:10:27,272 [INFO] ascension.benchmarks.alien_depth: alien_depth: max_depth=6 per_layer=(True, False, True, False, False, True) held_out_rmse=0.21206819539332167 q_drift=None n_hyp=6 elapsed_ms=13875
========================================================================
ALIEN RUN 11c00de3-b1e3-480c-934a-6d23a804d2df
  run.status=completed  halt_reason=call_budget_exceeded
  PROVENANCE (P-15.2-6): benchmark_system='alien_universe'  included_in_distillation_v1=False
  SCORING MODE: FAMILY (L3/L4 vs held-out products {3,5})
  node types: {'hypothesis': 6}
  hypothesis nodes=6  status_breakdown={'active': 6}
  SPEND: 15 llm_calls, $1.4566 total
    provider='google': 15 calls, $1.4566
------------------------------------------------------------------------
  DISCOVERY DEPTH (P-15.2-1/2/3): max_depth=6
    per_layer L1..L6 = (True, False, True, False, False, True)
    HONEST consecutive force-law depth (L1-L4, L-057) = 1   [L5=False L6=True reported separately, non-consecutive]
    held_out_rss_reduction=0.21206819539332167  q_drift=None
  scorer notes (24):
    - L1: inverse-square term + Newton accel-fit converges ('(alpha/r**3 - beta*s1*s2/r**2)/m1')
    - L2 DENIED: second radial term exponent not ~-3.5 ('(alpha/r**3 - beta*s1*s2/r**2)/m1')
    - L3: hidden product does real work, hidden-basis RSS reduction 0.212 (+rationale tiebreaker) ('(alpha/r**3 - beta*s1*s2/r**2)/m1')
    - L6: law verified invariant under P:(x->-x,v->-v,s->-s) ('(alpha/r**3 - beta*s1*s2/r**2)/m1')
    - L1: inverse-square term + Newton accel-fit converges ('(s1*s2/r**2 - 0.5/r**3)/m1')
    - L2 DENIED: second radial term exponent not ~-3.5 ('(s1*s2/r**2 - 0.5/r**3)/m1')
    - L3: hidden product does real work, hidden-basis RSS reduction 0.212 (+rationale tiebreaker) ('(s1*s2/r**2 - 0.5/r**3)/m1')
    - L6: law verified invariant under P:(x->-x,v->-v,s->-s) ('(s1*s2/r**2 - 0.5/r**3)/m1')
    - L1: inverse-square term + Newton accel-fit converges ('0.4 * s1 * s2 / r**2 - 0.2 / r')
    - L2 DENIED: second radial term exponent not ~-3.5 ('0.4 * s1 * s2 / r**2 - 0.2 / r')
    - L3: hidden product does real work, hidden-basis RSS reduction 0.212 (+rationale tiebreaker) ('0.4 * s1 * s2 / r**2 - 0.2 / r')
    - L6: law verified invariant under P:(x->-x,v->-v,s->-s) ('0.4 * s1 * s2 / r**2 - 0.2 / r')
    - L1: inverse-square term + Newton accel-fit converges ('gamma * s1*s2 * (0.4/r**3 - 1/r**2)')
    - L2 DENIED: second radial term exponent not ~-3.5 ('gamma * s1*s2 * (0.4/r**3 - 1/r**2)')
    - L3: hidden product does real work, hidden-basis RSS reduction 0.212 (+rationale tiebreaker) ('gamma * s1*s2 * (0.4/r**3 - 1/r**2)')
    - L6: law verified invariant under P:(x->-x,v->-v,s->-s) ('gamma * s1*s2 * (0.4/r**3 - 1/r**2)')
    - L1: inverse-square term + Newton accel-fit converges ('k * s1 * s2 * m2 * (r - r0) / r**2')
    - L2 DENIED: second radial term exponent not ~-3.5 ('k * s1 * s2 * m2 * (r - r0) / r**2')
    - L3: hidden product does real work, hidden-basis RSS reduction 0.212 ('k * s1 * s2 * m2 * (r - r0) / r**2')
    - L6: law verified invariant under P:(x->-x,v->-v,s->-s) ('k * s1 * s2 * m2 * (r - r0) / r**2')
    - L1: inverse-square term + Newton accel-fit converges ('s1*s2/r**2 + G/r**3')
    - L2 DENIED: second radial term exponent not ~-3.5 ('s1*s2/r**2 + G/r**3')
    - L3: hidden product does real work, hidden-basis RSS reduction 0.212 (+rationale tiebreaker) ('s1*s2/r**2 + G/r**3')
    - L6: law verified invariant under P:(x->-x,v->-v,s->-s) ('s1*s2/r**2 + G/r**3')
  distinct symbolic_form count=6 (sample up to 30):
    (alpha/r**3 - beta*s1*s2/r**2)/m1
    (s1*s2/r**2 - 0.5/r**3)/m1
    0.4 * s1 * s2 / r**2 - 0.2 / r
    gamma * s1*s2 * (0.4/r**3 - 1/r**2)
    k * s1 * s2 * m2 * (r - r0) / r**2
    s1*s2/r**2 + G/r**3
========================================================================
