2026-06-02 23:15:46,972 [INFO] ascension.benchmarks.alien_depth: alien_depth: max_depth=6 per_layer=(True, False, True, False, False, True) held_out_rmse=0.21206819539332167 q_drift=None n_hyp=5 elapsed_ms=13109
========================================================================
ALIEN RUN fddaa152-0bb9-443c-afe3-9f44df2506e3
  run.status=completed  halt_reason=call_budget_exceeded
  PROVENANCE (P-15.2-6): benchmark_system='alien_universe'  included_in_distillation_v1=False
  SCORING MODE: FAMILY (L3/L4 vs held-out products {3,5})
  node types: {'dispute': 1, 'hypothesis': 5}
  hypothesis nodes=5  status_breakdown={'active': 4, 'contested': 1}
  SPEND: 15 llm_calls, $0.5609 total
    provider='google': 15 calls, $0.5609
------------------------------------------------------------------------
  DISCOVERY DEPTH (P-15.2-1/2/3): max_depth=6
    per_layer L1..L6 = (True, False, True, False, False, True)
    HONEST consecutive force-law depth (L1-L4, L-057) = 1   [L5=False L6=True reported separately, non-consecutive]
    held_out_rss_reduction=0.21206819539332167  q_drift=None
  scorer notes (19):
    - L1: inverse-square term + Newton accel-fit converges ('(m2 * s1 * s2) / r**2')
    - L3: hidden product does real work, hidden-basis RSS reduction 0.212 (+rationale tiebreaker) ('(m2 * s1 * s2) / r**2')
    - L6: law verified invariant under P:(x->-x,v->-v,s->-s) ('(m2 * s1 * s2) / r**2')
    - L1: inverse-square term + Newton accel-fit converges ('(s1*s2)/r**3 - G/r**2')
    - L2 DENIED: second radial term exponent not ~-3.5 ('(s1*s2)/r**3 - G/r**2')
    - L3: hidden product does real work, hidden-basis RSS reduction 0.212 (+rationale tiebreaker) ('(s1*s2)/r**3 - G/r**2')
    - L6: law verified invariant under P:(x->-x,v->-v,s->-s) ('(s1*s2)/r**3 - G/r**2')
    - L1: inverse-square term + Newton accel-fit converges ('(s1*s2)/r**3 - kappa/r**2')
    - L2 DENIED: second radial term exponent not ~-3.5 ('(s1*s2)/r**3 - kappa/r**2')
    - L3: hidden product does real work, hidden-basis RSS reduction 0.212 ('(s1*s2)/r**3 - kappa/r**2')
    - L6: law verified invariant under P:(x->-x,v->-v,s->-s) ('(s1*s2)/r**3 - kappa/r**2')
    - L1: inverse-square term + Newton accel-fit converges ('-alpha/r**2 + beta*s1*s2 * (((x2-x1)*(vx2-vx1) + (y2-y1)*(vy2-vy1)) / r)')
    - L2 DENIED: second radial term exponent not ~-3.5 ('-alpha/r**2 + beta*s1*s2 * (((x2-x1)*(vx2-vx1) + (y2-y1)*(vy2-vy1)) / r)')
    - L3: hidden product does real work, hidden-basis RSS reduction 0.212 ('-alpha/r**2 + beta*s1*s2 * (((x2-x1)*(vx2-vx1) + (y2-y1)*(vy2-vy1)) / r)')
    - L6: law verified invariant under P:(x->-x,v->-v,s->-s) ('-alpha/r**2 + beta*s1*s2 * (((x2-x1)*(vx2-vx1) + (y2-y1)*(vy2-vy1)) / r)')
    - L1: inverse-square term + Newton accel-fit converges ('G * s1 * s2 / r**2 - alpha / r**3')
    - L2 DENIED: second radial term exponent not ~-3.5 ('G * s1 * s2 / r**2 - alpha / r**3')
    - L3: hidden product does real work, hidden-basis RSS reduction 0.212 (+rationale tiebreaker) ('G * s1 * s2 / r**2 - alpha / r**3')
    - L6: law verified invariant under P:(x->-x,v->-v,s->-s) ('G * s1 * s2 / r**2 - alpha / r**3')
  distinct symbolic_form count=5 (sample up to 30):
    (m2 * s1 * s2) / r**2
    (s1*s2)/r**3 - G/r**2
    (s1*s2)/r**3 - kappa/r**2
    -alpha/r**2 + beta*s1*s2 * (((x2-x1)*(vx2-vx1) + (y2-y1)*(vy2-vy1)) / r)
    G * s1 * s2 / r**2 - alpha / r**3
========================================================================
