2026-06-02 21:38:27,178 [INFO] ascension.benchmarks.alien_depth: alien_depth: max_depth=6 per_layer=(True, False, True, False, False, True) held_out_rmse=0.21206819539332167 q_drift=None n_hyp=7 elapsed_ms=13295
========================================================================
ALIEN RUN 9eb06d99-1f04-4f74-ab09-6d4c05f291fa
  run.status=completed  halt_reason=call_budget_exceeded
  PROVENANCE (P-15.2-6): benchmark_system='alien_universe'  included_in_distillation_v1=False
  SCORING MODE: FAMILY (L3/L4 vs held-out products {3,5})
  node types: {'hypothesis': 7}
  hypothesis nodes=7  status_breakdown={'active': 7}
  SPEND: 16 llm_calls, $1.4988 total
    provider='google': 16 calls, $1.4988
------------------------------------------------------------------------
  DISCOVERY DEPTH (P-15.2-1/2/3): max_depth=6
    per_layer L1..L6 = (True, False, True, False, False, True)
    HONEST consecutive force-law depth (L1-L4, L-057) = 1   [L5=False L6=True reported separately, non-consecutive]
    held_out_rss_reduction=0.21206819539332167  q_drift=None
  scorer notes (27):
    - L1: inverse-square term + Newton accel-fit converges ('(s1*s2 - r**2) / r**4')
    - L2 DENIED: second radial term exponent not ~-3.5 ('(s1*s2 - r**2) / r**4')
    - L3: hidden product does real work, hidden-basis RSS reduction 0.212 (+rationale tiebreaker) ('(s1*s2 - r**2) / r**4')
    - L6: law verified invariant under P:(x->-x,v->-v,s->-s) ('(s1*s2 - r**2) / r**4')
    - L1: inverse-square term + Newton accel-fit converges ('(s1*s2)/r**2 - gamma/r**3')
    - L2 DENIED: second radial term exponent not ~-3.5 ('(s1*s2)/r**2 - gamma/r**3')
    - L3: hidden product does real work, hidden-basis RSS reduction 0.212 (+rationale tiebreaker) ('(s1*s2)/r**2 - gamma/r**3')
    - L6: law verified invariant under P:(x->-x,v->-v,s->-s) ('(s1*s2)/r**2 - gamma/r**3')
    - L1: inverse-square term + Newton accel-fit converges ('(s1*s2/r**2 + gamma/r**3) / m1')
    - L2 DENIED: second radial term exponent not ~-3.5 ('(s1*s2/r**2 + gamma/r**3) / m1')
    - L3: hidden product does real work, hidden-basis RSS reduction 0.212 (+rationale tiebreaker) ('(s1*s2/r**2 + gamma/r**3) / m1')
    - L6: law verified invariant under P:(x->-x,v->-v,s->-s) ('(s1*s2/r**2 + gamma/r**3) / m1')
    - L1: inverse-square term + Newton accel-fit converges ('alpha*(s1+s2)/r**3 - beta/r**2')
    - L2 DENIED: second radial term exponent not ~-3.5 ('alpha*(s1+s2)/r**3 - beta/r**2')
    - L6 DENIED: claimed symmetry not verified by sympy ('alpha*(s1+s2)/r**3 - beta/r**2')
    - L1: inverse-square term + Newton accel-fit converges ('alpha/r**3 - s1*s2/r**2')
    - L2 DENIED: second radial term exponent not ~-3.5 ('alpha/r**3 - s1*s2/r**2')
    - L3: hidden product does real work, hidden-basis RSS reduction 0.212 (+rationale tiebreaker) ('alpha/r**3 - s1*s2/r**2')
    - L6: law verified invariant under P:(x->-x,v->-v,s->-s) ('alpha/r**3 - s1*s2/r**2')
    - L1: inverse-square term + Newton accel-fit converges ('s1*s2/(m1*r**3) - G*m2/r**2')
    - L2 DENIED: second radial term exponent not ~-3.5 ('s1*s2/(m1*r**3) - G*m2/r**2')
    - L3: hidden product does real work, hidden-basis RSS reduction 0.212 (+rationale tiebreaker) ('s1*s2/(m1*r**3) - G*m2/r**2')
    - L6: law verified invariant under P:(x->-x,v->-v,s->-s) ('s1*s2/(m1*r**3) - G*m2/r**2')
    - L1: inverse-square term + Newton accel-fit converges ('s1*s2/r**3 - G/r**2')
    - L2 DENIED: second radial term exponent not ~-3.5 ('s1*s2/r**3 - G/r**2')
    - L3: hidden product does real work, hidden-basis RSS reduction 0.212 (+rationale tiebreaker) ('s1*s2/r**3 - G/r**2')
    - L6: law verified invariant under P:(x->-x,v->-v,s->-s) ('s1*s2/r**3 - G/r**2')
  distinct symbolic_form count=7 (sample up to 30):
    (s1*s2 - r**2) / r**4
    (s1*s2)/r**2 - gamma/r**3
    (s1*s2/r**2 + gamma/r**3) / m1
    alpha*(s1+s2)/r**3 - beta/r**2
    alpha/r**3 - s1*s2/r**2
    s1*s2/(m1*r**3) - G*m2/r**2
    s1*s2/r**3 - G/r**2
========================================================================
