2026-06-02 21:41:40,774 [INFO] ascension.benchmarks.alien_depth: alien_depth: max_depth=6 per_layer=(True, False, True, False, False, True) held_out_rmse=0.21206819539332167 q_drift=None n_hyp=5 elapsed_ms=11995
========================================================================
ALIEN RUN 2a2c4709-9151-4391-ab58-6264a2c7f07f
  run.status=completed  halt_reason=call_budget_exceeded
  PROVENANCE (P-15.2-6): benchmark_system='alien_universe'  included_in_distillation_v1=False
  SCORING MODE: FAMILY (L3/L4 vs held-out products {3,5})
  node types: {'hypothesis': 5}
  hypothesis nodes=5  status_breakdown={'active': 5}
  SPEND: 15 llm_calls, $0.5444 total
    provider='google': 15 calls, $0.5444
------------------------------------------------------------------------
  DISCOVERY DEPTH (P-15.2-1/2/3): max_depth=6
    per_layer L1..L6 = (True, False, True, False, False, True)
    HONEST consecutive force-law depth (L1-L4, L-057) = 1   [L5=False L6=True reported separately, non-consecutive]
    held_out_rss_reduction=0.21206819539332167  q_drift=None
  scorer notes (17):
    - L1: inverse-square term + Newton accel-fit converges ('(alpha / r**3 - beta * s1 * s2 / r**2)')
    - L2 DENIED: second radial term exponent not ~-3.5 ('(alpha / r**3 - beta * s1 * s2 / r**2)')
    - L3: hidden product does real work, hidden-basis RSS reduction 0.212 (+rationale tiebreaker) ('(alpha / r**3 - beta * s1 * s2 / r**2)')
    - L6: law verified invariant under P:(x->-x,v->-v,s->-s) ('(alpha / r**3 - beta * s1 * s2 / r**2)')
    - L1: inverse-square term + Newton accel-fit converges ('alpha/r**3 - beta*s1*s2/r**2')
    - L2 DENIED: second radial term exponent not ~-3.5 ('alpha/r**3 - beta*s1*s2/r**2')
    - L3: hidden product does real work, hidden-basis RSS reduction 0.212 (+rationale tiebreaker) ('alpha/r**3 - beta*s1*s2/r**2')
    - L6: law verified invariant under P:(x->-x,v->-v,s->-s) ('alpha/r**3 - beta*s1*s2/r**2')
    - L1: inverse-square term + Newton accel-fit converges ('beta/r**3 - G/r**2')
    - L2 DENIED: second radial term exponent not ~-3.5 ('beta/r**3 - G/r**2')
    - L1: inverse-square term + Newton accel-fit converges ('k*s1*s2/r**2')
    - L3: hidden product does real work, hidden-basis RSS reduction 0.212 (+rationale tiebreaker) ('k*s1*s2/r**2')
    - L6: law verified invariant under P:(x->-x,v->-v,s->-s) ('k*s1*s2/r**2')
    - L1: inverse-square term + Newton accel-fit converges ('k*s1*s2/r**2 - alpha/r**3')
    - L2 DENIED: second radial term exponent not ~-3.5 ('k*s1*s2/r**2 - alpha/r**3')
    - L3: hidden product does real work, hidden-basis RSS reduction 0.212 ('k*s1*s2/r**2 - alpha/r**3')
    - L6: law verified invariant under P:(x->-x,v->-v,s->-s) ('k*s1*s2/r**2 - alpha/r**3')
  distinct symbolic_form count=5 (sample up to 30):
    (alpha / r**3 - beta * s1 * s2 / r**2)
    alpha/r**3 - beta*s1*s2/r**2
    beta/r**3 - G/r**2
    k*s1*s2/r**2
    k*s1*s2/r**2 - alpha/r**3
========================================================================
