2026-06-02 22:44:28,620 [INFO] ascension.benchmarks.alien_depth: alien_depth: max_depth=6 per_layer=(True, False, True, False, False, True) held_out_rmse=0.21206819539332167 q_drift=None n_hyp=6 elapsed_ms=12851
========================================================================
ALIEN RUN 1a8fbf1b-9dfd-4d11-92d6-55e28a27a683
  run.status=completed  halt_reason=call_budget_exceeded
  PROVENANCE (P-15.2-6): benchmark_system='alien_universe'  included_in_distillation_v1=False
  SCORING MODE: FAMILY (L3/L4 vs held-out products {3,5})
  node types: {'dispute': 1, 'hypothesis': 6}
  hypothesis nodes=6  status_breakdown={'active': 5, 'contested': 1}
  SPEND: 15 llm_calls, $0.5499 total
    provider='google': 15 calls, $0.5499
------------------------------------------------------------------------
  DISCOVERY DEPTH (P-15.2-1/2/3): max_depth=6
    per_layer L1..L6 = (True, False, True, False, False, True)
    HONEST consecutive force-law depth (L1-L4, L-057) = 1   [L5=False L6=True reported separately, non-consecutive]
    held_out_rss_reduction=0.21206819539332167  q_drift=None
  scorer notes (22):
    - L1: inverse-square term + Newton accel-fit converges ('(kappa*s1*s2 - G) / r**2')
    - L3: hidden product does real work, hidden-basis RSS reduction 0.212 ('(kappa*s1*s2 - G) / r**2')
    - L6: law verified invariant under P:(x->-x,v->-v,s->-s) ('(kappa*s1*s2 - G) / r**2')
    - L1: inverse-square term + Newton accel-fit converges ('-1/r**2 + s1*s2/r**3')
    - L2 DENIED: second radial term exponent not ~-3.5 ('-1/r**2 + s1*s2/r**3')
    - L3: hidden product does real work, hidden-basis RSS reduction 0.212 (+rationale tiebreaker) ('-1/r**2 + s1*s2/r**3')
    - L6: law verified invariant under P:(x->-x,v->-v,s->-s) ('-1/r**2 + s1*s2/r**3')
    - L1: inverse-square term + Newton accel-fit converges ('G*m1*m2/r**2 - K*s1*s2/r**3')
    - L2 DENIED: second radial term exponent not ~-3.5 ('G*m1*m2/r**2 - K*s1*s2/r**3')
    - L3: hidden product does real work, hidden-basis RSS reduction 0.212 (+rationale tiebreaker) ('G*m1*m2/r**2 - K*s1*s2/r**3')
    - L6: law verified invariant under P:(x->-x,v->-v,s->-s) ('G*m1*m2/r**2 - K*s1*s2/r**3')
    - L1: inverse-square term + Newton accel-fit converges ('alpha * s1 * s2 / r**3 - gamma / r**2')
    - L2 DENIED: second radial term exponent not ~-3.5 ('alpha * s1 * s2 / r**3 - gamma / r**2')
    - L3: hidden product does real work, hidden-basis RSS reduction 0.212 (+rationale tiebreaker) ('alpha * s1 * s2 / r**3 - gamma / r**2')
    - L6: law verified invariant under P:(x->-x,v->-v,s->-s) ('alpha * s1 * s2 / r**3 - gamma / r**2')
    - L1: inverse-square term + Newton accel-fit converges ('alpha*s1*s2/(m1*r**3) - beta*m2/r**2')
    - L2 DENIED: second radial term exponent not ~-3.5 ('alpha*s1*s2/(m1*r**3) - beta*m2/r**2')
    - L3: hidden product does real work, hidden-basis RSS reduction 0.212 (+rationale tiebreaker) ('alpha*s1*s2/(m1*r**3) - beta*m2/r**2')
    - L6: law verified invariant under P:(x->-x,v->-v,s->-s) ('alpha*s1*s2/(m1*r**3) - beta*m2/r**2')
    - L1: inverse-square term + Newton accel-fit converges ('s/r**2 - 1/r**4')
    - L2 DENIED: second radial term exponent not ~-3.5 ('s/r**2 - 1/r**4')
    - L6 DENIED: claimed symmetry not verified by sympy ('s/r**2 - 1/r**4')
  distinct symbolic_form count=6 (sample up to 30):
    (kappa*s1*s2 - G) / r**2
    -1/r**2 + s1*s2/r**3
    G*m1*m2/r**2 - K*s1*s2/r**3
    alpha * s1 * s2 / r**3 - gamma / r**2
    alpha*s1*s2/(m1*r**3) - beta*m2/r**2
    s/r**2 - 1/r**4
========================================================================
