2026-06-02 20:24:22,406 [INFO] ascension.benchmarks.alien_depth: alien_depth: max_depth=6 per_layer=(True, False, True, False, False, True) held_out_rmse=0.21206819539332167 q_drift=None n_hyp=5 elapsed_ms=12819
========================================================================
ALIEN RUN 565bf827-6a22-4772-83be-4242c90273d5
  run.status=completed  halt_reason=call_budget_exceeded
  PROVENANCE (P-15.2-6): benchmark_system='alien_universe'  included_in_distillation_v1=False
  SCORING MODE: FAMILY (L3/L4 vs held-out products {3,5})
  node types: {'dispute': 1, 'hypothesis': 5}
  hypothesis nodes=5  status_breakdown={'active': 4, 'contested': 1}
  SPEND: 16 llm_calls, $0.5392 total
    provider='google': 16 calls, $0.5392
------------------------------------------------------------------------
  DISCOVERY DEPTH (P-15.2-1/2/3): max_depth=6
    per_layer L1..L6 = (True, False, True, False, False, True)
    HONEST consecutive force-law depth (L1-L4, L-057) = 1   [L5=False L6=True reported separately, non-consecutive]
    held_out_rss_reduction=0.21206819539332167  q_drift=None
  scorer notes (17):
    - L1: inverse-square term + Newton accel-fit converges ('(G - k*s1*s2) / r**2')
    - L3: hidden product does real work, hidden-basis RSS reduction 0.212 (+rationale tiebreaker) ('(G - k*s1*s2) / r**2')
    - L6: law verified invariant under P:(x->-x,v->-v,s->-s) ('(G - k*s1*s2) / r**2')
    - L1: inverse-square term + Newton accel-fit converges ('(k*s1*s2 - G*m1*m2)/(m1*r**2)')
    - L3: hidden product does real work, hidden-basis RSS reduction 0.212 (+rationale tiebreaker) ('(k*s1*s2 - G*m1*m2)/(m1*r**2)')
    - L6: law verified invariant under P:(x->-x,v->-v,s->-s) ('(k*s1*s2 - G*m1*m2)/(m1*r**2)')
    - L1: inverse-square term + Newton accel-fit converges ('G*m2/r**2 - alpha*s1*s2/(m1*r**4)')
    - L2 DENIED: second radial term exponent not ~-3.5 ('G*m2/r**2 - alpha*s1*s2/(m1*r**4)')
    - L3: hidden product does real work, hidden-basis RSS reduction 0.212 (+rationale tiebreaker) ('G*m2/r**2 - alpha*s1*s2/(m1*r**4)')
    - L6: law verified invariant under P:(x->-x,v->-v,s->-s) ('G*m2/r**2 - alpha*s1*s2/(m1*r**4)')
    - L2 DENIED: second radial term exponent not ~-3.5 ('k*s1*s2/r')
    - L3: hidden product does real work, hidden-basis RSS reduction 0.212 ('k*s1*s2/r')
    - L6: law verified invariant under P:(x->-x,v->-v,s->-s) ('k*s1*s2/r')
    - L1: inverse-square term + Newton accel-fit converges ('m2 * (alpha*s1*s2/r**3 - G/r**2)')
    - L2 DENIED: second radial term exponent not ~-3.5 ('m2 * (alpha*s1*s2/r**3 - G/r**2)')
    - L3: hidden product does real work, hidden-basis RSS reduction 0.212 (+rationale tiebreaker) ('m2 * (alpha*s1*s2/r**3 - G/r**2)')
    - L6: law verified invariant under P:(x->-x,v->-v,s->-s) ('m2 * (alpha*s1*s2/r**3 - G/r**2)')
  distinct symbolic_form count=5 (sample up to 30):
    (G - k*s1*s2) / r**2
    (k*s1*s2 - G*m1*m2)/(m1*r**2)
    G*m2/r**2 - alpha*s1*s2/(m1*r**4)
    k*s1*s2/r
    m2 * (alpha*s1*s2/r**3 - G/r**2)
========================================================================
