2026-06-02 22:09:40,947 [INFO] ascension.benchmarks.alien_depth: alien_depth: max_depth=6 per_layer=(True, False, True, False, False, True) held_out_rmse=0.21206819539332167 q_drift=None n_hyp=5 elapsed_ms=11911
========================================================================
ALIEN RUN e9cc6fab-d31e-488c-a096-98b6d325f40b
  run.status=completed  halt_reason=call_budget_exceeded
  PROVENANCE (P-15.2-6): benchmark_system='alien_universe'  included_in_distillation_v1=False
  SCORING MODE: FAMILY (L3/L4 vs held-out products {3,5})
  node types: {'dispute': 1, 'hypothesis': 5}
  hypothesis nodes=5  status_breakdown={'active': 4, 'contested': 1}
  SPEND: 15 llm_calls, $0.5440 total
    provider='google': 15 calls, $0.5440
------------------------------------------------------------------------
  DISCOVERY DEPTH (P-15.2-1/2/3): max_depth=6
    per_layer L1..L6 = (True, False, True, False, False, True)
    HONEST consecutive force-law depth (L1-L4, L-057) = 1   [L5=False L6=True reported separately, non-consecutive]
    held_out_rss_reduction=0.21206819539332167  q_drift=None
  scorer notes (18):
    - L1: inverse-square term + Newton accel-fit converges ('(s1*s2)/r**3 - 1/r**2')
    - L2 DENIED: second radial term exponent not ~-3.5 ('(s1*s2)/r**3 - 1/r**2')
    - L3: hidden product does real work, hidden-basis RSS reduction 0.212 (+rationale tiebreaker) ('(s1*s2)/r**3 - 1/r**2')
    - L6: law verified invariant under P:(x->-x,v->-v,s->-s) ('(s1*s2)/r**3 - 1/r**2')
    - L1: inverse-square term + Newton accel-fit converges ('-alpha/r**2 + beta*s1*s2/r**3')
    - L2 DENIED: second radial term exponent not ~-3.5 ('-alpha/r**2 + beta*s1*s2/r**3')
    - L3: hidden product does real work, hidden-basis RSS reduction 0.212 (+rationale tiebreaker) ('-alpha/r**2 + beta*s1*s2/r**3')
    - L6: law verified invariant under P:(x->-x,v->-v,s->-s) ('-alpha/r**2 + beta*s1*s2/r**3')
    - L1: inverse-square term + Newton accel-fit converges ('beta*(s1*s2)/r**3 - alpha/r**2')
    - L2 DENIED: second radial term exponent not ~-3.5 ('beta*(s1*s2)/r**3 - alpha/r**2')
    - L3: hidden product does real work, hidden-basis RSS reduction 0.212 (+rationale tiebreaker) ('beta*(s1*s2)/r**3 - alpha/r**2')
    - L6: law verified invariant under P:(x->-x,v->-v,s->-s) ('beta*(s1*s2)/r**3 - alpha/r**2')
    - L1: inverse-square term + Newton accel-fit converges ('k/r**2 * cos(s1*s2) - C/r**3 * sin(s1*s2)')
    - L2 DENIED: second radial term exponent not ~-3.5 ('k/r**2 * cos(s1*s2) - C/r**3 * sin(s1*s2)')
    - L6: law verified invariant under P:(x->-x,v->-v,s->-s) ('k/r**2 * cos(s1*s2) - C/r**3 * sin(s1*s2)')
    - L2 DENIED: second radial term exponent not ~-3.5 ('s1 * s2 / r')
    - L3: hidden product does real work, hidden-basis RSS reduction 0.212 ('s1 * s2 / r')
    - L6: law verified invariant under P:(x->-x,v->-v,s->-s) ('s1 * s2 / r')
  distinct symbolic_form count=5 (sample up to 30):
    (s1*s2)/r**3 - 1/r**2
    -alpha/r**2 + beta*s1*s2/r**3
    beta*(s1*s2)/r**3 - alpha/r**2
    k/r**2 * cos(s1*s2) - C/r**3 * sin(s1*s2)
    s1 * s2 / r
========================================================================
