2026-06-02 22:41:16,659 [INFO] ascension.benchmarks.alien_depth: alien_depth: max_depth=6 per_layer=(True, False, True, False, False, True) held_out_rmse=0.21206819539332167 q_drift=None n_hyp=5 elapsed_ms=12075
========================================================================
ALIEN RUN 1e408148-31e2-453d-871c-26fbcdb47158
  run.status=completed  halt_reason=call_budget_exceeded
  PROVENANCE (P-15.2-6): benchmark_system='alien_universe'  included_in_distillation_v1=False
  SCORING MODE: FAMILY (L3/L4 vs held-out products {3,5})
  node types: {'hypothesis': 5}
  hypothesis nodes=5  status_breakdown={'active': 5}
  SPEND: 16 llm_calls, $1.8484 total
    provider='google': 16 calls, $1.8484
------------------------------------------------------------------------
  DISCOVERY DEPTH (P-15.2-1/2/3): max_depth=6
    per_layer L1..L6 = (True, False, True, False, False, True)
    HONEST consecutive force-law depth (L1-L4, L-057) = 1   [L5=False L6=True reported separately, non-consecutive]
    held_out_rss_reduction=0.21206819539332167  q_drift=None
  scorer notes (19):
    - L1: inverse-square term + Newton accel-fit converges ('(k*s1*s2/r**2 + g*(s1+s2)*((vx1-vx2)*(x1-x2) + (vy1-vy2)*(y1-y2))/r) / m1')
    - L2 DENIED: second radial term exponent not ~-3.5 ('(k*s1*s2/r**2 + g*(s1+s2)*((vx1-vx2)*(x1-x2) + (vy1-vy2)*(y1-y2))/r) / m1')
    - L3: hidden product does real work, hidden-basis RSS reduction 0.212 (+rationale tiebreaker) ('(k*s1*s2/r**2 + g*(s1+s2)*((vx1-vx2)*(x1-x2) + (vy1-vy2)*(y1-y2))/r) / m1')
    - L6 DENIED: claimed symmetry not verified by sympy ('(k*s1*s2/r**2 + g*(s1+s2)*((vx1-vx2)*(x1-x2) + (vy1-vy2)*(y1-y2))/r) / m1')
    - L1: inverse-square term + Newton accel-fit converges ('(s1*s2)/r**3 - gamma/r**2')
    - L2 DENIED: second radial term exponent not ~-3.5 ('(s1*s2)/r**3 - gamma/r**2')
    - L3: hidden product does real work, hidden-basis RSS reduction 0.212 (+rationale tiebreaker) ('(s1*s2)/r**3 - gamma/r**2')
    - L6: law verified invariant under P:(x->-x,v->-v,s->-s) ('(s1*s2)/r**3 - gamma/r**2')
    - L1: inverse-square term + Newton accel-fit converges ('-G*m2/r**2 + K*(s1+s2)/r**3')
    - L2 DENIED: second radial term exponent not ~-3.5 ('-G*m2/r**2 + K*(s1+s2)/r**3')
    - L6 DENIED: claimed symmetry not verified by sympy ('-G*m2/r**2 + K*(s1+s2)/r**3')
    - L1: inverse-square term + Newton accel-fit converges ('alpha * s1 * s2 / r**3 - beta / r**2')
    - L2 DENIED: second radial term exponent not ~-3.5 ('alpha * s1 * s2 / r**3 - beta / r**2')
    - L3: hidden product does real work, hidden-basis RSS reduction 0.212 (+rationale tiebreaker) ('alpha * s1 * s2 / r**3 - beta / r**2')
    - L6: law verified invariant under P:(x->-x,v->-v,s->-s) ('alpha * s1 * s2 / r**3 - beta / r**2')
    - L1: inverse-square term + Newton accel-fit converges ('s1*s2/r**3 - G/r**2')
    - L2 DENIED: second radial term exponent not ~-3.5 ('s1*s2/r**3 - G/r**2')
    - L3: hidden product does real work, hidden-basis RSS reduction 0.212 (+rationale tiebreaker) ('s1*s2/r**3 - G/r**2')
    - L6: law verified invariant under P:(x->-x,v->-v,s->-s) ('s1*s2/r**3 - G/r**2')
  distinct symbolic_form count=5 (sample up to 30):
    (k*s1*s2/r**2 + g*(s1+s2)*((vx1-vx2)*(x1-x2) + (vy1-vy2)*(y1-y2))/r) / m1
    (s1*s2)/r**3 - gamma/r**2
    -G*m2/r**2 + K*(s1+s2)/r**3
    alpha * s1 * s2 / r**3 - beta / r**2
    s1*s2/r**3 - G/r**2
========================================================================
