2026-09-08 12:58:43,844 [INFO] ascension.benchmarks.alien_depth: alien_depth: max_depth=6 per_layer=(True, False, True, False, False, True) held_out_rmse=0.21206819539332167 q_drift=None n_hyp=38 elapsed_ms=233836
========================================================================
ALIEN RUN f507b784-9eb9-4f67-addb-0369e7e0328a
  run.status=completed  halt_reason=duration_exceeded
  PROVENANCE (P-15.2-6): benchmark_system='alien_universe'  included_in_distillation_v1=False
  SCORING MODE: FAMILY (L3/L4 vs held-out products {3,5})
  node types: {'dispute': 12, 'hypothesis': 38}
  hypothesis nodes=38  status_breakdown={'active': 22, 'contested': 16}
  SPEND: 126 llm_calls, $5.3165 total
    provider='google': 126 calls, $5.3165
------------------------------------------------------------------------
  DISCOVERY DEPTH (P-15.2-1/2/3): max_depth=6
    per_layer L1..L6 = (True, False, True, False, False, True)
    HONEST consecutive force-law depth (L1-L4, L-057) = 1   [L5=False L6=True reported separately, non-consecutive]
    held_out_rss_reduction=0.21206819539332167  q_drift=None
  scorer notes (127):
    - L1: inverse-square term + Newton accel-fit converges ('(-G*m1*m2 + k*s1*s2) / (m1 * r**2)')
    - L3: hidden product does real work, hidden-basis RSS reduction 0.212 (+rationale tiebreaker) ('(-G*m1*m2 + k*s1*s2) / (m1 * r**2)')
    - L6: law verified invariant under P:(x->-x,v->-v,s->-s) ('(-G*m1*m2 + k*s1*s2) / (m1 * r**2)')
    - L1: inverse-square term + Newton accel-fit converges ('(0.6 * s1 * s2) / (m1 * r**2)')
    - L3: hidden product does real work, hidden-basis RSS reduction 0.212 (+rationale tiebreaker) ('(0.6 * s1 * s2) / (m1 * r**2)')
    - L6: law verified invariant under P:(x->-x,v->-v,s->-s) ('(0.6 * s1 * s2) / (m1 * r**2)')
    - L1: inverse-square term + Newton accel-fit converges ('(G - alpha * s1 * s2) * m2 / r**2')
    - L3: hidden product does real work, hidden-basis RSS reduction 0.212 (+rationale tiebreaker) ('(G - alpha * s1 * s2) * m2 / r**2')
    - L6: law verified invariant under P:(x->-x,v->-v,s->-s) ('(G - alpha * s1 * s2) * m2 / r**2')
    - L1: inverse-square term + Newton accel-fit converges ('(alpha*s1*s2 - beta*m1*m2)/(m1*r**2)')
    - L3: hidden product does real work, hidden-basis RSS reduction 0.212 (+rationale tiebreaker) ('(alpha*s1*s2 - beta*m1*m2)/(m1*r**2)')
    - L6: law verified invariant under P:(x->-x,v->-v,s->-s) ('(alpha*s1*s2 - beta*m1*m2)/(m1*r**2)')
    - L1: inverse-square term + Newton accel-fit converges ('(beta * s1 * s2 / r) - (G * m2 / r**2)')
    - L2 DENIED: second radial term exponent not ~-3.5 ('(beta * s1 * s2 / r) - (G * m2 / r**2)')
    - L3: hidden product does real work, hidden-basis RSS reduction 0.212 (+rationale tiebreaker) ('(beta * s1 * s2 / r) - (G * m2 / r**2)')
    - L6: law verified invariant under P:(x->-x,v->-v,s->-s) ('(beta * s1 * s2 / r) - (G * m2 / r**2)')
    - L2 DENIED: second radial term exponent not ~-3.5 ('(k*s1*s2 - G) / r**3')
    - L3: hidden product does real work, hidden-basis RSS reduction 0.212 ('(k*s1*s2 - G) / r**3')
    - L6: law verified invariant under P:(x->-x,v->-v,s->-s) ('(k*s1*s2 - G) / r**3')
    - L1: inverse-square term + Newton accel-fit converges ('(k*s1*s2 - G*m1*m2) / ((m1*m2/(m1+m2)) * r**2)')
    - L3: hidden product does real work, hidden-basis RSS reduction 0.212 ('(k*s1*s2 - G*m1*m2) / ((m1*m2/(m1+m2)) * r**2)')
    - L6: law verified invariant under P:(x->-x,v->-v,s->-s) ('(k*s1*s2 - G*m1*m2) / ((m1*m2/(m1+m2)) * r**2)')
    - L1: inverse-square term + Newton accel-fit converges ('(k*s1*s2 - G*m1*m2) / r**2')
    - L3: hidden product does real work, hidden-basis RSS reduction 0.212 (+rationale tiebreaker) ('(k*s1*s2 - G*m1*m2) / r**2')
    - L6: law verified invariant under P:(x->-x,v->-v,s->-s) ('(k*s1*s2 - G*m1*m2) / r**2')
    - L1: inverse-square term + Newton accel-fit converges ('(kappa * s1 * s2 * log(r) - G * m2) / r**2')
    - L3: hidden product does real work, hidden-basis RSS reduction 0.212 (+rationale tiebreaker) ('(kappa * s1 * s2 * log(r) - G * m2) / r**2')
    - L6: law verified invariant under P:(x->-x,v->-v,s->-s) ('(kappa * s1 * s2 * log(r) - G * m2) / r**2')
    - L1: inverse-square term + Newton accel-fit converges ('(kappa * s1 * s2 - G * m1 * m2) / (m1 * r**2)')
    - L3: hidden product does real work, hidden-basis RSS reduction 0.212 (+rationale tiebreaker) ('(kappa * s1 * s2 - G * m1 * m2) / (m1 * r**2)')
    - L6: law verified invariant under P:(x->-x,v->-v,s->-s) ('(kappa * s1 * s2 - G * m1 * m2) / (m1 * r**2)')
    - L1: inverse-square term + Newton accel-fit converges ('(kappa * s1 * s2 - G * m1 * m2) / r**2')
    - L3: hidden product does real work, hidden-basis RSS reduction 0.212 (+rationale tiebreaker) ('(kappa * s1 * s2 - G * m1 * m2) / r**2')
    - L6: law verified invariant under P:(x->-x,v->-v,s->-s) ('(kappa * s1 * s2 - G * m1 * m2) / r**2')
    - L1: inverse-square term + Newton accel-fit converges ('(kappa * s1 * s2 - G) / r**2')
    - L3: hidden product does real work, hidden-basis RSS reduction 0.212 (+rationale tiebreaker) ('(kappa * s1 * s2 - G) / r**2')
    - L6: law verified invariant under P:(x->-x,v->-v,s->-s) ('(kappa * s1 * s2 - G) / r**2')
    - L1: inverse-square term + Newton accel-fit converges ('(kappa * s1 * s2 / m1 - gamma * m2) / r**2')
    - L3: hidden product does real work, hidden-basis RSS reduction 0.212 (+rationale tiebreaker) ('(kappa * s1 * s2 / m1 - gamma * m2) / r**2')
    - L6: law verified invariant under P:(x->-x,v->-v,s->-s) ('(kappa * s1 * s2 / m1 - gamma * m2) / r**2')
    - L1: inverse-square term + Newton accel-fit converges ('(kappa*s1*s2 - G*m1*m2) / (m1 * r**2)')
    - L3: hidden product does real work, hidden-basis RSS reduction 0.212 ('(kappa*s1*s2 - G*m1*m2) / (m1 * r**2)')
    - L6: law verified invariant under P:(x->-x,v->-v,s->-s) ('(kappa*s1*s2 - G*m1*m2) / (m1 * r**2)')
    - L1: inverse-square term + Newton accel-fit converges ('(kappa*s1*s2 - G*m1*m2) / r**2')
    - L3: hidden product does real work, hidden-basis RSS reduction 0.212 (+rationale tiebreaker) ('(kappa*s1*s2 - G*m1*m2) / r**2')
    - L6: law verified invariant under P:(x->-x,v->-v,s->-s) ('(kappa*s1*s2 - G*m1*m2) / r**2')
    - L1: inverse-square term + Newton accel-fit converges ('(s1 * s2) / r**2 - G / r**3')
    - L2 DENIED: second radial term exponent not ~-3.5 ('(s1 * s2) / r**2 - G / r**3')
    - L3: hidden product does real work, hidden-basis RSS reduction 0.212 (+rationale tiebreaker) ('(s1 * s2) / r**2 - G / r**3')
    - L6: law verified invariant under P:(x->-x,v->-v,s->-s) ('(s1 * s2) / r**2 - G / r**3')
    - L1: inverse-square term + Newton accel-fit converges ('(s1*s2 - G*m1*m2) / r**2')
    - L3: hidden product does real work, hidden-basis RSS reduction 0.212 (+rationale tiebreaker) ('(s1*s2 - G*m1*m2) / r**2')
    - L6: law verified invariant under P:(x->-x,v->-v,s->-s) ('(s1*s2 - G*m1*m2) / r**2')
    - L1: inverse-square term + Newton accel-fit converges ('-G * m2 / r**2 + k * s1 * s2 / (m1 * r**2)')
    - L3: hidden product does real work, hidden-basis RSS reduction 0.212 (+rationale tiebreaker) ('-G * m2 / r**2 + k * s1 * s2 / (m1 * r**2)')
    - L6: law verified invariant under P:(x->-x,v->-v,s->-s) ('-G * m2 / r**2 + k * s1 * s2 / (m1 * r**2)')
    - L1: inverse-square term + Newton accel-fit converges ('-G * m2 / r**2 + k * s1 * s2 / (m1 * r**3)')
    - L2 DENIED: second radial term exponent not ~-3.5 ('-G * m2 / r**2 + k * s1 * s2 / (m1 * r**3)')
    - L3: hidden product does real work, hidden-basis RSS reduction 0.212 (+rationale tiebreaker) ('-G * m2 / r**2 + k * s1 * s2 / (m1 * r**3)')
    - L6: law verified invariant under P:(x->-x,v->-v,s->-s) ('-G * m2 / r**2 + k * s1 * s2 / (m1 * r**3)')
  distinct symbolic_form count=37 (sample up to 30):
    (-G*m1*m2 + k*s1*s2) / (m1 * r**2)
    (0.6 * s1 * s2) / (m1 * r**2)
    (G - alpha * s1 * s2) * m2 / r**2
    (alpha*s1*s2 - beta*m1*m2)/(m1*r**2)
    (beta * s1 * s2 / r) - (G * m2 / r**2)
    (k*s1*s2 - G) / r**3
    (k*s1*s2 - G*m1*m2) / ((m1*m2/(m1+m2)) * r**2)
    (k*s1*s2 - G*m1*m2) / r**2
    (kappa * s1 * s2 * log(r) - G * m2) / r**2
    (kappa * s1 * s2 - G * m1 * m2) / (m1 * r**2)
    (kappa * s1 * s2 - G * m1 * m2) / r**2
    (kappa * s1 * s2 - G) / r**2
    (kappa * s1 * s2 / m1 - gamma * m2) / r**2
    (kappa*s1*s2 - G*m1*m2) / (m1 * r**2)
    (kappa*s1*s2 - G*m1*m2) / r**2
    (s1 * s2) / r**2 - G / r**3
    (s1*s2 - G*m1*m2) / r**2
    -G * m2 / r**2 + k * s1 * s2 / (m1 * r**2)
    -G * m2 / r**2 + k * s1 * s2 / (m1 * r**3)
    -G*m1/r**2 + alpha*s1*s2/r**3
    -G*m1/r**2 + kappa*s1*s2/(m2*r**3)
    -G*m2/r**2 + K*s1*s2*m2/r**3
    -G*m2/r**2 + k*s1*s2*r
    -G/r**2 + k*s1*s2/r
    G*m2/r - K*exp(s1+s2)/r**2
    G*m2/r**2 - K*s1*s2/(m1*r**3)
    G*m2/r**2 - k*s1*s2/r**3
    G*m2/r**2 - kappa*s1*s2/r**3
    G*s1*s2/r**2 + K/r**4
    alpha * (s1*s2)**6 / r**13 - beta * (s1*s2)**3 / r**7
========================================================================
