2026-06-07 03:56:56,778 [INFO] ascension.benchmarks.alien_depth: alien_depth: max_depth=6 per_layer=(True, False, True, False, False, True) held_out_rmse=0.21206819539332167 q_drift=None n_hyp=57 elapsed_ms=43528
========================================================================
ALIEN RUN 2380136e-7e5c-45dd-89fd-caed37fbad50
  run.status=completed  halt_reason=budget_exceeded
  PROVENANCE (P-15.2-6): benchmark_system='alien_universe'  included_in_distillation_v1=False
  SCORING MODE: FAMILY (L3/L4 vs held-out products {3,5})
  node types: {'hypothesis': 57}
  hypothesis nodes=57  status_breakdown={'active': 57}
  SPEND: 125 llm_calls, $10.7473 total
    provider='google': 125 calls, $10.7473
------------------------------------------------------------------------
  DISCOVERY DEPTH (P-15.2-1/2/3): max_depth=6
    per_layer L1..L6 = (True, False, True, False, False, True)
    HONEST consecutive force-law depth (L1-L4, L-057) = 1   [L5=False L6=True reported separately, non-consecutive]
    held_out_rss_reduction=0.21206819539332167  q_drift=None
  scorer notes (200):
    - L1: inverse-square term + Newton accel-fit converges ('(-G/r**2 + kappa * s1 * s2 / r**3)')
    - L2 DENIED: second radial term exponent not ~-3.5 ('(-G/r**2 + kappa * s1 * s2 / r**3)')
    - L3: hidden product does real work, hidden-basis RSS reduction 0.212 (+rationale tiebreaker) ('(-G/r**2 + kappa * s1 * s2 / r**3)')
    - L6: law verified invariant under P:(x->-x,v->-v,s->-s) ('(-G/r**2 + kappa * s1 * s2 / r**3)')
    - L1: inverse-square term + Newton accel-fit converges ('(G - kappa*s1*s2)/r**2')
    - L3: hidden product does real work, hidden-basis RSS reduction 0.212 (+rationale tiebreaker) ('(G - kappa*s1*s2)/r**2')
    - L6: law verified invariant under P:(x->-x,v->-v,s->-s) ('(G - kappa*s1*s2)/r**2')
    - L1: inverse-square term + Newton accel-fit converges ('(alpha / r**3) + (kappa * s1 * s2 / r**2)')
    - L2 DENIED: second radial term exponent not ~-3.5 ('(alpha / r**3) + (kappa * s1 * s2 / r**2)')
    - L3: hidden product does real work, hidden-basis RSS reduction 0.212 (+rationale tiebreaker) ('(alpha / r**3) + (kappa * s1 * s2 / r**2)')
    - L6: law verified invariant under P:(x->-x,v->-v,s->-s) ('(alpha / r**3) + (kappa * s1 * s2 / r**2)')
    - L1: inverse-square term + Newton accel-fit converges ('(kappa * (s1 + s2)) / r**3 - alpha / r**2')
    - L2 DENIED: second radial term exponent not ~-3.5 ('(kappa * (s1 + s2)) / r**3 - alpha / r**2')
    - L3: hidden product does real work, hidden-basis RSS reduction 0.212 (+rationale tiebreaker) ('(kappa * (s1 + s2)) / r**3 - alpha / r**2')
    - L6 DENIED: claimed symmetry not verified by sympy ('(kappa * (s1 + s2)) / r**3 - alpha / r**2')
    - L1: inverse-square term + Newton accel-fit converges ('(kappa * s1 * s2 - G * m1 * m2) / (m1 * r**2)')
    - L3: hidden product does real work, hidden-basis RSS reduction 0.212 (+rationale tiebreaker) ('(kappa * s1 * s2 - G * m1 * m2) / (m1 * r**2)')
    - L6: law verified invariant under P:(x->-x,v->-v,s->-s) ('(kappa * s1 * s2 - G * m1 * m2) / (m1 * r**2)')
    - L1: inverse-square term + Newton accel-fit converges ('(kappa * s1 * s2 - G * m1 * m2) / (m1 * r**2)')
    - L3: hidden product does real work, hidden-basis RSS reduction 0.212 (+rationale tiebreaker) ('(kappa * s1 * s2 - G * m1 * m2) / (m1 * r**2)')
    - L6: law verified invariant under P:(x->-x,v->-v,s->-s) ('(kappa * s1 * s2 - G * m1 * m2) / (m1 * r**2)')
    - L1: inverse-square term + Newton accel-fit converges ('(kappa * s1 * s2 / m1) / r**3 - (G * m2) / r**2')
    - L2 DENIED: second radial term exponent not ~-3.5 ('(kappa * s1 * s2 / m1) / r**3 - (G * m2) / r**2')
    - L3: hidden product does real work, hidden-basis RSS reduction 0.212 (+rationale tiebreaker) ('(kappa * s1 * s2 / m1) / r**3 - (G * m2) / r**2')
    - L6: law verified invariant under P:(x->-x,v->-v,s->-s) ('(kappa * s1 * s2 / m1) / r**3 - (G * m2) / r**2')
    - L1: inverse-square term + Newton accel-fit converges ('(kappa * s1 * s2 / r**3 - G * m1 * m2 / r**2) / m1')
    - L2 DENIED: second radial term exponent not ~-3.5 ('(kappa * s1 * s2 / r**3 - G * m1 * m2 / r**2) / m1')
    - L3: hidden product does real work, hidden-basis RSS reduction 0.212 (+rationale tiebreaker) ('(kappa * s1 * s2 / r**3 - G * m1 * m2 / r**2) / m1')
    - L6: law verified invariant under P:(x->-x,v->-v,s->-s) ('(kappa * s1 * s2 / r**3 - G * m1 * m2 / r**2) / m1')
    - L1: inverse-square term + Newton accel-fit converges ('(kappa * s1 * s2 / r**3) - (G * m1 * m2 / r**2)')
    - L2 DENIED: second radial term exponent not ~-3.5 ('(kappa * s1 * s2 / r**3) - (G * m1 * m2 / r**2)')
    - L3: hidden product does real work, hidden-basis RSS reduction 0.212 (+rationale tiebreaker) ('(kappa * s1 * s2 / r**3) - (G * m1 * m2 / r**2)')
    - L6: law verified invariant under P:(x->-x,v->-v,s->-s) ('(kappa * s1 * s2 / r**3) - (G * m1 * m2 / r**2)')
    - L1: inverse-square term + Newton accel-fit converges ('(kappa - s1 - s2)/r**2')
    - L6 DENIED: claimed symmetry not verified by sympy ('(kappa - s1 - s2)/r**2')
    - L1: inverse-square term + Newton accel-fit converges ('(kappa*s1*s2 - G)/r**2')
    - L3: hidden product does real work, hidden-basis RSS reduction 0.212 (+rationale tiebreaker) ('(kappa*s1*s2 - G)/r**2')
    - L6: law verified invariant under P:(x->-x,v->-v,s->-s) ('(kappa*s1*s2 - G)/r**2')
    - L1: inverse-square term + Newton accel-fit converges ('(kappa*s1*s2)/r**3 - G*m1/r**2')
    - L2 DENIED: second radial term exponent not ~-3.5 ('(kappa*s1*s2)/r**3 - G*m1/r**2')
    - L3: hidden product does real work, hidden-basis RSS reduction 0.212 (+rationale tiebreaker) ('(kappa*s1*s2)/r**3 - G*m1/r**2')
    - L6: law verified invariant under P:(x->-x,v->-v,s->-s) ('(kappa*s1*s2)/r**3 - G*m1/r**2')
    - L1: inverse-square term + Newton accel-fit converges ('(s1 + s2 - kappa) * G * m2 / r**2')
    - L6 DENIED: claimed symmetry not verified by sympy ('(s1 + s2 - kappa) * G * m2 / r**2')
    - L1: inverse-square term + Newton accel-fit converges ('(s1*s2)/(m1*r) - alpha*m2/r**2')
    - L2 DENIED: second radial term exponent not ~-3.5 ('(s1*s2)/(m1*r) - alpha*m2/r**2')
    - L3: hidden product does real work, hidden-basis RSS reduction 0.212 (+rationale tiebreaker) ('(s1*s2)/(m1*r) - alpha*m2/r**2')
    - L6: law verified invariant under P:(x->-x,v->-v,s->-s) ('(s1*s2)/(m1*r) - alpha*m2/r**2')
    - L1: inverse-square term + Newton accel-fit converges ('(s1+s2)/r**3 - k/r**2')
    - L2 DENIED: second radial term exponent not ~-3.5 ('(s1+s2)/r**3 - k/r**2')
    - L6 DENIED: claimed symmetry not verified by sympy ('(s1+s2)/r**3 - k/r**2')
    - L1: inverse-square term + Newton accel-fit converges ('-(alpha/r**2 + beta/r**3)')
    - L2 DENIED: second radial term exponent not ~-3.5 ('-(alpha/r**2 + beta/r**3)')
    - L1: inverse-square term + Newton accel-fit converges ('-G*m1*m2/r**2 + kappa*s1*((vx1-vx2)*(x1-x2) + (vy1-vy2)*(y1-y2))/r**3')
    - L2 DENIED: second radial term exponent not ~-3.5 ('-G*m1*m2/r**2 + kappa*s1*((vx1-vx2)*(x1-x2) + (vy1-vy2)*(y1-y2))/r**3')
    - L3: hidden product does real work, hidden-basis RSS reduction 0.212 (+rationale tiebreaker) ('-G*m1*m2/r**2 + kappa*s1*((vx1-vx2)*(x1-x2) + (vy1-vy2)*(y1-y2))/r**3')
    - L6 DENIED: claimed symmetry not verified by sympy ('-G*m1*m2/r**2 + kappa*s1*((vx1-vx2)*(x1-x2) + (vy1-vy2)*(y1-y2))/r**3')
    - L1: inverse-square term + Newton accel-fit converges ('-G*m1*m2/r**2 + kappa*s1*s2/r**3')
    - L2 DENIED: second radial term exponent not ~-3.5 ('-G*m1*m2/r**2 + kappa*s1*s2/r**3')
    - L3: hidden product does real work, hidden-basis RSS reduction 0.212 (+rationale tiebreaker) ('-G*m1*m2/r**2 + kappa*s1*s2/r**3')
  distinct symbolic_form count=44 (sample up to 30):
    (-G/r**2 + kappa * s1 * s2 / r**3)
    (G - kappa*s1*s2)/r**2
    (alpha / r**3) + (kappa * s1 * s2 / r**2)
    (kappa * (s1 + s2)) / r**3 - alpha / r**2
    (kappa * s1 * s2 - G * m1 * m2) / (m1 * r**2)
    (kappa * s1 * s2 / m1) / r**3 - (G * m2) / r**2
    (kappa * s1 * s2 / r**3 - G * m1 * m2 / r**2) / m1
    (kappa * s1 * s2 / r**3) - (G * m1 * m2 / r**2)
    (kappa - s1 - s2)/r**2
    (kappa*s1*s2 - G)/r**2
    (kappa*s1*s2)/r**3 - G*m1/r**2
    (s1 + s2 - kappa) * G * m2 / r**2
    (s1*s2)/(m1*r) - alpha*m2/r**2
    (s1+s2)/r**3 - k/r**2
    -(alpha/r**2 + beta/r**3)
    -G*m1*m2/r**2 + kappa*s1*((vx1-vx2)*(x1-x2) + (vy1-vy2)*(y1-y2))/r**3
    -G*m1*m2/r**2 + kappa*s1*s2/r**3
    -G*m2/r**2 + kappa*s1*s2/(m1*r**3)
    -G*m2/r**2 + kappa*s1*s2/r**3
    -G/r**2 + kappa*s1*s2/r**3
    A/r**2 + C/r**3
    G*m2/r**2 - kappa*s1*s2/(m1*r**3)
    G*m2/r**2 - kappa*s1*s2/r**3
    G*m2/r**3 * (x2-x1) + (s1+s2)/m1 * (vx2-vx1)
    G/r**2 + (s1*s2)*kappa*r
    G/r**2 - (kappa*s1*s2)/r**3
    G/r**2 - kappa*s1*s2/r**3
    alpha/r**2 - kappa*s1*s2/r**3
    k1/r**3 - s1*k2/r**2
    kappa * (s1 + s2 - c) / r**3
========================================================================
