2026-06-06 21:49:01,698 [INFO] ascension.benchmarks.alien_depth: alien_depth: max_depth=6 per_layer=(True, False, True, False, False, True) held_out_rmse=0.21206819539332167 q_drift=None n_hyp=43 elapsed_ms=38813
========================================================================
ALIEN RUN 8635254b-3f81-4dcf-8f8c-60d212a7885d
  run.status=completed  halt_reason=budget_exceeded
  PROVENANCE (P-15.2-6): benchmark_system='alien_universe'  included_in_distillation_v1=False
  SCORING MODE: FAMILY (L3/L4 vs held-out products {3,5})
  node types: {'hypothesis': 43}
  hypothesis nodes=43  status_breakdown={'active': 43}
  SPEND: 109 llm_calls, $10.7126 total
    provider='google': 109 calls, $10.7126
------------------------------------------------------------------------
  DISCOVERY DEPTH (P-15.2-1/2/3): max_depth=6
    per_layer L1..L6 = (True, False, True, False, False, True)
    HONEST consecutive force-law depth (L1-L4, L-057) = 1   [L5=False L6=True reported separately, non-consecutive]
    held_out_rss_reduction=0.21206819539332167  q_drift=None
  scorer notes (155):
    - L1: inverse-square term + Newton accel-fit converges ('(-G*m1*m2 + k*s1*s2) / (m1 * r**2)')
    - L3: hidden product does real work, hidden-basis RSS reduction 0.212 (+rationale tiebreaker) ('(-G*m1*m2 + k*s1*s2) / (m1 * r**2)')
    - L6: law verified invariant under P:(x->-x,v->-v,s->-s) ('(-G*m1*m2 + k*s1*s2) / (m1 * r**2)')
    - L1: inverse-square term + Newton accel-fit converges ('(alpha - s1*s2)/r**2')
    - L3: hidden product does real work, hidden-basis RSS reduction 0.212 (+rationale tiebreaker) ('(alpha - s1*s2)/r**2')
    - L6: law verified invariant under P:(x->-x,v->-v,s->-s) ('(alpha - s1*s2)/r**2')
    - L2 DENIED: second radial term exponent not ~-3.5 ('(alpha*(s1 + s2) - beta) / r')
    - L6 DENIED: claimed symmetry not verified by sympy ('(alpha*(s1 + s2) - beta) / r')
    - L1: inverse-square term + Newton accel-fit converges ('(alpha*s1*s2/r**3 - beta*m2/r**2)/m1')
    - L2 DENIED: second radial term exponent not ~-3.5 ('(alpha*s1*s2/r**3 - beta*m2/r**2)/m1')
    - L3: hidden product does real work, hidden-basis RSS reduction 0.212 ('(alpha*s1*s2/r**3 - beta*m2/r**2)/m1')
    - L6: law verified invariant under P:(x->-x,v->-v,s->-s) ('(alpha*s1*s2/r**3 - beta*m2/r**2)/m1')
    - L1: inverse-square term + Newton accel-fit converges ('(beta * s1 * s2) / r**3 - alpha / r**2')
    - L2 DENIED: second radial term exponent not ~-3.5 ('(beta * s1 * s2) / r**3 - alpha / r**2')
    - L3: hidden product does real work, hidden-basis RSS reduction 0.212 (+rationale tiebreaker) ('(beta * s1 * s2) / r**3 - alpha / r**2')
    - L6: law verified invariant under P:(x->-x,v->-v,s->-s) ('(beta * s1 * s2) / r**3 - alpha / r**2')
    - L1: inverse-square term + Newton accel-fit converges ('(kappa * s1 * s2) / r**3 - G / r**2')
    - L2 DENIED: second radial term exponent not ~-3.5 ('(kappa * s1 * s2) / r**3 - G / r**2')
    - L3: hidden product does real work, hidden-basis RSS reduction 0.212 (+rationale tiebreaker) ('(kappa * s1 * s2) / r**3 - G / r**2')
    - L6: law verified invariant under P:(x->-x,v->-v,s->-s) ('(kappa * s1 * s2) / r**3 - G / r**2')
    - L1: inverse-square term + Newton accel-fit converges ('(kappa*(s1+s2) - alpha)/r**2 - gamma/r**3')
    - L2 DENIED: second radial term exponent not ~-3.5 ('(kappa*(s1+s2) - alpha)/r**2 - gamma/r**3')
    - L3: hidden product does real work, hidden-basis RSS reduction 0.212 (+rationale tiebreaker) ('(kappa*(s1+s2) - alpha)/r**2 - gamma/r**3')
    - L6 DENIED: claimed symmetry not verified by sympy ('(kappa*(s1+s2) - alpha)/r**2 - gamma/r**3')
    - L1: inverse-square term + Newton accel-fit converges ('(kappa*s1*s2 - G*m1*m2) / (m1 * r**2)')
    - L3: hidden product does real work, hidden-basis RSS reduction 0.212 ('(kappa*s1*s2 - G*m1*m2) / (m1 * r**2)')
    - L6: law verified invariant under P:(x->-x,v->-v,s->-s) ('(kappa*s1*s2 - G*m1*m2) / (m1 * r**2)')
    - L1: inverse-square term + Newton accel-fit converges ('(kappa*s1*s2/r**3 - G*m1*m2/r**2) / m1')
    - L2 DENIED: second radial term exponent not ~-3.5 ('(kappa*s1*s2/r**3 - G*m1*m2/r**2) / m1')
    - L3: hidden product does real work, hidden-basis RSS reduction 0.212 (+rationale tiebreaker) ('(kappa*s1*s2/r**3 - G*m1*m2/r**2) / m1')
    - L6: law verified invariant under P:(x->-x,v->-v,s->-s) ('(kappa*s1*s2/r**3 - G*m1*m2/r**2) / m1')
    - L1: inverse-square term + Newton accel-fit converges ('(s1 * s2) / r**3 - G / r**2')
    - L2 DENIED: second radial term exponent not ~-3.5 ('(s1 * s2) / r**3 - G / r**2')
    - L3: hidden product does real work, hidden-basis RSS reduction 0.212 (+rationale tiebreaker) ('(s1 * s2) / r**3 - G / r**2')
    - L6: law verified invariant under P:(x->-x,v->-v,s->-s) ('(s1 * s2) / r**3 - G / r**2')
    - L1: inverse-square term + Newton accel-fit converges ('(s1*s2*alpha / r**3) - (beta / r**2)')
    - L2 DENIED: second radial term exponent not ~-3.5 ('(s1*s2*alpha / r**3) - (beta / r**2)')
    - L3: hidden product does real work, hidden-basis RSS reduction 0.212 (+rationale tiebreaker) ('(s1*s2*alpha / r**3) - (beta / r**2)')
    - L6: law verified invariant under P:(x->-x,v->-v,s->-s) ('(s1*s2*alpha / r**3) - (beta / r**2)')
    - L1: inverse-square term + Newton accel-fit converges ('-0.75/r**2 + s * ((x1-x2)*(vx1-vx2) + (y1-y2)*(vy1-vy2)) / r')
    - L2 DENIED: second radial term exponent not ~-3.5 ('-0.75/r**2 + s * ((x1-x2)*(vx1-vx2) + (y1-y2)*(vy1-vy2)) / r')
    - L6 DENIED: claimed symmetry not verified by sympy ('-0.75/r**2 + s * ((x1-x2)*(vx1-vx2) + (y1-y2)*(vy1-vy2)) / r')
    - L1: inverse-square term + Newton accel-fit converges ('-A/r**2 + k*s1*s2/r**3')
    - L2 DENIED: second radial term exponent not ~-3.5 ('-A/r**2 + k*s1*s2/r**3')
    - L3: hidden product does real work, hidden-basis RSS reduction 0.212 (+rationale tiebreaker) ('-A/r**2 + k*s1*s2/r**3')
    - L6: law verified invariant under P:(x->-x,v->-v,s->-s) ('-A/r**2 + k*s1*s2/r**3')
    - L1: inverse-square term + Newton accel-fit converges ('-G*m2/r**2 + k*s1*s2/m1')
    - L2 DENIED: second radial term exponent not ~-3.5 ('-G*m2/r**2 + k*s1*s2/m1')
    - L3: hidden product does real work, hidden-basis RSS reduction 0.212 (+rationale tiebreaker) ('-G*m2/r**2 + k*s1*s2/m1')
    - L6: law verified invariant under P:(x->-x,v->-v,s->-s) ('-G*m2/r**2 + k*s1*s2/m1')
    - L1: inverse-square term + Newton accel-fit converges ('-G*m2/r**2 + kappa*s1*s2*m2/r**3')
    - L2 DENIED: second radial term exponent not ~-3.5 ('-G*m2/r**2 + kappa*s1*s2*m2/r**3')
    - L3: hidden product does real work, hidden-basis RSS reduction 0.212 (+rationale tiebreaker) ('-G*m2/r**2 + kappa*s1*s2*m2/r**3')
    - L6: law verified invariant under P:(x->-x,v->-v,s->-s) ('-G*m2/r**2 + kappa*s1*s2*m2/r**3')
    - L1: inverse-square term + Newton accel-fit converges ('-G*m2/r**2 + s1*s2/(m1*r**3)')
    - L2 DENIED: second radial term exponent not ~-3.5 ('-G*m2/r**2 + s1*s2/(m1*r**3)')
    - L3: hidden product does real work, hidden-basis RSS reduction 0.212 (+rationale tiebreaker) ('-G*m2/r**2 + s1*s2/(m1*r**3)')
    - L6: law verified invariant under P:(x->-x,v->-v,s->-s) ('-G*m2/r**2 + s1*s2/(m1*r**3)')
    - L1: inverse-square term + Newton accel-fit converges ('-alpha/r**2 + beta*s1*s2/r**3')
    - L2 DENIED: second radial term exponent not ~-3.5 ('-alpha/r**2 + beta*s1*s2/r**3')
  distinct symbolic_form count=42 (sample up to 30):
    (-G*m1*m2 + k*s1*s2) / (m1 * r**2)
    (alpha - s1*s2)/r**2
    (alpha*(s1 + s2) - beta) / r
    (alpha*s1*s2/r**3 - beta*m2/r**2)/m1
    (beta * s1 * s2) / r**3 - alpha / r**2
    (kappa * s1 * s2) / r**3 - G / r**2
    (kappa*(s1+s2) - alpha)/r**2 - gamma/r**3
    (kappa*s1*s2 - G*m1*m2) / (m1 * r**2)
    (kappa*s1*s2/r**3 - G*m1*m2/r**2) / m1
    (s1 * s2) / r**3 - G / r**2
    (s1*s2*alpha / r**3) - (beta / r**2)
    -0.75/r**2 + s * ((x1-x2)*(vx1-vx2) + (y1-y2)*(vy1-vy2)) / r
    -A/r**2 + k*s1*s2/r**3
    -G*m2/r**2 + k*s1*s2/m1
    -G*m2/r**2 + kappa*s1*s2*m2/r**3
    -G*m2/r**2 + s1*s2/(m1*r**3)
    -alpha/r**2 + beta*s1*s2/r**3
    -alpha/r**2 + s1*s2/r**3
    -kappa * (s1 + s2) / r**2
    -kappa/r**2 + beta * (s1**2 + s2**2) / r**3
    A/r**2 + B/r**3
    G * (s1 + s2) * exp(-alpha * r) / r**2
    G*m1*m2/r**2 - kappa*s1*s2/r**3
    G/r**2 - kappa*(s1+s2)/r**3
    alpha * (s1*s2) / r**3 - beta / r**2
    alpha * s1 * s2 / r**2
    alpha * s1 * s2 / r**3 + beta * (s1 + s2) / r**2
    alpha * s1 * s2 / r**3 - beta / r**2
    alpha*(s1**2 + s2**2)/r**3 - beta*m1*m2/r**2
    alpha*(s1+s2)/(m1*r**3) - G*m2/r**2
========================================================================
