2026-06-04 10:35:51,162 [INFO] ascension.benchmarks.alien_depth: alien_depth: max_depth=6 per_layer=(True, False, True, False, False, True) held_out_rmse=0.21206819539332167 q_drift=None n_hyp=12 elapsed_ms=17139
========================================================================
ALIEN RUN f2407da6-7ba8-4de0-bfda-931d6efc18cb
  run.status=completed  halt_reason=duration_exceeded
  PROVENANCE (P-15.2-6): benchmark_system='alien_universe'  included_in_distillation_v1=False
  SCORING MODE: FAMILY (L3/L4 vs held-out products {3,5})
  node types: {'hypothesis': 12}
  hypothesis nodes=12  status_breakdown={'active': 12}
  SPEND: 34 llm_calls, $3.5802 total
    provider='google': 34 calls, $3.5802
------------------------------------------------------------------------
  DISCOVERY DEPTH (P-15.2-1/2/3): max_depth=6
    per_layer L1..L6 = (True, False, True, False, False, True)
    HONEST consecutive force-law depth (L1-L4, L-057) = 1   [L5=False L6=True reported separately, non-consecutive]
    held_out_rss_reduction=0.21206819539332167  q_drift=None
  scorer notes (41):
    - L1: inverse-square term + Newton accel-fit converges ('(alpha * s1 * s2 / m1) / r**3 - G * m2 / r**2')
    - L2 DENIED: second radial term exponent not ~-3.5 ('(alpha * s1 * s2 / m1) / r**3 - G * m2 / r**2')
    - L3: hidden product does real work, hidden-basis RSS reduction 0.212 ('(alpha * s1 * s2 / m1) / r**3 - G * m2 / r**2')
    - L6: law verified invariant under P:(x->-x,v->-v,s->-s) ('(alpha * s1 * s2 / m1) / r**3 - G * m2 / r**2')
    - L1: inverse-square term + Newton accel-fit converges ('(alpha * s1 * s2) / r**3 - G / r**2')
    - L2 DENIED: second radial term exponent not ~-3.5 ('(alpha * s1 * s2) / r**3 - G / r**2')
    - L3: hidden product does real work, hidden-basis RSS reduction 0.212 (+rationale tiebreaker) ('(alpha * s1 * s2) / r**3 - G / r**2')
    - L6: law verified invariant under P:(x->-x,v->-v,s->-s) ('(alpha * s1 * s2) / r**3 - G / r**2')
    - L2 DENIED: second radial term exponent not ~-3.5 ('(s1 + s2 - kappa) * C / r**3')
    - L6 DENIED: claimed symmetry not verified by sympy ('(s1 + s2 - kappa) * C / r**3')
    - L1: inverse-square term + Newton accel-fit converges ('(s1*s2)/r**3 - G/r**2')
    - L2 DENIED: second radial term exponent not ~-3.5 ('(s1*s2)/r**3 - G/r**2')
    - L3: hidden product does real work, hidden-basis RSS reduction 0.212 (+rationale tiebreaker) ('(s1*s2)/r**3 - G/r**2')
    - L6: law verified invariant under P:(x->-x,v->-v,s->-s) ('(s1*s2)/r**3 - G/r**2')
    - L1: inverse-square term + Newton accel-fit converges ('-G*m2/r**2 + K*s1*s2/(m1*r**3)')
    - L2 DENIED: second radial term exponent not ~-3.5 ('-G*m2/r**2 + K*s1*s2/(m1*r**3)')
    - L3: hidden product does real work, hidden-basis RSS reduction 0.212 (+rationale tiebreaker) ('-G*m2/r**2 + K*s1*s2/(m1*r**3)')
    - L6: law verified invariant under P:(x->-x,v->-v,s->-s) ('-G*m2/r**2 + K*s1*s2/(m1*r**3)')
    - L1: inverse-square term + Newton accel-fit converges ('-G/r**2 + kappa*s1*s2/r**3')
    - L2 DENIED: second radial term exponent not ~-3.5 ('-G/r**2 + kappa*s1*s2/r**3')
    - L3: hidden product does real work, hidden-basis RSS reduction 0.212 (+rationale tiebreaker) ('-G/r**2 + kappa*s1*s2/r**3')
    - L6: law verified invariant under P:(x->-x,v->-v,s->-s) ('-G/r**2 + kappa*s1*s2/r**3')
    - L1: inverse-square term + Newton accel-fit converges ('G/r**2 - s1*s2/r**3')
    - L2 DENIED: second radial term exponent not ~-3.5 ('G/r**2 - s1*s2/r**3')
    - L3: hidden product does real work, hidden-basis RSS reduction 0.212 (+rationale tiebreaker) ('G/r**2 - s1*s2/r**3')
    - L6: law verified invariant under P:(x->-x,v->-v,s->-s) ('G/r**2 - s1*s2/r**3')
    - L6 DENIED: claimed symmetry not verified by sympy ('gamma*(s1+s2)/r**p')
    - L1: inverse-square term + Newton accel-fit converges ('k*s1*s2/r**3 - G*m2/r**2')
    - L2 DENIED: second radial term exponent not ~-3.5 ('k*s1*s2/r**3 - G*m2/r**2')
    - L3: hidden product does real work, hidden-basis RSS reduction 0.212 (+rationale tiebreaker) ('k*s1*s2/r**3 - G*m2/r**2')
    - L6: law verified invariant under P:(x->-x,v->-v,s->-s) ('k*s1*s2/r**3 - G*m2/r**2')
    - L1: inverse-square term + Newton accel-fit converges ('kappa * s1 * s2 / r**2')
    - L3: hidden product does real work, hidden-basis RSS reduction 0.212 (+rationale tiebreaker) ('kappa * s1 * s2 / r**2')
    - L6: law verified invariant under P:(x->-x,v->-v,s->-s) ('kappa * s1 * s2 / r**2')
    - L1: inverse-square term + Newton accel-fit converges ('kappa*(s1+s2)/r**2')
    - L3: hidden product does real work, hidden-basis RSS reduction 0.212 (+rationale tiebreaker) ('kappa*(s1+s2)/r**2')
    - L6 DENIED: claimed symmetry not verified by sympy ('kappa*(s1+s2)/r**2')
    - L1: inverse-square term + Newton accel-fit converges ('s1*s2/(m1*r**3) - G*m2/r**2')
    - L2 DENIED: second radial term exponent not ~-3.5 ('s1*s2/(m1*r**3) - G*m2/r**2')
    - L3: hidden product does real work, hidden-basis RSS reduction 0.212 (+rationale tiebreaker) ('s1*s2/(m1*r**3) - G*m2/r**2')
    - L6: law verified invariant under P:(x->-x,v->-v,s->-s) ('s1*s2/(m1*r**3) - G*m2/r**2')
  distinct symbolic_form count=12 (sample up to 30):
    (alpha * s1 * s2 / m1) / r**3 - G * m2 / r**2
    (alpha * s1 * s2) / r**3 - G / r**2
    (s1 + s2 - kappa) * C / r**3
    (s1*s2)/r**3 - G/r**2
    -G*m2/r**2 + K*s1*s2/(m1*r**3)
    -G/r**2 + kappa*s1*s2/r**3
    G/r**2 - s1*s2/r**3
    gamma*(s1+s2)/r**p
    k*s1*s2/r**3 - G*m2/r**2
    kappa * s1 * s2 / r**2
    kappa*(s1+s2)/r**2
    s1*s2/(m1*r**3) - G*m2/r**2
========================================================================
