2026-06-04 19:59:14,139 [INFO] ascension.benchmarks.alien_depth: alien_depth: max_depth=6 per_layer=(True, False, True, False, False, True) held_out_rmse=0.21206819539332167 q_drift=None n_hyp=9 elapsed_ms=15362
========================================================================
ALIEN RUN 1d1fd18e-810e-4c5f-b654-cb7aae8517af
  run.status=completed  halt_reason=duration_exceeded
  PROVENANCE (P-15.2-6): benchmark_system='alien_universe'  included_in_distillation_v1=False
  SCORING MODE: FAMILY (L3/L4 vs held-out products {3,5})
  node types: {'dispute': 2, 'hypothesis': 9}
  hypothesis nodes=9  status_breakdown={'contested': 2, 'active': 7}
  SPEND: 23 llm_calls, $0.7920 total
    provider='google': 23 calls, $0.7920
------------------------------------------------------------------------
  DISCOVERY DEPTH (P-15.2-1/2/3): max_depth=6
    per_layer L1..L6 = (True, False, True, False, False, True)
    HONEST consecutive force-law depth (L1-L4, L-057) = 1   [L5=False L6=True reported separately, non-consecutive]
    held_out_rss_reduction=0.21206819539332167  q_drift=None
  scorer notes (27):
    - L1: inverse-square term + Newton accel-fit converges ('(k * s1 * s2 - G) / r**2')
    - L3: hidden product does real work, hidden-basis RSS reduction 0.212 ('(k * s1 * s2 - G) / r**2')
    - L6: law verified invariant under P:(x->-x,v->-v,s->-s) ('(k * s1 * s2 - G) / r**2')
    - L1: inverse-square term + Newton accel-fit converges ('(k*(s1+s2) - r)/r**3')
    - L2 DENIED: second radial term exponent not ~-3.5 ('(k*(s1+s2) - r)/r**3')
    - L6 DENIED: claimed symmetry not verified by sympy ('(k*(s1+s2) - r)/r**3')
    - L1: inverse-square term + Newton accel-fit converges ('(k*s1*s2)/r**3 - G/r**2')
    - L2 DENIED: second radial term exponent not ~-3.5 ('(k*s1*s2)/r**3 - G/r**2')
    - L3: hidden product does real work, hidden-basis RSS reduction 0.212 (+rationale tiebreaker) ('(k*s1*s2)/r**3 - G/r**2')
    - L6: law verified invariant under P:(x->-x,v->-v,s->-s) ('(k*s1*s2)/r**3 - G/r**2')
    - L1: inverse-square term + Newton accel-fit converges ('(kappa * s1 * s2) / r**2')
    - L3: hidden product does real work, hidden-basis RSS reduction 0.212 (+rationale tiebreaker) ('(kappa * s1 * s2) / r**2')
    - L6: law verified invariant under P:(x->-x,v->-v,s->-s) ('(kappa * s1 * s2) / r**2')
    - L3: hidden product does real work, hidden-basis RSS reduction 0.212 (+rationale tiebreaker) ('(kappa * s1 * s2) / r**p')
    - L6: law verified invariant under P:(x->-x,v->-v,s->-s) ('(kappa * s1 * s2) / r**p')
    - L1: inverse-square term + Newton accel-fit converges ('(s1+s2)/r**2')
    - L6 DENIED: claimed symmetry not verified by sympy ('(s1+s2)/r**2')
    - L1: inverse-square term + Newton accel-fit converges ('k*s1*s2/(m1*r**2) - G*m2/r**2')
    - L3: hidden product does real work, hidden-basis RSS reduction 0.212 (+rationale tiebreaker) ('k*s1*s2/(m1*r**2) - G*m2/r**2')
    - L6: law verified invariant under P:(x->-x,v->-v,s->-s) ('k*s1*s2/(m1*r**2) - G*m2/r**2')
    - L1: inverse-square term + Newton accel-fit converges ('k*s1*s2/r**3 - G/r**2')
    - L2 DENIED: second radial term exponent not ~-3.5 ('k*s1*s2/r**3 - G/r**2')
    - L3: hidden product does real work, hidden-basis RSS reduction 0.212 (+rationale tiebreaker) ('k*s1*s2/r**3 - G/r**2')
    - L6: law verified invariant under P:(x->-x,v->-v,s->-s) ('k*s1*s2/r**3 - G/r**2')
    - L2 DENIED: second radial term exponent not ~-3.5 ('s1*s2 * exp(-alpha*r) / r')
    - L3: hidden product does real work, hidden-basis RSS reduction 0.212 (+rationale tiebreaker) ('s1*s2 * exp(-alpha*r) / r')
    - L6: law verified invariant under P:(x->-x,v->-v,s->-s) ('s1*s2 * exp(-alpha*r) / r')
  distinct symbolic_form count=9 (sample up to 30):
    (k * s1 * s2 - G) / r**2
    (k*(s1+s2) - r)/r**3
    (k*s1*s2)/r**3 - G/r**2
    (kappa * s1 * s2) / r**2
    (kappa * s1 * s2) / r**p
    (s1+s2)/r**2
    k*s1*s2/(m1*r**2) - G*m2/r**2
    k*s1*s2/r**3 - G/r**2
    s1*s2 * exp(-alpha*r) / r
========================================================================
