2026-06-07 00:49:47,460 [INFO] ascension.benchmarks.alien_depth: alien_depth: max_depth=6 per_layer=(True, False, True, False, False, True) held_out_rmse=0.21206819539332167 q_drift=None n_hyp=48 elapsed_ms=43598
========================================================================
ALIEN RUN 43c4e98d-ff23-497c-96e7-76b5e326293a
  run.status=completed  halt_reason=budget_exceeded
  PROVENANCE (P-15.2-6): benchmark_system='alien_universe'  included_in_distillation_v1=False
  SCORING MODE: FAMILY (L3/L4 vs held-out products {3,5})
  node types: {'hypothesis': 48}
  hypothesis nodes=48  status_breakdown={'active': 48}
  SPEND: 116 llm_calls, $10.7750 total
    provider='google': 116 calls, $10.7750
------------------------------------------------------------------------
  DISCOVERY DEPTH (P-15.2-1/2/3): max_depth=6
    per_layer L1..L6 = (True, False, True, False, False, True)
    HONEST consecutive force-law depth (L1-L4, L-057) = 1   [L5=False L6=True reported separately, non-consecutive]
    held_out_rss_reduction=0.21206819539332167  q_drift=None
  scorer notes (174):
    - L1: inverse-square term + Newton accel-fit converges ('(G*m2 - kappa*s1*s2) / r**2')
    - L3: hidden product does real work, hidden-basis RSS reduction 0.212 (+rationale tiebreaker) ('(G*m2 - kappa*s1*s2) / r**2')
    - L6: law verified invariant under P:(x->-x,v->-v,s->-s) ('(G*m2 - kappa*s1*s2) / r**2')
    - L1: inverse-square term + Newton accel-fit converges ('(alpha*s1*s2/r**3 - beta*m1*m2/r**2)/m1')
    - L2 DENIED: second radial term exponent not ~-3.5 ('(alpha*s1*s2/r**3 - beta*m1*m2/r**2)/m1')
    - L3: hidden product does real work, hidden-basis RSS reduction 0.212 (+rationale tiebreaker) ('(alpha*s1*s2/r**3 - beta*m1*m2/r**2)/m1')
    - L6: law verified invariant under P:(x->-x,v->-v,s->-s) ('(alpha*s1*s2/r**3 - beta*m1*m2/r**2)/m1')
    - L1: inverse-square term + Newton accel-fit converges ('(beta*s1*s2 - alpha*m1*m2) / r**2')
    - L3: hidden product does real work, hidden-basis RSS reduction 0.212 (+rationale tiebreaker) ('(beta*s1*s2 - alpha*m1*m2) / r**2')
    - L6: law verified invariant under P:(x->-x,v->-v,s->-s) ('(beta*s1*s2 - alpha*m1*m2) / r**2')
    - L1: inverse-square term + Newton accel-fit converges ('(gamma - kappa * (s1 + s2)) / r**2')
    - L3: hidden product does real work, hidden-basis RSS reduction 0.212 ('(gamma - kappa * (s1 + s2)) / r**2')
    - L6 DENIED: claimed symmetry not verified by sympy ('(gamma - kappa * (s1 + s2)) / r**2')
    - L1: inverse-square term + Newton accel-fit converges ('(kappa * (s1 + s2)) / r - (G * m1 * m2) / r**2')
    - L2 DENIED: second radial term exponent not ~-3.5 ('(kappa * (s1 + s2)) / r - (G * m1 * m2) / r**2')
    - L3: hidden product does real work, hidden-basis RSS reduction 0.212 (+rationale tiebreaker) ('(kappa * (s1 + s2)) / r - (G * m1 * m2) / r**2')
    - L6 DENIED: claimed symmetry not verified by sympy ('(kappa * (s1 + s2)) / r - (G * m1 * m2) / r**2')
    - L2 DENIED: second radial term exponent not ~-3.5 ('(kappa * (s1 + s2)) / r**3')
    - L3: hidden product does real work, hidden-basis RSS reduction 0.212 (+rationale tiebreaker) ('(kappa * (s1 + s2)) / r**3')
    - L6 DENIED: claimed symmetry not verified by sympy ('(kappa * (s1 + s2)) / r**3')
    - L1: inverse-square term + Newton accel-fit converges ('(kappa * s1 * s2 - G * m1 * m2) / (m1 * r**2)')
    - L3: hidden product does real work, hidden-basis RSS reduction 0.212 (+rationale tiebreaker) ('(kappa * s1 * s2 - G * m1 * m2) / (m1 * r**2)')
    - L6: law verified invariant under P:(x->-x,v->-v,s->-s) ('(kappa * s1 * s2 - G * m1 * m2) / (m1 * r**2)')
    - L1: inverse-square term + Newton accel-fit converges ('(kappa * s1 * s2 - G * m1 * m2) / (m1 * r**2)')
    - L3: hidden product does real work, hidden-basis RSS reduction 0.212 (+rationale tiebreaker) ('(kappa * s1 * s2 - G * m1 * m2) / (m1 * r**2)')
    - L6: law verified invariant under P:(x->-x,v->-v,s->-s) ('(kappa * s1 * s2 - G * m1 * m2) / (m1 * r**2)')
    - L1: inverse-square term + Newton accel-fit converges ('(kappa * s1 * s2 / (m1 * r**3)) - (G * m2 / r**2)')
    - L2 DENIED: second radial term exponent not ~-3.5 ('(kappa * s1 * s2 / (m1 * r**3)) - (G * m2 / r**2)')
    - L3: hidden product does real work, hidden-basis RSS reduction 0.212 (+rationale tiebreaker) ('(kappa * s1 * s2 / (m1 * r**3)) - (G * m2 / r**2)')
    - L6: law verified invariant under P:(x->-x,v->-v,s->-s) ('(kappa * s1 * s2 / (m1 * r**3)) - (G * m2 / r**2)')
    - L1: inverse-square term + Newton accel-fit converges ('(kappa * s1 * s2 / r**3) - (G * m1 * m2 / r**2)')
    - L2 DENIED: second radial term exponent not ~-3.5 ('(kappa * s1 * s2 / r**3) - (G * m1 * m2 / r**2)')
    - L3: hidden product does real work, hidden-basis RSS reduction 0.212 ('(kappa * s1 * s2 / r**3) - (G * m1 * m2 / r**2)')
    - L6: law verified invariant under P:(x->-x,v->-v,s->-s) ('(kappa * s1 * s2 / r**3) - (G * m1 * m2 / r**2)')
    - L1: inverse-square term + Newton accel-fit converges ('(kappa * s1 * s2 / r**3) - (G / r**2)')
    - L2 DENIED: second radial term exponent not ~-3.5 ('(kappa * s1 * s2 / r**3) - (G / r**2)')
    - L3: hidden product does real work, hidden-basis RSS reduction 0.212 (+rationale tiebreaker) ('(kappa * s1 * s2 / r**3) - (G / r**2)')
    - L6: law verified invariant under P:(x->-x,v->-v,s->-s) ('(kappa * s1 * s2 / r**3) - (G / r**2)')
    - L1: inverse-square term + Newton accel-fit converges ('(kappa * s1 * s2) / (m1 * r**3) - (G * m2) / r**2')
    - L2 DENIED: second radial term exponent not ~-3.5 ('(kappa * s1 * s2) / (m1 * r**3) - (G * m2) / r**2')
    - L3: hidden product does real work, hidden-basis RSS reduction 0.212 ('(kappa * s1 * s2) / (m1 * r**3) - (G * m2) / r**2')
    - L6: law verified invariant under P:(x->-x,v->-v,s->-s) ('(kappa * s1 * s2) / (m1 * r**3) - (G * m2) / r**2')
    - L1: inverse-square term + Newton accel-fit converges ('(kappa * s1 * s2) / r**3 - G * (m1 + m2) / r**2')
    - L2 DENIED: second radial term exponent not ~-3.5 ('(kappa * s1 * s2) / r**3 - G * (m1 + m2) / r**2')
    - L3: hidden product does real work, hidden-basis RSS reduction 0.212 (+rationale tiebreaker) ('(kappa * s1 * s2) / r**3 - G * (m1 + m2) / r**2')
    - L6: law verified invariant under P:(x->-x,v->-v,s->-s) ('(kappa * s1 * s2) / r**3 - G * (m1 + m2) / r**2')
    - L1: inverse-square term + Newton accel-fit converges ('(kappa * s1 * s2) / r**3 - G / r**2')
    - L2 DENIED: second radial term exponent not ~-3.5 ('(kappa * s1 * s2) / r**3 - G / r**2')
    - L3: hidden product does real work, hidden-basis RSS reduction 0.212 (+rationale tiebreaker) ('(kappa * s1 * s2) / r**3 - G / r**2')
    - L6: law verified invariant under P:(x->-x,v->-v,s->-s) ('(kappa * s1 * s2) / r**3 - G / r**2')
    - L1: inverse-square term + Newton accel-fit converges ('(kappa*(s1+s2)/r**3 - (kappa*(s1+s2) + alpha)/r**2)/m1')
    - L2 DENIED: second radial term exponent not ~-3.5 ('(kappa*(s1+s2)/r**3 - (kappa*(s1+s2) + alpha)/r**2)/m1')
    - L3: hidden product does real work, hidden-basis RSS reduction 0.212 ('(kappa*(s1+s2)/r**3 - (kappa*(s1+s2) + alpha)/r**2)/m1')
    - L6 DENIED: claimed symmetry not verified by sympy ('(kappa*(s1+s2)/r**3 - (kappa*(s1+s2) + alpha)/r**2)/m1')
    - L1: inverse-square term + Newton accel-fit converges ('(kappa*s1*s2 - G)/r**2 - gamma*((vx2-vx1)*(x2-x1) + (vy2-vy1)*(y2-y1))/r')
    - L2 DENIED: second radial term exponent not ~-3.5 ('(kappa*s1*s2 - G)/r**2 - gamma*((vx2-vx1)*(x2-x1) + (vy2-vy1)*(y2-y1))/r')
    - L3: hidden product does real work, hidden-basis RSS reduction 0.212 (+rationale tiebreaker) ('(kappa*s1*s2 - G)/r**2 - gamma*((vx2-vx1)*(x2-x1) + (vy2-vy1)*(y2-y1))/r')
    - L6: law verified invariant under P:(x->-x,v->-v,s->-s) ('(kappa*s1*s2 - G)/r**2 - gamma*((vx2-vx1)*(x2-x1) + (vy2-vy1)*(y2-y1))/r')
    - L1: inverse-square term + Newton accel-fit converges ('(kappa*s1*s2 - G*m1*m2)/r**2')
    - L3: hidden product does real work, hidden-basis RSS reduction 0.212 (+rationale tiebreaker) ('(kappa*s1*s2 - G*m1*m2)/r**2')
  distinct symbolic_form count=45 (sample up to 30):
    (G*m2 - kappa*s1*s2) / r**2
    (alpha*s1*s2/r**3 - beta*m1*m2/r**2)/m1
    (beta*s1*s2 - alpha*m1*m2) / r**2
    (gamma - kappa * (s1 + s2)) / r**2
    (kappa * (s1 + s2)) / r - (G * m1 * m2) / r**2
    (kappa * (s1 + s2)) / r**3
    (kappa * s1 * s2 - G * m1 * m2) / (m1 * r**2)
    (kappa * s1 * s2 / (m1 * r**3)) - (G * m2 / r**2)
    (kappa * s1 * s2 / r**3) - (G * m1 * m2 / r**2)
    (kappa * s1 * s2 / r**3) - (G / r**2)
    (kappa * s1 * s2) / (m1 * r**3) - (G * m2) / r**2
    (kappa * s1 * s2) / r**3 - G * (m1 + m2) / r**2
    (kappa * s1 * s2) / r**3 - G / r**2
    (kappa*(s1+s2)/r**3 - (kappa*(s1+s2) + alpha)/r**2)/m1
    (kappa*s1*s2 - G)/r**2 - gamma*((vx2-vx1)*(x2-x1) + (vy2-vy1)*(y2-y1))/r
    (kappa*s1*s2 - G*m1*m2)/r**2
    (kappa*s1*s2/m1 - G*m2)/r**2
    (kappa*s1*s2/m1)/r**2 - (alpha*m2)/r**3
    (s1 + s2) * (G/r**2 + alpha * ((v2 - v1) * (x2 - x1) + (vy2 - vy1) * (y2 - y1)) / r)
    (s1*s2 - alpha)/r**2
    (s1*s2) * (alpha/r**2 - beta/r**3)
    -G*m2/r**2 + kappa*s1*s2/r**3
    -G/r**2 + kappa*s1*s2/r**3
    -alpha/r**2 + kappa*s1*s2/r**3
    -kappa * (s1 + s2) / r
    G*m2/r**2 - kappa*(s1+s2)/r**3
    G*m2/r**2 - kappa*s1*s2/(m1*r**3)
    G/r**2 - kappa*s1*s2/r**3
    alpha * (s1 + s2) / r**2 - G * m1 * m2 / r**2
    alpha*s1*s2/r**3 - beta*sqrt(s1*s2)/r**2
========================================================================
