2026-06-03 23:07:47,462 [INFO] ascension.benchmarks.alien_depth: alien_depth: max_depth=6 per_layer=(True, True, True, False, False, True) held_out_rmse=0.21206819539332167 q_drift=None n_hyp=42 elapsed_ms=41732
========================================================================
ALIEN RUN c4cdef33-27f3-448a-8be3-384345f25753
  run.status=completed  halt_reason=call_budget_exceeded
  PROVENANCE (P-15.2-6): benchmark_system='alien_universe'  included_in_distillation_v1=False
  SCORING MODE: FAMILY (L3/L4 vs held-out products {3,5})
  node types: {'dispute': 8, 'hypothesis': 42}
  hypothesis nodes=42  status_breakdown={'contested': 11, 'active': 31}
  SPEND: 130 llm_calls, $3.4012 total
    provider='google': 130 calls, $3.4012
------------------------------------------------------------------------
  DISCOVERY DEPTH (P-15.2-1/2/3): max_depth=6
    per_layer L1..L6 = (True, True, True, False, False, True)
    HONEST consecutive force-law depth (L1-L4, L-057) = 3   [L5=False L6=True reported separately, non-consecutive]
    held_out_rss_reduction=0.21206819539332167  q_drift=None
  scorer notes (161):
    - L1: inverse-square term + Newton accel-fit converges ('(G * s1 * s2 * m2 / r**2) + (beta * m2 / r**3.4)')
    - L2: second radial term ~r**-3.5 + correction-basis RSS reduction 0.169 >= 0.05 ('(G * s1 * s2 * m2 / r**2) + (beta * m2 / r**3.4)')
    - L3: hidden product does real work, hidden-basis RSS reduction 0.212 ('(G * s1 * s2 * m2 / r**2) + (beta * m2 / r**3.4)')
    - L6: law verified invariant under P:(x->-x,v->-v,s->-s) ('(G * s1 * s2 * m2 / r**2) + (beta * m2 / r**3.4)')
    - L1: inverse-square term + Newton accel-fit converges ('(alpha * s1 * s2 / r**2 - beta / r**3) / m1')
    - L2 DENIED: second radial term exponent not ~-3.5 ('(alpha * s1 * s2 / r**2 - beta / r**3) / m1')
    - L3: hidden product does real work, hidden-basis RSS reduction 0.212 ('(alpha * s1 * s2 / r**2 - beta / r**3) / m1')
    - L6: law verified invariant under P:(x->-x,v->-v,s->-s) ('(alpha * s1 * s2 / r**2 - beta / r**3) / m1')
    - L1: inverse-square term + Newton accel-fit converges ('(k1/r**2 + k2/r**3.4) * s1*s2')
    - L2: second radial term ~r**-3.5 + correction-basis RSS reduction 0.169 >= 0.05 ('(k1/r**2 + k2/r**3.4) * s1*s2')
    - L3: hidden product does real work, hidden-basis RSS reduction 0.212 (+rationale tiebreaker) ('(k1/r**2 + k2/r**3.4) * s1*s2')
    - L6: law verified invariant under P:(x->-x,v->-v,s->-s) ('(k1/r**2 + k2/r**3.4) * s1*s2')
    - L1: inverse-square term + Newton accel-fit converges ('(s1 * s2) * (G/r**2 + beta/r**3.4)')
    - L2: second radial term ~r**-3.5 + correction-basis RSS reduction 0.169 >= 0.05 ('(s1 * s2) * (G/r**2 + beta/r**3.4)')
    - L3: hidden product does real work, hidden-basis RSS reduction 0.212 ('(s1 * s2) * (G/r**2 + beta/r**3.4)')
    - L6: law verified invariant under P:(x->-x,v->-v,s->-s) ('(s1 * s2) * (G/r**2 + beta/r**3.4)')
    - L1: inverse-square term + Newton accel-fit converges ('(s1*s2/m1) * (alpha/r**2 + beta/r**3)')
    - L2 DENIED: second radial term exponent not ~-3.5 ('(s1*s2/m1) * (alpha/r**2 + beta/r**3)')
    - L3: hidden product does real work, hidden-basis RSS reduction 0.212 ('(s1*s2/m1) * (alpha/r**2 + beta/r**3)')
    - L6: law verified invariant under P:(x->-x,v->-v,s->-s) ('(s1*s2/m1) * (alpha/r**2 + beta/r**3)')
    - L1: inverse-square term + Newton accel-fit converges ('(s1*s2/m1)*(alpha/r**2 + beta/r**3.4)')
    - L2: second radial term ~r**-3.5 + correction-basis RSS reduction 0.169 >= 0.05 ('(s1*s2/m1)*(alpha/r**2 + beta/r**3.4)')
    - L3: hidden product does real work, hidden-basis RSS reduction 0.212 ('(s1*s2/m1)*(alpha/r**2 + beta/r**3.4)')
    - L6: law verified invariant under P:(x->-x,v->-v,s->-s) ('(s1*s2/m1)*(alpha/r**2 + beta/r**3.4)')
    - L1: inverse-square term + Newton accel-fit converges ('-G*m1*m2/r**2 + (s1*s2/r**3) * cos(k*log(r))')
    - L2 DENIED: second radial term exponent not ~-3.5 ('-G*m1*m2/r**2 + (s1*s2/r**3) * cos(k*log(r))')
    - L3: hidden product does real work, hidden-basis RSS reduction 0.212 ('-G*m1*m2/r**2 + (s1*s2/r**3) * cos(k*log(r))')
    - L6: law verified invariant under P:(x->-x,v->-v,s->-s) ('-G*m1*m2/r**2 + (s1*s2/r**3) * cos(k*log(r))')
    - L1: inverse-square term + Newton accel-fit converges ('-G*m1*m2/r**2 + (s1*s2/r**3) * cos(k*r)')
    - L2 DENIED: second radial term exponent not ~-3.5 ('-G*m1*m2/r**2 + (s1*s2/r**3) * cos(k*r)')
    - L3: hidden product does real work, hidden-basis RSS reduction 0.212 ('-G*m1*m2/r**2 + (s1*s2/r**3) * cos(k*r)')
    - L6: law verified invariant under P:(x->-x,v->-v,s->-s) ('-G*m1*m2/r**2 + (s1*s2/r**3) * cos(k*r)')
    - L1: inverse-square term + Newton accel-fit converges ('-G*m1*m2/r**2 + beta * s1*s2 * cos(kappa*log(r)) / r**3.4')
    - L2: second radial term ~r**-3.5 + correction-basis RSS reduction 0.169 >= 0.05 ('-G*m1*m2/r**2 + beta * s1*s2 * cos(kappa*log(r)) / r**3.4')
    - L3: hidden product does real work, hidden-basis RSS reduction 0.212 ('-G*m1*m2/r**2 + beta * s1*s2 * cos(kappa*log(r)) / r**3.4')
    - L6: law verified invariant under P:(x->-x,v->-v,s->-s) ('-G*m1*m2/r**2 + beta * s1*s2 * cos(kappa*log(r)) / r**3.4')
    - L1: inverse-square term + Newton accel-fit converges ('G * s1 * s2 / r**2 + alpha / r**3.4')
    - L2: second radial term ~r**-3.5 + correction-basis RSS reduction 0.169 >= 0.05 ('G * s1 * s2 / r**2 + alpha / r**3.4')
    - L3: hidden product does real work, hidden-basis RSS reduction 0.212 ('G * s1 * s2 / r**2 + alpha / r**3.4')
    - L6: law verified invariant under P:(x->-x,v->-v,s->-s) ('G * s1 * s2 / r**2 + alpha / r**3.4')
    - L1: inverse-square term + Newton accel-fit converges ('G * s1 * s2 / r**2 - alpha / r**3.4')
    - L2: second radial term ~r**-3.5 + correction-basis RSS reduction 0.169 >= 0.05 ('G * s1 * s2 / r**2 - alpha / r**3.4')
    - L3: hidden product does real work, hidden-basis RSS reduction 0.212 ('G * s1 * s2 / r**2 - alpha / r**3.4')
    - L6: law verified invariant under P:(x->-x,v->-v,s->-s) ('G * s1 * s2 / r**2 - alpha / r**3.4')
    - L1: inverse-square term + Newton accel-fit converges ('G*m1*m2/r**2 + k*s1*s2*cos(omega*r)/r**3')
    - L2 DENIED: second radial term exponent not ~-3.5 ('G*m1*m2/r**2 + k*s1*s2*cos(omega*r)/r**3')
    - L3: hidden product does real work, hidden-basis RSS reduction 0.212 ('G*m1*m2/r**2 + k*s1*s2*cos(omega*r)/r**3')
    - L6: law verified invariant under P:(x->-x,v->-v,s->-s) ('G*m1*m2/r**2 + k*s1*s2*cos(omega*r)/r**3')
    - L1: inverse-square term + Newton accel-fit converges ('G*s1*s2/r**2 + (alpha/r**2) * cos(k*r)')
    - L3: hidden product does real work, hidden-basis RSS reduction 0.212 ('G*s1*s2/r**2 + (alpha/r**2) * cos(k*r)')
    - L6: law verified invariant under P:(x->-x,v->-v,s->-s) ('G*s1*s2/r**2 + (alpha/r**2) * cos(k*r)')
    - L1: inverse-square term + Newton accel-fit converges ('G*s1*s2/r**2 - K/r**3')
    - L2 DENIED: second radial term exponent not ~-3.5 ('G*s1*s2/r**2 - K/r**3')
    - L3: hidden product does real work, hidden-basis RSS reduction 0.212 (+rationale tiebreaker) ('G*s1*s2/r**2 - K/r**3')
    - L6: law verified invariant under P:(x->-x,v->-v,s->-s) ('G*s1*s2/r**2 - K/r**3')
    - L1: inverse-square term + Newton accel-fit converges ('alpha*s1*s2/r**2 + beta*cos(omega*log(r))/r**2')
    - L3: hidden product does real work, hidden-basis RSS reduction 0.212 ('alpha*s1*s2/r**2 + beta*cos(omega*log(r))/r**2')
    - L6: law verified invariant under P:(x->-x,v->-v,s->-s) ('alpha*s1*s2/r**2 + beta*cos(omega*log(r))/r**2')
    - L1: inverse-square term + Newton accel-fit converges ('alpha*s1*s2/r**2 + beta/r**3.4')
    - L2: second radial term ~r**-3.5 + correction-basis RSS reduction 0.169 >= 0.05 ('alpha*s1*s2/r**2 + beta/r**3.4')
  distinct symbolic_form count=41 (sample up to 30):
    (G * s1 * s2 * m2 / r**2) + (beta * m2 / r**3.4)
    (alpha * s1 * s2 / r**2 - beta / r**3) / m1
    (k1/r**2 + k2/r**3.4) * s1*s2
    (s1 * s2) * (G/r**2 + beta/r**3.4)
    (s1*s2/m1) * (alpha/r**2 + beta/r**3)
    (s1*s2/m1)*(alpha/r**2 + beta/r**3.4)
    -G*m1*m2/r**2 + (s1*s2/r**3) * cos(k*log(r))
    -G*m1*m2/r**2 + (s1*s2/r**3) * cos(k*r)
    -G*m1*m2/r**2 + beta * s1*s2 * cos(kappa*log(r)) / r**3.4
    G * s1 * s2 / r**2 + alpha / r**3.4
    G * s1 * s2 / r**2 - alpha / r**3.4
    G*m1*m2/r**2 + k*s1*s2*cos(omega*r)/r**3
    G*s1*s2/r**2 + (alpha/r**2) * cos(k*r)
    G*s1*s2/r**2 - K/r**3
    alpha*s1*s2/r**2 + beta*cos(omega*log(r))/r**2
    alpha*s1*s2/r**2 + beta/r**3.4
    alpha/r**2 + s1*s2*beta/r**3.4
    beta * s1 * s2 / r**3 - alpha / r**2
    beta*s1*s2/(m1*r**3.4) - alpha*m2/r**2
    gamma * s1*s2/r**2 * (1 + alpha * ((vx1-vx2)**2 + (vy1-vy2)**2))
    k * s1 * s2 / r**2
    k*s1*s2/(m1*r**3) - G*m2/r**2
    k*s1*s2/r**2 + C/r**3.4
    k1*s1*s2/r**3 - k2*m1*m2/r**2
    kappa * s1 * s2 / r**2 + beta / r**3.4
    s1 * s2 * (G/r**2 + alpha/r**3.4)
    s1 * s2 / r**2
    s1*s2 * (G/r**2 + alpha*cos(beta*r) / r**3.4)
    s1*s2 * (G/r**2 + k * sin(omega * log(r)) / r**3)
    s1*s2 * (G/r**2 + k/r**3.4)
========================================================================
