2026-06-07 19:24:45,053 [WARNING] ascension.benchmarks.alien_depth: alien_depth: could not parse symbolic_form '(kappa*s1*s2/r**4 - G/r**3) * (x2-x1, y2-y1)' (TypeError: can't multiply sequence by non-int of type 'Add'); skipped
2026-06-07 19:24:45,056 [WARNING] ascension.benchmarks.alien_depth: alien_depth: could not parse symbolic_form 'G/r**2 - S/r**3' (TypeError: unsupported operand type(s) for /: 'SingletonRegistry' and 'Pow'); skipped
2026-06-07 19:25:23,273 [INFO] ascension.benchmarks.alien_depth: alien_depth: max_depth=6 per_layer=(True, False, True, False, False, True) held_out_rmse=0.21206819539332167 q_drift=None n_hyp=45 elapsed_ms=38241
========================================================================
ALIEN RUN 9542ef45-bec4-4cdd-9fb3-2db166d76528
  run.status=completed  halt_reason=budget_exceeded
  PROVENANCE (P-15.2-6): benchmark_system='alien_universe'  included_in_distillation_v1=False
  SCORING MODE: FAMILY (L3/L4 vs held-out products {3,5})
  node types: {'hypothesis': 47}
  hypothesis nodes=47  status_breakdown={'active': 47}
  SPEND: 113 llm_calls, $10.7309 total
    provider='google': 113 calls, $10.7309
------------------------------------------------------------------------
  DISCOVERY DEPTH (P-15.2-1/2/3): max_depth=6
    per_layer L1..L6 = (True, False, True, False, False, True)
    HONEST consecutive force-law depth (L1-L4, L-057) = 1   [L5=False L6=True reported separately, non-consecutive]
    held_out_rss_reduction=0.21206819539332167  q_drift=None
  scorer notes (166):
    - skipped: unparseable '(kappa*s1*s2/r**4 - G/r**3) * (x2-x1, y2-y1)'
    - skipped: unparseable 'G/r**2 - S/r**3'
    - L1: inverse-square term + Newton accel-fit converges ('(-G*m2 + kappa*(s1+s2)/m1)/r**2')
    - L3: hidden product does real work, hidden-basis RSS reduction 0.212 (+rationale tiebreaker) ('(-G*m2 + kappa*(s1+s2)/m1)/r**2')
    - L6 DENIED: claimed symmetry not verified by sympy ('(-G*m2 + kappa*(s1+s2)/m1)/r**2')
    - L1: inverse-square term + Newton accel-fit converges ('(G*m1*m2 - kappa*s1*s2) / (m1 * r**2)')
    - L3: hidden product does real work, hidden-basis RSS reduction 0.212 (+rationale tiebreaker) ('(G*m1*m2 - kappa*s1*s2) / (m1 * r**2)')
    - L6: law verified invariant under P:(x->-x,v->-v,s->-s) ('(G*m1*m2 - kappa*s1*s2) / (m1 * r**2)')
    - L1: inverse-square term + Newton accel-fit converges ('(k*s1*s2 - G*m1*m2) / (m1 * r**2)')
    - L3: hidden product does real work, hidden-basis RSS reduction 0.212 (+rationale tiebreaker) ('(k*s1*s2 - G*m1*m2) / (m1 * r**2)')
    - L6: law verified invariant under P:(x->-x,v->-v,s->-s) ('(k*s1*s2 - G*m1*m2) / (m1 * r**2)')
    - L1: inverse-square term + Newton accel-fit converges ('(kappa * s1 * s2 / r**3) - (G * m2 / r**2)')
    - L2 DENIED: second radial term exponent not ~-3.5 ('(kappa * s1 * s2 / r**3) - (G * m2 / r**2)')
    - L3: hidden product does real work, hidden-basis RSS reduction 0.212 (+rationale tiebreaker) ('(kappa * s1 * s2 / r**3) - (G * m2 / r**2)')
    - L6: law verified invariant under P:(x->-x,v->-v,s->-s) ('(kappa * s1 * s2 / r**3) - (G * m2 / r**2)')
    - L1: inverse-square term + Newton accel-fit converges ('(kappa * s1 * s2 / r**3) - (G / r**2)')
    - L2 DENIED: second radial term exponent not ~-3.5 ('(kappa * s1 * s2 / r**3) - (G / r**2)')
    - L3: hidden product does real work, hidden-basis RSS reduction 0.212 (+rationale tiebreaker) ('(kappa * s1 * s2 / r**3) - (G / r**2)')
    - L6: law verified invariant under P:(x->-x,v->-v,s->-s) ('(kappa * s1 * s2 / r**3) - (G / r**2)')
    - L1: inverse-square term + Newton accel-fit converges ('(kappa*s1*s2 - G*m1*m2) / (m1 * r**2)')
    - L3: hidden product does real work, hidden-basis RSS reduction 0.212 (+rationale tiebreaker) ('(kappa*s1*s2 - G*m1*m2) / (m1 * r**2)')
    - L6: law verified invariant under P:(x->-x,v->-v,s->-s) ('(kappa*s1*s2 - G*m1*m2) / (m1 * r**2)')
    - L1: inverse-square term + Newton accel-fit converges ('(kappa*s1*s2/r - G*m1*m2/r**2) / m1')
    - L2 DENIED: second radial term exponent not ~-3.5 ('(kappa*s1*s2/r - G*m1*m2/r**2) / m1')
    - L3: hidden product does real work, hidden-basis RSS reduction 0.212 (+rationale tiebreaker) ('(kappa*s1*s2/r - G*m1*m2/r**2) / m1')
    - L6: law verified invariant under P:(x->-x,v->-v,s->-s) ('(kappa*s1*s2/r - G*m1*m2/r**2) / m1')
    - L1: inverse-square term + Newton accel-fit converges ('(s1*s2)/r**2 - kappa/r**3')
    - L2 DENIED: second radial term exponent not ~-3.5 ('(s1*s2)/r**2 - kappa/r**3')
    - L3: hidden product does real work, hidden-basis RSS reduction 0.212 (+rationale tiebreaker) ('(s1*s2)/r**2 - kappa/r**3')
    - L6: law verified invariant under P:(x->-x,v->-v,s->-s) ('(s1*s2)/r**2 - kappa/r**3')
    - L1: inverse-square term + Newton accel-fit converges ('(s1*s2)/r**3 - kappa/r**2')
    - L2 DENIED: second radial term exponent not ~-3.5 ('(s1*s2)/r**3 - kappa/r**2')
    - L3: hidden product does real work, hidden-basis RSS reduction 0.212 (+rationale tiebreaker) ('(s1*s2)/r**3 - kappa/r**2')
    - L6: law verified invariant under P:(x->-x,v->-v,s->-s) ('(s1*s2)/r**3 - kappa/r**2')
    - L1: inverse-square term + Newton accel-fit converges ('-G*(m1+m2)/r**2 + kappa*s1*s2/r**3')
    - L2 DENIED: second radial term exponent not ~-3.5 ('-G*(m1+m2)/r**2 + kappa*s1*s2/r**3')
    - L3: hidden product does real work, hidden-basis RSS reduction 0.212 (+rationale tiebreaker) ('-G*(m1+m2)/r**2 + kappa*s1*s2/r**3')
    - L6: law verified invariant under P:(x->-x,v->-v,s->-s) ('-G*(m1+m2)/r**2 + kappa*s1*s2/r**3')
    - L1: inverse-square term + Newton accel-fit converges ('-G*m1/r**2 + kappa*s1*s2/r**3')
    - L2 DENIED: second radial term exponent not ~-3.5 ('-G*m1/r**2 + kappa*s1*s2/r**3')
    - L3: hidden product does real work, hidden-basis RSS reduction 0.212 (+rationale tiebreaker) ('-G*m1/r**2 + kappa*s1*s2/r**3')
    - L6: law verified invariant under P:(x->-x,v->-v,s->-s) ('-G*m1/r**2 + kappa*s1*s2/r**3')
    - L1: inverse-square term + Newton accel-fit converges ('-G*m2/r**2 + K*s1*s2/(m1*r**3)')
    - L2 DENIED: second radial term exponent not ~-3.5 ('-G*m2/r**2 + K*s1*s2/(m1*r**3)')
    - L3: hidden product does real work, hidden-basis RSS reduction 0.212 (+rationale tiebreaker) ('-G*m2/r**2 + K*s1*s2/(m1*r**3)')
    - L6: law verified invariant under P:(x->-x,v->-v,s->-s) ('-G*m2/r**2 + K*s1*s2/(m1*r**3)')
    - L1: inverse-square term + Newton accel-fit converges ('-G*m2/r**2 + kappa*s1*s2/(m1*r**3)')
    - L2 DENIED: second radial term exponent not ~-3.5 ('-G*m2/r**2 + kappa*s1*s2/(m1*r**3)')
    - L3: hidden product does real work, hidden-basis RSS reduction 0.212 (+rationale tiebreaker) ('-G*m2/r**2 + kappa*s1*s2/(m1*r**3)')
    - L6: law verified invariant under P:(x->-x,v->-v,s->-s) ('-G*m2/r**2 + kappa*s1*s2/(m1*r**3)')
    - L1: inverse-square term + Newton accel-fit converges ('-G*m2/r**2 + kappa*s1*s2/(m1*r**3)')
    - L2 DENIED: second radial term exponent not ~-3.5 ('-G*m2/r**2 + kappa*s1*s2/(m1*r**3)')
    - L3: hidden product does real work, hidden-basis RSS reduction 0.212 (+rationale tiebreaker) ('-G*m2/r**2 + kappa*s1*s2/(m1*r**3)')
    - L6: law verified invariant under P:(x->-x,v->-v,s->-s) ('-G*m2/r**2 + kappa*s1*s2/(m1*r**3)')
    - L1: inverse-square term + Newton accel-fit converges ('-G/r**2 + kappa*(s1*s2)/r**3')
    - L2 DENIED: second radial term exponent not ~-3.5 ('-G/r**2 + kappa*(s1*s2)/r**3')
    - L3: hidden product does real work, hidden-basis RSS reduction 0.212 (+rationale tiebreaker) ('-G/r**2 + kappa*(s1*s2)/r**3')
    - L6: law verified invariant under P:(x->-x,v->-v,s->-s) ('-G/r**2 + kappa*(s1*s2)/r**3')
    - L1: inverse-square term + Newton accel-fit converges ('-G/r**2 + kappa*s1*s2/r**3')
    - L2 DENIED: second radial term exponent not ~-3.5 ('-G/r**2 + kappa*s1*s2/r**3')
  distinct symbolic_form count=43 (sample up to 30):
    (-G*m2 + kappa*(s1+s2)/m1)/r**2
    (G*m1*m2 - kappa*s1*s2) / (m1 * r**2)
    (k*s1*s2 - G*m1*m2) / (m1 * r**2)
    (kappa * s1 * s2 / r**3) - (G * m2 / r**2)
    (kappa * s1 * s2 / r**3) - (G / r**2)
    (kappa*s1*s2 - G*m1*m2) / (m1 * r**2)
    (kappa*s1*s2/r - G*m1*m2/r**2) / m1
    (kappa*s1*s2/r**4 - G/r**3) * (x2-x1, y2-y1)
    (s1*s2)/r**2 - kappa/r**3
    (s1*s2)/r**3 - kappa/r**2
    -G*(m1+m2)/r**2 + kappa*s1*s2/r**3
    -G*m1/r**2 + kappa*s1*s2/r**3
    -G*m2/r**2 + K*s1*s2/(m1*r**3)
    -G*m2/r**2 + kappa*s1*s2/(m1*r**3)
    -G/r**2 + kappa*(s1*s2)/r**3
    -G/r**2 + kappa*s1*s2/r**3
    -m2/r**2 + kappa*s1*s2/(m1*r**3)
    1.0/r**2 - (s1+s2)/r**3
    1/r**2 - (s1+s2)/r**3
    1/r**2 - s1*s2/r**3
    G*m2/r**3 - kappa*s1*s2/(m1*r**4)
    G/r**2 - (kappa * s1 * s2) / r**3
    G/r**2 - (s1+s2)/r**3
    G/r**2 - S/r**3
    G/r**2 - kappa/r**3
    G/r**2 - s1*s2*kappa/r**3
    G/r**3 - kappa*s1*s2/r**2
    alpha/r**3 - beta*s1*s2/r**2
    k*s1*s2/r**3 - C/r**2
    kappa * m2 * (s1*s2 - gamma) / r**2
========================================================================
