2026-06-03 15:08:03,811 [INFO] ascension.benchmarks.alien_depth: alien_depth: max_depth=6 per_layer=(True, True, True, False, False, True) held_out_rmse=0.21206819539332167 q_drift=None n_hyp=11 elapsed_ms=13466
========================================================================
ALIEN RUN 92a187a7-0e19-40d0-9d34-a9c5d3934607
  run.status=completed  halt_reason=call_budget_exceeded
  PROVENANCE (P-15.2-6): benchmark_system='alien_universe'  included_in_distillation_v1=False
  SCORING MODE: FAMILY (L3/L4 vs held-out products {3,5})
  node types: {'dispute': 1, 'hypothesis': 11}
  hypothesis nodes=11  status_breakdown={'active': 10, 'contested': 1}
  SPEND: 40 llm_calls, $0.2140 total
    provider='google': 26 calls, $0.2140
    provider='nvidia': 14 calls, $0.0000
------------------------------------------------------------------------
  DISCOVERY DEPTH (P-15.2-1/2/3): max_depth=6
    per_layer L1..L6 = (True, True, True, False, False, True)
    HONEST consecutive force-law depth (L1-L4, L-057) = 3   [L5=False L6=True reported separately, non-consecutive]
    held_out_rss_reduction=0.21206819539332167  q_drift=None
  scorer notes (25):
    - L3: hidden product does real work, hidden-basis RSS reduction 0.212 ('(G*m1*m2 - k*s1*s2) / r**p')
    - L6: law verified invariant under P:(x->-x,v->-v,s->-s) ('(G*m1*m2 - k*s1*s2) / r**p')
    - L1: inverse-square term + Newton accel-fit converges ('G*m1*m2 / r**p + k*s1*s2 * sin(alpha*r) / r**2')
    - L3: hidden product does real work, hidden-basis RSS reduction 0.212 (+rationale tiebreaker) ('G*m1*m2 / r**p + k*s1*s2 * sin(alpha*r) / r**2')
    - L6: law verified invariant under P:(x->-x,v->-v,s->-s) ('G*m1*m2 / r**p + k*s1*s2 * sin(alpha*r) / r**2')
    - L1: inverse-square term + Newton accel-fit converges ('G*m1*m2/(r**2)')
    - L1: inverse-square term + Newton accel-fit converges ('G*m1*m2/(r**2)')
    - L1: inverse-square term + Newton accel-fit converges ('G*m1*m2/r**2 + k*s1*s2/r**3.4 + alpha*sin(beta*r)')
    - L2: second radial term ~r**-3.5 + alpha-basis RSS reduction 0.169 >= 0.05 ('G*m1*m2/r**2 + k*s1*s2/r**3.4 + alpha*sin(beta*r)')
    - L3: hidden product does real work, hidden-basis RSS reduction 0.212 ('G*m1*m2/r**2 + k*s1*s2/r**3.4 + alpha*sin(beta*r)')
    - L6: law verified invariant under P:(x->-x,v->-v,s->-s) ('G*m1*m2/r**2 + k*s1*s2/r**3.4 + alpha*sin(beta*r)')
    - L1: inverse-square term + Newton accel-fit converges ('G*m1*m2/r**2 + kappa/r**3.4')
    - L2: second radial term ~r**-3.5 + alpha-basis RSS reduction 0.169 >= 0.05 ('G*m1*m2/r**2 + kappa/r**3.4')
    - L1: inverse-square term + Newton accel-fit converges ('G*m1*m2/r**2 + kappa/r**3.4')
    - L2: second radial term ~r**-3.5 + alpha-basis RSS reduction 0.169 >= 0.05 ('G*m1*m2/r**2 + kappa/r**3.4')
    - L1: inverse-square term + Newton accel-fit converges ('G*m1*m2/r**2.2 - alpha/r**2.5 * cos(kappa*r)')
    - L2 DENIED: second radial term exponent not ~-3.5 ('G*m1*m2/r**2.2 - alpha/r**2.5 * cos(kappa*r)')
    - L2 DENIED: second radial term exponent not ~-3.5 ('G*m2/(r**2) * (x2 - x1)/r - s1*s2/(r**2) * (x2 - x1)/r')
    - L3: hidden product does real work, hidden-basis RSS reduction 0.212 (+rationale tiebreaker) ('G*m2/(r**2) * (x2 - x1)/r - s1*s2/(r**2) * (x2 - x1)/r')
    - L6: law verified invariant under P:(x->-x,v->-v,s->-s) ('G*m2/(r**2) * (x2 - x1)/r - s1*s2/(r**2) * (x2 - x1)/r')
    - L3: hidden product does real work, hidden-basis RSS reduction 0.212 (+rationale tiebreaker) ('k * s1 * s2 * cos(beta * r) / r**alpha')
    - L6: law verified invariant under P:(x->-x,v->-v,s->-s) ('k * s1 * s2 * cos(beta * r) / r**alpha')
    - L2 DENIED: second radial term exponent not ~-3.5 ('k*s1*s2/r')
    - L3: hidden product does real work, hidden-basis RSS reduction 0.212 ('k*s1*s2/r')
    - L6: law verified invariant under P:(x->-x,v->-v,s->-s) ('k*s1*s2/r')
  distinct symbolic_form count=9 (sample up to 30):
    (G*m1*m2 - k*s1*s2) / r**p
    G*m1*m2 / r**p + k*s1*s2 * sin(alpha*r) / r**2
    G*m1*m2/(r**2)
    G*m1*m2/r**2 + k*s1*s2/r**3.4 + alpha*sin(beta*r)
    G*m1*m2/r**2 + kappa/r**3.4
    G*m1*m2/r**2.2 - alpha/r**2.5 * cos(kappa*r)
    G*m2/(r**2) * (x2 - x1)/r - s1*s2/(r**2) * (x2 - x1)/r
    k * s1 * s2 * cos(beta * r) / r**alpha
    k*s1*s2/r
========================================================================
