2026-06-03 14:57:45,044 [WARNING] ascension.benchmarks.alien_depth: alien_depth: could not parse symbolic_form '(-G/r**2 + s1*s2/r**3) * (x2-x1, y2-y1)/r' (TypeError: can't multiply sequence by non-int of type 'Add'); skipped
2026-06-03 14:57:58,640 [INFO] ascension.benchmarks.alien_depth: alien_depth: max_depth=6 per_layer=(True, False, True, False, False, True) held_out_rmse=0.21206819539332167 q_drift=None n_hyp=11 elapsed_ms=13617
========================================================================
ALIEN RUN 04920f27-feda-4b06-9aae-f61e98625fae
  run.status=completed  halt_reason=call_budget_exceeded
  PROVENANCE (P-15.2-6): benchmark_system='alien_universe'  included_in_distillation_v1=False
  SCORING MODE: FAMILY (L3/L4 vs held-out products {3,5})
  node types: {'hypothesis': 12}
  hypothesis nodes=12  status_breakdown={'active': 12}
  SPEND: 42 llm_calls, $0.1723 total
    provider='google': 28 calls, $0.1723
    provider='nvidia': 14 calls, $0.0000
------------------------------------------------------------------------
  DISCOVERY DEPTH (P-15.2-1/2/3): max_depth=6
    per_layer L1..L6 = (True, False, True, False, False, True)
    HONEST consecutive force-law depth (L1-L4, L-057) = 1   [L5=False L6=True reported separately, non-consecutive]
    held_out_rss_reduction=0.21206819539332167  q_drift=None
  scorer notes (25):
    - skipped: unparseable '(-G/r**2 + s1*s2/r**3) * (x2-x1, y2-y1)/r'
    - L1: inverse-square term + Newton accel-fit converges ('G*m1*m2/(r**2)')
    - L1: inverse-square term + Newton accel-fit converges ('G*m1*m2/(r**2)')
    - L1: inverse-square term + Newton accel-fit converges ('G*m1*m2/(r**2)')
    - L1: inverse-square term + Newton accel-fit converges ('G*m1*m2/(r**2)')
    - L1: inverse-square term + Newton accel-fit converges ('G*m1*m2/(r**2)')
    - L2 DENIED: second radial term exponent not ~-3.5 ('G*m1*m2/r**2 * (x2 - x1)/r + s1*s2*(vx2 - vx1)/r')
    - L3: hidden product does real work, hidden-basis RSS reduction 0.212 (+rationale tiebreaker) ('G*m1*m2/r**2 * (x2 - x1)/r + s1*s2*(vx2 - vx1)/r')
    - L6: law verified invariant under P:(x->-x,v->-v,s->-s) ('G*m1*m2/r**2 * (x2 - x1)/r + s1*s2*(vx2 - vx1)/r')
    - L1: inverse-square term + Newton accel-fit converges ('G*m1*m2/r**2.2 + alpha*sin(beta*r)*exp(-gamma*r) + kappa*s1*s2/r**2')
    - L3: hidden product does real work, hidden-basis RSS reduction 0.212 ('G*m1*m2/r**2.2 + alpha*sin(beta*r)*exp(-gamma*r) + kappa*s1*s2/r**2')
    - L6: law verified invariant under P:(x->-x,v->-v,s->-s) ('G*m1*m2/r**2.2 + alpha*sin(beta*r)*exp(-gamma*r) + kappa*s1*s2/r**2')
    - L1: inverse-square term + Newton accel-fit converges ('G*m1*m2/r**2.2 - alpha*s1*s2*sin(k*r)/r**2')
    - L3: hidden product does real work, hidden-basis RSS reduction 0.212 ('G*m1*m2/r**2.2 - alpha*s1*s2*sin(k*r)/r**2')
    - L6: law verified invariant under P:(x->-x,v->-v,s->-s) ('G*m1*m2/r**2.2 - alpha*s1*s2*sin(k*r)/r**2')
    - L1: inverse-square term + Newton accel-fit converges ('G*m1*m2/r**2.2 - alpha*s1*s2*sin(k*r)/r**2')
    - L3: hidden product does real work, hidden-basis RSS reduction 0.212 ('G*m1*m2/r**2.2 - alpha*s1*s2*sin(k*r)/r**2')
    - L6: law verified invariant under P:(x->-x,v->-v,s->-s) ('G*m1*m2/r**2.2 - alpha*s1*s2*sin(k*r)/r**2')
    - L1: inverse-square term + Newton accel-fit converges ('G*m1*m2/r**2.2 - alpha*s1*s2*sin(k*r)/r**2')
    - L3: hidden product does real work, hidden-basis RSS reduction 0.212 ('G*m1*m2/r**2.2 - alpha*s1*s2*sin(k*r)/r**2')
    - L6: law verified invariant under P:(x->-x,v->-v,s->-s) ('G*m1*m2/r**2.2 - alpha*s1*s2*sin(k*r)/r**2')
    - L1: inverse-square term + Newton accel-fit converges ('G*m1*m2/r**2.2 - alpha*s1*s2/r**3 + beta*sin(k*r)')
    - L2 DENIED: second radial term exponent not ~-3.5 ('G*m1*m2/r**2.2 - alpha*s1*s2/r**3 + beta*sin(k*r)')
    - L3: hidden product does real work, hidden-basis RSS reduction 0.212 ('G*m1*m2/r**2.2 - alpha*s1*s2/r**3 + beta*sin(k*r)')
    - L6: law verified invariant under P:(x->-x,v->-v,s->-s) ('G*m1*m2/r**2.2 - alpha*s1*s2/r**3 + beta*sin(k*r)')
  distinct symbolic_form count=6 (sample up to 30):
    (-G/r**2 + s1*s2/r**3) * (x2-x1, y2-y1)/r
    G*m1*m2/(r**2)
    G*m1*m2/r**2 * (x2 - x1)/r + s1*s2*(vx2 - vx1)/r
    G*m1*m2/r**2.2 + alpha*sin(beta*r)*exp(-gamma*r) + kappa*s1*s2/r**2
    G*m1*m2/r**2.2 - alpha*s1*s2*sin(k*r)/r**2
    G*m1*m2/r**2.2 - alpha*s1*s2/r**3 + beta*sin(k*r)
========================================================================
