2026-06-03 20:33:47,387 [INFO] ascension.benchmarks.alien_depth: alien_depth: max_depth=6 per_layer=(True, False, True, False, False, True) held_out_rmse=0.21206819539332167 q_drift=None n_hyp=14 elapsed_ms=18388
========================================================================
ALIEN RUN 109e1008-e6e3-45c7-9bed-6171c3216b3d
  run.status=completed  halt_reason=call_budget_exceeded
  PROVENANCE (P-15.2-6): benchmark_system='alien_universe'  included_in_distillation_v1=False
  SCORING MODE: FAMILY (L3/L4 vs held-out products {3,5})
  node types: {'hypothesis': 14}
  hypothesis nodes=14  status_breakdown={'active': 14}
  SPEND: 40 llm_calls, $4.3895 total
    provider='google': 40 calls, $4.3895
------------------------------------------------------------------------
  DISCOVERY DEPTH (P-15.2-1/2/3): max_depth=6
    per_layer L1..L6 = (True, False, True, False, False, True)
    HONEST consecutive force-law depth (L1-L4, L-057) = 1   [L5=False L6=True reported separately, non-consecutive]
    held_out_rss_reduction=0.21206819539332167  q_drift=None
  scorer notes (47):
    - L1: inverse-square term + Newton accel-fit converges ('(-G + k*s1*s2)/r**2')
    - L3: hidden product does real work, hidden-basis RSS reduction 0.212 (+rationale tiebreaker) ('(-G + k*s1*s2)/r**2')
    - L6: law verified invariant under P:(x->-x,v->-v,s->-s) ('(-G + k*s1*s2)/r**2')
    - L1: inverse-square term + Newton accel-fit converges ('(alpha*m2 - beta*s1*s2/m1) / r**2')
    - L3: hidden product does real work, hidden-basis RSS reduction 0.212 (+rationale tiebreaker) ('(alpha*m2 - beta*s1*s2/m1) / r**2')
    - L6: law verified invariant under P:(x->-x,v->-v,s->-s) ('(alpha*m2 - beta*s1*s2/m1) / r**2')
    - L1: inverse-square term + Newton accel-fit converges ('(k * (s1 + s2)) / r**2')
    - L6 DENIED: claimed symmetry not verified by sympy ('(k * (s1 + s2)) / r**2')
    - L1: inverse-square term + Newton accel-fit converges ('(k*s1*s2 - beta)/r**2')
    - L3: hidden product does real work, hidden-basis RSS reduction 0.212 (+rationale tiebreaker) ('(k*s1*s2 - beta)/r**2')
    - L6: law verified invariant under P:(x->-x,v->-v,s->-s) ('(k*s1*s2 - beta)/r**2')
    - L1: inverse-square term + Newton accel-fit converges ('(kappa * (s1 + s2) - C) / r + (alpha * s1 * s2) / r**2')
    - L2 DENIED: second radial term exponent not ~-3.5 ('(kappa * (s1 + s2) - C) / r + (alpha * s1 * s2) / r**2')
    - L3: hidden product does real work, hidden-basis RSS reduction 0.212 (+rationale tiebreaker) ('(kappa * (s1 + s2) - C) / r + (alpha * s1 * s2) / r**2')
    - L6 DENIED: claimed symmetry not verified by sympy ('(kappa * (s1 + s2) - C) / r + (alpha * s1 * s2) / r**2')
    - L1: inverse-square term + Newton accel-fit converges ('(kappa * s1 * s2 / r**2) - (gamma / r**3)')
    - L2 DENIED: second radial term exponent not ~-3.5 ('(kappa * s1 * s2 / r**2) - (gamma / r**3)')
    - L3: hidden product does real work, hidden-basis RSS reduction 0.212 (+rationale tiebreaker) ('(kappa * s1 * s2 / r**2) - (gamma / r**3)')
    - L6: law verified invariant under P:(x->-x,v->-v,s->-s) ('(kappa * s1 * s2 / r**2) - (gamma / r**3)')
    - L1: inverse-square term + Newton accel-fit converges ('G*m2/r**2 + k*(s1+s2)/(m1*r**3)')
    - L2 DENIED: second radial term exponent not ~-3.5 ('G*m2/r**2 + k*(s1+s2)/(m1*r**3)')
    - L6 DENIED: claimed symmetry not verified by sympy ('G*m2/r**2 + k*(s1+s2)/(m1*r**3)')
    - L1: inverse-square term + Newton accel-fit converges ('alpha/r**2 - beta*s1*s2/r**3')
    - L2 DENIED: second radial term exponent not ~-3.5 ('alpha/r**2 - beta*s1*s2/r**3')
    - L3: hidden product does real work, hidden-basis RSS reduction 0.212 (+rationale tiebreaker) ('alpha/r**2 - beta*s1*s2/r**3')
    - L6: law verified invariant under P:(x->-x,v->-v,s->-s) ('alpha/r**2 - beta*s1*s2/r**3')
    - L1: inverse-square term + Newton accel-fit converges ('k*s1*s2/(m1*r) - G*m2/r**2')
    - L2 DENIED: second radial term exponent not ~-3.5 ('k*s1*s2/(m1*r) - G*m2/r**2')
    - L3: hidden product does real work, hidden-basis RSS reduction 0.212 (+rationale tiebreaker) ('k*s1*s2/(m1*r) - G*m2/r**2')
    - L6: law verified invariant under P:(x->-x,v->-v,s->-s) ('k*s1*s2/(m1*r) - G*m2/r**2')
    - L1: inverse-square term + Newton accel-fit converges ('k*s1*s2/r**2 - alpha/r**3')
    - L2 DENIED: second radial term exponent not ~-3.5 ('k*s1*s2/r**2 - alpha/r**3')
    - L3: hidden product does real work, hidden-basis RSS reduction 0.212 (+rationale tiebreaker) ('k*s1*s2/r**2 - alpha/r**3')
    - L6: law verified invariant under P:(x->-x,v->-v,s->-s) ('k*s1*s2/r**2 - alpha/r**3')
    - L1: inverse-square term + Newton accel-fit converges ('k/r**2')
    - L1: inverse-square term + Newton accel-fit converges ('s1*s2*(G/r**2 - D/r**3)')
    - L2 DENIED: second radial term exponent not ~-3.5 ('s1*s2*(G/r**2 - D/r**3)')
    - L3: hidden product does real work, hidden-basis RSS reduction 0.212 (+rationale tiebreaker) ('s1*s2*(G/r**2 - D/r**3)')
    - L6: law verified invariant under P:(x->-x,v->-v,s->-s) ('s1*s2*(G/r**2 - D/r**3)')
    - L1: inverse-square term + Newton accel-fit converges ('s1*s2/(m1*r**3) - G*m2/r**2')
    - L2 DENIED: second radial term exponent not ~-3.5 ('s1*s2/(m1*r**3) - G*m2/r**2')
    - L3: hidden product does real work, hidden-basis RSS reduction 0.212 (+rationale tiebreaker) ('s1*s2/(m1*r**3) - G*m2/r**2')
    - L6: law verified invariant under P:(x->-x,v->-v,s->-s) ('s1*s2/(m1*r**3) - G*m2/r**2')
    - L1: inverse-square term + Newton accel-fit converges ('s1*s2/r**3 - G/r**2')
    - L2 DENIED: second radial term exponent not ~-3.5 ('s1*s2/r**3 - G/r**2')
    - L3: hidden product does real work, hidden-basis RSS reduction 0.212 (+rationale tiebreaker) ('s1*s2/r**3 - G/r**2')
    - L6: law verified invariant under P:(x->-x,v->-v,s->-s) ('s1*s2/r**3 - G/r**2')
  distinct symbolic_form count=14 (sample up to 30):
    (-G + k*s1*s2)/r**2
    (alpha*m2 - beta*s1*s2/m1) / r**2
    (k * (s1 + s2)) / r**2
    (k*s1*s2 - beta)/r**2
    (kappa * (s1 + s2) - C) / r + (alpha * s1 * s2) / r**2
    (kappa * s1 * s2 / r**2) - (gamma / r**3)
    G*m2/r**2 + k*(s1+s2)/(m1*r**3)
    alpha/r**2 - beta*s1*s2/r**3
    k*s1*s2/(m1*r) - G*m2/r**2
    k*s1*s2/r**2 - alpha/r**3
    k/r**2
    s1*s2*(G/r**2 - D/r**3)
    s1*s2/(m1*r**3) - G*m2/r**2
    s1*s2/r**3 - G/r**2
========================================================================
