2026-06-03 22:50:49,039 [INFO] ascension.benchmarks.alien_depth: alien_depth: max_depth=6 per_layer=(True, False, True, False, False, True) held_out_rmse=0.21206819539332167 q_drift=None n_hyp=17 elapsed_ms=22028
========================================================================
ALIEN RUN 254d6fb5-2501-4cf3-843c-13cb8d27b00b
  run.status=completed  halt_reason=call_budget_exceeded
  PROVENANCE (P-15.2-6): benchmark_system='alien_universe'  included_in_distillation_v1=False
  SCORING MODE: FAMILY (L3/L4 vs held-out products {3,5})
  node types: {'hypothesis': 17}
  hypothesis nodes=17  status_breakdown={'active': 17}
  SPEND: 39 llm_calls, $3.6445 total
    provider='google': 39 calls, $3.6445
------------------------------------------------------------------------
  DISCOVERY DEPTH (P-15.2-1/2/3): max_depth=6
    per_layer L1..L6 = (True, False, True, False, False, True)
    HONEST consecutive force-law depth (L1-L4, L-057) = 1   [L5=False L6=True reported separately, non-consecutive]
    held_out_rss_reduction=0.21206819539332167  q_drift=None
  scorer notes (61):
    - L1: inverse-square term + Newton accel-fit converges ('(-G/r**2 + s1*s2/r**3)/m1')
    - L2 DENIED: second radial term exponent not ~-3.5 ('(-G/r**2 + s1*s2/r**3)/m1')
    - L3: hidden product does real work, hidden-basis RSS reduction 0.212 (+rationale tiebreaker) ('(-G/r**2 + s1*s2/r**3)/m1')
    - L6: law verified invariant under P:(x->-x,v->-v,s->-s) ('(-G/r**2 + s1*s2/r**3)/m1')
    - L2 DENIED: second radial term exponent not ~-3.5 ('(s1*s2 - r*r)/(r**3) * (x2-x1) - 0.5 * vx1')
    - L3: hidden product does real work, hidden-basis RSS reduction 0.212 (+rationale tiebreaker) ('(s1*s2 - r*r)/(r**3) * (x2-x1) - 0.5 * vx1')
    - L6: law verified invariant under P:(x->-x,v->-v,s->-s) ('(s1*s2 - r*r)/(r**3) * (x2-x1) - 0.5 * vx1')
    - L1: inverse-square term + Newton accel-fit converges ('-G*m1*m2/r**2 + k*s1*s2/r**3')
    - L2 DENIED: second radial term exponent not ~-3.5 ('-G*m1*m2/r**2 + k*s1*s2/r**3')
    - L3: hidden product does real work, hidden-basis RSS reduction 0.212 (+rationale tiebreaker) ('-G*m1*m2/r**2 + k*s1*s2/r**3')
    - L6: law verified invariant under P:(x->-x,v->-v,s->-s) ('-G*m1*m2/r**2 + k*s1*s2/r**3')
    - L1: inverse-square term + Newton accel-fit converges ('G * (s1 + s2) / (m1 * r**2)')
    - L6 DENIED: claimed symmetry not verified by sympy ('G * (s1 + s2) / (m1 * r**2)')
    - L1: inverse-square term + Newton accel-fit converges ('G * s1 * s2 * r**-2 + K * (s1**2 - s2**2) * r**-1')
    - L2 DENIED: second radial term exponent not ~-3.5 ('G * s1 * s2 * r**-2 + K * (s1**2 - s2**2) * r**-1')
    - L3: hidden product does real work, hidden-basis RSS reduction 0.212 (+rationale tiebreaker) ('G * s1 * s2 * r**-2 + K * (s1**2 - s2**2) * r**-1')
    - L6: law verified invariant under P:(x->-x,v->-v,s->-s) ('G * s1 * s2 * r**-2 + K * (s1**2 - s2**2) * r**-1')
    - L1: inverse-square term + Newton accel-fit converges ('G*m2/r**2 - s1*s2/r**3')
    - L2 DENIED: second radial term exponent not ~-3.5 ('G*m2/r**2 - s1*s2/r**3')
    - L3: hidden product does real work, hidden-basis RSS reduction 0.212 (+rationale tiebreaker) ('G*m2/r**2 - s1*s2/r**3')
    - L6: law verified invariant under P:(x->-x,v->-v,s->-s) ('G*m2/r**2 - s1*s2/r**3')
    - L1: inverse-square term + Newton accel-fit converges ('alpha * s1 * s2 / r**2 - G * m1 * m2 / r**2')
    - L3: hidden product does real work, hidden-basis RSS reduction 0.212 ('alpha * s1 * s2 / r**2 - G * m1 * m2 / r**2')
    - L6: law verified invariant under P:(x->-x,v->-v,s->-s) ('alpha * s1 * s2 / r**2 - G * m1 * m2 / r**2')
    - L1: inverse-square term + Newton accel-fit converges ('alpha * s1 * s2 / r**3 - beta / r**2')
    - L2 DENIED: second radial term exponent not ~-3.5 ('alpha * s1 * s2 / r**3 - beta / r**2')
    - L3: hidden product does real work, hidden-basis RSS reduction 0.212 (+rationale tiebreaker) ('alpha * s1 * s2 / r**3 - beta / r**2')
    - L6: law verified invariant under P:(x->-x,v->-v,s->-s) ('alpha * s1 * s2 / r**3 - beta / r**2')
    - L1: inverse-square term + Newton accel-fit converges ('alpha * s1 * s2 / r**3 - beta / r**2')
    - L2 DENIED: second radial term exponent not ~-3.5 ('alpha * s1 * s2 / r**3 - beta / r**2')
    - L3: hidden product does real work, hidden-basis RSS reduction 0.212 (+rationale tiebreaker) ('alpha * s1 * s2 / r**3 - beta / r**2')
    - L6: law verified invariant under P:(x->-x,v->-v,s->-s) ('alpha * s1 * s2 / r**3 - beta / r**2')
    - L1: inverse-square term + Newton accel-fit converges ('alpha*m2/r**2 - beta*s1*s2/(m1*r**3)')
    - L2 DENIED: second radial term exponent not ~-3.5 ('alpha*m2/r**2 - beta*s1*s2/(m1*r**3)')
    - L3: hidden product does real work, hidden-basis RSS reduction 0.212 (+rationale tiebreaker) ('alpha*m2/r**2 - beta*s1*s2/(m1*r**3)')
    - L6: law verified invariant under P:(x->-x,v->-v,s->-s) ('alpha*m2/r**2 - beta*s1*s2/(m1*r**3)')
    - L1: inverse-square term + Newton accel-fit converges ('beta*s1*s2/r**3 - alpha/r**2')
    - L2 DENIED: second radial term exponent not ~-3.5 ('beta*s1*s2/r**3 - alpha/r**2')
    - L3: hidden product does real work, hidden-basis RSS reduction 0.212 ('beta*s1*s2/r**3 - alpha/r**2')
    - L6: law verified invariant under P:(x->-x,v->-v,s->-s) ('beta*s1*s2/r**3 - alpha/r**2')
    - L1: inverse-square term + Newton accel-fit converges ('gamma * s1 * s2 / r**3 - kappa / r**2')
    - L2 DENIED: second radial term exponent not ~-3.5 ('gamma * s1 * s2 / r**3 - kappa / r**2')
    - L3: hidden product does real work, hidden-basis RSS reduction 0.212 (+rationale tiebreaker) ('gamma * s1 * s2 / r**3 - kappa / r**2')
    - L6: law verified invariant under P:(x->-x,v->-v,s->-s) ('gamma * s1 * s2 / r**3 - kappa / r**2')
    - L1: inverse-square term + Newton accel-fit converges ('k1*s1*s2/r**4 - k2/r**2')
    - L2 DENIED: second radial term exponent not ~-3.5 ('k1*s1*s2/r**4 - k2/r**2')
    - L3: hidden product does real work, hidden-basis RSS reduction 0.212 ('k1*s1*s2/r**4 - k2/r**2')
    - L6: law verified invariant under P:(x->-x,v->-v,s->-s) ('k1*s1*s2/r**4 - k2/r**2')
    - L2 DENIED: second radial term exponent not ~-3.5 ('kappa * s1 * s2 / (m1 * r**3)')
    - L3: hidden product does real work, hidden-basis RSS reduction 0.212 (+rationale tiebreaker) ('kappa * s1 * s2 / (m1 * r**3)')
    - L6: law verified invariant under P:(x->-x,v->-v,s->-s) ('kappa * s1 * s2 / (m1 * r**3)')
    - L2 DENIED: second radial term exponent not ~-3.5 ('kappa*(s1+s2)/r**1.5')
    - L3: hidden product does real work, hidden-basis RSS reduction 0.212 (+rationale tiebreaker) ('kappa*(s1+s2)/r**1.5')
    - L6 DENIED: claimed symmetry not verified by sympy ('kappa*(s1+s2)/r**1.5')
    - L2 DENIED: second radial term exponent not ~-3.5 ('s1*s2 / r**1.5')
    - L3: hidden product does real work, hidden-basis RSS reduction 0.212 (+rationale tiebreaker) ('s1*s2 / r**1.5')
    - L6: law verified invariant under P:(x->-x,v->-v,s->-s) ('s1*s2 / r**1.5')
    - L1: inverse-square term + Newton accel-fit converges ('s1*s2*(alpha/r**2 + beta/r**3)')
    - L2 DENIED: second radial term exponent not ~-3.5 ('s1*s2*(alpha/r**2 + beta/r**3)')
    - L3: hidden product does real work, hidden-basis RSS reduction 0.212 (+rationale tiebreaker) ('s1*s2*(alpha/r**2 + beta/r**3)')
  distinct symbolic_form count=16 (sample up to 30):
    (-G/r**2 + s1*s2/r**3)/m1
    (s1*s2 - r*r)/(r**3) * (x2-x1) - 0.5 * vx1
    -G*m1*m2/r**2 + k*s1*s2/r**3
    G * (s1 + s2) / (m1 * r**2)
    G * s1 * s2 * r**-2 + K * (s1**2 - s2**2) * r**-1
    G*m2/r**2 - s1*s2/r**3
    alpha * s1 * s2 / r**2 - G * m1 * m2 / r**2
    alpha * s1 * s2 / r**3 - beta / r**2
    alpha*m2/r**2 - beta*s1*s2/(m1*r**3)
    beta*s1*s2/r**3 - alpha/r**2
    gamma * s1 * s2 / r**3 - kappa / r**2
    k1*s1*s2/r**4 - k2/r**2
    kappa * s1 * s2 / (m1 * r**3)
    kappa*(s1+s2)/r**1.5
    s1*s2 / r**1.5
    s1*s2*(alpha/r**2 + beta/r**3)
========================================================================
