2026-06-03 15:28:59,490 [INFO] ascension.benchmarks.alien_depth: alien_depth: max_depth=6 per_layer=(True, False, True, False, False, True) held_out_rmse=0.21206819539332167 q_drift=None n_hyp=17 elapsed_ms=12169
========================================================================
ALIEN RUN 702053de-8c24-45c3-a458-73abe0b6db31
  run.status=completed  halt_reason=call_budget_exceeded
  PROVENANCE (P-15.2-6): benchmark_system='alien_universe'  included_in_distillation_v1=False
  SCORING MODE: FAMILY (L3/L4 vs held-out products {3,5})
  node types: {'hypothesis': 17}
  hypothesis nodes=17  status_breakdown={'active': 17}
  SPEND: 40 llm_calls, $0.1718 total
    provider='google': 23 calls, $0.1718
    provider='nvidia': 17 calls, $0.0000
------------------------------------------------------------------------
  DISCOVERY DEPTH (P-15.2-1/2/3): max_depth=6
    per_layer L1..L6 = (True, False, True, False, False, True)
    HONEST consecutive force-law depth (L1-L4, L-057) = 1   [L5=False L6=True reported separately, non-consecutive]
    held_out_rss_reduction=0.21206819539332167  q_drift=None
  scorer notes (34):
    - L1: inverse-square term + Newton accel-fit converges ('(G*m1*m2)/(r**2)')
    - L1: inverse-square term + Newton accel-fit converges ('G * s1 * s2 / r**2')
    - L3: hidden product does real work, hidden-basis RSS reduction 0.212 (+rationale tiebreaker) ('G * s1 * s2 / r**2')
    - L6: law verified invariant under P:(x->-x,v->-v,s->-s) ('G * s1 * s2 / r**2')
    - L2 DENIED: second radial term exponent not ~-3.5 ('G*(m1*m2)/(r**2) * (x2-x1)/r + s1*(vx2-vx1)/r + s2*(vy2-vy1)/r')
    - L6 DENIED: claimed symmetry not verified by sympy ('G*(m1*m2)/(r**2) * (x2-x1)/r + s1*(vx2-vx1)/r + s2*(vy2-vy1)/r')
    - L1: inverse-square term + Newton accel-fit converges ('G*m1*m2/(r**2)')
    - L2 DENIED: second radial term exponent not ~-3.5 ('G*m1*m2/(r**2) * (x2 - x1)/r + s1*s2*(vx2 - vx1)/r')
    - L3: hidden product does real work, hidden-basis RSS reduction 0.212 (+rationale tiebreaker) ('G*m1*m2/(r**2) * (x2 - x1)/r + s1*s2*(vx2 - vx1)/r')
    - L6: law verified invariant under P:(x->-x,v->-v,s->-s) ('G*m1*m2/(r**2) * (x2 - x1)/r + s1*s2*(vx2 - vx1)/r')
    - L1: inverse-square term + Newton accel-fit converges ('G*m1*m2/r**2')
    - L1: inverse-square term + Newton accel-fit converges ('G*m1*m2/r**2')
    - L2 DENIED: second radial term exponent not ~-3.5 ('G*m1*m2/r**2 * (x2 - x1)/r + s1*vx1 + s2*vx2')
    - L6 DENIED: claimed symmetry not verified by sympy ('G*m1*m2/r**2 * (x2 - x1)/r + s1*vx1 + s2*vx2')
    - L2 DENIED: second radial term exponent not ~-3.5 ('G*m1*m2/r**2 * (x2 - x1)/r + s1*vx1 + s2*vx2')
    - L6 DENIED: claimed symmetry not verified by sympy ('G*m1*m2/r**2 * (x2 - x1)/r + s1*vx1 + s2*vx2')
    - L2 DENIED: second radial term exponent not ~-3.5 ('G*m1*m2/r**2 * (x2-x1)/r + s1*(vx2-vx1)/r')
    - L6 DENIED: claimed symmetry not verified by sympy ('G*m1*m2/r**2 * (x2-x1)/r + s1*(vx2-vx1)/r')
    - L2 DENIED: second radial term exponent not ~-3.5 ('G*m1*m2/r**2 * (x2-x1)/r + s1*(vx2-vx1)/r')
    - L6 DENIED: claimed symmetry not verified by sympy ('G*m1*m2/r**2 * (x2-x1)/r + s1*(vx2-vx1)/r')
    - L2 DENIED: second radial term exponent not ~-3.5 ('G*m1*m2/r**2 * (x2-x1)/r + s1*s2*(vx2-vx1)/r')
    - L3: hidden product does real work, hidden-basis RSS reduction 0.212 ('G*m1*m2/r**2 * (x2-x1)/r + s1*s2*(vx2-vx1)/r')
    - L6: law verified invariant under P:(x->-x,v->-v,s->-s) ('G*m1*m2/r**2 * (x2-x1)/r + s1*s2*(vx2-vx1)/r')
    - L2 DENIED: second radial term exponent not ~-3.5 ('G*m1*m2/r**2 * (x2-x1)/r + s1*s2*(vx2-vx1)/r')
    - L3: hidden product does real work, hidden-basis RSS reduction 0.212 ('G*m1*m2/r**2 * (x2-x1)/r + s1*s2*(vx2-vx1)/r')
    - L6: law verified invariant under P:(x->-x,v->-v,s->-s) ('G*m1*m2/r**2 * (x2-x1)/r + s1*s2*(vx2-vx1)/r')
    - L2 DENIED: second radial term exponent not ~-3.5 ('G*m1*m2/r**2 * (x2-x1)/r + s1*vx1 + s2*vx2')
    - L6 DENIED: claimed symmetry not verified by sympy ('G*m1*m2/r**2 * (x2-x1)/r + s1*vx1 + s2*vx2')
    - L2 DENIED: second radial term exponent not ~-3.5 ('G*m1*m2/r**2 * (x2-x1)/r + s1*vx1 + s2*vx2')
    - L6 DENIED: claimed symmetry not verified by sympy ('G*m1*m2/r**2 * (x2-x1)/r + s1*vx1 + s2*vx2')
    - L2 DENIED: second radial term exponent not ~-3.5 ('G*m1*m2/r**2 * (x2-x1)/r + s1*vx1 + s2*vx2')
    - L6 DENIED: claimed symmetry not verified by sympy ('G*m1*m2/r**2 * (x2-x1)/r + s1*vx1 + s2*vx2')
    - L2 DENIED: second radial term exponent not ~-3.5 ('G*m1*m2/r**2 * (x2-x1)/r + s1*vx1 + s2*vx2')
    - L6 DENIED: claimed symmetry not verified by sympy ('G*m1*m2/r**2 * (x2-x1)/r + s1*vx1 + s2*vx2')
  distinct symbolic_form count=10 (sample up to 30):
    (G*m1*m2)/(r**2)
    G * s1 * s2 / r**2
    G*(m1*m2)/(r**2) * (x2-x1)/r + s1*(vx2-vx1)/r + s2*(vy2-vy1)/r
    G*m1*m2/(r**2)
    G*m1*m2/(r**2) * (x2 - x1)/r + s1*s2*(vx2 - vx1)/r
    G*m1*m2/r**2
    G*m1*m2/r**2 * (x2 - x1)/r + s1*vx1 + s2*vx2
    G*m1*m2/r**2 * (x2-x1)/r + s1*(vx2-vx1)/r
    G*m1*m2/r**2 * (x2-x1)/r + s1*s2*(vx2-vx1)/r
    G*m1*m2/r**2 * (x2-x1)/r + s1*vx1 + s2*vx2
========================================================================
