2026-06-03 15:36:17,109 [INFO] ascension.benchmarks.alien_depth: alien_depth: max_depth=6 per_layer=(True, True, True, False, False, True) held_out_rmse=0.21206819539332167 q_drift=None n_hyp=15 elapsed_ms=19966
========================================================================
ALIEN RUN 31fc51bd-3361-4170-812f-1e995a9f3095
  run.status=completed  halt_reason=call_budget_exceeded
  PROVENANCE (P-15.2-6): benchmark_system='alien_universe'  included_in_distillation_v1=False
  SCORING MODE: FAMILY (L3/L4 vs held-out products {3,5})
  node types: {'dispute': 4, 'hypothesis': 15}
  hypothesis nodes=15  status_breakdown={'contested': 5, 'active': 10}
  SPEND: 40 llm_calls, $1.1653 total
    provider='google': 38 calls, $1.1653
    provider='nvidia': 2 calls, $0.0000
------------------------------------------------------------------------
  DISCOVERY DEPTH (P-15.2-1/2/3): max_depth=6
    per_layer L1..L6 = (True, True, True, False, False, True)
    HONEST consecutive force-law depth (L1-L4, L-057) = 3   [L5=False L6=True reported separately, non-consecutive]
    held_out_rss_reduction=0.21206819539332167  q_drift=None
  scorer notes (50):
    - L1: inverse-square term + Newton accel-fit converges ('(-G + k*s1*s2)*m2/r**2')
    - L3: hidden product does real work, hidden-basis RSS reduction 0.212 (+rationale tiebreaker) ('(-G + k*s1*s2)*m2/r**2')
    - L6: law verified invariant under P:(x->-x,v->-v,s->-s) ('(-G + k*s1*s2)*m2/r**2')
    - L1: inverse-square term + Newton accel-fit converges ('(G*s1*s2*m2/r**2) + (J*m2/r**3)')
    - L2 DENIED: second radial term exponent not ~-3.5 ('(G*s1*s2*m2/r**2) + (J*m2/r**3)')
    - L3: hidden product does real work, hidden-basis RSS reduction 0.212 ('(G*s1*s2*m2/r**2) + (J*m2/r**3)')
    - L6: law verified invariant under P:(x->-x,v->-v,s->-s) ('(G*s1*s2*m2/r**2) + (J*m2/r**3)')
    - L1: inverse-square term + Newton accel-fit converges ('(s1*s2) * (alpha/r**2 + beta/r**3.5)')
    - L2: second radial term ~r**-3.5 + alpha-basis RSS reduction 0.169 >= 0.05 ('(s1*s2) * (alpha/r**2 + beta/r**3.5)')
    - L3: hidden product does real work, hidden-basis RSS reduction 0.212 ('(s1*s2) * (alpha/r**2 + beta/r**3.5)')
    - L6: law verified invariant under P:(x->-x,v->-v,s->-s) ('(s1*s2) * (alpha/r**2 + beta/r**3.5)')
    - L1: inverse-square term + Newton accel-fit converges ('(s1*s2/r**2) - (beta*r)')
    - L2 DENIED: second radial term exponent not ~-3.5 ('(s1*s2/r**2) - (beta*r)')
    - L3: hidden product does real work, hidden-basis RSS reduction 0.212 (+rationale tiebreaker) ('(s1*s2/r**2) - (beta*r)')
    - L6: law verified invariant under P:(x->-x,v->-v,s->-s) ('(s1*s2/r**2) - (beta*r)')
    - L1: inverse-square term + Newton accel-fit converges ('G * s1*s2 / r**2 + K * s1*s2 / r**3.4')
    - L2: second radial term ~r**-3.5 + alpha-basis RSS reduction 0.169 >= 0.05 ('G * s1*s2 / r**2 + K * s1*s2 / r**3.4')
    - L3: hidden product does real work, hidden-basis RSS reduction 0.212 ('G * s1*s2 / r**2 + K * s1*s2 / r**3.4')
    - L6: law verified invariant under P:(x->-x,v->-v,s->-s) ('G * s1*s2 / r**2 + K * s1*s2 / r**3.4')
    - L1: inverse-square term + Newton accel-fit converges ('G * s1*s2 / r**2.2 + alpha * cos(beta * r)')
    - L3: hidden product does real work, hidden-basis RSS reduction 0.212 ('G * s1*s2 / r**2.2 + alpha * cos(beta * r)')
    - L6: law verified invariant under P:(x->-x,v->-v,s->-s) ('G * s1*s2 / r**2.2 + alpha * cos(beta * r)')
    - L3: hidden product does real work, hidden-basis RSS reduction 0.212 ('G * s1*s2 / r**p + beta * cos(omega*r) / r**q')
    - L6: law verified invariant under P:(x->-x,v->-v,s->-s) ('G * s1*s2 / r**p + beta * cos(omega*r) / r**q')
    - L1: inverse-square term + Newton accel-fit converges ('G*m1*m2/r**2 + alpha/r**3.4')
    - L2: second radial term ~r**-3.5 + alpha-basis RSS reduction 0.169 >= 0.05 ('G*m1*m2/r**2 + alpha/r**3.4')
    - L1: inverse-square term + Newton accel-fit converges ('G*s1*s2/r**2 + alpha*s1*s2*cos(kappa/r)/r**3')
    - L2 DENIED: second radial term exponent not ~-3.5 ('G*s1*s2/r**2 + alpha*s1*s2*cos(kappa/r)/r**3')
    - L3: hidden product does real work, hidden-basis RSS reduction 0.212 ('G*s1*s2/r**2 + alpha*s1*s2*cos(kappa/r)/r**3')
    - L6: law verified invariant under P:(x->-x,v->-v,s->-s) ('G*s1*s2/r**2 + alpha*s1*s2*cos(kappa/r)/r**3')
    - L1: inverse-square term + Newton accel-fit converges ('k * m2 * s1 * s2 / r**2')
    - L3: hidden product does real work, hidden-basis RSS reduction 0.212 (+rationale tiebreaker) ('k * m2 * s1 * s2 / r**2')
    - L6: law verified invariant under P:(x->-x,v->-v,s->-s) ('k * m2 * s1 * s2 / r**2')
    - L1: inverse-square term + Newton accel-fit converges ('k * s1 * s2 / (m1 * r**2)')
    - L3: hidden product does real work, hidden-basis RSS reduction 0.212 (+rationale tiebreaker) ('k * s1 * s2 / (m1 * r**2)')
    - L6: law verified invariant under P:(x->-x,v->-v,s->-s) ('k * s1 * s2 / (m1 * r**2)')
    - L2 DENIED: second radial term exponent not ~-3.5 ('k*s1*s2/r**3')
    - L3: hidden product does real work, hidden-basis RSS reduction 0.212 (+rationale tiebreaker) ('k*s1*s2/r**3')
    - L6: law verified invariant under P:(x->-x,v->-v,s->-s) ('k*s1*s2/r**3')
    - L1: inverse-square term + Newton accel-fit converges ('kappa * s1 * s2 / (m1 * r**2)')
    - L3: hidden product does real work, hidden-basis RSS reduction 0.212 (+rationale tiebreaker) ('kappa * s1 * s2 / (m1 * r**2)')
    - L6: law verified invariant under P:(x->-x,v->-v,s->-s) ('kappa * s1 * s2 / (m1 * r**2)')
    - L1: inverse-square term + Newton accel-fit converges ('s1 * s2 * (G / r**2 + A * cos(k*r) / r**3)')
    - L2 DENIED: second radial term exponent not ~-3.5 ('s1 * s2 * (G / r**2 + A * cos(k*r) / r**3)')
    - L3: hidden product does real work, hidden-basis RSS reduction 0.212 ('s1 * s2 * (G / r**2 + A * cos(k*r) / r**3)')
    - L6: law verified invariant under P:(x->-x,v->-v,s->-s) ('s1 * s2 * (G / r**2 + A * cos(k*r) / r**3)')
    - L1: inverse-square term + Newton accel-fit converges ('s1*s2*(G/r**2 + K/r**3.4)')
    - L2: second radial term ~r**-3.5 + alpha-basis RSS reduction 0.169 >= 0.05 ('s1*s2*(G/r**2 + K/r**3.4)')
    - L3: hidden product does real work, hidden-basis RSS reduction 0.212 (+rationale tiebreaker) ('s1*s2*(G/r**2 + K/r**3.4)')
    - L6: law verified invariant under P:(x->-x,v->-v,s->-s) ('s1*s2*(G/r**2 + K/r**3.4)')
  distinct symbolic_form count=15 (sample up to 30):
    (-G + k*s1*s2)*m2/r**2
    (G*s1*s2*m2/r**2) + (J*m2/r**3)
    (s1*s2) * (alpha/r**2 + beta/r**3.5)
    (s1*s2/r**2) - (beta*r)
    G * s1*s2 / r**2 + K * s1*s2 / r**3.4
    G * s1*s2 / r**2.2 + alpha * cos(beta * r)
    G * s1*s2 / r**p + beta * cos(omega*r) / r**q
    G*m1*m2/r**2 + alpha/r**3.4
    G*s1*s2/r**2 + alpha*s1*s2*cos(kappa/r)/r**3
    k * m2 * s1 * s2 / r**2
    k * s1 * s2 / (m1 * r**2)
    k*s1*s2/r**3
    kappa * s1 * s2 / (m1 * r**2)
    s1 * s2 * (G / r**2 + A * cos(k*r) / r**3)
    s1*s2*(G/r**2 + K/r**3.4)
========================================================================
