2026-06-03 16:48:44,725 [INFO] ascension.benchmarks.alien_depth: alien_depth: max_depth=6 per_layer=(True, True, True, True, False, True) held_out_rmse=0.21206819539332167 q_drift=None n_hyp=14 elapsed_ms=21037
========================================================================
ALIEN RUN 28405d8e-3bc2-4ebc-b9f4-5c76a9b600b7
  run.status=completed  halt_reason=call_budget_exceeded
  PROVENANCE (P-15.2-6): benchmark_system='alien_universe'  included_in_distillation_v1=False
  SCORING MODE: FAMILY (L3/L4 vs held-out products {3,5})
  node types: {'dispute': 3, 'hypothesis': 14}
  hypothesis nodes=14  status_breakdown={'active': 10, 'contested': 4}
  SPEND: 42 llm_calls, $1.3388 total
    provider='google': 41 calls, $1.3388
    provider='nvidia': 1 calls, $0.0000
------------------------------------------------------------------------
  DISCOVERY DEPTH (P-15.2-1/2/3): max_depth=6
    per_layer L1..L6 = (True, True, True, True, False, True)
    HONEST consecutive force-law depth (L1-L4, L-057) = 4   [L5=False L6=True reported separately, non-consecutive]
    held_out_rss_reduction=0.21206819539332167  q_drift=None
  scorer notes (44):
    - L1: inverse-square term + Newton accel-fit converges ('(G + s1*s2) / r**2')
    - L3: hidden product does real work, hidden-basis RSS reduction 0.212 (+rationale tiebreaker) ('(G + s1*s2) / r**2')
    - L6: law verified invariant under P:(x->-x,v->-v,s->-s) ('(G + s1*s2) / r**2')
    - L1: inverse-square term + Newton accel-fit converges ('(G*m1*m2 - alpha*s1*s2)/r**2')
    - L3: hidden product does real work, hidden-basis RSS reduction 0.212 (+rationale tiebreaker) ('(G*m1*m2 - alpha*s1*s2)/r**2')
    - L6: law verified invariant under P:(x->-x,v->-v,s->-s) ('(G*m1*m2 - alpha*s1*s2)/r**2')
    - L1: inverse-square term + Newton accel-fit converges ('(alpha * s1 * s2 - gamma * m1 * m2) / (m1 * r**2)')
    - L3: hidden product does real work, hidden-basis RSS reduction 0.212 (+rationale tiebreaker) ('(alpha * s1 * s2 - gamma * m1 * m2) / (m1 * r**2)')
    - L6: law verified invariant under P:(x->-x,v->-v,s->-s) ('(alpha * s1 * s2 - gamma * m1 * m2) / (m1 * r**2)')
    - L1: inverse-square term + Newton accel-fit converges ('(k*s1*s2/m1 - G*m2)/r**2')
    - L3: hidden product does real work, hidden-basis RSS reduction 0.212 (+rationale tiebreaker) ('(k*s1*s2/m1 - G*m2)/r**2')
    - L6: law verified invariant under P:(x->-x,v->-v,s->-s) ('(k*s1*s2/m1 - G*m2)/r**2')
    - L1: inverse-square term + Newton accel-fit converges ('-G*m1*m2/r**2 + k*s1*s2/r**3.4')
    - L2: second radial term ~r**-3.5 + correction-basis RSS reduction 0.169 >= 0.05 ('-G*m1*m2/r**2 + k*s1*s2/r**3.4')
    - L3: hidden product does real work, hidden-basis RSS reduction 0.212 (+rationale tiebreaker) ('-G*m1*m2/r**2 + k*s1*s2/r**3.4')
    - L6: law verified invariant under P:(x->-x,v->-v,s->-s) ('-G*m1*m2/r**2 + k*s1*s2/r**3.4')
    - L1: inverse-square term + Newton accel-fit converges ('G * (s1 + s2) / r**2')
    - L6 DENIED: claimed symmetry not verified by sympy ('G * (s1 + s2) / r**2')
    - L1: inverse-square term + Newton accel-fit converges ('G*s1*s2/r**2')
    - L3: hidden product does real work, hidden-basis RSS reduction 0.212 (+rationale tiebreaker) ('G*s1*s2/r**2')
    - L6: law verified invariant under P:(x->-x,v->-v,s->-s) ('G*s1*s2/r**2')
    - L2 DENIED: second radial term exponent not ~-3.5 ('gamma * (s1 + s2) * (r0 - r) / m1')
    - L6 DENIED: claimed symmetry not verified by sympy ('gamma * (s1 + s2) * (r0 - r) / m1')
    - L1: inverse-square term + Newton accel-fit converges ('k*s1*s2/r**2 + A*cos(omega*r)/r**3')
    - L2 DENIED: second radial term exponent not ~-3.5 ('k*s1*s2/r**2 + A*cos(omega*r)/r**3')
    - L3: hidden product does real work, hidden-basis RSS reduction 0.212 (+rationale tiebreaker) ('k*s1*s2/r**2 + A*cos(omega*r)/r**3')
    - L6: law verified invariant under P:(x->-x,v->-v,s->-s) ('k*s1*s2/r**2 + A*cos(omega*r)/r**3')
    - L2 DENIED: second radial term exponent not ~-3.5 ('kappa * s1 * s2 / r')
    - L3: hidden product does real work, hidden-basis RSS reduction 0.212 (+rationale tiebreaker) ('kappa * s1 * s2 / r')
    - L6: law verified invariant under P:(x->-x,v->-v,s->-s) ('kappa * s1 * s2 / r')
    - L1: inverse-square term + Newton accel-fit converges ('kappa*s1*s2/r**2')
    - L3: hidden product does real work, hidden-basis RSS reduction 0.212 (+rationale tiebreaker) ('kappa*s1*s2/r**2')
    - L6: law verified invariant under P:(x->-x,v->-v,s->-s) ('kappa*s1*s2/r**2')
    - L3: hidden product does real work, hidden-basis RSS reduction 0.212 ('s1*s2 * G * cos(omega * log(r)) / r**p')
    - L6: law verified invariant under P:(x->-x,v->-v,s->-s) ('s1*s2 * G * cos(omega * log(r)) / r**p')
    - L1: inverse-square term + Newton accel-fit converges ('s1*s2*(alpha/r**2 + beta/r**3.4)')
    - L2: second radial term ~r**-3.5 + correction-basis RSS reduction 0.169 >= 0.05 ('s1*s2*(alpha/r**2 + beta/r**3.4)')
    - L3: hidden product does real work, hidden-basis RSS reduction 0.212 (+rationale tiebreaker) ('s1*s2*(alpha/r**2 + beta/r**3.4)')
    - L6: law verified invariant under P:(x->-x,v->-v,s->-s) ('s1*s2*(alpha/r**2 + beta/r**3.4)')
    - L1: inverse-square term + Newton accel-fit converges ('s1*s2*(alpha/r**3 - beta*cos(gamma*r)/r**2)')
    - L2 DENIED: second radial term exponent not ~-3.5 ('s1*s2*(alpha/r**3 - beta*cos(gamma*r)/r**2)')
    - L3: hidden product does real work, hidden-basis RSS reduction 0.212 ('s1*s2*(alpha/r**3 - beta*cos(gamma*r)/r**2)')
    - L4: hidden form ~s1*s2*(1-cos(0.700*r))/r**2 + hidden-basis RSS reduction 0.212 ('s1*s2*(alpha/r**3 - beta*cos(gamma*r)/r**2)')
    - L6: law verified invariant under P:(x->-x,v->-v,s->-s) ('s1*s2*(alpha/r**3 - beta*cos(gamma*r)/r**2)')
  distinct symbolic_form count=14 (sample up to 30):
    (G + s1*s2) / r**2
    (G*m1*m2 - alpha*s1*s2)/r**2
    (alpha * s1 * s2 - gamma * m1 * m2) / (m1 * r**2)
    (k*s1*s2/m1 - G*m2)/r**2
    -G*m1*m2/r**2 + k*s1*s2/r**3.4
    G * (s1 + s2) / r**2
    G*s1*s2/r**2
    gamma * (s1 + s2) * (r0 - r) / m1
    k*s1*s2/r**2 + A*cos(omega*r)/r**3
    kappa * s1 * s2 / r
    kappa*s1*s2/r**2
    s1*s2 * G * cos(omega * log(r)) / r**p
    s1*s2*(alpha/r**2 + beta/r**3.4)
    s1*s2*(alpha/r**3 - beta*cos(gamma*r)/r**2)
========================================================================
