2026-06-03 18:04:58,194 [INFO] ascension.benchmarks.alien_depth: alien_depth: max_depth=6 per_layer=(True, False, True, False, False, True) held_out_rmse=0.21206819539332167 q_drift=None n_hyp=15 elapsed_ms=21008
========================================================================
ALIEN RUN 71cda81d-e74d-44b3-9905-e0cc6d822ec4
  run.status=completed  halt_reason=call_budget_exceeded
  PROVENANCE (P-15.2-6): benchmark_system='alien_universe'  included_in_distillation_v1=False
  SCORING MODE: FAMILY (L3/L4 vs held-out products {3,5})
  node types: {'hypothesis': 15}
  hypothesis nodes=15  status_breakdown={'active': 15}
  SPEND: 41 llm_calls, $4.5210 total
    provider='google': 41 calls, $4.5210
------------------------------------------------------------------------
  DISCOVERY DEPTH (P-15.2-1/2/3): max_depth=6
    per_layer L1..L6 = (True, False, True, False, False, True)
    HONEST consecutive force-law depth (L1-L4, L-057) = 1   [L5=False L6=True reported separately, non-consecutive]
    held_out_rss_reduction=0.21206819539332167  q_drift=None
  scorer notes (57):
    - L1: inverse-square term + Newton accel-fit converges ('(-alpha * m2 / r**2) + (beta * s1 * s2 / (m1 * r**3))')
    - L2 DENIED: second radial term exponent not ~-3.5 ('(-alpha * m2 / r**2) + (beta * s1 * s2 / (m1 * r**3))')
    - L3: hidden product does real work, hidden-basis RSS reduction 0.212 (+rationale tiebreaker) ('(-alpha * m2 / r**2) + (beta * s1 * s2 / (m1 * r**3))')
    - L6: law verified invariant under P:(x->-x,v->-v,s->-s) ('(-alpha * m2 / r**2) + (beta * s1 * s2 / (m1 * r**3))')
    - L1: inverse-square term + Newton accel-fit converges ('(G*m1*m2)/r**2 - (k*s1*s2)/r**3')
    - L2 DENIED: second radial term exponent not ~-3.5 ('(G*m1*m2)/r**2 - (k*s1*s2)/r**3')
    - L3: hidden product does real work, hidden-basis RSS reduction 0.212 (+rationale tiebreaker) ('(G*m1*m2)/r**2 - (k*s1*s2)/r**3')
    - L6: law verified invariant under P:(x->-x,v->-v,s->-s) ('(G*m1*m2)/r**2 - (k*s1*s2)/r**3')
    - L1: inverse-square term + Newton accel-fit converges ('(alpha * s1 * s2 - beta) / r**2')
    - L3: hidden product does real work, hidden-basis RSS reduction 0.212 (+rationale tiebreaker) ('(alpha * s1 * s2 - beta) / r**2')
    - L6: law verified invariant under P:(x->-x,v->-v,s->-s) ('(alpha * s1 * s2 - beta) / r**2')
    - L1: inverse-square term + Newton accel-fit converges ('(k*s1*s2 - G*m1*m2)/r**2')
    - L3: hidden product does real work, hidden-basis RSS reduction 0.212 (+rationale tiebreaker) ('(k*s1*s2 - G*m1*m2)/r**2')
    - L6: law verified invariant under P:(x->-x,v->-v,s->-s) ('(k*s1*s2 - G*m1*m2)/r**2')
    - L1: inverse-square term + Newton accel-fit converges ('(s1 + s2 - 1.0) / r**2 + (1.0 - s1 * s2) / r')
    - L2 DENIED: second radial term exponent not ~-3.5 ('(s1 + s2 - 1.0) / r**2 + (1.0 - s1 * s2) / r')
    - L3: hidden product does real work, hidden-basis RSS reduction 0.212 (+rationale tiebreaker) ('(s1 + s2 - 1.0) / r**2 + (1.0 - s1 * s2) / r')
    - L6 DENIED: claimed symmetry not verified by sympy ('(s1 + s2 - 1.0) / r**2 + (1.0 - s1 * s2) / r')
    - L1: inverse-square term + Newton accel-fit converges ('-G*m2/r**2 + k*s1*s2*m2/r**3')
    - L2 DENIED: second radial term exponent not ~-3.5 ('-G*m2/r**2 + k*s1*s2*m2/r**3')
    - L3: hidden product does real work, hidden-basis RSS reduction 0.212 (+rationale tiebreaker) ('-G*m2/r**2 + k*s1*s2*m2/r**3')
    - L6: law verified invariant under P:(x->-x,v->-v,s->-s) ('-G*m2/r**2 + k*s1*s2*m2/r**3')
    - L1: inverse-square term + Newton accel-fit converges ('alpha*s1*s2/r**3 - beta/r**2')
    - L2 DENIED: second radial term exponent not ~-3.5 ('alpha*s1*s2/r**3 - beta/r**2')
    - L3: hidden product does real work, hidden-basis RSS reduction 0.212 (+rationale tiebreaker) ('alpha*s1*s2/r**3 - beta/r**2')
    - L6: law verified invariant under P:(x->-x,v->-v,s->-s) ('alpha*s1*s2/r**3 - beta/r**2')
    - L1: inverse-square term + Newton accel-fit converges ('alpha*s1*s2/r**3 - beta/r**2')
    - L2 DENIED: second radial term exponent not ~-3.5 ('alpha*s1*s2/r**3 - beta/r**2')
    - L3: hidden product does real work, hidden-basis RSS reduction 0.212 (+rationale tiebreaker) ('alpha*s1*s2/r**3 - beta/r**2')
    - L6: law verified invariant under P:(x->-x,v->-v,s->-s) ('alpha*s1*s2/r**3 - beta/r**2')
    - L1: inverse-square term + Newton accel-fit converges ('k * s1 * s2 / (m1 * r**2)')
    - L3: hidden product does real work, hidden-basis RSS reduction 0.212 (+rationale tiebreaker) ('k * s1 * s2 / (m1 * r**2)')
    - L6: law verified invariant under P:(x->-x,v->-v,s->-s) ('k * s1 * s2 / (m1 * r**2)')
    - L1: inverse-square term + Newton accel-fit converges ('k*s1*s2/(m1*r**2) + J/(m1*r**3)')
    - L2 DENIED: second radial term exponent not ~-3.5 ('k*s1*s2/(m1*r**2) + J/(m1*r**3)')
    - L3: hidden product does real work, hidden-basis RSS reduction 0.212 (+rationale tiebreaker) ('k*s1*s2/(m1*r**2) + J/(m1*r**3)')
    - L6: law verified invariant under P:(x->-x,v->-v,s->-s) ('k*s1*s2/(m1*r**2) + J/(m1*r**3)')
    - L1: inverse-square term + Newton accel-fit converges ('m1 * (s1*s2/r**2 - alpha/r**3)')
    - L2 DENIED: second radial term exponent not ~-3.5 ('m1 * (s1*s2/r**2 - alpha/r**3)')
    - L3: hidden product does real work, hidden-basis RSS reduction 0.212 (+rationale tiebreaker) ('m1 * (s1*s2/r**2 - alpha/r**3)')
    - L6: law verified invariant under P:(x->-x,v->-v,s->-s) ('m1 * (s1*s2/r**2 - alpha/r**3)')
    - L1: inverse-square term + Newton accel-fit converges ('s1*s2*(alpha/r**2 + beta/r)')
    - L2 DENIED: second radial term exponent not ~-3.5 ('s1*s2*(alpha/r**2 + beta/r)')
    - L3: hidden product does real work, hidden-basis RSS reduction 0.212 (+rationale tiebreaker) ('s1*s2*(alpha/r**2 + beta/r)')
    - L6: law verified invariant under P:(x->-x,v->-v,s->-s) ('s1*s2*(alpha/r**2 + beta/r)')
    - L1: inverse-square term + Newton accel-fit converges ('s1*s2*(alpha/r**2 + beta/r**3)')
    - L2 DENIED: second radial term exponent not ~-3.5 ('s1*s2*(alpha/r**2 + beta/r**3)')
    - L3: hidden product does real work, hidden-basis RSS reduction 0.212 (+rationale tiebreaker) ('s1*s2*(alpha/r**2 + beta/r**3)')
    - L6: law verified invariant under P:(x->-x,v->-v,s->-s) ('s1*s2*(alpha/r**2 + beta/r**3)')
    - L1: inverse-square term + Newton accel-fit converges ('s1*s2*(k1/r**2 + k2/r**3)')
    - L2 DENIED: second radial term exponent not ~-3.5 ('s1*s2*(k1/r**2 + k2/r**3)')
    - L3: hidden product does real work, hidden-basis RSS reduction 0.212 (+rationale tiebreaker) ('s1*s2*(k1/r**2 + k2/r**3)')
    - L6: law verified invariant under P:(x->-x,v->-v,s->-s) ('s1*s2*(k1/r**2 + k2/r**3)')
    - L1: inverse-square term + Newton accel-fit converges ('s1*s2/r**3 - G/r**2')
    - L2 DENIED: second radial term exponent not ~-3.5 ('s1*s2/r**3 - G/r**2')
    - L3: hidden product does real work, hidden-basis RSS reduction 0.212 (+rationale tiebreaker) ('s1*s2/r**3 - G/r**2')
    - L6: law verified invariant under P:(x->-x,v->-v,s->-s) ('s1*s2/r**3 - G/r**2')
  distinct symbolic_form count=14 (sample up to 30):
    (-alpha * m2 / r**2) + (beta * s1 * s2 / (m1 * r**3))
    (G*m1*m2)/r**2 - (k*s1*s2)/r**3
    (alpha * s1 * s2 - beta) / r**2
    (k*s1*s2 - G*m1*m2)/r**2
    (s1 + s2 - 1.0) / r**2 + (1.0 - s1 * s2) / r
    -G*m2/r**2 + k*s1*s2*m2/r**3
    alpha*s1*s2/r**3 - beta/r**2
    k * s1 * s2 / (m1 * r**2)
    k*s1*s2/(m1*r**2) + J/(m1*r**3)
    m1 * (s1*s2/r**2 - alpha/r**3)
    s1*s2*(alpha/r**2 + beta/r)
    s1*s2*(alpha/r**2 + beta/r**3)
    s1*s2*(k1/r**2 + k2/r**3)
    s1*s2/r**3 - G/r**2
========================================================================
