2026-06-03 21:43:46,424 [INFO] ascension.benchmarks.alien_depth: alien_depth: max_depth=6 per_layer=(True, False, True, False, False, True) held_out_rmse=0.21206819539332167 q_drift=None n_hyp=17 elapsed_ms=22680
========================================================================
ALIEN RUN bb7ea972-3807-4331-acb1-cedf9a60dbfb
  run.status=completed  halt_reason=call_budget_exceeded
  PROVENANCE (P-15.2-6): benchmark_system='alien_universe'  included_in_distillation_v1=False
  SCORING MODE: FAMILY (L3/L4 vs held-out products {3,5})
  node types: {'hypothesis': 17}
  hypothesis nodes=17  status_breakdown={'active': 17}
  SPEND: 40 llm_calls, $3.7474 total
    provider='google': 40 calls, $3.7474
------------------------------------------------------------------------
  DISCOVERY DEPTH (P-15.2-1/2/3): max_depth=6
    per_layer L1..L6 = (True, False, True, False, False, True)
    HONEST consecutive force-law depth (L1-L4, L-057) = 1   [L5=False L6=True reported separately, non-consecutive]
    held_out_rss_reduction=0.21206819539332167  q_drift=None
  scorer notes (57):
    - L1: inverse-square term + Newton accel-fit converges ('(alpha + beta*s1*s2)/r**2 + gamma*(s1+s2)/r')
    - L2 DENIED: second radial term exponent not ~-3.5 ('(alpha + beta*s1*s2)/r**2 + gamma*(s1+s2)/r')
    - L3: hidden product does real work, hidden-basis RSS reduction 0.212 (+rationale tiebreaker) ('(alpha + beta*s1*s2)/r**2 + gamma*(s1+s2)/r')
    - L6 DENIED: claimed symmetry not verified by sympy ('(alpha + beta*s1*s2)/r**2 + gamma*(s1+s2)/r')
    - L1: inverse-square term + Newton accel-fit converges ('(k * s1 * s2 - G) / r**2')
    - L3: hidden product does real work, hidden-basis RSS reduction 0.212 (+rationale tiebreaker) ('(k * s1 * s2 - G) / r**2')
    - L6: law verified invariant under P:(x->-x,v->-v,s->-s) ('(k * s1 * s2 - G) / r**2')
    - L1: inverse-square term + Newton accel-fit converges ('(k*s1*s2 - G)/r**2')
    - L3: hidden product does real work, hidden-basis RSS reduction 0.212 (+rationale tiebreaker) ('(k*s1*s2 - G)/r**2')
    - L6: law verified invariant under P:(x->-x,v->-v,s->-s) ('(k*s1*s2 - G)/r**2')
    - L1: inverse-square term + Newton accel-fit converges ('-(s1*s2) / (m1 * r**2)')
    - L3: hidden product does real work, hidden-basis RSS reduction 0.212 (+rationale tiebreaker) ('-(s1*s2) / (m1 * r**2)')
    - L6: law verified invariant under P:(x->-x,v->-v,s->-s) ('-(s1*s2) / (m1 * r**2)')
    - L1: inverse-square term + Newton accel-fit converges ('A/r**2 - B*s1*s2/r**3')
    - L2 DENIED: second radial term exponent not ~-3.5 ('A/r**2 - B*s1*s2/r**3')
    - L3: hidden product does real work, hidden-basis RSS reduction 0.212 (+rationale tiebreaker) ('A/r**2 - B*s1*s2/r**3')
    - L6: law verified invariant under P:(x->-x,v->-v,s->-s) ('A/r**2 - B*s1*s2/r**3')
    - L1: inverse-square term + Newton accel-fit converges ('G * s1 * s2 / r**2 + beta / r**3')
    - L2 DENIED: second radial term exponent not ~-3.5 ('G * s1 * s2 / r**2 + beta / r**3')
    - L3: hidden product does real work, hidden-basis RSS reduction 0.212 (+rationale tiebreaker) ('G * s1 * s2 / r**2 + beta / r**3')
    - L6: law verified invariant under P:(x->-x,v->-v,s->-s) ('G * s1 * s2 / r**2 + beta / r**3')
    - L1: inverse-square term + Newton accel-fit converges ('G*s1*s2*m2/r**2 + beta*(s1+s2)*m2/r')
    - L2 DENIED: second radial term exponent not ~-3.5 ('G*s1*s2*m2/r**2 + beta*(s1+s2)*m2/r')
    - L3: hidden product does real work, hidden-basis RSS reduction 0.212 (+rationale tiebreaker) ('G*s1*s2*m2/r**2 + beta*(s1+s2)*m2/r')
    - L6 DENIED: claimed symmetry not verified by sympy ('G*s1*s2*m2/r**2 + beta*(s1+s2)*m2/r')
    - L1: inverse-square term + Newton accel-fit converges ('k * (s0 - s1*s2) / r**2')
    - L3: hidden product does real work, hidden-basis RSS reduction 0.212 (+rationale tiebreaker) ('k * (s0 - s1*s2) / r**2')
    - L6: law verified invariant under P:(x->-x,v->-v,s->-s) ('k * (s0 - s1*s2) / r**2')
    - L1: inverse-square term + Newton accel-fit converges ('k * (s1 + s2) / r**2')
    - L6 DENIED: claimed symmetry not verified by sympy ('k * (s1 + s2) / r**2')
    - L1: inverse-square term + Newton accel-fit converges ('k * s1 * s2 * m2 / r**2')
    - L3: hidden product does real work, hidden-basis RSS reduction 0.212 (+rationale tiebreaker) ('k * s1 * s2 * m2 / r**2')
    - L6: law verified invariant under P:(x->-x,v->-v,s->-s) ('k * s1 * s2 * m2 / r**2')
    - L1: inverse-square term + Newton accel-fit converges ('k * s1 * s2 / r**2')
    - L3: hidden product does real work, hidden-basis RSS reduction 0.212 (+rationale tiebreaker) ('k * s1 * s2 / r**2')
    - L6: law verified invariant under P:(x->-x,v->-v,s->-s) ('k * s1 * s2 / r**2')
    - L1: inverse-square term + Newton accel-fit converges ('k*s1*s2 / (m1*r**2)')
    - L3: hidden product does real work, hidden-basis RSS reduction 0.212 (+rationale tiebreaker) ('k*s1*s2 / (m1*r**2)')
    - L6: law verified invariant under P:(x->-x,v->-v,s->-s) ('k*s1*s2 / (m1*r**2)')
    - L1: inverse-square term + Newton accel-fit converges ('k*s1*s2/r - G/r**2')
    - L2 DENIED: second radial term exponent not ~-3.5 ('k*s1*s2/r - G/r**2')
    - L3: hidden product does real work, hidden-basis RSS reduction 0.212 ('k*s1*s2/r - G/r**2')
    - L6: law verified invariant under P:(x->-x,v->-v,s->-s) ('k*s1*s2/r - G/r**2')
    - L1: inverse-square term + Newton accel-fit converges ('k*s1*s2/r**2 - gamma*((x1-x2)*(vx1-vx2) + (y1-y2)*(vy1-vy2))/r')
    - L2 DENIED: second radial term exponent not ~-3.5 ('k*s1*s2/r**2 - gamma*((x1-x2)*(vx1-vx2) + (y1-y2)*(vy1-vy2))/r')
    - L3: hidden product does real work, hidden-basis RSS reduction 0.212 (+rationale tiebreaker) ('k*s1*s2/r**2 - gamma*((x1-x2)*(vx1-vx2) + (y1-y2)*(vy1-vy2))/r')
    - L6: law verified invariant under P:(x->-x,v->-v,s->-s) ('k*s1*s2/r**2 - gamma*((x1-x2)*(vx1-vx2) + (y1-y2)*(vy1-vy2))/r')
    - L1: inverse-square term + Newton accel-fit converges ('s1*s2*(alpha/r**2 - beta/r**3)')
    - L2 DENIED: second radial term exponent not ~-3.5 ('s1*s2*(alpha/r**2 - beta/r**3)')
    - L3: hidden product does real work, hidden-basis RSS reduction 0.212 (+rationale tiebreaker) ('s1*s2*(alpha/r**2 - beta/r**3)')
    - L6: law verified invariant under P:(x->-x,v->-v,s->-s) ('s1*s2*(alpha/r**2 - beta/r**3)')
    - L1: inverse-square term + Newton accel-fit converges ('s1*s2*m2/r**2')
    - L3: hidden product does real work, hidden-basis RSS reduction 0.212 (+rationale tiebreaker) ('s1*s2*m2/r**2')
    - L6: law verified invariant under P:(x->-x,v->-v,s->-s) ('s1*s2*m2/r**2')
    - L1: inverse-square term + Newton accel-fit converges ('s1*s2/r**2')
    - L3: hidden product does real work, hidden-basis RSS reduction 0.212 (+rationale tiebreaker) ('s1*s2/r**2')
    - L6: law verified invariant under P:(x->-x,v->-v,s->-s) ('s1*s2/r**2')
  distinct symbolic_form count=17 (sample up to 30):
    (alpha + beta*s1*s2)/r**2 + gamma*(s1+s2)/r
    (k * s1 * s2 - G) / r**2
    (k*s1*s2 - G)/r**2
    -(s1*s2) / (m1 * r**2)
    A/r**2 - B*s1*s2/r**3
    G * s1 * s2 / r**2 + beta / r**3
    G*s1*s2*m2/r**2 + beta*(s1+s2)*m2/r
    k * (s0 - s1*s2) / r**2
    k * (s1 + s2) / r**2
    k * s1 * s2 * m2 / r**2
    k * s1 * s2 / r**2
    k*s1*s2 / (m1*r**2)
    k*s1*s2/r - G/r**2
    k*s1*s2/r**2 - gamma*((x1-x2)*(vx1-vx2) + (y1-y2)*(vy1-vy2))/r
    s1*s2*(alpha/r**2 - beta/r**3)
    s1*s2*m2/r**2
    s1*s2/r**2
========================================================================
