2026-06-03 19:21:15,913 [INFO] ascension.benchmarks.alien_depth: alien_depth: max_depth=6 per_layer=(True, False, True, False, False, True) held_out_rmse=0.21206819539332167 q_drift=None n_hyp=13 elapsed_ms=18450
========================================================================
ALIEN RUN 946ccdc3-a4ad-4cc3-b16f-0522966365c4
  run.status=completed  halt_reason=call_budget_exceeded
  PROVENANCE (P-15.2-6): benchmark_system='alien_universe'  included_in_distillation_v1=False
  SCORING MODE: FAMILY (L3/L4 vs held-out products {3,5})
  node types: {'dispute': 3, 'hypothesis': 13}
  hypothesis nodes=13  status_breakdown={'active': 9, 'contested': 4}
  SPEND: 40 llm_calls, $1.0295 total
    provider='google': 40 calls, $1.0295
------------------------------------------------------------------------
  DISCOVERY DEPTH (P-15.2-1/2/3): max_depth=6
    per_layer L1..L6 = (True, False, True, False, False, True)
    HONEST consecutive force-law depth (L1-L4, L-057) = 1   [L5=False L6=True reported separately, non-consecutive]
    held_out_rss_reduction=0.21206819539332167  q_drift=None
  scorer notes (40):
    - L3: hidden product does real work, hidden-basis RSS reduction 0.212 ('(G * s1*s2 / r**p) * cos(k * log(r))')
    - L6: law verified invariant under P:(x->-x,v->-v,s->-s) ('(G * s1*s2 / r**p) * cos(k * log(r))')
    - L2 DENIED: second radial term exponent not ~-3.5 ('(G/r**2.7) * (1 + alpha*s1*s2 * cos(k*r))')
    - L3: hidden product does real work, hidden-basis RSS reduction 0.212 (+rationale tiebreaker) ('(G/r**2.7) * (1 + alpha*s1*s2 * cos(k*r))')
    - L6: law verified invariant under P:(x->-x,v->-v,s->-s) ('(G/r**2.7) * (1 + alpha*s1*s2 * cos(k*r))')
    - L1: inverse-square term + Newton accel-fit converges ('(alpha - beta * s1 * s2 * ((x2-x1)*(vx1-vx2) + (y2-y1)*(vy1-vy2)) / r) / r**2')
    - L2 DENIED: second radial term exponent not ~-3.5 ('(alpha - beta * s1 * s2 * ((x2-x1)*(vx1-vx2) + (y2-y1)*(vy1-vy2)) / r) / r**2')
    - L3: hidden product does real work, hidden-basis RSS reduction 0.212 (+rationale tiebreaker) ('(alpha - beta * s1 * s2 * ((x2-x1)*(vx1-vx2) + (y2-y1)*(vy1-vy2)) / r) / r**2')
    - L6: law verified invariant under P:(x->-x,v->-v,s->-s) ('(alpha - beta * s1 * s2 * ((x2-x1)*(vx1-vx2) + (y2-y1)*(vy1-vy2)) / r) / r**2')
    - L2 DENIED: second radial term exponent not ~-3.5 ('(s1*s2)/r**2.5 - beta*(v1**2 + v2**2)/r')
    - L3: hidden product does real work, hidden-basis RSS reduction 0.212 ('(s1*s2)/r**2.5 - beta*(v1**2 + v2**2)/r')
    - L6: law verified invariant under P:(x->-x,v->-v,s->-s) ('(s1*s2)/r**2.5 - beta*(v1**2 + v2**2)/r')
    - L1: inverse-square term + Newton accel-fit converges ('-G*m1*m2/r**2 + alpha*s1*s2/r**3')
    - L2 DENIED: second radial term exponent not ~-3.5 ('-G*m1*m2/r**2 + alpha*s1*s2/r**3')
    - L3: hidden product does real work, hidden-basis RSS reduction 0.212 (+rationale tiebreaker) ('-G*m1*m2/r**2 + alpha*s1*s2/r**3')
    - L6: law verified invariant under P:(x->-x,v->-v,s->-s) ('-G*m1*m2/r**2 + alpha*s1*s2/r**3')
    - L1: inverse-square term + Newton accel-fit converges ('alpha*s1*s2/(m1*r**2) + beta/(m1*r**3)')
    - L2 DENIED: second radial term exponent not ~-3.5 ('alpha*s1*s2/(m1*r**2) + beta/(m1*r**3)')
    - L3: hidden product does real work, hidden-basis RSS reduction 0.212 (+rationale tiebreaker) ('alpha*s1*s2/(m1*r**2) + beta/(m1*r**3)')
    - L6: law verified invariant under P:(x->-x,v->-v,s->-s) ('alpha*s1*s2/(m1*r**2) + beta/(m1*r**3)')
    - L1: inverse-square term + Newton accel-fit converges ('k * s1 * s2 / r**2')
    - L3: hidden product does real work, hidden-basis RSS reduction 0.212 (+rationale tiebreaker) ('k * s1 * s2 / r**2')
    - L6: law verified invariant under P:(x->-x,v->-v,s->-s) ('k * s1 * s2 / r**2')
    - L1: inverse-square term + Newton accel-fit converges ('k*s1*s2/r**2.1 + beta*cos(gamma*r)/r**2')
    - L3: hidden product does real work, hidden-basis RSS reduction 0.212 (+rationale tiebreaker) ('k*s1*s2/r**2.1 + beta*cos(gamma*r)/r**2')
    - L6: law verified invariant under P:(x->-x,v->-v,s->-s) ('k*s1*s2/r**2.1 + beta*cos(gamma*r)/r**2')
    - L1: inverse-square term + Newton accel-fit converges ('kappa / r**2')
    - L3: hidden product does real work, hidden-basis RSS reduction 0.212 ('s1 * s2 * (kappa / r**alpha + beta * cos(gamma * r)) / m1')
    - L6: law verified invariant under P:(x->-x,v->-v,s->-s) ('s1 * s2 * (kappa / r**alpha + beta * cos(gamma * r)) / m1')
    - L1: inverse-square term + Newton accel-fit converges ('s1*s2 * (G/r**2.2 + A*cos(pi*r))')
    - L3: hidden product does real work, hidden-basis RSS reduction 0.667 ('s1*s2 * (G/r**2.2 + A*cos(pi*r))')
    - L4 DENIED: cos frequency 3.142 far from 0.7 ('s1*s2 * (G/r**2.2 + A*cos(pi*r))')
    - L6: law verified invariant under P:(x->-x,v->-v,s->-s) ('s1*s2 * (G/r**2.2 + A*cos(pi*r))')
    - L1: inverse-square term + Newton accel-fit converges ('s1*s2 * (alpha/r**2 + beta/r**3)')
    - L2 DENIED: second radial term exponent not ~-3.5 ('s1*s2 * (alpha/r**2 + beta/r**3)')
    - L3: hidden product does real work, hidden-basis RSS reduction 0.212 ('s1*s2 * (alpha/r**2 + beta/r**3)')
    - L6: law verified invariant under P:(x->-x,v->-v,s->-s) ('s1*s2 * (alpha/r**2 + beta/r**3)')
    - L2 DENIED: second radial term exponent not ~-3.5 ('s1*s2/r')
    - L3: hidden product does real work, hidden-basis RSS reduction 0.212 (+rationale tiebreaker) ('s1*s2/r')
    - L6: law verified invariant under P:(x->-x,v->-v,s->-s) ('s1*s2/r')
  distinct symbolic_form count=13 (sample up to 30):
    (G * s1*s2 / r**p) * cos(k * log(r))
    (G/r**2.7) * (1 + alpha*s1*s2 * cos(k*r))
    (alpha - beta * s1 * s2 * ((x2-x1)*(vx1-vx2) + (y2-y1)*(vy1-vy2)) / r) / r**2
    (s1*s2)/r**2.5 - beta*(v1**2 + v2**2)/r
    -G*m1*m2/r**2 + alpha*s1*s2/r**3
    alpha*s1*s2/(m1*r**2) + beta/(m1*r**3)
    k * s1 * s2 / r**2
    k*s1*s2/r**2.1 + beta*cos(gamma*r)/r**2
    kappa / r**2
    s1 * s2 * (kappa / r**alpha + beta * cos(gamma * r)) / m1
    s1*s2 * (G/r**2.2 + A*cos(pi*r))
    s1*s2 * (alpha/r**2 + beta/r**3)
    s1*s2/r
========================================================================
