2026-06-03 20:39:44,245 [INFO] ascension.benchmarks.alien_depth: alien_depth: max_depth=6 per_layer=(True, True, True, False, False, True) held_out_rmse=0.21206819539332167 q_drift=None n_hyp=16 elapsed_ms=21778
========================================================================
ALIEN RUN 5519db18-3f7c-486a-aa00-41e518684d8e
  run.status=completed  halt_reason=call_budget_exceeded
  PROVENANCE (P-15.2-6): benchmark_system='alien_universe'  included_in_distillation_v1=False
  SCORING MODE: FAMILY (L3/L4 vs held-out products {3,5})
  node types: {'dispute': 4, 'hypothesis': 16}
  hypothesis nodes=16  status_breakdown={'contested': 5, 'active': 11}
  SPEND: 40 llm_calls, $1.4498 total
    provider='google': 40 calls, $1.4498
------------------------------------------------------------------------
  DISCOVERY DEPTH (P-15.2-1/2/3): max_depth=6
    per_layer L1..L6 = (True, True, True, False, False, True)
    HONEST consecutive force-law depth (L1-L4, L-057) = 3   [L5=False L6=True reported separately, non-consecutive]
    held_out_rss_reduction=0.21206819539332167  q_drift=None
  scorer notes (53):
    - L1: inverse-square term + Newton accel-fit converges ('(k * s1 * s2 / r**2) * (1 + alpha * cos(beta * log(r)))')
    - L3: hidden product does real work, hidden-basis RSS reduction 0.212 ('(k * s1 * s2 / r**2) * (1 + alpha * cos(beta * log(r)))')
    - L6: law verified invariant under P:(x->-x,v->-v,s->-s) ('(k * s1 * s2 / r**2) * (1 + alpha * cos(beta * log(r)))')
    - L1: inverse-square term + Newton accel-fit converges ('(k*s1*s2/r**2 - H/r**3) / m2')
    - L2 DENIED: second radial term exponent not ~-3.5 ('(k*s1*s2/r**2 - H/r**3) / m2')
    - L3: hidden product does real work, hidden-basis RSS reduction 0.212 (+rationale tiebreaker) ('(k*s1*s2/r**2 - H/r**3) / m2')
    - L6: law verified invariant under P:(x->-x,v->-v,s->-s) ('(k*s1*s2/r**2 - H/r**3) / m2')
    - L1: inverse-square term + Newton accel-fit converges ('G * m2 * s1 * s2 / r**2')
    - L3: hidden product does real work, hidden-basis RSS reduction 0.212 (+rationale tiebreaker) ('G * m2 * s1 * s2 / r**2')
    - L6: law verified invariant under P:(x->-x,v->-v,s->-s) ('G * m2 * s1 * s2 / r**2')
    - L1: inverse-square term + Newton accel-fit converges ('alpha*s1*s2/r**2 - G*m2/r**2')
    - L3: hidden product does real work, hidden-basis RSS reduction 0.212 (+rationale tiebreaker) ('alpha*s1*s2/r**2 - G*m2/r**2')
    - L6: law verified invariant under P:(x->-x,v->-v,s->-s) ('alpha*s1*s2/r**2 - G*m2/r**2')
    - L1: inverse-square term + Newton accel-fit converges ('alpha/r**2 + beta')
    - L2 DENIED: second radial term exponent not ~-3.5 ('alpha/r**2 + beta')
    - L3: hidden product does real work, hidden-basis RSS reduction 0.212 (+rationale tiebreaker) ('k*s1*s2 / (r**2 + b**2)')
    - L6: law verified invariant under P:(x->-x,v->-v,s->-s) ('k*s1*s2 / (r**2 + b**2)')
    - L1: inverse-square term + Newton accel-fit converges ('k*s1*s2*m2/r**2')
    - L3: hidden product does real work, hidden-basis RSS reduction 0.212 (+rationale tiebreaker) ('k*s1*s2*m2/r**2')
    - L6: law verified invariant under P:(x->-x,v->-v,s->-s) ('k*s1*s2*m2/r**2')
    - L2 DENIED: second radial term exponent not ~-3.5 ('k*s1*s2/r')
    - L3: hidden product does real work, hidden-basis RSS reduction 0.212 ('k*s1*s2/r')
    - L6: law verified invariant under P:(x->-x,v->-v,s->-s) ('k*s1*s2/r')
    - L1: inverse-square term + Newton accel-fit converges ('k*s1*s2/r**2 + gamma*s1*s2/r**3 * ((x2-x1)*(vx2-vx1) + (y2-y1)*(vy2-vy1))/r')
    - L2 DENIED: second radial term exponent not ~-3.5 ('k*s1*s2/r**2 + gamma*s1*s2/r**3 * ((x2-x1)*(vx2-vx1) + (y2-y1)*(vy2-vy1))/r')
    - L3: hidden product does real work, hidden-basis RSS reduction 0.212 ('k*s1*s2/r**2 + gamma*s1*s2/r**3 * ((x2-x1)*(vx2-vx1) + (y2-y1)*(vy2-vy1))/r')
    - L6: law verified invariant under P:(x->-x,v->-v,s->-s) ('k*s1*s2/r**2 + gamma*s1*s2/r**3 * ((x2-x1)*(vx2-vx1) + (y2-y1)*(vy2-vy1))/r')
    - L1: inverse-square term + Newton accel-fit converges ('k1*s1*s2/r**2 + k2*s1*s2*cos(omega*r)/r**3')
    - L2 DENIED: second radial term exponent not ~-3.5 ('k1*s1*s2/r**2 + k2*s1*s2*cos(omega*r)/r**3')
    - L3: hidden product does real work, hidden-basis RSS reduction 0.212 ('k1*s1*s2/r**2 + k2*s1*s2*cos(omega*r)/r**3')
    - L6: law verified invariant under P:(x->-x,v->-v,s->-s) ('k1*s1*s2/r**2 + k2*s1*s2*cos(omega*r)/r**3')
    - L1: inverse-square term + Newton accel-fit converges ('s1 * s2 * (alpha / r**2 + beta / r**3.4)')
    - L2: second radial term ~r**-3.5 + correction-basis RSS reduction 0.169 >= 0.05 ('s1 * s2 * (alpha / r**2 + beta / r**3.4)')
    - L3: hidden product does real work, hidden-basis RSS reduction 0.212 (+rationale tiebreaker) ('s1 * s2 * (alpha / r**2 + beta / r**3.4)')
    - L6: law verified invariant under P:(x->-x,v->-v,s->-s) ('s1 * s2 * (alpha / r**2 + beta / r**3.4)')
    - L1: inverse-square term + Newton accel-fit converges ('s1*s2 * (alpha/r**2 + beta/r**3.4)')
    - L2: second radial term ~r**-3.5 + correction-basis RSS reduction 0.169 >= 0.05 ('s1*s2 * (alpha/r**2 + beta/r**3.4)')
    - L3: hidden product does real work, hidden-basis RSS reduction 0.212 ('s1*s2 * (alpha/r**2 + beta/r**3.4)')
    - L6: law verified invariant under P:(x->-x,v->-v,s->-s) ('s1*s2 * (alpha/r**2 + beta/r**3.4)')
    - L1: inverse-square term + Newton accel-fit converges ('s1*s2 * (k/r**2 + beta*cos(omega*r)/r**gamma)')
    - L3: hidden product does real work, hidden-basis RSS reduction 0.212 (+rationale tiebreaker) ('s1*s2 * (k/r**2 + beta*cos(omega*r)/r**gamma)')
    - L6: law verified invariant under P:(x->-x,v->-v,s->-s) ('s1*s2 * (k/r**2 + beta*cos(omega*r)/r**gamma)')
    - L1: inverse-square term + Newton accel-fit converges ('s1*s2 * (k1/r**2 + k2/r**3.4)')
    - L2: second radial term ~r**-3.5 + correction-basis RSS reduction 0.169 >= 0.05 ('s1*s2 * (k1/r**2 + k2/r**3.4)')
    - L3: hidden product does real work, hidden-basis RSS reduction 0.212 (+rationale tiebreaker) ('s1*s2 * (k1/r**2 + k2/r**3.4)')
    - L6: law verified invariant under P:(x->-x,v->-v,s->-s) ('s1*s2 * (k1/r**2 + k2/r**3.4)')
    - L1: inverse-square term + Newton accel-fit converges ('s1*s2*(k1/r**2 + k2/r**3.4)')
    - L2: second radial term ~r**-3.5 + correction-basis RSS reduction 0.169 >= 0.05 ('s1*s2*(k1/r**2 + k2/r**3.4)')
    - L3: hidden product does real work, hidden-basis RSS reduction 0.212 (+rationale tiebreaker) ('s1*s2*(k1/r**2 + k2/r**3.4)')
    - L6: law verified invariant under P:(x->-x,v->-v,s->-s) ('s1*s2*(k1/r**2 + k2/r**3.4)')
    - L1: inverse-square term + Newton accel-fit converges ('s1*s2*(k1/r**2 + k2/r**p)')
    - L3: hidden product does real work, hidden-basis RSS reduction 0.212 (+rationale tiebreaker) ('s1*s2*(k1/r**2 + k2/r**p)')
    - L6: law verified invariant under P:(x->-x,v->-v,s->-s) ('s1*s2*(k1/r**2 + k2/r**p)')
  distinct symbolic_form count=16 (sample up to 30):
    (k * s1 * s2 / r**2) * (1 + alpha * cos(beta * log(r)))
    (k*s1*s2/r**2 - H/r**3) / m2
    G * m2 * s1 * s2 / r**2
    alpha*s1*s2/r**2 - G*m2/r**2
    alpha/r**2 + beta
    k*s1*s2 / (r**2 + b**2)
    k*s1*s2*m2/r**2
    k*s1*s2/r
    k*s1*s2/r**2 + gamma*s1*s2/r**3 * ((x2-x1)*(vx2-vx1) + (y2-y1)*(vy2-vy1))/r
    k1*s1*s2/r**2 + k2*s1*s2*cos(omega*r)/r**3
    s1 * s2 * (alpha / r**2 + beta / r**3.4)
    s1*s2 * (alpha/r**2 + beta/r**3.4)
    s1*s2 * (k/r**2 + beta*cos(omega*r)/r**gamma)
    s1*s2 * (k1/r**2 + k2/r**3.4)
    s1*s2*(k1/r**2 + k2/r**3.4)
    s1*s2*(k1/r**2 + k2/r**p)
========================================================================
