2026-05-30 21:23:37,416 [INFO] ascension.benchmarks.alien_depth: alien_depth: max_depth=2 per_layer=(True, True, False, False, False, False) held_out_rmse=0.16949941384776535 q_drift=None n_hyp=83 elapsed_ms=9386
========================================================================
ALIEN RUN 75eaf77e-12de-4844-886a-a8114412a00a
  run.status=completed  halt_reason=duration_exceeded
  PROVENANCE (P-15.2-6): benchmark_system='alien_universe'  included_in_distillation_v1=False
  SCORING MODE: single-config
  node types: {'dispute': 4, 'hypothesis': 83}
  hypothesis nodes=83  status_breakdown={'active': 75, 'contested': 8}
  SPEND: 240 llm_calls, $1.8553 total
    provider='google': 169 calls, $1.8553
    provider='nvidia': 71 calls, $0.0000
------------------------------------------------------------------------
  DISCOVERY DEPTH (P-15.2-1/2/3): max_depth=2
    per_layer L1..L6 = (True, True, False, False, False, False)
    HONEST consecutive force-law depth (L1-L4, L-057) = 2   [L5=False L6=False reported separately, non-consecutive]
    held_out_rss_reduction=0.16949941384776535  q_drift=None
  scorer notes (97):
    - L2 DENIED: second radial term exponent not ~-3.5 ('(G*m2/r**3 + k/m1) * (x2-x1)')
    - L1: inverse-square term + Newton accel-fit converges ('-(G * m2 / r**2 + H * m2 / r**4)')
    - L2 DENIED: second radial term exponent not ~-3.5 ('-(G * m2 / r**2 + H * m2 / r**4)')
    - L1: inverse-square term + Newton accel-fit converges ('-G*m1*m2/(r**2)')
    - L1: inverse-square term + Newton accel-fit converges ('-G*m1*m2/(r**2)')
    - L1: inverse-square term + Newton accel-fit converges ('-G*m1*m2/(r**2)')
    - L1: inverse-square term + Newton accel-fit converges ('-G*m1*m2/(r**2)')
    - L1: inverse-square term + Newton accel-fit converges ('-G*m1*m2/(r**2)')
    - L1: inverse-square term + Newton accel-fit converges ('-G*m1*m2/(r**2)')
    - L1: inverse-square term + Newton accel-fit converges ('-G*m1*m2/(r**2)')
    - L1: inverse-square term + Newton accel-fit converges ('-G*m1*m2/(r**2)')
    - L1: inverse-square term + Newton accel-fit converges ('-G*m1*m2/(r**2)')
    - L1: inverse-square term + Newton accel-fit converges ('-G*m1*m2/(r**2)')
    - L2 DENIED: second radial term exponent not ~-3.5 ('-G*m1*m2/r**2 * (x2-x1)/r -G*m1*m2/r**2 * (y2-y1)/r')
    - L2 DENIED: second radial term exponent not ~-3.5 ('-G*m1*m2/r**2 * (x2-x1)/r -G*m1*m2/r**2 * (y2-y1)/r')
    - L2 DENIED: second radial term exponent not ~-3.5 ('-G*m1*m2/r**2 * (x2-x1)/r -G*m1*m2/r**2 * (y2-y1)/r')
    - L2 DENIED: second radial term exponent not ~-3.5 ('-G*m1*m2/r**2 * (x2-x1)/r -G*m1*m2/r**2 * (y2-y1)/r')
    - L2 DENIED: second radial term exponent not ~-3.5 ('-G*m1*m2/r**2 * (x2-x1)/r -G*m1*m2/r**2 * (y2-y1)/r')
    - L2 DENIED: second radial term exponent not ~-3.5 ('-G*m1*m2/r**2 * (x2-x1)/r -G*m1*m2/r**2 * (y2-y1)/r')
    - L2 DENIED: second radial term exponent not ~-3.5 ('-G*m1*m2/r**2 * (x2-x1)/r -G*m1*m2/r**2 * (y2-y1)/r')
    - L2 DENIED: second radial term exponent not ~-3.5 ('-G*m1*m2/r**2 * (x2-x1)/r -G*m1*m2/r**2 * (y2-y1)/r')
    - L2 DENIED: second radial term exponent not ~-3.5 ('-G*m1*m2/r**2 * (x2-x1)/r -G*m1*m2/r**2 * (y2-y1)/r')
    - L2 DENIED: second radial term exponent not ~-3.5 ('-G*m1*m2/r**2 * (x2-x1)/r -G*m1*m2/r**2 * (y2-y1)/r')
    - L2 DENIED: second radial term exponent not ~-3.5 ('-G*m1*m2/r**2 * (x2-x1)/r -G*m1*m2/r**2 * (y2-y1)/r')
    - L2 DENIED: second radial term exponent not ~-3.5 ('-G*m1*m2/r**2 * (x2-x1)/r -G*m1*m2/r**2 * (y2-y1)/r')
    - L2 DENIED: second radial term exponent not ~-3.5 ('-G*m1*m2/r**2 * (x2-x1)/r -G*m1*m2/r**2 * (y2-y1)/r')
    - L2 DENIED: second radial term exponent not ~-3.5 ('-G*m1*m2/r**2 * (x2-x1)/r -G*m1*m2/r**2 * (y2-y1)/r')
    - L2 DENIED: second radial term exponent not ~-3.5 ('-G*m1*m2/r**2 * (x2-x1)/r -G*m1*m2/r**2 * (y2-y1)/r')
    - L1: inverse-square term + Newton accel-fit converges ('-G*m2/(r**2)')
    - L1: inverse-square term + Newton accel-fit converges ('-G*m2/(r**2)')
    - L1: inverse-square term + Newton accel-fit converges ('-G*m2/(r**2)')
    - L2 DENIED: second radial term exponent not ~-3.5 ('-G*m2/(r**2)*((x2 - x1)/r) - G*m1/(r**2)*((x1 - x2)/r)')
    - L2 DENIED: second radial term exponent not ~-3.5 ('-G*m2/(r**2)*((x2 - x1)/r) - G*m1/(r**2)*((x1 - x2)/r)')
    - L2 DENIED: second radial term exponent not ~-3.5 ('-G*m2/(r**2)*(x2-x1)/r -G*m1/(r**2)*(x1-x2)/r')
    - L2 DENIED: second radial term exponent not ~-3.5 ('-G*m2/(r**2)*(x2-x1)/r -G*m1/(r**2)*(x1-x2)/r')
    - L2 DENIED: second radial term exponent not ~-3.5 ('-G*m2/(r**2)*(x2-x1)/r -G*m1/(r**2)*(x1-x2)/r')
    - L2 DENIED: second radial term exponent not ~-3.5 ('-G*m2/r**2*(x2-x1)/r -G*m1/r**2*(x1-x2)/r')
    - L2 DENIED: second radial term exponent not ~-3.5 ('-G*m2/r**2*(x2-x1)/r -G*m1/r**2*(x1-x2)/r')
    - L2 DENIED: second radial term exponent not ~-3.5 ('-G*m2/r**2*(x2-x1)/r -G*m1/r**2*(x1-x2)/r')
    - L1: inverse-square term + Newton accel-fit converges ('-G/r**2')
    - L1: inverse-square term + Newton accel-fit converges ('-alpha/r**2 + gamma/r**3.4')
    - L2: second radial term ~r**-3.5 + alpha-basis RSS reduction 0.169 >= 0.05 ('-alpha/r**2 + gamma/r**3.4')
    - L1: inverse-square term + Newton accel-fit converges ('-alpha/r**2 - gamma*r')
    - L2 DENIED: second radial term exponent not ~-3.5 ('-alpha/r**2 - gamma*r')
    - L1: inverse-square term + Newton accel-fit converges ('-k * r - G / r**2')
    - L2 DENIED: second radial term exponent not ~-3.5 ('-k * r - G / r**2')
    - L2 DENIED: second radial term exponent not ~-3.5 ('-k*r')
    - L1: inverse-square term + Newton accel-fit converges ('-k*r - G/r**2')
    - L2 DENIED: second radial term exponent not ~-3.5 ('-k*r - G/r**2')
    - L2 DENIED: second radial term exponent not ~-3.5 ('G * m2 * (x2 - x1) / r**3')
    - L1: inverse-square term + Newton accel-fit converges ('G * m2 / r**2')
    - L1: inverse-square term + Newton accel-fit converges ('G * m2 / r**2')
    - L1: inverse-square term + Newton accel-fit converges ('G * m2 / r**2')
    - L1: inverse-square term + Newton accel-fit converges ('G * m2 / r**2')
    - L1: inverse-square term + Newton accel-fit converges ('G * m2 / r**2')
    - L1: inverse-square term + Newton accel-fit converges ('G * m2 / r**2')
    - L1: inverse-square term + Newton accel-fit converges ('G*m1*m2/r**2')
    - L1: inverse-square term + Newton accel-fit converges ('G*m1*m2/r**2')
    - L1: inverse-square term + Newton accel-fit converges ('G*m1*m2/r**2')
    - L1: inverse-square term + Newton accel-fit converges ('G*m1*m2/r**2')
  distinct symbolic_form count=30 (sample up to 30):
    (G*m2/r**3 + k/m1) * (x2-x1)
    -(G * m2 / r**2 + H * m2 / r**4)
    -G*m1*m2/(r**2)
    -G*m1*m2/r**2 * (x2-x1)/r -G*m1*m2/r**2 * (y2-y1)/r
    -G*m2/(r**2)
    -G*m2/(r**2)*((x2 - x1)/r) - G*m1/(r**2)*((x1 - x2)/r)
    -G*m2/(r**2)*(x2-x1)/r -G*m1/(r**2)*(x1-x2)/r
    -G*m2/r**2*(x2-x1)/r -G*m1/r**2*(x1-x2)/r
    -G/r**2
    -alpha/r**2 + gamma/r**3.4
    -alpha/r**2 - gamma*r
    -k * r - G / r**2
    -k*r
    -k*r - G/r**2
    G * m2 * (x2 - x1) / r**3
    G * m2 / r**2
    G*m1*m2/r**2
    G*m2/r**2
    G*m2/r**2 + alpha/r**3
    G*r + alpha/r**2 + beta*(vx1**2 + vy1**2)
    G*r + alpha/r**3 + beta*(vx1**2 + vy1**2)
    G*r**2 - alpha/r**3 + beta*vx1*vy2/r**2
    alpha/r**13 - beta/r**7
    alpha/r**2 + beta*r
    alpha/r**2 - beta*r
    alpha/r**3 - beta/r**2
    k*r
    k*r**2 - G*m1*m2/r**3 + alpha*sin(r) + beta*vx1*vy2/r**2
    k1/r**3.4 - k2/r**2
    kappa * r
========================================================================
