2026-05-30 20:22:21,214 [INFO] ascension.benchmarks.alien_depth: alien_depth: max_depth=6 per_layer=(True, True, True, True, False, True) held_out_rmse=0.21206819539332167 q_drift=None n_hyp=39 elapsed_ms=31720
========================================================================
ALIEN RUN 322bb9d5-85c0-4306-9b23-1813ba980f29
  run.status=completed  halt_reason=duration_exceeded
  PROVENANCE (P-15.2-6): benchmark_system='alien_universe'  included_in_distillation_v1=False
  SCORING MODE: FAMILY (L3/L4 vs held-out products {3,5})
  node types: {'dispute': 3, 'hypothesis': 39}
  hypothesis nodes=39  status_breakdown={'active': 34, 'contested': 5}
  SPEND: 125 llm_calls, $1.7759 total
    provider='google': 93 calls, $1.7759
    provider='nvidia': 32 calls, $0.0000
------------------------------------------------------------------------
  DISCOVERY DEPTH (P-15.2-1/2/3): max_depth=6
    per_layer L1..L6 = (True, True, True, True, False, True)
    HONEST consecutive force-law depth (L1-L4, L-057) = 4   [L5=False L6=True reported separately, non-consecutive]
    held_out_rss_reduction=0.21206819539332167  q_drift=None
  scorer notes (120):
    - L1: inverse-square term + Newton accel-fit converges ('(-G*m2/r**2 - kappa*s1*s2/(m1*r**3.4))')
    - L2: second radial term ~r**-3.5 + alpha-basis RSS reduction 0.169 >= 0.05 ('(-G*m2/r**2 - kappa*s1*s2/(m1*r**3.4))')
    - L3: hidden product does real work, hidden-basis RSS reduction 0.212 (+rationale tiebreaker) ('(-G*m2/r**2 - kappa*s1*s2/(m1*r**3.4))')
    - L6: law verified invariant under P:(x->-x,v->-v,s->-s) ('(-G*m2/r**2 - kappa*s1*s2/(m1*r**3.4))')
    - L1: inverse-square term + Newton accel-fit converges ('(G * s1 * s2 / r**2) + (k / r**3.4)')
    - L2: second radial term ~r**-3.5 + alpha-basis RSS reduction 0.169 >= 0.05 ('(G * s1 * s2 / r**2) + (k / r**3.4)')
    - L3: hidden product does real work, hidden-basis RSS reduction 0.212 (+rationale tiebreaker) ('(G * s1 * s2 / r**2) + (k / r**3.4)')
    - L6: law verified invariant under P:(x->-x,v->-v,s->-s) ('(G * s1 * s2 / r**2) + (k / r**3.4)')
    - L1: inverse-square term + Newton accel-fit converges ('(alpha * s1 * s2 / r**2) + (beta * (s1 + s2)**2 / r**3)')
    - L2 DENIED: second radial term exponent not ~-3.5 ('(alpha * s1 * s2 / r**2) + (beta * (s1 + s2)**2 / r**3)')
    - L3: hidden product does real work, hidden-basis RSS reduction 0.212 (+rationale tiebreaker) ('(alpha * s1 * s2 / r**2) + (beta * (s1 + s2)**2 / r**3)')
    - L6: law verified invariant under P:(x->-x,v->-v,s->-s) ('(alpha * s1 * s2 / r**2) + (beta * (s1 + s2)**2 / r**3)')
    - L1: inverse-square term + Newton accel-fit converges ('(beta * s1 * s2 - alpha * m1 * m2) / (m1 * r**2)')
    - L3: hidden product does real work, hidden-basis RSS reduction 0.212 (+rationale tiebreaker) ('(beta * s1 * s2 - alpha * m1 * m2) / (m1 * r**2)')
    - L6: law verified invariant under P:(x->-x,v->-v,s->-s) ('(beta * s1 * s2 - alpha * m1 * m2) / (m1 * r**2)')
    - L1: inverse-square term + Newton accel-fit converges ('(k * s1 * s2 - G * m1 * m2) / r**2')
    - L3: hidden product does real work, hidden-basis RSS reduction 0.212 (+rationale tiebreaker) ('(k * s1 * s2 - G * m1 * m2) / r**2')
    - L6: law verified invariant under P:(x->-x,v->-v,s->-s) ('(k * s1 * s2 - G * m1 * m2) / r**2')
    - L1: inverse-square term + Newton accel-fit converges ('(s1*s2)*(G/r**2 + A/r**3.4 + B*cos(omega*r + phi))')
    - L2: second radial term ~r**-3.5 + alpha-basis RSS reduction 0.169 >= 0.05 ('(s1*s2)*(G/r**2 + A/r**3.4 + B*cos(omega*r + phi))')
    - L3: hidden product does real work, hidden-basis RSS reduction 0.212 (+rationale tiebreaker) ('(s1*s2)*(G/r**2 + A/r**3.4 + B*cos(omega*r + phi))')
    - L6: law verified invariant under P:(x->-x,v->-v,s->-s) ('(s1*s2)*(G/r**2 + A/r**3.4 + B*cos(omega*r + phi))')
    - L1: inverse-square term + Newton accel-fit converges ('-G*m1*m2/r**2 + C*s1*s2/r**3.4')
    - L2: second radial term ~r**-3.5 + alpha-basis RSS reduction 0.169 >= 0.05 ('-G*m1*m2/r**2 + C*s1*s2/r**3.4')
    - L3: hidden product does real work, hidden-basis RSS reduction 0.212 (+rationale tiebreaker) ('-G*m1*m2/r**2 + C*s1*s2/r**3.4')
    - L6: law verified invariant under P:(x->-x,v->-v,s->-s) ('-G*m1*m2/r**2 + C*s1*s2/r**3.4')
    - L1: inverse-square term + Newton accel-fit converges ('-G*m1*m2/r**2 + K*s1*s2/r**3.4')
    - L2: second radial term ~r**-3.5 + alpha-basis RSS reduction 0.169 >= 0.05 ('-G*m1*m2/r**2 + K*s1*s2/r**3.4')
    - L3: hidden product does real work, hidden-basis RSS reduction 0.212 (+rationale tiebreaker) ('-G*m1*m2/r**2 + K*s1*s2/r**3.4')
    - L6: law verified invariant under P:(x->-x,v->-v,s->-s) ('-G*m1*m2/r**2 + K*s1*s2/r**3.4')
    - L1: inverse-square term + Newton accel-fit converges ('-G*m1*m2/r**2 + alpha*(s1+s2)*cos(k*r)/r**3')
    - L2 DENIED: second radial term exponent not ~-3.5 ('-G*m1*m2/r**2 + alpha*(s1+s2)*cos(k*r)/r**3')
    - L6 DENIED: claimed symmetry not verified by sympy ('-G*m1*m2/r**2 + alpha*(s1+s2)*cos(k*r)/r**3')
    - L1: inverse-square term + Newton accel-fit converges ('-G*m1*m2/r**2 + k*s1*s2/r**3.4')
    - L2: second radial term ~r**-3.5 + alpha-basis RSS reduction 0.169 >= 0.05 ('-G*m1*m2/r**2 + k*s1*s2/r**3.4')
    - L3: hidden product does real work, hidden-basis RSS reduction 0.212 (+rationale tiebreaker) ('-G*m1*m2/r**2 + k*s1*s2/r**3.4')
    - L6: law verified invariant under P:(x->-x,v->-v,s->-s) ('-G*m1*m2/r**2 + k*s1*s2/r**3.4')
    - L1: inverse-square term + Newton accel-fit converges ('-G*m2/r**2 + alpha*s1*s2/(m1*r**3)')
    - L2 DENIED: second radial term exponent not ~-3.5 ('-G*m2/r**2 + alpha*s1*s2/(m1*r**3)')
    - L3: hidden product does real work, hidden-basis RSS reduction 0.212 ('-G*m2/r**2 + alpha*s1*s2/(m1*r**3)')
    - L6: law verified invariant under P:(x->-x,v->-v,s->-s) ('-G*m2/r**2 + alpha*s1*s2/(m1*r**3)')
    - L1: inverse-square term + Newton accel-fit converges ('-gamma / r**2 + kappa * s1 * s2 * cos(delta * r) / r**3')
    - L2 DENIED: second radial term exponent not ~-3.5 ('-gamma / r**2 + kappa * s1 * s2 * cos(delta * r) / r**3')
    - L3: hidden product does real work, hidden-basis RSS reduction 0.212 ('-gamma / r**2 + kappa * s1 * s2 * cos(delta * r) / r**3')
    - L6: law verified invariant under P:(x->-x,v->-v,s->-s) ('-gamma / r**2 + kappa * s1 * s2 * cos(delta * r) / r**3')
    - L1: inverse-square term + Newton accel-fit converges ('-k/r**2 + alpha*(s1*s2)/r**p + beta*(s1*s2)*cos(omega*r)/r**2')
    - L3: hidden product does real work, hidden-basis RSS reduction 0.212 (+rationale tiebreaker) ('-k/r**2 + alpha*(s1*s2)/r**p + beta*(s1*s2)*cos(omega*r)/r**2')
    - L6: law verified invariant under P:(x->-x,v->-v,s->-s) ('-k/r**2 + alpha*(s1*s2)/r**p + beta*(s1*s2)*cos(omega*r)/r**2')
    - L1: inverse-square term + Newton accel-fit converges ('G * s1 * s2 * (1/r**2 + alpha/r**3.4)')
    - L2: second radial term ~r**-3.5 + alpha-basis RSS reduction 0.169 >= 0.05 ('G * s1 * s2 * (1/r**2 + alpha/r**3.4)')
    - L3: hidden product does real work, hidden-basis RSS reduction 0.212 (+rationale tiebreaker) ('G * s1 * s2 * (1/r**2 + alpha/r**3.4)')
    - L6: law verified invariant under P:(x->-x,v->-v,s->-s) ('G * s1 * s2 * (1/r**2 + alpha/r**3.4)')
    - L1: inverse-square term + Newton accel-fit converges ('G * s1 * s2 / r**2 + alpha * s1 * s2 / r**4')
    - L2 DENIED: second radial term exponent not ~-3.5 ('G * s1 * s2 / r**2 + alpha * s1 * s2 / r**4')
    - L3: hidden product does real work, hidden-basis RSS reduction 0.212 (+rationale tiebreaker) ('G * s1 * s2 / r**2 + alpha * s1 * s2 / r**4')
    - L6: law verified invariant under P:(x->-x,v->-v,s->-s) ('G * s1 * s2 / r**2 + alpha * s1 * s2 / r**4')
    - L2 DENIED: second radial term exponent not ~-3.5 ('G*m1*m2/(r**2) * (x2 - x1)/r + G*m1*m2/(r**2) * (y2 - y1)/r * s1*s2')
    - L3: hidden product does real work, hidden-basis RSS reduction 0.212 (+rationale tiebreaker) ('G*m1*m2/(r**2) * (x2 - x1)/r + G*m1*m2/(r**2) * (y2 - y1)/r * s1*s2')
    - L6: law verified invariant under P:(x->-x,v->-v,s->-s) ('G*m1*m2/(r**2) * (x2 - x1)/r + G*m1*m2/(r**2) * (y2 - y1)/r * s1*s2')
    - L2 DENIED: second radial term exponent not ~-3.5 ('G*m1*m2/(r**2) * (x2 - x1)/r + s1*(vx2 - vx1)/r + s2*(vy2 - vy1)/r')
  distinct symbolic_form count=37 (sample up to 30):
    (-G*m2/r**2 - kappa*s1*s2/(m1*r**3.4))
    (G * s1 * s2 / r**2) + (k / r**3.4)
    (alpha * s1 * s2 / r**2) + (beta * (s1 + s2)**2 / r**3)
    (beta * s1 * s2 - alpha * m1 * m2) / (m1 * r**2)
    (k * s1 * s2 - G * m1 * m2) / r**2
    (s1*s2)*(G/r**2 + A/r**3.4 + B*cos(omega*r + phi))
    -G*m1*m2/r**2 + C*s1*s2/r**3.4
    -G*m1*m2/r**2 + K*s1*s2/r**3.4
    -G*m1*m2/r**2 + alpha*(s1+s2)*cos(k*r)/r**3
    -G*m1*m2/r**2 + k*s1*s2/r**3.4
    -G*m2/r**2 + alpha*s1*s2/(m1*r**3)
    -gamma / r**2 + kappa * s1 * s2 * cos(delta * r) / r**3
    -k/r**2 + alpha*(s1*s2)/r**p + beta*(s1*s2)*cos(omega*r)/r**2
    G * s1 * s2 * (1/r**2 + alpha/r**3.4)
    G * s1 * s2 / r**2 + alpha * s1 * s2 / r**4
    G*m1*m2/(r**2) * (x2 - x1)/r + G*m1*m2/(r**2) * (y2 - y1)/r * s1*s2
    G*m1*m2/(r**2) * (x2 - x1)/r + s1*(vx2 - vx1)/r + s2*(vy2 - vy1)/r
    G*m1*m2/r**2 + alpha/r**3.4 + beta*sin(k*r)
    G*m1*m2/r**2 + alpha/r**3.4 + beta*sin(kappa*r)
    G*m1*m2/r**2 + kappa*s1*s2/(r**3.4) + alpha*sin(2*pi*r/L)
    G*m1*m2/r**2 + kappa/r**3.4 + alpha*sin(beta*r)
    G*m1*m2/r**2 + kappa/r**3.4 - alpha*s1*s2/r**2*cos(omega*r)
    G*m1*m2/r**2.2 - alpha/r**2.5 * cos(kappa*r) + beta*s1*s2/r**2
    G*m2/(m1+m2)*r/(r**2 + alpha**2)
    G*m2/(m1+m2)*r/(r**2 + alpha**2) - G*m1/(m1+m2)*r/(r**2 + alpha**2)
    G*r - alpha/r**3.4 + beta*s1*s2/r**2
    G*r/(r**2 + alpha*(s1 - s2)**2)
    G*r/(r**2 + alpha*r**beta) + kappa*sin(gamma*log(r))
    G*r/(r**2 + alpha*r**beta) + kappa*sin(gamma*r)
    G*r/(r**2 + alpha*r**beta) + kappa*sin(gamma/r)
========================================================================
