2026-05-30 19:41:21,361 [INFO] ascension.benchmarks.alien_depth: alien_depth: max_depth=6 per_layer=(True, True, True, False, False, True) held_out_rmse=0.21206819539332167 q_drift=None n_hyp=50 elapsed_ms=35182
========================================================================
ALIEN RUN c7254ec2-d622-4047-b03f-661ac5ff2d01
  run.status=completed  halt_reason=duration_exceeded
  PROVENANCE (P-15.2-6): benchmark_system='alien_universe'  included_in_distillation_v1=False
  SCORING MODE: FAMILY (L3/L4 vs held-out products {3,5})
  node types: {'dispute': 4, 'hypothesis': 50}
  hypothesis nodes=50  status_breakdown={'active': 42, 'contested': 8}
  SPEND: 160 llm_calls, $1.9266 total
    provider='google': 121 calls, $1.9266
    provider='nvidia': 39 calls, $0.0000
------------------------------------------------------------------------
  DISCOVERY DEPTH (P-15.2-1/2/3): max_depth=6
    per_layer L1..L6 = (True, True, True, False, False, True)
    HONEST consecutive force-law depth (L1-L4, L-057) = 3   [L5=False L6=True reported separately, non-consecutive]
    held_out_rss_reduction=0.21206819539332167  q_drift=None
  scorer notes (157):
    - L1: inverse-square term + Newton accel-fit converges ('(alpha * s1 * s2 / r**2 + beta * s1 * s2 / r**3) / m1')
    - L2 DENIED: second radial term exponent not ~-3.5 ('(alpha * s1 * s2 / r**2 + beta * s1 * s2 / r**3) / m1')
    - L3: hidden product does real work, hidden-basis RSS reduction 0.212 (+rationale tiebreaker) ('(alpha * s1 * s2 / r**2 + beta * s1 * s2 / r**3) / m1')
    - L6: law verified invariant under P:(x->-x,v->-v,s->-s) ('(alpha * s1 * s2 / r**2 + beta * s1 * s2 / r**3) / m1')
    - L1: inverse-square term + Newton accel-fit converges ('(alpha * s1 * s2 / r**2 + beta / r**3) * (1/m1 + 1/m2)')
    - L2 DENIED: second radial term exponent not ~-3.5 ('(alpha * s1 * s2 / r**2 + beta / r**3) * (1/m1 + 1/m2)')
    - L3: hidden product does real work, hidden-basis RSS reduction 0.212 (+rationale tiebreaker) ('(alpha * s1 * s2 / r**2 + beta / r**3) * (1/m1 + 1/m2)')
    - L6: law verified invariant under P:(x->-x,v->-v,s->-s) ('(alpha * s1 * s2 / r**2 + beta / r**3) * (1/m1 + 1/m2)')
    - L1: inverse-square term + Newton accel-fit converges ('(alpha * s1 * s2 / r**2 + beta / r**3.4) / m1')
    - L2: second radial term ~r**-3.5 + alpha-basis RSS reduction 0.169 >= 0.05 ('(alpha * s1 * s2 / r**2 + beta / r**3.4) / m1')
    - L3: hidden product does real work, hidden-basis RSS reduction 0.212 (+rationale tiebreaker) ('(alpha * s1 * s2 / r**2 + beta / r**3.4) / m1')
    - L6: law verified invariant under P:(x->-x,v->-v,s->-s) ('(alpha * s1 * s2 / r**2 + beta / r**3.4) / m1')
    - L1: inverse-square term + Newton accel-fit converges ('(alpha * s1 * s2 / r**2) + (beta / r**3)')
    - L2 DENIED: second radial term exponent not ~-3.5 ('(alpha * s1 * s2 / r**2) + (beta / r**3)')
    - L3: hidden product does real work, hidden-basis RSS reduction 0.212 (+rationale tiebreaker) ('(alpha * s1 * s2 / r**2) + (beta / r**3)')
    - L6: law verified invariant under P:(x->-x,v->-v,s->-s) ('(alpha * s1 * s2 / r**2) + (beta / r**3)')
    - L1: inverse-square term + Newton accel-fit converges ('(k * s1 * s2 - G * m1 * m2) / r**2')
    - L3: hidden product does real work, hidden-basis RSS reduction 0.212 (+rationale tiebreaker) ('(k * s1 * s2 - G * m1 * m2) / r**2')
    - L6: law verified invariant under P:(x->-x,v->-v,s->-s) ('(k * s1 * s2 - G * m1 * m2) / r**2')
    - L1: inverse-square term + Newton accel-fit converges ('(k*s1*s2 - G*m1*m2)*(m1+m2)/(m1*m2*r**2)')
    - L3: hidden product does real work, hidden-basis RSS reduction 0.212 (+rationale tiebreaker) ('(k*s1*s2 - G*m1*m2)*(m1+m2)/(m1*m2*r**2)')
    - L6: law verified invariant under P:(x->-x,v->-v,s->-s) ('(k*s1*s2 - G*m1*m2)*(m1+m2)/(m1*m2*r**2)')
    - L3: hidden product does real work, hidden-basis RSS reduction 0.212 ('(k1*s1*s2 + k2*cos(alpha*r)) / r**p')
    - L6: law verified invariant under P:(x->-x,v->-v,s->-s) ('(k1*s1*s2 + k2*cos(alpha*r)) / r**p')
    - L1: inverse-square term + Newton accel-fit converges ('(kappa * s1 * s2 / r**2) + (gamma * s1 * s2 / r**3)')
    - L2 DENIED: second radial term exponent not ~-3.5 ('(kappa * s1 * s2 / r**2) + (gamma * s1 * s2 / r**3)')
    - L3: hidden product does real work, hidden-basis RSS reduction 0.212 (+rationale tiebreaker) ('(kappa * s1 * s2 / r**2) + (gamma * s1 * s2 / r**3)')
    - L6: law verified invariant under P:(x->-x,v->-v,s->-s) ('(kappa * s1 * s2 / r**2) + (gamma * s1 * s2 / r**3)')
    - L1: inverse-square term + Newton accel-fit converges ('(s1*s2/m1) * (alpha/r**2 + beta/r**3.4)')
    - L2: second radial term ~r**-3.5 + alpha-basis RSS reduction 0.169 >= 0.05 ('(s1*s2/m1) * (alpha/r**2 + beta/r**3.4)')
    - L3: hidden product does real work, hidden-basis RSS reduction 0.212 (+rationale tiebreaker) ('(s1*s2/m1) * (alpha/r**2 + beta/r**3.4)')
    - L6: law verified invariant under P:(x->-x,v->-v,s->-s) ('(s1*s2/m1) * (alpha/r**2 + beta/r**3.4)')
    - L1: inverse-square term + Newton accel-fit converges ('(s1*s2/m1)*(-G/r**2 + alpha*log(r)/r**3)')
    - L2 DENIED: second radial term exponent not ~-3.5 ('(s1*s2/m1)*(-G/r**2 + alpha*log(r)/r**3)')
    - L3: hidden product does real work, hidden-basis RSS reduction 0.212 (+rationale tiebreaker) ('(s1*s2/m1)*(-G/r**2 + alpha*log(r)/r**3)')
    - L6: law verified invariant under P:(x->-x,v->-v,s->-s) ('(s1*s2/m1)*(-G/r**2 + alpha*log(r)/r**3)')
    - L1: inverse-square term + Newton accel-fit converges ('-G * m2 * s1 * s2 / r**2 + beta * m2 * cos(kappa * r) / r**3')
    - L2 DENIED: second radial term exponent not ~-3.5 ('-G * m2 * s1 * s2 / r**2 + beta * m2 * cos(kappa * r) / r**3')
    - L3: hidden product does real work, hidden-basis RSS reduction 0.212 (+rationale tiebreaker) ('-G * m2 * s1 * s2 / r**2 + beta * m2 * cos(kappa * r) / r**3')
    - L6: law verified invariant under P:(x->-x,v->-v,s->-s) ('-G * m2 * s1 * s2 / r**2 + beta * m2 * cos(kappa * r) / r**3')
    - L1: inverse-square term + Newton accel-fit converges ('G * s1 * s2 / r**2 + K * m1 * m2 / r**3')
    - L2 DENIED: second radial term exponent not ~-3.5 ('G * s1 * s2 / r**2 + K * m1 * m2 / r**3')
    - L3: hidden product does real work, hidden-basis RSS reduction 0.212 ('G * s1 * s2 / r**2 + K * m1 * m2 / r**3')
    - L6: law verified invariant under P:(x->-x,v->-v,s->-s) ('G * s1 * s2 / r**2 + K * m1 * m2 / r**3')
    - L2 DENIED: second radial term exponent not ~-3.5 ('G*m1*m2/(r**2) * (x2 - x1)/r + G*m1*m2/(r**2) * (y2 - y1)/r * s1*s2/(m1*m2)')
    - L3: hidden product does real work, hidden-basis RSS reduction 0.212 (+rationale tiebreaker) ('G*m1*m2/(r**2) * (x2 - x1)/r + G*m1*m2/(r**2) * (y2 - y1)/r * s1*s2/(m1*m2)')
    - L6: law verified invariant under P:(x->-x,v->-v,s->-s) ('G*m1*m2/(r**2) * (x2 - x1)/r + G*m1*m2/(r**2) * (y2 - y1)/r * s1*s2/(m1*m2)')
    - L2 DENIED: second radial term exponent not ~-3.5 ('G*m1*m2/(r**2) * (x2 - x1)/r + G*m1*m2/(r**2) * (y2 - y1)/r * s1*s2/(m1*m2)')
    - L3: hidden product does real work, hidden-basis RSS reduction 0.212 (+rationale tiebreaker) ('G*m1*m2/(r**2) * (x2 - x1)/r + G*m1*m2/(r**2) * (y2 - y1)/r * s1*s2/(m1*m2)')
    - L6: law verified invariant under P:(x->-x,v->-v,s->-s) ('G*m1*m2/(r**2) * (x2 - x1)/r + G*m1*m2/(r**2) * (y2 - y1)/r * s1*s2/(m1*m2)')
    - L2 DENIED: second radial term exponent not ~-3.5 ('G*m1*m2/(r**2) * (x2 - x1)/r + G*m1*m2/(r**2) * (y2 - y1)/r * s1*s2/(m1*m2)')
    - L3: hidden product does real work, hidden-basis RSS reduction 0.212 (+rationale tiebreaker) ('G*m1*m2/(r**2) * (x2 - x1)/r + G*m1*m2/(r**2) * (y2 - y1)/r * s1*s2/(m1*m2)')
    - L6: law verified invariant under P:(x->-x,v->-v,s->-s) ('G*m1*m2/(r**2) * (x2 - x1)/r + G*m1*m2/(r**2) * (y2 - y1)/r * s1*s2/(m1*m2)')
    - L2 DENIED: second radial term exponent not ~-3.5 ('G*m1*m2/(r**2) * (x2 - x1)/r + G*m1*m2/(r**2) * (y2 - y1)/r * s1*s2/(m1*m2)')
    - L3: hidden product does real work, hidden-basis RSS reduction 0.212 (+rationale tiebreaker) ('G*m1*m2/(r**2) * (x2 - x1)/r + G*m1*m2/(r**2) * (y2 - y1)/r * s1*s2/(m1*m2)')
    - L6: law verified invariant under P:(x->-x,v->-v,s->-s) ('G*m1*m2/(r**2) * (x2 - x1)/r + G*m1*m2/(r**2) * (y2 - y1)/r * s1*s2/(m1*m2)')
    - L2 DENIED: second radial term exponent not ~-3.5 ('G*m1*m2/(r**2) * (x2 - x1)/r + G*m1*m2/(r**2) * (y2 - y1)/r * s1*s2/(m1*m2)')
    - L3: hidden product does real work, hidden-basis RSS reduction 0.212 (+rationale tiebreaker) ('G*m1*m2/(r**2) * (x2 - x1)/r + G*m1*m2/(r**2) * (y2 - y1)/r * s1*s2/(m1*m2)')
    - L6: law verified invariant under P:(x->-x,v->-v,s->-s) ('G*m1*m2/(r**2) * (x2 - x1)/r + G*m1*m2/(r**2) * (y2 - y1)/r * s1*s2/(m1*m2)')
    - L1: inverse-square term + Newton accel-fit converges ('G*m1*m2/r**2 + alpha*(s1 - s2)/r**3.4')
  distinct symbolic_form count=40 (sample up to 30):
    (alpha * s1 * s2 / r**2 + beta * s1 * s2 / r**3) / m1
    (alpha * s1 * s2 / r**2 + beta / r**3) * (1/m1 + 1/m2)
    (alpha * s1 * s2 / r**2 + beta / r**3.4) / m1
    (alpha * s1 * s2 / r**2) + (beta / r**3)
    (k * s1 * s2 - G * m1 * m2) / r**2
    (k*s1*s2 - G*m1*m2)*(m1+m2)/(m1*m2*r**2)
    (k1*s1*s2 + k2*cos(alpha*r)) / r**p
    (kappa * s1 * s2 / r**2) + (gamma * s1 * s2 / r**3)
    (s1*s2/m1) * (alpha/r**2 + beta/r**3.4)
    (s1*s2/m1)*(-G/r**2 + alpha*log(r)/r**3)
    -G * m2 * s1 * s2 / r**2 + beta * m2 * cos(kappa * r) / r**3
    G * s1 * s2 / r**2 + K * m1 * m2 / r**3
    G*m1*m2/(r**2) * (x2 - x1)/r + G*m1*m2/(r**2) * (y2 - y1)/r * s1*s2/(m1*m2)
    G*m1*m2/r**2 + alpha*(s1 - s2)/r**3.4
    G*m1*m2/r**2 + alpha*m1*m2/r**3.4 + beta*m1*m2*cos(2*3.14*r/(s1+s2))
    G*m1*m2/r**2 + alpha*m1*m2/r**3.4 + beta*m1*m2*cos(2*sqrt(r))/r**2
    G*m1*m2/r**2 + alpha*m1*m2/r**3.4 + beta*m1*m2*s1*s2*cos(r)
    G*m1*m2/r**2 + alpha*m1*m2/r**3.4 + beta*m1*m2*s1*s2/r**2*cos(2*3.14*r/(s1+s2))
    G*m1*m2/r**2 + alpha*m1*m2/r**3.4 + beta*m1*m2/r**2*sin(gamma*r)
    G*m1*m2/r**2 + alpha/r**3.4 + beta*sin(k*r)
    G*m1*m2/r**2 + kappa/r**3.4 + alpha*sin(beta*r)
    G*m1*m2/r**2 + kappa/r**3.4 + alpha*sin(omega*r)
    G*m1*m2/r**2.2 - alpha*sin(k*r)*r**(-1.8) + beta*r**(-0.5)
    G*m2/(m1 + m2)*s1*s2/r**2
    G*m2/(r**2) + s1*vx1 + s2*vx2
    G*r - alpha/r**2 + beta*r*sin(kappa*r) + gamma*s1*s2/r**3.4
    G*r - alpha/r**2 + beta*s1*s2/r**3.4 + gamma*(vx1*vx2 + vy1*vy2)/r**2
    G*r/(r**2 + alpha*(s1 + s2)) - beta*(vx1**2 + vx2**2)/(m1 + m2)
    alpha*s1*s2/r**2 + beta*s1*s2/r**3.4 + gamma*s1*s2*sin(k*r)
    k * s1 * s2 / (m1 * r**2)
========================================================================
