2026-05-30 16:36:01,304 [INFO] ascension.benchmarks.alien_depth: alien_depth: max_depth=2 per_layer=(True, True, False, False, False, False) held_out_rmse=0.16949941384776535 q_drift=None n_hyp=60 elapsed_ms=8874
========================================================================
ALIEN RUN cf1b445b-7774-41a0-a390-ba8b2fc99048
  run.status=completed  halt_reason=duration_exceeded
  PROVENANCE (P-15.2-6): benchmark_system='alien_universe'  included_in_distillation_v1=False
  SCORING MODE: single-config
  node types: {'hypothesis': 60}
  hypothesis nodes=60  status_breakdown={'active': 60}
  SPEND: 187 llm_calls, $1.6220 total
    provider='google': 137 calls, $1.6220
    provider='nvidia': 50 calls, $0.0000
------------------------------------------------------------------------
  DISCOVERY DEPTH (P-15.2-1/2/3): max_depth=2
    per_layer L1..L6 = (True, True, False, False, False, False)
    HONEST consecutive force-law depth (L1-L4, L-057) = 2   [L5=False L6=False reported separately, non-consecutive]
    held_out_rss_reduction=0.16949941384776535  q_drift=None
  scorer notes (63):
    - L1: inverse-square term + Newton accel-fit converges ('-G * m2 / r**2')
    - L1: inverse-square term + Newton accel-fit converges ('-G*m2/(r**2)')
    - L1: inverse-square term + Newton accel-fit converges ('-G*m2/(r**2)')
    - L1: inverse-square term + Newton accel-fit converges ('-G*m2/(r**2)')
    - L1: inverse-square term + Newton accel-fit converges ('-G*m2/r**2')
    - L1: inverse-square term + Newton accel-fit converges ('-G/r**2 - H/r**3')
    - L2 DENIED: second radial term exponent not ~-3.5 ('-G/r**2 - H/r**3')
    - L2 DENIED: second radial term exponent not ~-3.5 ('G * m2 * (x2 - x1) / r**3')
    - L1: inverse-square term + Newton accel-fit converges ('G * m2 / r**2')
    - L1: inverse-square term + Newton accel-fit converges ('G * m2 / r**2')
    - L1: inverse-square term + Newton accel-fit converges ('G * m2 / r**2')
    - L1: inverse-square term + Newton accel-fit converges ('G * m2 / r**2')
    - L1: inverse-square term + Newton accel-fit converges ('G * m2 / r**2')
    - L1: inverse-square term + Newton accel-fit converges ('G * m2 / r**2')
    - L1: inverse-square term + Newton accel-fit converges ('G * m2 / r**2')
    - L1: inverse-square term + Newton accel-fit converges ('G * m2 / r**2')
    - L1: inverse-square term + Newton accel-fit converges ('G / r**2')
    - L1: inverse-square term + Newton accel-fit converges ('G / r**2')
    - L1: inverse-square term + Newton accel-fit converges ('G / r**2')
    - L1: inverse-square term + Newton accel-fit converges ('G*m1*m2/r**2')
    - L1: inverse-square term + Newton accel-fit converges ('G*m1*m2/r**2')
    - L1: inverse-square term + Newton accel-fit converges ('G*m1*m2/r**2')
    - L1: inverse-square term + Newton accel-fit converges ('G*m1*m2/r**2')
    - L1: inverse-square term + Newton accel-fit converges ('G*m1*m2/r**2')
    - L1: inverse-square term + Newton accel-fit converges ('G*m1*m2/r**2')
    - L1: inverse-square term + Newton accel-fit converges ('G*m1*m2/r**2')
    - L1: inverse-square term + Newton accel-fit converges ('G*m1*m2/r**2')
    - L2 DENIED: second radial term exponent not ~-3.5 ('G*m1*m2/r**2 * (x2 - x1)/r + G*m1*m2/r**2 * (y2 - y1)/r')
    - L2 DENIED: second radial term exponent not ~-3.5 ('G*m1*m2/r**2 * (x2 - x1)/r + G*m1*m2/r**2 * (y2 - y1)/r')
    - L2 DENIED: second radial term exponent not ~-3.5 ('G*m1*m2/r**2 * (x2 - x1)/r + G*m1*m2/r**2 * (y2 - y1)/r')
    - L2 DENIED: second radial term exponent not ~-3.5 ('G*m1*m2/r**2 * (x2 - x1)/r + G*m1*m2/r**2 * (y2 - y1)/r')
    - L2 DENIED: second radial term exponent not ~-3.5 ('G*m1*m2/r**2 * (x2 - x1)/r + G*m1*m2/r**2 * (y2 - y1)/r')
    - L2 DENIED: second radial term exponent not ~-3.5 ('G*m1*m2/r**2 * (x2-x1)/r + G*m1*m2/r**2 * (y2-y1)/r')
    - L1: inverse-square term + Newton accel-fit converges ('G*m2/r**2')
    - L1: inverse-square term + Newton accel-fit converges ('G*m2/r**2')
    - L1: inverse-square term + Newton accel-fit converges ('G*m2/r**2')
    - L1: inverse-square term + Newton accel-fit converges ('G*m2/r**2')
    - L1: inverse-square term + Newton accel-fit converges ('G*m2/r**2')
    - L1: inverse-square term + Newton accel-fit converges ('G*m2/r**2')
    - L1: inverse-square term + Newton accel-fit converges ('G*m2/r**2')
    - L1: inverse-square term + Newton accel-fit converges ('G*m2/r**2')
    - L1: inverse-square term + Newton accel-fit converges ('G*m2/r**2')
    - L1: inverse-square term + Newton accel-fit converges ('G*m2/r**2')
    - L1: inverse-square term + Newton accel-fit converges ('G*m2/r**2')
    - L1: inverse-square term + Newton accel-fit converges ('G*m2/r**2')
    - L1: inverse-square term + Newton accel-fit converges ('G*m2/r**2')
    - L2 DENIED: second radial term exponent not ~-3.5 ('G*m2/r**2 * (x2 - x1)/r + G*m1/r**2 * (x1 - x2)/r')
    - L2 DENIED: second radial term exponent not ~-3.5 ('G*m2/r**2 * (x2 - x1)/r + G*m1/r**2 * (x1 - x2)/r')
    - L1: inverse-square term + Newton accel-fit converges ('G*m2/r**2 - G*m1/r**2')
    - L1: inverse-square term + Newton accel-fit converges ('G*m2/r**2 - G*m1/r**2')
    - L2 DENIED: second radial term exponent not ~-3.5 ('G*m2/r**2*(x2 - x1)/r + G*m1/r**2*(x1 - x2)/r')
    - L2 DENIED: second radial term exponent not ~-3.5 ('G*m2/r**2*(x2-x1)/r + G*m1/r**2*(x1-x2)/r')
    - L2 DENIED: second radial term exponent not ~-3.5 ('G*m2/r**2*(x2-x1)/r + G*m1/r**2*(x1-x2)/r')
    - L2 DENIED: second radial term exponent not ~-3.5 ('G*m2/r**2*(x2-x1)/r + G*m1/r**2*(x1-x2)/r')
    - L2 DENIED: second radial term exponent not ~-3.5 ('G*m2/r**2*(x2-x1)/r + G*m1/r**2*(x1-x2)/r')
    - L1: inverse-square term + Newton accel-fit converges ('G/r**2')
    - L1: inverse-square term + Newton accel-fit converges ('G/r**2 + H/r**3')
    - L2 DENIED: second radial term exponent not ~-3.5 ('G/r**2 + H/r**3')
    - L1: inverse-square term + Newton accel-fit converges ('G/r**2 + K/r**3.4')
    - L2: second radial term ~r**-3.5 + alpha-basis RSS reduction 0.169 >= 0.05 ('G/r**2 + K/r**3.4')
  distinct symbolic_form count=21 (sample up to 30):
    -G * m2 / r**2
    -G*m2/(r**2)
    -G*m2/r**2
    -G/r**2 - H/r**3
    G * m2 * (x2 - x1) / r**3
    G * m2 / r**2
    G / r**2
    G*m1*m2/r**2
    G*m1*m2/r**2 * (x2 - x1)/r + G*m1*m2/r**2 * (y2 - y1)/r
    G*m1*m2/r**2 * (x2-x1)/r + G*m1*m2/r**2 * (y2-y1)/r
    G*m2/r**2
    G*m2/r**2 * (x2 - x1)/r + G*m1/r**2 * (x1 - x2)/r
    G*m2/r**2 - G*m1/r**2
    G*m2/r**2*(x2 - x1)/r + G*m1/r**2*(x1 - x2)/r
    G*m2/r**2*(x2-x1)/r + G*m1/r**2*(x1-x2)/r
    G/r**2
    G/r**2 + H/r**3
    G/r**2 + K/r**3.4
    k / r
    kappa * m2 / r**2
    kappa / r**2
========================================================================
