2026-05-30 19:20:34,972 [INFO] ascension.benchmarks.alien_depth: alien_depth: max_depth=2 per_layer=(True, True, False, False, False, False) held_out_rmse=0.16949941384776535 q_drift=None n_hyp=75 elapsed_ms=9076
========================================================================
ALIEN RUN 3750f571-efae-4b2d-a657-e502c610b44d
  run.status=completed  halt_reason=duration_exceeded
  PROVENANCE (P-15.2-6): benchmark_system='alien_universe'  included_in_distillation_v1=False
  SCORING MODE: single-config
  node types: {'dispute': 1, 'hypothesis': 75}
  hypothesis nodes=75  status_breakdown={'active': 74, 'contested': 1}
  SPEND: 211 llm_calls, $1.9162 total
    provider='google': 153 calls, $1.9162
    provider='nvidia': 58 calls, $0.0000
------------------------------------------------------------------------
  DISCOVERY DEPTH (P-15.2-1/2/3): max_depth=2
    per_layer L1..L6 = (True, True, False, False, False, False)
    HONEST consecutive force-law depth (L1-L4, L-057) = 2   [L5=False L6=False reported separately, non-consecutive]
    held_out_rss_reduction=0.16949941384776535  q_drift=None
  scorer notes (88):
    - L2 DENIED: second radial term exponent not ~-3.5 ('(-alpha / r**2 + beta / r**3) * (x2 - x1) / r')
    - L1: inverse-square term + Newton accel-fit converges ('(G * m2 / r**2) + k*r')
    - L2 DENIED: second radial term exponent not ~-3.5 ('(G * m2 / r**2) + k*r')
    - L1: inverse-square term + Newton accel-fit converges ('-G * m2 / r**2 - alpha / r**3')
    - L2 DENIED: second radial term exponent not ~-3.5 ('-G * m2 / r**2 - alpha / r**3')
    - L1: inverse-square term + Newton accel-fit converges ('-G * m2 / r**2 - beta / r**3')
    - L2 DENIED: second radial term exponent not ~-3.5 ('-G * m2 / r**2 - beta / r**3')
    - L2 DENIED: second radial term exponent not ~-3.5 ('-G*m1*m2/r**2 * (x2-x1)/r -G*m1*m2/r**2 * (y2-y1)/r')
    - L2 DENIED: second radial term exponent not ~-3.5 ('-G*m2*(x2 - x1)/r**3 - G*m1*(x1 - x2)/r**3')
    - L2 DENIED: second radial term exponent not ~-3.5 ('-G*m2*(x2 - x1)/r**3 - G*m1*(x1 - x2)/r**3')
    - L2 DENIED: second radial term exponent not ~-3.5 ('-G*m2*(x2 - x1)/r**3 - G*m1*(x1 - x2)/r**3')
    - L2 DENIED: second radial term exponent not ~-3.5 ('-G*m2*(x2 - x1)/r**3 - G*m1*(x1 - x2)/r**3')
    - L1: inverse-square term + Newton accel-fit converges ('-G*m2/(r**2)')
    - L2 DENIED: second radial term exponent not ~-3.5 ('-G*m2/(r**2)*(x2-x1)/r -G*m1/(r**2)*(x1-x2)/r')
    - L2 DENIED: second radial term exponent not ~-3.5 ('-G*m2/(r**2)*(x2-x1)/r -G*m1/(r**2)*(x1-x2)/r')
    - L2 DENIED: second radial term exponent not ~-3.5 ('-G*m2/(r**2)*(x2-x1)/r -G*m1/(r**2)*(x1-x2)/r')
    - L2 DENIED: second radial term exponent not ~-3.5 ('-G*m2/(r**2)*(x2-x1)/r -G*m1/(r**2)*(x1-x2)/r')
    - L2 DENIED: second radial term exponent not ~-3.5 ('-G*m2/(r**2)*(x2-x1)/r -G*m1/(r**2)*(x1-x2)/r')
    - L2 DENIED: second radial term exponent not ~-3.5 ('-G*m2/(r**2)*(x2-x1)/r -G*m1/(r**2)*(x1-x2)/r')
    - L1: inverse-square term + Newton accel-fit converges ('-G*m2/r**2')
    - L1: inverse-square term + Newton accel-fit converges ('-G*m2/r**2 - beta/r**3')
    - L2 DENIED: second radial term exponent not ~-3.5 ('-G*m2/r**2 - beta/r**3')
    - L1: inverse-square term + Newton accel-fit converges ('-G/r**2 + kappa/r**3.4 + C*sin(omega*r)/r**2')
    - L2: second radial term ~r**-3.5 + alpha-basis RSS reduction 0.169 >= 0.05 ('-G/r**2 + kappa/r**3.4 + C*sin(omega*r)/r**2')
    - L1: inverse-square term + Newton accel-fit converges ('-G/r**2 - beta/r**3')
    - L2 DENIED: second radial term exponent not ~-3.5 ('-G/r**2 - beta/r**3')
    - L1: inverse-square term + Newton accel-fit converges ('-alpha / (m1 * r**2)')
    - L1: inverse-square term + Newton accel-fit converges ('-alpha / r**2 - beta / r**3')
    - L2 DENIED: second radial term exponent not ~-3.5 ('-alpha / r**2 - beta / r**3')
    - L1: inverse-square term + Newton accel-fit converges ('G * m2 / r**2')
    - L1: inverse-square term + Newton accel-fit converges ('G * m2 / r**2')
    - L1: inverse-square term + Newton accel-fit converges ('G * m2 / r**2 + beta * m2 / r**3')
    - L2 DENIED: second radial term exponent not ~-3.5 ('G * m2 / r**2 + beta * m2 / r**3')
    - L1: inverse-square term + Newton accel-fit converges ('G*m1*m2/r**2')
    - L1: inverse-square term + Newton accel-fit converges ('G*m1*m2/r**2')
    - L1: inverse-square term + Newton accel-fit converges ('G*m1*m2/r**2')
    - L1: inverse-square term + Newton accel-fit converges ('G*m1*m2/r**2')
    - L1: inverse-square term + Newton accel-fit converges ('G*m1*m2/r**2')
    - L1: inverse-square term + Newton accel-fit converges ('G*m1*m2/r**2')
    - L2 DENIED: second radial term exponent not ~-3.5 ('G*m1*m2/r**2 * (x2 - x1)/r + G*m1*m2/r**2 * (y2 - y1)/r')
    - L2 DENIED: second radial term exponent not ~-3.5 ('G*m1*m2/r**2 * (x2 - x1)/r + G*m1*m2/r**2 * (y2 - y1)/r')
    - L2 DENIED: second radial term exponent not ~-3.5 ('G*m1*m2/r**2 * (x2 - x1)/r + G*m1*m2/r**2 * (y2 - y1)/r')
    - L2 DENIED: second radial term exponent not ~-3.5 ('G*m1*m2/r**2 * (x2 - x1)/r + G*m1*m2/r**2 * (y2 - y1)/r')
    - L2 DENIED: second radial term exponent not ~-3.5 ('G*m1*m2/r**2 * (x2 - x1)/r + G*m1*m2/r**2 * (y2 - y1)/r')
    - L2 DENIED: second radial term exponent not ~-3.5 ('G*m1*m2/r**2 * (x2 - x1)/r + G*m1*m2/r**2 * (y2 - y1)/r')
    - L2 DENIED: second radial term exponent not ~-3.5 ('G*m2*r/(r**2 + alpha**2)')
    - L2 DENIED: second radial term exponent not ~-3.5 ('G*m2*r/(r**2 + alpha**2)')
    - L2 DENIED: second radial term exponent not ~-3.5 ('G*m2*r/(r**2)')
    - L2 DENIED: second radial term exponent not ~-3.5 ('G*m2*r/(r**2) - G*m1*r/(r**2)')
    - L1: inverse-square term + Newton accel-fit converges ('G*m2/r**2')
    - L1: inverse-square term + Newton accel-fit converges ('G*m2/r**2')
    - L1: inverse-square term + Newton accel-fit converges ('G*m2/r**2')
    - L1: inverse-square term + Newton accel-fit converges ('G*m2/r**2')
    - L1: inverse-square term + Newton accel-fit converges ('G*m2/r**2')
    - L1: inverse-square term + Newton accel-fit converges ('G*m2/r**2')
    - L1: inverse-square term + Newton accel-fit converges ('G*m2/r**2')
    - L1: inverse-square term + Newton accel-fit converges ('G*m2/r**2')
    - L1: inverse-square term + Newton accel-fit converges ('G*m2/r**2')
    - L1: inverse-square term + Newton accel-fit converges ('G*m2/r**2')
    - L1: inverse-square term + Newton accel-fit converges ('G*m2/r**2')
  distinct symbolic_form count=35 (sample up to 30):
    (-alpha / r**2 + beta / r**3) * (x2 - x1) / r
    (G * m2 / r**2) + k*r
    -G * m2 / r**2 - alpha / r**3
    -G * m2 / r**2 - beta / r**3
    -G*m1*m2/r**2 * (x2-x1)/r -G*m1*m2/r**2 * (y2-y1)/r
    -G*m2*(x2 - x1)/r**3 - G*m1*(x1 - x2)/r**3
    -G*m2/(r**2)
    -G*m2/(r**2)*(x2-x1)/r -G*m1/(r**2)*(x1-x2)/r
    -G*m2/r**2
    -G*m2/r**2 - beta/r**3
    -G/r**2 + kappa/r**3.4 + C*sin(omega*r)/r**2
    -G/r**2 - beta/r**3
    -alpha / (m1 * r**2)
    -alpha / r**2 - beta / r**3
    G * m2 / r**2
    G * m2 / r**2 + beta * m2 / r**3
    G*m1*m2/r**2
    G*m1*m2/r**2 * (x2 - x1)/r + G*m1*m2/r**2 * (y2 - y1)/r
    G*m2*r/(r**2 + alpha**2)
    G*m2*r/(r**2)
    G*m2*r/(r**2) - G*m1*r/(r**2)
    G*m2/r**2
    G*m2/r**2 * (x2 - x1)/r + G*m1/r**2 * (x1 - x2)/r
    G*m2/r**2 - G*m1/r**2
    G*m2/r**2 - alpha*m2/r**3
    G*m2/r**2*(x2 - x1)/r + G*m1/r**2*(x1 - x2)/r
    G*m2/r**2*(x2-x1)/r + G*m1/r**2*(x1-x2)/r
    G*r**2 - alpha/r**3 + beta*r**2*(vx1**2 + vy1**2)
    alpha/r
    gamma / r**2 + kappa / r**3
========================================================================
