2026-05-30 18:19:20,043 [INFO] ascension.benchmarks.alien_depth: alien_depth: max_depth=6 per_layer=(True, True, True, False, False, True) held_out_rmse=0.21206819539332167 q_drift=None n_hyp=46 elapsed_ms=37350
========================================================================
ALIEN RUN a1dcd20b-f05d-442f-b9a7-46fafda3ec86
  run.status=completed  halt_reason=duration_exceeded
  PROVENANCE (P-15.2-6): benchmark_system='alien_universe'  included_in_distillation_v1=False
  SCORING MODE: FAMILY (L3/L4 vs held-out products {3,5})
  node types: {'dispute': 4, 'hypothesis': 46}
  hypothesis nodes=46  status_breakdown={'active': 39, 'contested': 7}
  SPEND: 148 llm_calls, $1.8024 total
    provider='google': 122 calls, $1.8024
    provider='nvidia': 26 calls, $0.0000
------------------------------------------------------------------------
  DISCOVERY DEPTH (P-15.2-1/2/3): max_depth=6
    per_layer L1..L6 = (True, True, True, False, False, True)
    HONEST consecutive force-law depth (L1-L4, L-057) = 3   [L5=False L6=True reported separately, non-consecutive]
    held_out_rss_reduction=0.21206819539332167  q_drift=None
  scorer notes (151):
    - L1: inverse-square term + Newton accel-fit converges ('(G*m2*s1*s2)/(r**2)')
    - L3: hidden product does real work, hidden-basis RSS reduction 0.212 (+rationale tiebreaker) ('(G*m2*s1*s2)/(r**2)')
    - L6: law verified invariant under P:(x->-x,v->-v,s->-s) ('(G*m2*s1*s2)/(r**2)')
    - L1: inverse-square term + Newton accel-fit converges ('(G*s1*s2/r**2)+(K*s1*s2/r**3)')
    - L2 DENIED: second radial term exponent not ~-3.5 ('(G*s1*s2/r**2)+(K*s1*s2/r**3)')
    - L3: hidden product does real work, hidden-basis RSS reduction 0.212 (+rationale tiebreaker) ('(G*s1*s2/r**2)+(K*s1*s2/r**3)')
    - L6: law verified invariant under P:(x->-x,v->-v,s->-s) ('(G*s1*s2/r**2)+(K*s1*s2/r**3)')
    - L1: inverse-square term + Newton accel-fit converges ('(alpha * s1 * s2) / r**2 + (beta * s1 * s2) / r**3')
    - L2 DENIED: second radial term exponent not ~-3.5 ('(alpha * s1 * s2) / r**2 + (beta * s1 * s2) / r**3')
    - L3: hidden product does real work, hidden-basis RSS reduction 0.212 ('(alpha * s1 * s2) / r**2 + (beta * s1 * s2) / r**3')
    - L6: law verified invariant under P:(x->-x,v->-v,s->-s) ('(alpha * s1 * s2) / r**2 + (beta * s1 * s2) / r**3')
    - L1: inverse-square term + Newton accel-fit converges ('(alpha/r**2 + beta/r**3.4) * s1 * s2')
    - L2: second radial term ~r**-3.5 + alpha-basis RSS reduction 0.169 >= 0.05 ('(alpha/r**2 + beta/r**3.4) * s1 * s2')
    - L3: hidden product does real work, hidden-basis RSS reduction 0.212 ('(alpha/r**2 + beta/r**3.4) * s1 * s2')
    - L6: law verified invariant under P:(x->-x,v->-v,s->-s) ('(alpha/r**2 + beta/r**3.4) * s1 * s2')
    - L1: inverse-square term + Newton accel-fit converges ('(s1*s2) * (G/r**2 + alpha/r**3.4)')
    - L2: second radial term ~r**-3.5 + alpha-basis RSS reduction 0.169 >= 0.05 ('(s1*s2) * (G/r**2 + alpha/r**3.4)')
    - L3: hidden product does real work, hidden-basis RSS reduction 0.212 ('(s1*s2) * (G/r**2 + alpha/r**3.4)')
    - L6: law verified invariant under P:(x->-x,v->-v,s->-s) ('(s1*s2) * (G/r**2 + alpha/r**3.4)')
    - L1: inverse-square term + Newton accel-fit converges ('(s1*s2)*(G/r**2 + C/r**3.4)')
    - L2: second radial term ~r**-3.5 + alpha-basis RSS reduction 0.169 >= 0.05 ('(s1*s2)*(G/r**2 + C/r**3.4)')
    - L3: hidden product does real work, hidden-basis RSS reduction 0.212 (+rationale tiebreaker) ('(s1*s2)*(G/r**2 + C/r**3.4)')
    - L6: law verified invariant under P:(x->-x,v->-v,s->-s) ('(s1*s2)*(G/r**2 + C/r**3.4)')
    - L1: inverse-square term + Newton accel-fit converges ('-G * s1*s2 / r**2 - alpha * s1*s2 / r**3.4')
    - L2: second radial term ~r**-3.5 + alpha-basis RSS reduction 0.169 >= 0.05 ('-G * s1*s2 / r**2 - alpha * s1*s2 / r**3.4')
    - L3: hidden product does real work, hidden-basis RSS reduction 0.212 ('-G * s1*s2 / r**2 - alpha * s1*s2 / r**3.4')
    - L6: law verified invariant under P:(x->-x,v->-v,s->-s) ('-G * s1*s2 / r**2 - alpha * s1*s2 / r**3.4')
    - L1: inverse-square term + Newton accel-fit converges ('-G*m1*m2/r**2 + k*s1*s2/r**3')
    - L2 DENIED: second radial term exponent not ~-3.5 ('-G*m1*m2/r**2 + k*s1*s2/r**3')
    - L3: hidden product does real work, hidden-basis RSS reduction 0.212 ('-G*m1*m2/r**2 + k*s1*s2/r**3')
    - L6: law verified invariant under P:(x->-x,v->-v,s->-s) ('-G*m1*m2/r**2 + k*s1*s2/r**3')
    - L1: inverse-square term + Newton accel-fit converges ('-G*m1*m2/r**2 + k*s1*s2/r**3.4')
    - L2: second radial term ~r**-3.5 + alpha-basis RSS reduction 0.169 >= 0.05 ('-G*m1*m2/r**2 + k*s1*s2/r**3.4')
    - L3: hidden product does real work, hidden-basis RSS reduction 0.212 ('-G*m1*m2/r**2 + k*s1*s2/r**3.4')
    - L6: law verified invariant under P:(x->-x,v->-v,s->-s) ('-G*m1*m2/r**2 + k*s1*s2/r**3.4')
    - L1: inverse-square term + Newton accel-fit converges ('-G*m2/r**2 - K*m2*s1*s2*cos(omega*r)/r**3')
    - L2 DENIED: second radial term exponent not ~-3.5 ('-G*m2/r**2 - K*m2*s1*s2*cos(omega*r)/r**3')
    - L3: hidden product does real work, hidden-basis RSS reduction 0.212 ('-G*m2/r**2 - K*m2*s1*s2*cos(omega*r)/r**3')
    - L6: law verified invariant under P:(x->-x,v->-v,s->-s) ('-G*m2/r**2 - K*m2*s1*s2*cos(omega*r)/r**3')
    - L1: inverse-square term + Newton accel-fit converges ('-G/r**2 + s1*s2/r**3.4')
    - L2: second radial term ~r**-3.5 + alpha-basis RSS reduction 0.169 >= 0.05 ('-G/r**2 + s1*s2/r**3.4')
    - L3: hidden product does real work, hidden-basis RSS reduction 0.212 (+rationale tiebreaker) ('-G/r**2 + s1*s2/r**3.4')
    - L6: law verified invariant under P:(x->-x,v->-v,s->-s) ('-G/r**2 + s1*s2/r**3.4')
    - L1: inverse-square term + Newton accel-fit converges ('-alpha * s1 * s2 / r**2 - beta * s1 * s2 / r**3')
    - L2 DENIED: second radial term exponent not ~-3.5 ('-alpha * s1 * s2 / r**2 - beta * s1 * s2 / r**3')
    - L3: hidden product does real work, hidden-basis RSS reduction 0.212 ('-alpha * s1 * s2 / r**2 - beta * s1 * s2 / r**3')
    - L6: law verified invariant under P:(x->-x,v->-v,s->-s) ('-alpha * s1 * s2 / r**2 - beta * s1 * s2 / r**3')
    - L1: inverse-square term + Newton accel-fit converges ('G*m1*m2/(r**2)')
    - L1: inverse-square term + Newton accel-fit converges ('G*m1*m2/(r**2)')
    - L2 DENIED: second radial term exponent not ~-3.5 ('G*m1*m2/(r**2) * (x2 - x1)/r + s1*s2/(r**2) * (x2 - x1)/r')
    - L3: hidden product does real work, hidden-basis RSS reduction 0.212 (+rationale tiebreaker) ('G*m1*m2/(r**2) * (x2 - x1)/r + s1*s2/(r**2) * (x2 - x1)/r')
    - L6: law verified invariant under P:(x->-x,v->-v,s->-s) ('G*m1*m2/(r**2) * (x2 - x1)/r + s1*s2/(r**2) * (x2 - x1)/r')
    - L2 DENIED: second radial term exponent not ~-3.5 ('G*m1*m2/r**2 * (s1*s2) * (x2 - x1)/r + G*m1*m2/r**2 * (s1 - s2) * (y2 - y1)/r')
    - L3: hidden product does real work, hidden-basis RSS reduction 0.212 (+rationale tiebreaker) ('G*m1*m2/r**2 * (s1*s2) * (x2 - x1)/r + G*m1*m2/r**2 * (s1 - s2) * (y2 - y1)/r')
    - L6 DENIED: claimed symmetry not verified by sympy ('G*m1*m2/r**2 * (s1*s2) * (x2 - x1)/r + G*m1*m2/r**2 * (s1 - s2) * (y2 - y1)/r')
    - L2 DENIED: second radial term exponent not ~-3.5 ('G*m1*m2/r**2 * (s1*s2) * (x2 - x1)/r + kappa*(vx1*vx2 + vy1*vy2)/(m1*m2)')
    - L3: hidden product does real work, hidden-basis RSS reduction 0.212 (+rationale tiebreaker) ('G*m1*m2/r**2 * (s1*s2) * (x2 - x1)/r + kappa*(vx1*vx2 + vy1*vy2)/(m1*m2)')
    - L6: law verified invariant under P:(x->-x,v->-v,s->-s) ('G*m1*m2/r**2 * (s1*s2) * (x2 - x1)/r + kappa*(vx1*vx2 + vy1*vy2)/(m1*m2)')
    - L1: inverse-square term + Newton accel-fit converges ('G*m1*m2/r**2 + kappa/r**3.4')
    - L2: second radial term ~r**-3.5 + alpha-basis RSS reduction 0.169 >= 0.05 ('G*m1*m2/r**2 + kappa/r**3.4')
  distinct symbolic_form count=39 (sample up to 30):
    (G*m2*s1*s2)/(r**2)
    (G*s1*s2/r**2)+(K*s1*s2/r**3)
    (alpha * s1 * s2) / r**2 + (beta * s1 * s2) / r**3
    (alpha/r**2 + beta/r**3.4) * s1 * s2
    (s1*s2) * (G/r**2 + alpha/r**3.4)
    (s1*s2)*(G/r**2 + C/r**3.4)
    -G * s1*s2 / r**2 - alpha * s1*s2 / r**3.4
    -G*m1*m2/r**2 + k*s1*s2/r**3
    -G*m1*m2/r**2 + k*s1*s2/r**3.4
    -G*m2/r**2 - K*m2*s1*s2*cos(omega*r)/r**3
    -G/r**2 + s1*s2/r**3.4
    -alpha * s1 * s2 / r**2 - beta * s1 * s2 / r**3
    G*m1*m2/(r**2)
    G*m1*m2/(r**2) * (x2 - x1)/r + s1*s2/(r**2) * (x2 - x1)/r
    G*m1*m2/r**2 * (s1*s2) * (x2 - x1)/r + G*m1*m2/r**2 * (s1 - s2) * (y2 - y1)/r
    G*m1*m2/r**2 * (s1*s2) * (x2 - x1)/r + kappa*(vx1*vx2 + vy1*vy2)/(m1*m2)
    G*m1*m2/r**2 + kappa/r**3.4
    G*m1*m2/r**2 + kappa/r**3.4 + alpha*s1*s2*sin(beta*r)
    G*m1*m2/r**2 + kappa/r**3.4 + alpha*s1*s2/r**2
    G*m1*m2/r**2 + kappa/r**3.4 + alpha*s1*s2/r**2*cos(omega*r)
    G*m1*m2/r**2.2 + alpha*s1*s2*sin(k*r)
    G*m1*m2/r**2.2 - alpha*s1*s2/r**2*cos(2*3.14*r) + beta/r**3
    G*m1*m2/r**2.2 - alpha*s1*s2/r**2*cos(k*r)
    G*r - alpha/r**3.4 + beta*sin(k*r)
    G*r**(-1.5) + alpha*r**(-2.2) + beta*sin(gamma*r)
    G*r**(-2.7) + beta*s1*s2/r**3.1
    alpha * s1 * s2 / r**2 + beta / r**3.4
    alpha/r**2 + beta*s1*s2/r**3
    alpha/r**2 + beta*s1*s2/r**3.4
    gamma * s1 * s2 / r**2 + beta * cos(kappa * r) / r**3.4
========================================================================
