2026-05-30 19:00:18,260 [INFO] ascension.benchmarks.alien_depth: alien_depth: max_depth=6 per_layer=(True, True, True, False, False, True) held_out_rmse=0.21206819539332167 q_drift=None n_hyp=27 elapsed_ms=25054
========================================================================
ALIEN RUN 9ca7bf0d-3c16-48f3-b8b8-940b91108996
  run.status=completed  halt_reason=duration_exceeded
  PROVENANCE (P-15.2-6): benchmark_system='alien_universe'  included_in_distillation_v1=False
  SCORING MODE: FAMILY (L3/L4 vs held-out products {3,5})
  node types: {'dispute': 4, 'hypothesis': 27}
  hypothesis nodes=27  status_breakdown={'active': 20, 'contested': 7}
  SPEND: 82 llm_calls, $1.5667 total
    provider='google': 60 calls, $1.5667
    provider='nvidia': 22 calls, $0.0000
------------------------------------------------------------------------
  DISCOVERY DEPTH (P-15.2-1/2/3): max_depth=6
    per_layer L1..L6 = (True, True, True, False, False, True)
    HONEST consecutive force-law depth (L1-L4, L-057) = 3   [L5=False L6=True reported separately, non-consecutive]
    held_out_rss_reduction=0.21206819539332167  q_drift=None
  scorer notes (89):
    - L1: inverse-square term + Newton accel-fit converges ('(beta * s1 * s2) / r**3.4 - alpha / r**2')
    - L2: second radial term ~r**-3.5 + alpha-basis RSS reduction 0.169 >= 0.05 ('(beta * s1 * s2) / r**3.4 - alpha / r**2')
    - L3: hidden product does real work, hidden-basis RSS reduction 0.212 (+rationale tiebreaker) ('(beta * s1 * s2) / r**3.4 - alpha / r**2')
    - L6: law verified invariant under P:(x->-x,v->-v,s->-s) ('(beta * s1 * s2) / r**3.4 - alpha / r**2')
    - L1: inverse-square term + Newton accel-fit converges ('(k*s1*s2 - G) * m2 / r**2')
    - L3: hidden product does real work, hidden-basis RSS reduction 0.212 (+rationale tiebreaker) ('(k*s1*s2 - G) * m2 / r**2')
    - L6: law verified invariant under P:(x->-x,v->-v,s->-s) ('(k*s1*s2 - G) * m2 / r**2')
    - L1: inverse-square term + Newton accel-fit converges ('(s1*s2 - G)/r**2 - alpha/r**gamma + beta*cos(kappa*r)')
    - L3: hidden product does real work, hidden-basis RSS reduction 0.212 (+rationale tiebreaker) ('(s1*s2 - G)/r**2 - alpha/r**gamma + beta*cos(kappa*r)')
    - L6: law verified invariant under P:(x->-x,v->-v,s->-s) ('(s1*s2 - G)/r**2 - alpha/r**gamma + beta*cos(kappa*r)')
    - L1: inverse-square term + Newton accel-fit converges ('(s1*s2) * (G*m1*m2/r**2 + beta/r**3.4)')
    - L2: second radial term ~r**-3.5 + alpha-basis RSS reduction 0.169 >= 0.05 ('(s1*s2) * (G*m1*m2/r**2 + beta/r**3.4)')
    - L3: hidden product does real work, hidden-basis RSS reduction 0.212 (+rationale tiebreaker) ('(s1*s2) * (G*m1*m2/r**2 + beta/r**3.4)')
    - L6: law verified invariant under P:(x->-x,v->-v,s->-s) ('(s1*s2) * (G*m1*m2/r**2 + beta/r**3.4)')
    - L1: inverse-square term + Newton accel-fit converges ('-G * m2 / r**2 + K * s1 * s2 / r**3.4')
    - L2: second radial term ~r**-3.5 + alpha-basis RSS reduction 0.169 >= 0.05 ('-G * m2 / r**2 + K * s1 * s2 / r**3.4')
    - L3: hidden product does real work, hidden-basis RSS reduction 0.212 (+rationale tiebreaker) ('-G * m2 / r**2 + K * s1 * s2 / r**3.4')
    - L6: law verified invariant under P:(x->-x,v->-v,s->-s) ('-G * m2 / r**2 + K * s1 * s2 / r**3.4')
    - L1: inverse-square term + Newton accel-fit converges ('-G * m2 / r**2 + kappa * s1 * s2 / (m1 * r**3)')
    - L2 DENIED: second radial term exponent not ~-3.5 ('-G * m2 / r**2 + kappa * s1 * s2 / (m1 * r**3)')
    - L3: hidden product does real work, hidden-basis RSS reduction 0.212 (+rationale tiebreaker) ('-G * m2 / r**2 + kappa * s1 * s2 / (m1 * r**3)')
    - L6: law verified invariant under P:(x->-x,v->-v,s->-s) ('-G * m2 / r**2 + kappa * s1 * s2 / (m1 * r**3)')
    - L1: inverse-square term + Newton accel-fit converges ('-G*m1*m2/r**2 + alpha*s1*s2/r**3.4')
    - L2: second radial term ~r**-3.5 + alpha-basis RSS reduction 0.169 >= 0.05 ('-G*m1*m2/r**2 + alpha*s1*s2/r**3.4')
    - L3: hidden product does real work, hidden-basis RSS reduction 0.212 (+rationale tiebreaker) ('-G*m1*m2/r**2 + alpha*s1*s2/r**3.4')
    - L6: law verified invariant under P:(x->-x,v->-v,s->-s) ('-G*m1*m2/r**2 + alpha*s1*s2/r**3.4')
    - L1: inverse-square term + Newton accel-fit converges ('-G*m1*m2/r**2 + kappa*s1*s2/r**3.4 + beta*cos(omega*r)')
    - L2: second radial term ~r**-3.5 + alpha-basis RSS reduction 0.169 >= 0.05 ('-G*m1*m2/r**2 + kappa*s1*s2/r**3.4 + beta*cos(omega*r)')
    - L3: hidden product does real work, hidden-basis RSS reduction 0.212 ('-G*m1*m2/r**2 + kappa*s1*s2/r**3.4 + beta*cos(omega*r)')
    - L6: law verified invariant under P:(x->-x,v->-v,s->-s) ('-G*m1*m2/r**2 + kappa*s1*s2/r**3.4 + beta*cos(omega*r)')
    - L1: inverse-square term + Newton accel-fit converges ('-G/r**2 + beta*s1*s2/r**3.4')
    - L2: second radial term ~r**-3.5 + alpha-basis RSS reduction 0.169 >= 0.05 ('-G/r**2 + beta*s1*s2/r**3.4')
    - L3: hidden product does real work, hidden-basis RSS reduction 0.212 (+rationale tiebreaker) ('-G/r**2 + beta*s1*s2/r**3.4')
    - L6: law verified invariant under P:(x->-x,v->-v,s->-s) ('-G/r**2 + beta*s1*s2/r**3.4')
    - L1: inverse-square term + Newton accel-fit converges ('-G/r**2 + s1*s2/r**4')
    - L2 DENIED: second radial term exponent not ~-3.5 ('-G/r**2 + s1*s2/r**4')
    - L3: hidden product does real work, hidden-basis RSS reduction 0.212 ('-G/r**2 + s1*s2/r**4')
    - L6: law verified invariant under P:(x->-x,v->-v,s->-s) ('-G/r**2 + s1*s2/r**4')
    - L1: inverse-square term + Newton accel-fit converges ('G*m1*m2/r**2 + alpha*(s1+s2)/r**3.4')
    - L2: second radial term ~r**-3.5 + alpha-basis RSS reduction 0.169 >= 0.05 ('G*m1*m2/r**2 + alpha*(s1+s2)/r**3.4')
    - L6 DENIED: claimed symmetry not verified by sympy ('G*m1*m2/r**2 + alpha*(s1+s2)/r**3.4')
    - L1: inverse-square term + Newton accel-fit converges ('G*m1*m2/r**2 + alpha/r**(2.5) + beta*sin(kappa*r)')
    - L2 DENIED: second radial term exponent not ~-3.5 ('G*m1*m2/r**2 + alpha/r**(2.5) + beta*sin(kappa*r)')
    - L1: inverse-square term + Newton accel-fit converges ('G*m1*m2/r**2 + alpha/r**(2.5) + beta*sin(kappa*r)')
    - L2 DENIED: second radial term exponent not ~-3.5 ('G*m1*m2/r**2 + alpha/r**(2.5) + beta*sin(kappa*r)')
    - L1: inverse-square term + Newton accel-fit converges ('G*m1*m2/r**2 + alpha/r**2.5 + beta*sin(kappa*r)')
    - L2 DENIED: second radial term exponent not ~-3.5 ('G*m1*m2/r**2 + alpha/r**2.5 + beta*sin(kappa*r)')
    - L1: inverse-square term + Newton accel-fit converges ('G*m1*m2/r**2 + alpha/r**3.4 + beta*s1*s2*r**2*cos(k*r)')
    - L2: second radial term ~r**-3.5 + alpha-basis RSS reduction 0.169 >= 0.05 ('G*m1*m2/r**2 + alpha/r**3.4 + beta*s1*s2*r**2*cos(k*r)')
    - L3: hidden product does real work, hidden-basis RSS reduction 0.212 (+rationale tiebreaker) ('G*m1*m2/r**2 + alpha/r**3.4 + beta*s1*s2*r**2*cos(k*r)')
    - L6: law verified invariant under P:(x->-x,v->-v,s->-s) ('G*m1*m2/r**2 + alpha/r**3.4 + beta*s1*s2*r**2*cos(k*r)')
    - L1: inverse-square term + Newton accel-fit converges ('G*m1*m2/r**2 + alpha/r**3.4 + beta*s1*s2/r**2*sin(2*atan2(y2-y1, x2-x1))')
    - L2: second radial term ~r**-3.5 + alpha-basis RSS reduction 0.169 >= 0.05 ('G*m1*m2/r**2 + alpha/r**3.4 + beta*s1*s2/r**2*sin(2*atan2(y2-y1, x2-x1))')
    - L3: hidden product does real work, hidden-basis RSS reduction 0.212 (+rationale tiebreaker) ('G*m1*m2/r**2 + alpha/r**3.4 + beta*s1*s2/r**2*sin(2*atan2(y2-y1, x2-x1))')
    - L6: law verified invariant under P:(x->-x,v->-v,s->-s) ('G*m1*m2/r**2 + alpha/r**3.4 + beta*s1*s2/r**2*sin(2*atan2(y2-y1, x2-x1))')
    - L1: inverse-square term + Newton accel-fit converges ('G*m1*m2/r**2 + kappa*s1*s2/r**3.4 + alpha*sin(2.1*r) + beta*cos(1.9*r)')
    - L2: second radial term ~r**-3.5 + alpha-basis RSS reduction 0.169 >= 0.05 ('G*m1*m2/r**2 + kappa*s1*s2/r**3.4 + alpha*sin(2.1*r) + beta*cos(1.9*r)')
    - L3: hidden product does real work, hidden-basis RSS reduction 0.212 ('G*m1*m2/r**2 + kappa*s1*s2/r**3.4 + alpha*sin(2.1*r) + beta*cos(1.9*r)')
    - L6: law verified invariant under P:(x->-x,v->-v,s->-s) ('G*m1*m2/r**2 + kappa*s1*s2/r**3.4 + alpha*sin(2.1*r) + beta*cos(1.9*r)')
    - L2 DENIED: second radial term exponent not ~-3.5 ('G*m1*m2/r**2.5 + alpha*sin(k*r) + beta/r**3')
  distinct symbolic_form count=26 (sample up to 30):
    (beta * s1 * s2) / r**3.4 - alpha / r**2
    (k*s1*s2 - G) * m2 / r**2
    (s1*s2 - G)/r**2 - alpha/r**gamma + beta*cos(kappa*r)
    (s1*s2) * (G*m1*m2/r**2 + beta/r**3.4)
    -G * m2 / r**2 + K * s1 * s2 / r**3.4
    -G * m2 / r**2 + kappa * s1 * s2 / (m1 * r**3)
    -G*m1*m2/r**2 + alpha*s1*s2/r**3.4
    -G*m1*m2/r**2 + kappa*s1*s2/r**3.4 + beta*cos(omega*r)
    -G/r**2 + beta*s1*s2/r**3.4
    -G/r**2 + s1*s2/r**4
    G*m1*m2/r**2 + alpha*(s1+s2)/r**3.4
    G*m1*m2/r**2 + alpha/r**(2.5) + beta*sin(kappa*r)
    G*m1*m2/r**2 + alpha/r**2.5 + beta*sin(kappa*r)
    G*m1*m2/r**2 + alpha/r**3.4 + beta*s1*s2*r**2*cos(k*r)
    G*m1*m2/r**2 + alpha/r**3.4 + beta*s1*s2/r**2*sin(2*atan2(y2-y1, x2-x1))
    G*m1*m2/r**2 + kappa*s1*s2/r**3.4 + alpha*sin(2.1*r) + beta*cos(1.9*r)
    G*m1*m2/r**2.5 + alpha*sin(k*r) + beta/r**3
    G*m2*r/(r**2 + alpha*r**2.5 + beta*sin(k*r))
    G*m2/(m1+m2)*r**(-1.8) + alpha*r**(-2.2)*cos(kappa*r) + beta*s1*s2*r**(-1.5)
    G*m2/(r**2) - alpha*s1*s2/r**2
    G*m2/r**2 + s1*s2*cos(kappa*r)/(m1 * r**beta)
    G*m2/r**2 - kappa*(s1*s2/m1)/r**3
    G/r**2 - kappa*s1*s2/r**3.4
    m2 * (G/r**2 + kappa*s1*s2/r**3.4)
    s1*s2*(-alpha/r**2 + beta/r**3.4)
    s1*s2*m2*(-alpha/r**p - beta*sin(kappa*r))
========================================================================
