2026-05-30 18:39:41,823 [INFO] ascension.benchmarks.alien_depth: alien_depth: max_depth=2 per_layer=(True, True, False, False, False, False) held_out_rmse=0.16949941384776535 q_drift=None n_hyp=71 elapsed_ms=8994
========================================================================
ALIEN RUN 4b612516-fa88-4242-a666-90c2fd2e4d62
  run.status=completed  halt_reason=duration_exceeded
  PROVENANCE (P-15.2-6): benchmark_system='alien_universe'  included_in_distillation_v1=False
  SCORING MODE: single-config
  node types: {'dispute': 4, 'hypothesis': 71}
  hypothesis nodes=71  status_breakdown={'active': 63, 'contested': 8}
  SPEND: 212 llm_calls, $1.7120 total
    provider='google': 153 calls, $1.7120
    provider='nvidia': 59 calls, $0.0000
------------------------------------------------------------------------
  DISCOVERY DEPTH (P-15.2-1/2/3): max_depth=2
    per_layer L1..L6 = (True, True, False, False, False, False)
    HONEST consecutive force-law depth (L1-L4, L-057) = 2   [L5=False L6=False reported separately, non-consecutive]
    held_out_rss_reduction=0.16949941384776535  q_drift=None
  scorer notes (78):
    - L1: inverse-square term + Newton accel-fit converges ('-G * m2 / r**2')
    - L1: inverse-square term + Newton accel-fit converges ('-G * m2 / r**2')
    - L1: inverse-square term + Newton accel-fit converges ('-G * m2 / r**2')
    - L2 DENIED: second radial term exponent not ~-3.5 ('-G*m1*m2/r**2 * (x2-x1)/r -G*m1*m2/r**2 * (y2-y1)/r')
    - L2 DENIED: second radial term exponent not ~-3.5 ('-G*m2*r/(r**2 + alpha**2)')
    - L1: inverse-square term + Newton accel-fit converges ('-G*m2/(r**2)')
    - L2 DENIED: second radial term exponent not ~-3.5 ('-G*m2/r**2*(x2-x1)/r -G*m1/r**2*(x1-x2)/r')
    - L1: inverse-square term + Newton accel-fit converges ('-G/r**2 - k/r**3.4')
    - L2: second radial term ~r**-3.5 + alpha-basis RSS reduction 0.169 >= 0.05 ('-G/r**2 - k/r**3.4')
    - L2 DENIED: second radial term exponent not ~-3.5 ('G * m1 * m2 * r / (r**2 + alpha**2)')
    - L1: inverse-square term + Newton accel-fit converges ('G * m1 * m2 / r**2')
    - L6 DENIED: claimed symmetry not verified by sympy ('G * m1 * m2 / r**2')
    - L2 DENIED: second radial term exponent not ~-3.5 ('G * m2 * (x2 - x1) / r**3')
    - L6 DENIED: claimed symmetry not verified by sympy ('G * m2 * (x2 - x1) / r**3')
    - L1: inverse-square term + Newton accel-fit converges ('G * m2 / r**2')
    - L1: inverse-square term + Newton accel-fit converges ('G * m2 / r**2')
    - L1: inverse-square term + Newton accel-fit converges ('G * m2 / r**2')
    - L1: inverse-square term + Newton accel-fit converges ('G * m2 / r**2')
    - L1: inverse-square term + Newton accel-fit converges ('G * m2 / r**2')
    - L1: inverse-square term + Newton accel-fit converges ('G * m2 / r**2')
    - L1: inverse-square term + Newton accel-fit converges ('G * m2 / r**2')
    - L1: inverse-square term + Newton accel-fit converges ('G * m2 / r**2')
    - L1: inverse-square term + Newton accel-fit converges ('G * m2 / r**2')
    - L1: inverse-square term + Newton accel-fit converges ('G * m2 / r**2')
    - L1: inverse-square term + Newton accel-fit converges ('G * m2 / r**2')
    - L1: inverse-square term + Newton accel-fit converges ('G * m2 / r**2')
    - L1: inverse-square term + Newton accel-fit converges ('G * m2 / r**2')
    - L1: inverse-square term + Newton accel-fit converges ('G / r**2')
    - L1: inverse-square term + Newton accel-fit converges ('G*m1*m2/r**2')
    - L1: inverse-square term + Newton accel-fit converges ('G*m1*m2/r**2')
    - L1: inverse-square term + Newton accel-fit converges ('G*m1*m2/r**2')
    - L1: inverse-square term + Newton accel-fit converges ('G*m1*m2/r**2')
    - L1: inverse-square term + Newton accel-fit converges ('G*m1*m2/r**2')
    - L1: inverse-square term + Newton accel-fit converges ('G*m1*m2/r**2')
    - L1: inverse-square term + Newton accel-fit converges ('G*m1*m2/r**2')
    - L1: inverse-square term + Newton accel-fit converges ('G*m1*m2/r**2')
    - L1: inverse-square term + Newton accel-fit converges ('G*m1*m2/r**2')
    - L1: inverse-square term + Newton accel-fit converges ('G*m1*m2/r**2')
    - L1: inverse-square term + Newton accel-fit converges ('G*m1*m2/r**2')
    - L1: inverse-square term + Newton accel-fit converges ('G*m1*m2/r**2')
    - L1: inverse-square term + Newton accel-fit converges ('G*m1*m2/r**2')
    - L1: inverse-square term + Newton accel-fit converges ('G*m1*m2/r**2')
    - L2 DENIED: second radial term exponent not ~-3.5 ('G*m1*m2/r**2 * (x2 - x1)/r + G*m1*m2/r**2 * (y2 - y1)/r')
    - L2 DENIED: second radial term exponent not ~-3.5 ('G*m1*m2/r**2 * (x2 - x1)/r + G*m1*m2/r**2 * (y2 - y1)/r')
    - L2 DENIED: second radial term exponent not ~-3.5 ('G*m1*m2/r**2 * (x2 - x1)/r + G*m1*m2/r**2 * (y2 - y1)/r')
    - L2 DENIED: second radial term exponent not ~-3.5 ('G*m1*m2/r**2 * (x2 - x1)/r + G*m1*m2/r**2 * (y2 - y1)/r')
    - L2 DENIED: second radial term exponent not ~-3.5 ('G*m1*m2/r**2 * (x2 - x1)/r + G*m1*m2/r**2 * (y2 - y1)/r')
    - L2 DENIED: second radial term exponent not ~-3.5 ('G*m1*m2/r**2 * (x2 - x1)/r + G*m1*m2/r**2 * (y2 - y1)/r')
    - L2 DENIED: second radial term exponent not ~-3.5 ('G*m1*m2/r**2 * (x2 - x1)/r + G*m1*m2/r**2 * (y2 - y1)/r')
    - L2 DENIED: second radial term exponent not ~-3.5 ('G*m1*m2/r**2 * (x2 - x1)/r + G*m1*m2/r**2 * (y2 - y1)/r')
    - L2 DENIED: second radial term exponent not ~-3.5 ('G*m1*m2/r**2 * (x2 - x1)/r + G*m1*m2/r**2 * (y2 - y1)/r')
    - L2 DENIED: second radial term exponent not ~-3.5 ('G*m1*m2/r**2 * (x2 - x1)/r + G*m1*m2/r**2 * (y2 - y1)/r')
    - L2 DENIED: second radial term exponent not ~-3.5 ('G*m1*m2/r**2 * (x2 - x1)/r + G*m1*m2/r**2 * (y2 - y1)/r')
    - L2 DENIED: second radial term exponent not ~-3.5 ('G*m1*m2/r**2 * (x2 - x1)/r + G*m1*m2/r**2 * (y2 - y1)/r')
    - L2 DENIED: second radial term exponent not ~-3.5 ('G*m1*m2/r**2 * (x2-x1)/r + G*m1*m2/r**2 * (y2-y1)/r')
    - L2 DENIED: second radial term exponent not ~-3.5 ('G*m1*m2/r**2 * (x2-x1)/r + G*m1*m2/r**2 * (y2-y1)/r')
    - L2 DENIED: second radial term exponent not ~-3.5 ('G*m2*(x2-x1)/r**3')
    - L2 DENIED: second radial term exponent not ~-3.5 ('G*m2*r/(r**2) - G*m1*r/(r**2)')
    - L1: inverse-square term + Newton accel-fit converges ('G*m2/r**2')
    - L1: inverse-square term + Newton accel-fit converges ('G*m2/r**2')
  distinct symbolic_form count=25 (sample up to 30):
    -G * m2 / r**2
    -G*m1*m2/r**2 * (x2-x1)/r -G*m1*m2/r**2 * (y2-y1)/r
    -G*m2*r/(r**2 + alpha**2)
    -G*m2/(r**2)
    -G*m2/r**2*(x2-x1)/r -G*m1/r**2*(x1-x2)/r
    -G/r**2 - k/r**3.4
    G * m1 * m2 * r / (r**2 + alpha**2)
    G * m1 * m2 / r**2
    G * m2 * (x2 - x1) / r**3
    G * m2 / r**2
    G / r**2
    G*m1*m2/r**2
    G*m1*m2/r**2 * (x2 - x1)/r + G*m1*m2/r**2 * (y2 - y1)/r
    G*m1*m2/r**2 * (x2-x1)/r + G*m1*m2/r**2 * (y2-y1)/r
    G*m2*(x2-x1)/r**3
    G*m2*r/(r**2) - G*m1*r/(r**2)
    G*m2/r**2
    G*m2/r**2 + k*m2/r**3
    G*m2/r**2*(x2-x1)/r + G*m1/r**2*(x1-x2)/r
    G/r**2 + H/r**3
    alpha / r**2 + beta * v1
    k * (m1 + m2) * r**2 / (x1**2 + y1**2 + x2**2 + y2**2)
    k * (m1 + m2) * r**2 / (x1**2 + y1**2)
    k * (m1 + m2) / r**3 * (vx1**2 + vy1**2) - G * m1 * m2 / r**2
    kappa / r**2
========================================================================
