2026-05-30 16:56:51,028 [INFO] ascension.benchmarks.alien_depth: alien_depth: max_depth=6 per_layer=(True, True, True, False, False, True) held_out_rmse=0.21206819539332167 q_drift=None n_hyp=40 elapsed_ms=38418
========================================================================
ALIEN RUN 24acbfb1-0a46-4d8d-9d12-9d8166ad71a0
  run.status=completed  halt_reason=duration_exceeded
  PROVENANCE (P-15.2-6): benchmark_system='alien_universe'  included_in_distillation_v1=False
  SCORING MODE: FAMILY (L3/L4 vs held-out products {3,5})
  node types: {'dispute': 3, 'hypothesis': 40}
  hypothesis nodes=40  status_breakdown={'active': 35, 'contested': 5}
  SPEND: 142 llm_calls, $1.8525 total
    provider='google': 120 calls, $1.8525
    provider='nvidia': 22 calls, $0.0000
------------------------------------------------------------------------
  DISCOVERY DEPTH (P-15.2-1/2/3): max_depth=6
    per_layer L1..L6 = (True, True, True, False, False, True)
    HONEST consecutive force-law depth (L1-L4, L-057) = 3   [L5=False L6=True reported separately, non-consecutive]
    held_out_rss_reduction=0.21206819539332167  q_drift=None
  scorer notes (119):
    - L2: second radial term ~r**-3.5 + alpha-basis RSS reduction 0.169 >= 0.05 ('(-G * s1 * s2 / r**3.4) * (1 + alpha * cos(beta * r))')
    - L3: hidden product does real work, hidden-basis RSS reduction 0.212 ('(-G * s1 * s2 / r**3.4) * (1 + alpha * cos(beta * r))')
    - L6: law verified invariant under P:(x->-x,v->-v,s->-s) ('(-G * s1 * s2 / r**3.4) * (1 + alpha * cos(beta * r))')
    - L1: inverse-square term + Newton accel-fit converges ('(-G*m2/r**2) + (k*s1*s2 * cos(kappa * log(r)) / r**3)')
    - L2 DENIED: second radial term exponent not ~-3.5 ('(-G*m2/r**2) + (k*s1*s2 * cos(kappa * log(r)) / r**3)')
    - L3: hidden product does real work, hidden-basis RSS reduction 0.212 ('(-G*m2/r**2) + (k*s1*s2 * cos(kappa * log(r)) / r**3)')
    - L6: law verified invariant under P:(x->-x,v->-v,s->-s) ('(-G*m2/r**2) + (k*s1*s2 * cos(kappa * log(r)) / r**3)')
    - L1: inverse-square term + Newton accel-fit converges ('(G*m2*s1*s2)/(r**2)')
    - L3: hidden product does real work, hidden-basis RSS reduction 0.212 (+rationale tiebreaker) ('(G*m2*s1*s2)/(r**2)')
    - L6: law verified invariant under P:(x->-x,v->-v,s->-s) ('(G*m2*s1*s2)/(r**2)')
    - L1: inverse-square term + Newton accel-fit converges ('(s1 * s2 / r**2.2) + alpha * cos(gamma * r + delta)')
    - L3: hidden product does real work, hidden-basis RSS reduction 0.212 ('(s1 * s2 / r**2.2) + alpha * cos(gamma * r + delta)')
    - L6: law verified invariant under P:(x->-x,v->-v,s->-s) ('(s1 * s2 / r**2.2) + alpha * cos(gamma * r + delta)')
    - L3: hidden product does real work, hidden-basis RSS reduction 0.212 (+rationale tiebreaker) ('(s1 * s2 / r**alpha) + beta * cos(gamma * r)')
    - L6: law verified invariant under P:(x->-x,v->-v,s->-s) ('(s1 * s2 / r**alpha) + beta * cos(gamma * r)')
    - L3: hidden product does real work, hidden-basis RSS reduction 0.212 ('(s1*s2 + beta * cos(gamma * r)) / r**alpha')
    - L6: law verified invariant under P:(x->-x,v->-v,s->-s) ('(s1*s2 + beta * cos(gamma * r)) / r**alpha')
    - L2 DENIED: second radial term exponent not ~-3.5 ('(s1*s2 / r**2.5) * (1 + alpha * cos(beta*r))')
    - L3: hidden product does real work, hidden-basis RSS reduction 0.212 ('(s1*s2 / r**2.5) * (1 + alpha * cos(beta*r))')
    - L6: law verified invariant under P:(x->-x,v->-v,s->-s) ('(s1*s2 / r**2.5) * (1 + alpha * cos(beta*r))')
    - L2 DENIED: second radial term exponent not ~-3.5 ('(s1*s2) / r**3 * cos(beta * log(r))')
    - L3: hidden product does real work, hidden-basis RSS reduction 0.212 (+rationale tiebreaker) ('(s1*s2) / r**3 * cos(beta * log(r))')
    - L6: law verified invariant under P:(x->-x,v->-v,s->-s) ('(s1*s2) / r**3 * cos(beta * log(r))')
    - L3: hidden product does real work, hidden-basis RSS reduction 0.212 ('(s1*s2/r**alpha) * (G + H*cos(kappa*r))')
    - L6: law verified invariant under P:(x->-x,v->-v,s->-s) ('(s1*s2/r**alpha) * (G + H*cos(kappa*r))')
    - L1: inverse-square term + Newton accel-fit converges ('-G/r**2 + A*s1*s2/r**3 + B*cos(k*r)')
    - L2 DENIED: second radial term exponent not ~-3.5 ('-G/r**2 + A*s1*s2/r**3 + B*cos(k*r)')
    - L3: hidden product does real work, hidden-basis RSS reduction 0.212 (+rationale tiebreaker) ('-G/r**2 + A*s1*s2/r**3 + B*cos(k*r)')
    - L6: law verified invariant under P:(x->-x,v->-v,s->-s) ('-G/r**2 + A*s1*s2/r**3 + B*cos(k*r)')
    - L3: hidden product does real work, hidden-basis RSS reduction 0.212 ('G * s1*s2 * cos(kappa * r) / r**gamma')
    - L6: law verified invariant under P:(x->-x,v->-v,s->-s) ('G * s1*s2 * cos(kappa * r) / r**gamma')
    - L2 DENIED: second radial term exponent not ~-3.5 ('G*m1*m2/r**2 * (x2 - x1)/r + alpha*s1*s2/r**3 * (y2 - y1)/r + beta*(vx2 - vx1)/r + gamma*(vy2 - vy1)/r')
    - L3: hidden product does real work, hidden-basis RSS reduction 0.212 ('G*m1*m2/r**2 * (x2 - x1)/r + alpha*s1*s2/r**3 * (y2 - y1)/r + beta*(vx2 - vx1)/r + gamma*(vy2 - vy1)/r')
    - L6: law verified invariant under P:(x->-x,v->-v,s->-s) ('G*m1*m2/r**2 * (x2 - x1)/r + alpha*s1*s2/r**3 * (y2 - y1)/r + beta*(vx2 - vx1)/r + gamma*(vy2 - vy1)/r')
    - L1: inverse-square term + Newton accel-fit converges ('G*m1*m2/r**2.2 + alpha*s1*s2*sin(k*r)')
    - L3: hidden product does real work, hidden-basis RSS reduction 0.212 ('G*m1*m2/r**2.2 + alpha*s1*s2*sin(k*r)')
    - L6: law verified invariant under P:(x->-x,v->-v,s->-s) ('G*m1*m2/r**2.2 + alpha*s1*s2*sin(k*r)')
    - L1: inverse-square term + Newton accel-fit converges ('G*m1*m2/r**2.2 + alpha*s1*s2*sin(k*r)')
    - L3: hidden product does real work, hidden-basis RSS reduction 0.212 ('G*m1*m2/r**2.2 + alpha*s1*s2*sin(k*r)')
    - L6: law verified invariant under P:(x->-x,v->-v,s->-s) ('G*m1*m2/r**2.2 + alpha*s1*s2*sin(k*r)')
    - L1: inverse-square term + Newton accel-fit converges ('G*m1*m2/r**2.2 + alpha*sin(k*r) + beta/r**2')
    - L1: inverse-square term + Newton accel-fit converges ('G*m1*m2/r**2.2 + alpha*sin(k*r)*r**(-1.8) + beta*s1*s2/r**2.5')
    - L2 DENIED: second radial term exponent not ~-3.5 ('G*m1*m2/r**2.2 + alpha*sin(k*r)*r**(-1.8) + beta*s1*s2/r**2.5')
    - L3: hidden product does real work, hidden-basis RSS reduction 0.212 (+rationale tiebreaker) ('G*m1*m2/r**2.2 + alpha*sin(k*r)*r**(-1.8) + beta*s1*s2/r**2.5')
    - L6: law verified invariant under P:(x->-x,v->-v,s->-s) ('G*m1*m2/r**2.2 + alpha*sin(k*r)*r**(-1.8) + beta*s1*s2/r**2.5')
    - L1: inverse-square term + Newton accel-fit converges ('G*m1*m2/r**2.2 - alpha*s1*s2*sin(k*r)/r**2')
    - L3: hidden product does real work, hidden-basis RSS reduction 0.212 ('G*m1*m2/r**2.2 - alpha*s1*s2*sin(k*r)/r**2')
    - L6: law verified invariant under P:(x->-x,v->-v,s->-s) ('G*m1*m2/r**2.2 - alpha*s1*s2*sin(k*r)/r**2')
    - L2 DENIED: second radial term exponent not ~-3.5 ('G*m1*m2/r**2.4 + alpha*s1*s2*cos(2*pi*r/10)')
    - L3: hidden product does real work, hidden-basis RSS reduction 0.158 (+rationale tiebreaker) ('G*m1*m2/r**2.4 + alpha*s1*s2*cos(2*pi*r/10)')
    - L6: law verified invariant under P:(x->-x,v->-v,s->-s) ('G*m1*m2/r**2.4 + alpha*s1*s2*cos(2*pi*r/10)')
    - L2 DENIED: second radial term exponent not ~-3.5 ('G*m1*m2/r**2.4 + alpha*s1*s2*sin(k*r)')
    - L3: hidden product does real work, hidden-basis RSS reduction 0.212 ('G*m1*m2/r**2.4 + alpha*s1*s2*sin(k*r)')
    - L6: law verified invariant under P:(x->-x,v->-v,s->-s) ('G*m1*m2/r**2.4 + alpha*s1*s2*sin(k*r)')
    - L1: inverse-square term + Newton accel-fit converges ('G*m1*m2/r**2.4 + alpha*s1*s2*sin(k*r) / r**2')
    - L2 DENIED: second radial term exponent not ~-3.5 ('G*m1*m2/r**2.4 + alpha*s1*s2*sin(k*r) / r**2')
    - L3: hidden product does real work, hidden-basis RSS reduction 0.212 (+rationale tiebreaker) ('G*m1*m2/r**2.4 + alpha*s1*s2*sin(k*r) / r**2')
    - L6: law verified invariant under P:(x->-x,v->-v,s->-s) ('G*m1*m2/r**2.4 + alpha*s1*s2*sin(k*r) / r**2')
    - L1: inverse-square term + Newton accel-fit converges ('G*m1*m2/r**2.4 + alpha*sin(k*r)*s1*s2/r**2')
    - L2 DENIED: second radial term exponent not ~-3.5 ('G*m1*m2/r**2.4 + alpha*sin(k*r)*s1*s2/r**2')
  distinct symbolic_form count=38 (sample up to 30):
    (-G * s1 * s2 / r**3.4) * (1 + alpha * cos(beta * r))
    (-G*m2/r**2) + (k*s1*s2 * cos(kappa * log(r)) / r**3)
    (G*m2*s1*s2)/(r**2)
    (s1 * s2 / r**2.2) + alpha * cos(gamma * r + delta)
    (s1 * s2 / r**alpha) + beta * cos(gamma * r)
    (s1*s2 + beta * cos(gamma * r)) / r**alpha
    (s1*s2 / r**2.5) * (1 + alpha * cos(beta*r))
    (s1*s2) / r**3 * cos(beta * log(r))
    (s1*s2/r**alpha) * (G + H*cos(kappa*r))
    -G/r**2 + A*s1*s2/r**3 + B*cos(k*r)
    G * s1*s2 * cos(kappa * r) / r**gamma
    G*m1*m2/r**2 * (x2 - x1)/r + alpha*s1*s2/r**3 * (y2 - y1)/r + beta*(vx2 - vx1)/r + gamma*(vy2 - vy1)/r
    G*m1*m2/r**2.2 + alpha*s1*s2*sin(k*r)
    G*m1*m2/r**2.2 + alpha*sin(k*r) + beta/r**2
    G*m1*m2/r**2.2 + alpha*sin(k*r)*r**(-1.8) + beta*s1*s2/r**2.5
    G*m1*m2/r**2.2 - alpha*s1*s2*sin(k*r)/r**2
    G*m1*m2/r**2.4 + alpha*s1*s2*cos(2*pi*r/10)
    G*m1*m2/r**2.4 + alpha*s1*s2*sin(k*r)
    G*m1*m2/r**2.4 + alpha*s1*s2*sin(k*r) / r**2
    G*m1*m2/r**2.4 + alpha*sin(k*r)*s1*s2/r**2
    G*m2/(m1+m2)*s1*s2/r**2*(x2-x1)/r + G*m2/(m1+m2)*s1*s2/r**2*(y2-y1)/r
    G*r - alpha/r**2 + beta*s1*s2/r**3
    G*r - alpha/r**2.7 + beta*sin(k*r) + s1*s2/r**2.3
    G*r**(-1.7) + alpha*sin(2*pi*r/(s1+s2)) + beta*r**2/(m1*m2)
    G*s1*s2/r**2 - gamma/r**2.5 + beta*cos(k*r)/r**2
    alpha * s1 * s2 / (m1 * r**2)
    alpha*s1*s2/r**3 - G/r**2
    alpha/r**2 + s1*s2/r**3
    alpha/r**2.4 + beta*s1*s2*cos(kappa*r)
    kappa * s1 * s2 / r**2
========================================================================
