2026-05-30 17:58:31,008 [INFO] ascension.benchmarks.alien_depth: alien_depth: max_depth=6 per_layer=(True, True, True, False, False, True) held_out_rmse=0.1323213441236496 q_drift=None n_hyp=75 elapsed_ms=9126
========================================================================
ALIEN RUN 4091bfa8-7f3a-44a9-9868-0da6ba932842
  run.status=completed  halt_reason=duration_exceeded
  PROVENANCE (P-15.2-6): benchmark_system='alien_universe'  included_in_distillation_v1=False
  SCORING MODE: single-config
  node types: {'dispute': 3, 'hypothesis': 75}
  hypothesis nodes=75  status_breakdown={'active': 70, 'contested': 5}
  SPEND: 212 llm_calls, $1.7451 total
    provider='google': 149 calls, $1.7451
    provider='nvidia': 63 calls, $0.0000
------------------------------------------------------------------------
  DISCOVERY DEPTH (P-15.2-1/2/3): max_depth=6
    per_layer L1..L6 = (True, True, True, False, False, True)
    HONEST consecutive force-law depth (L1-L4, L-057) = 3   [L5=False L6=True reported separately, non-consecutive]
    held_out_rss_reduction=0.1323213441236496  q_drift=None
  scorer notes (89):
    - L1: inverse-square term + Newton accel-fit converges ('(G/r**2 + K/r**3.4) * s1 * s2')
    - L2: second radial term ~r**-3.5 + alpha-basis RSS reduction 0.169 >= 0.05 ('(G/r**2 + K/r**3.4) * s1 * s2')
    - L3: hidden product does real work, hidden-basis RSS reduction 0.132 ('(G/r**2 + K/r**3.4) * s1 * s2')
    - L6: law verified invariant under P:(x->-x,v->-v,s->-s) ('(G/r**2 + K/r**3.4) * s1 * s2')
    - L1: inverse-square term + Newton accel-fit converges ('-G * (1 + alpha * v1 * v2) * m2 / r**2')
    - L1: inverse-square term + Newton accel-fit converges ('-G * m2 / r**2')
    - L1: inverse-square term + Newton accel-fit converges ('-G * m2 / r**2')
    - L1: inverse-square term + Newton accel-fit converges ('-G*m1*m2/(r**2)')
    - L2 DENIED: second radial term exponent not ~-3.5 ('-G*m1*m2/r**2 * (x2 - x1)/r -G*m1*m2/r**2 * (y2 - y1)/r')
    - L2 DENIED: second radial term exponent not ~-3.5 ('-G*m1*m2/r**2 * (x2-x1)/r -G*m1*m2/r**2 * (y2-y1)/r')
    - L2 DENIED: second radial term exponent not ~-3.5 ('-G*m1*m2/r**2 * (x2-x1)/r -G*m1*m2/r**2 * (y2-y1)/r')
    - L1: inverse-square term + Newton accel-fit converges ('-kappa/r**2 - gamma/r**3')
    - L2 DENIED: second radial term exponent not ~-3.5 ('-kappa/r**2 - gamma/r**3')
    - L1: inverse-square term + Newton accel-fit converges ('G * m1 * m2 / r**2')
    - L6 DENIED: claimed symmetry not verified by sympy ('G * m1 * m2 / r**2')
    - L2 DENIED: second radial term exponent not ~-3.5 ('G * m2 * (x2 - x1) / r**3 - k * vx1')
    - L1: inverse-square term + Newton accel-fit converges ('G * m2 / r**2')
    - L1: inverse-square term + Newton accel-fit converges ('G * m2 / r**2')
    - L1: inverse-square term + Newton accel-fit converges ('G * m2 / r**2')
    - L1: inverse-square term + Newton accel-fit converges ('G * m2 / r**2')
    - L1: inverse-square term + Newton accel-fit converges ('G / r**2')
    - L6 DENIED: claimed symmetry not verified by sympy ('G / r**2')
    - L1: inverse-square term + Newton accel-fit converges ('G / r**2')
    - L6 DENIED: claimed symmetry not verified by sympy ('G / r**2')
    - L1: inverse-square term + Newton accel-fit converges ('G / r**2')
    - L6 DENIED: claimed symmetry not verified by sympy ('G / r**2')
    - L1: inverse-square term + Newton accel-fit converges ('G / r**2')
    - L6 DENIED: claimed symmetry not verified by sympy ('G / r**2')
    - L1: inverse-square term + Newton accel-fit converges ('G*m1*m2/r**2')
    - L1: inverse-square term + Newton accel-fit converges ('G*m1*m2/r**2')
    - L1: inverse-square term + Newton accel-fit converges ('G*m1*m2/r**2')
    - L1: inverse-square term + Newton accel-fit converges ('G*m1*m2/r**2')
    - L1: inverse-square term + Newton accel-fit converges ('G*m1*m2/r**2')
    - L1: inverse-square term + Newton accel-fit converges ('G*m1*m2/r**2')
    - L1: inverse-square term + Newton accel-fit converges ('G*m1*m2/r**2')
    - L1: inverse-square term + Newton accel-fit converges ('G*m1*m2/r**2')
    - L1: inverse-square term + Newton accel-fit converges ('G*m1*m2/r**2')
    - L1: inverse-square term + Newton accel-fit converges ('G*m1*m2/r**2')
    - L1: inverse-square term + Newton accel-fit converges ('G*m1*m2/r**2')
    - L1: inverse-square term + Newton accel-fit converges ('G*m1*m2/r**2')
    - L1: inverse-square term + Newton accel-fit converges ('G*m1*m2/r**2')
    - L1: inverse-square term + Newton accel-fit converges ('G*m1*m2/r**2')
    - L1: inverse-square term + Newton accel-fit converges ('G*m1*m2/r**2')
    - L1: inverse-square term + Newton accel-fit converges ('G*m1*m2/r**2')
    - L1: inverse-square term + Newton accel-fit converges ('G*m1*m2/r**2')
    - L1: inverse-square term + Newton accel-fit converges ('G*m1*m2/r**2')
    - L1: inverse-square term + Newton accel-fit converges ('G*m1*m2/r**2')
    - L1: inverse-square term + Newton accel-fit converges ('G*m1*m2/r**2')
    - L1: inverse-square term + Newton accel-fit converges ('G*m1*m2/r**2')
    - L1: inverse-square term + Newton accel-fit converges ('G*m1*m2/r**2')
    - L1: inverse-square term + Newton accel-fit converges ('G*m1*m2/r**2')
    - L1: inverse-square term + Newton accel-fit converges ('G*m1*m2/r**2')
    - L1: inverse-square term + Newton accel-fit converges ('G*m1*m2/r**2')
    - L1: inverse-square term + Newton accel-fit converges ('G*m1*m2/r**2')
    - L1: inverse-square term + Newton accel-fit converges ('G*m1*m2/r**2')
    - L1: inverse-square term + Newton accel-fit converges ('G*m1*m2/r**2')
    - L1: inverse-square term + Newton accel-fit converges ('G*m1*m2/r**2')
    - L1: inverse-square term + Newton accel-fit converges ('G*m1*m2/r**2')
    - L1: inverse-square term + Newton accel-fit converges ('G*m1*m2/r**2')
    - L1: inverse-square term + Newton accel-fit converges ('G*m1*m2/r**2')
  distinct symbolic_form count=24 (sample up to 30):
    (G/r**2 + K/r**3.4) * s1 * s2
    -G * (1 + alpha * v1 * v2) * m2 / r**2
    -G * m2 / r**2
    -G*m1*m2/(r**2)
    -G*m1*m2/r**2 * (x2 - x1)/r -G*m1*m2/r**2 * (y2 - y1)/r
    -G*m1*m2/r**2 * (x2-x1)/r -G*m1*m2/r**2 * (y2-y1)/r
    -kappa/r**2 - gamma/r**3
    G * m1 * m2 / r**2
    G * m2 * (x2 - x1) / r**3 - k * vx1
    G * m2 / r**2
    G / r**2
    G*m1*m2/r**2
    G*m1*m2/r**2 * (x2 - x1)/r + G*m1*m2/r**2 * (y2 - y1)/r
    G*m1*m2/r**2 * (x2-x1)/r + G*m1*m2/r**2 * (y2-y1)/r
    G*m2/r**2
    G*m2/r**2 + H*m2/r**3
    G*m2/r**2 + H/r**3
    G*r**2 - alpha/r**3 + beta*(vx1**2 + vy1**2)
    G/r**2
    G/r**2 + kappa/r**4
    k * (m1 + m2) / r**2 + alpha * (vx1**2 + vx2**2) / r**3
    k / r**2
    kappa * r**2 - alpha/r**2 + beta * (vx1**2 + vy1**2) / r**3
    kappa / r**3
========================================================================
