2026-08-25 17:54:55,081 [INFO] ascension.benchmarks.alien_depth: alien_depth: max_depth=2 per_layer=(True, True, False, False, False, False) held_out_rmse=0.16949941384776535 q_drift=None n_hyp=29 elapsed_ms=9579
========================================================================
ALIEN RUN a0b2b1bc-5697-421f-b62b-36703e5be3c3
  run.status=completed  halt_reason=duration_exceeded
  PROVENANCE (P-15.2-6): benchmark_system='alien_universe'  included_in_distillation_v1=False
  SCORING MODE: single-config
  node types: {'dispute': 1, 'hypothesis': 29}
  hypothesis nodes=29  status_breakdown={'active': 27, 'contested': 2}
  SPEND: 100 llm_calls, $1.5365 total
    provider='google': 89 calls, $1.5365
    provider='nvidia': 11 calls, $0.0000
------------------------------------------------------------------------
  DISCOVERY DEPTH (P-15.2-1/2/3): max_depth=2
    per_layer L1..L6 = (True, True, False, False, False, False)
    HONEST consecutive force-law depth (L1-L4, L-057) = 2   [L5=False L6=False reported separately, non-consecutive]
    held_out_rss_reduction=0.16949941384776535  q_drift=None
  scorer notes (48):
    - L1: inverse-square term + Newton accel-fit converges ('(G * m1 * m2 / r**2) + (alpha / r**3.4) + (beta * cos(kappa * r) / r**2)')
    - L2: second radial term ~r**-3.5 + correction-basis RSS reduction 0.169 >= 0.05 ('(G * m1 * m2 / r**2) + (alpha / r**3.4) + (beta * cos(kappa * r) / r**2)')
    - L1: inverse-square term + Newton accel-fit converges ('-G * m2 / r**2 - K / r**3.4')
    - L2: second radial term ~r**-3.5 + correction-basis RSS reduction 0.169 >= 0.05 ('-G * m2 / r**2 - K / r**3.4')
    - L1: inverse-square term + Newton accel-fit converges ('-G * m2 / r**2 - kappa / r**3.4')
    - L2: second radial term ~r**-3.5 + correction-basis RSS reduction 0.169 >= 0.05 ('-G * m2 / r**2 - kappa / r**3.4')
    - L2 DENIED: second radial term exponent not ~-3.5 ('-G*m2*r/(r**2)')
    - L1: inverse-square term + Newton accel-fit converges ('-G/r**2 - J/r**3')
    - L2 DENIED: second radial term exponent not ~-3.5 ('-G/r**2 - J/r**3')
    - L1: inverse-square term + Newton accel-fit converges ('G * m2 / r**2 + alpha * m2 / r**3.4')
    - L2: second radial term ~r**-3.5 + correction-basis RSS reduction 0.169 >= 0.05 ('G * m2 / r**2 + alpha * m2 / r**3.4')
    - L1: inverse-square term + Newton accel-fit converges ('G * m2 / r**2 + beta * m2 / r**3')
    - L2 DENIED: second radial term exponent not ~-3.5 ('G * m2 / r**2 + beta * m2 / r**3')
    - L1: inverse-square term + Newton accel-fit converges ('G / r**2 + K / r**3.4')
    - L2: second radial term ~r**-3.5 + correction-basis RSS reduction 0.169 >= 0.05 ('G / r**2 + K / r**3.4')
    - L1: inverse-square term + Newton accel-fit converges ('G*m2/r**2 + H*m2/r**p + A*cos(k*r)')
    - L1: inverse-square term + Newton accel-fit converges ('G*m2/r**2 + H/r**3')
    - L2 DENIED: second radial term exponent not ~-3.5 ('G*m2/r**2 + H/r**3')
    - L1: inverse-square term + Newton accel-fit converges ('G*m2/r**2 + alpha*m2/r**3')
    - L2 DENIED: second radial term exponent not ~-3.5 ('G*m2/r**2 + alpha*m2/r**3')
    - L1: inverse-square term + Newton accel-fit converges ('G*m2/r**2 + alpha/r**3.4')
    - L2: second radial term ~r**-3.5 + correction-basis RSS reduction 0.169 >= 0.05 ('G*m2/r**2 + alpha/r**3.4')
    - L1: inverse-square term + Newton accel-fit converges ('G*m2/r**2 + beta/r**3')
    - L2 DENIED: second radial term exponent not ~-3.5 ('G*m2/r**2 + beta/r**3')
    - L1: inverse-square term + Newton accel-fit converges ('G*m2/r**2 + kappa*m2/r**3.4')
    - L2: second radial term ~r**-3.5 + correction-basis RSS reduction 0.169 >= 0.05 ('G*m2/r**2 + kappa*m2/r**3.4')
    - L1: inverse-square term + Newton accel-fit converges ('G*m2/r**2 - k/r**3')
    - L2 DENIED: second radial term exponent not ~-3.5 ('G*m2/r**2 - k/r**3')
    - L1: inverse-square term + Newton accel-fit converges ('G*r - alpha/r**2 + beta*r*sin(k*r)')
    - L2 DENIED: second radial term exponent not ~-3.5 ('G*r - alpha/r**2 + beta*r*sin(k*r)')
    - L2 DENIED: second radial term exponent not ~-3.5 ('G*r/(r**2 + alpha*r**0.4) + beta*sin(k*r)')
    - L2: second radial term ~r**-3.5 + correction-basis RSS reduction 0.169 >= 0.05 ('G*r/(r**2 + alpha*r**0.4) + beta/r**3.4')
    - L2 DENIED: second radial term exponent not ~-3.5 ('G*r/(r**2 + alpha*r**beta) + kappa*sin(omega*r + phi)')
    - L1: inverse-square term + Newton accel-fit converges ('G/r**2 + H/r**3.4')
    - L2: second radial term ~r**-3.5 + correction-basis RSS reduction 0.169 >= 0.05 ('G/r**2 + H/r**3.4')
    - L1: inverse-square term + Newton accel-fit converges ('G/r**2 + H/r**3.4')
    - L2: second radial term ~r**-3.5 + correction-basis RSS reduction 0.169 >= 0.05 ('G/r**2 + H/r**3.4')
    - L1: inverse-square term + Newton accel-fit converges ('G/r**2 + H/r**3.4')
    - L2: second radial term ~r**-3.5 + correction-basis RSS reduction 0.169 >= 0.05 ('G/r**2 + H/r**3.4')
    - L1: inverse-square term + Newton accel-fit converges ('G/r**2 + alpha/r**p')
    - L1: inverse-square term + Newton accel-fit converges ('G/r**2 + beta/r**3.4 + gamma*cos(omega*r)')
    - L2: second radial term ~r**-3.5 + correction-basis RSS reduction 0.169 >= 0.05 ('G/r**2 + beta/r**3.4 + gamma*cos(omega*r)')
    - L1: inverse-square term + Newton accel-fit converges ('alpha/r**2 + beta/r**3.4')
    - L2: second radial term ~r**-3.5 + correction-basis RSS reduction 0.169 >= 0.05 ('alpha/r**2 + beta/r**3.4')
    - L1: inverse-square term + Newton accel-fit converges ('alpha/r**2 + beta/r**3.4 + gamma*cos(kappa*r)')
    - L2: second radial term ~r**-3.5 + correction-basis RSS reduction 0.169 >= 0.05 ('alpha/r**2 + beta/r**3.4 + gamma*cos(kappa*r)')
    - L1: inverse-square term + Newton accel-fit converges ('alpha/r**2 + beta/r**3.4 + gamma*cos(omega*r)')
    - L2: second radial term ~r**-3.5 + correction-basis RSS reduction 0.169 >= 0.05 ('alpha/r**2 + beta/r**3.4 + gamma*cos(omega*r)')
  distinct symbolic_form count=27 (sample up to 30):
    (G * m1 * m2 / r**2) + (alpha / r**3.4) + (beta * cos(kappa * r) / r**2)
    -G * m2 / r**2 - K / r**3.4
    -G * m2 / r**2 - kappa / r**3.4
    -G*m2*r/(r**2)
    -G/r**2 - J/r**3
    G * m2 / r**2 + alpha * m2 / r**3.4
    G * m2 / r**2 + beta * m2 / r**3
    G * m2 / r**p
    G / r**2 + K / r**3.4
    G / r**p
    G*m2/r**2 + H*m2/r**p + A*cos(k*r)
    G*m2/r**2 + H/r**3
    G*m2/r**2 + alpha*m2/r**3
    G*m2/r**2 + alpha/r**3.4
    G*m2/r**2 + beta/r**3
    G*m2/r**2 + kappa*m2/r**3.4
    G*m2/r**2 - k/r**3
    G*r - alpha/r**2 + beta*r*sin(k*r)
    G*r/(r**2 + alpha*r**0.4) + beta*sin(k*r)
    G*r/(r**2 + alpha*r**0.4) + beta/r**3.4
    G*r/(r**2 + alpha*r**beta) + kappa*sin(omega*r + phi)
    G/r**2 + H/r**3.4
    G/r**2 + alpha/r**p
    G/r**2 + beta/r**3.4 + gamma*cos(omega*r)
    alpha/r**2 + beta/r**3.4
    alpha/r**2 + beta/r**3.4 + gamma*cos(kappa*r)
    alpha/r**2 + beta/r**3.4 + gamma*cos(omega*r)
========================================================================
