2026-08-25 19:19:33,606 [INFO] ascension.benchmarks.alien_depth: alien_depth: max_depth=2 per_layer=(True, True, False, False, False, False) held_out_rmse=0.16949941384776535 q_drift=None n_hyp=27 elapsed_ms=9276
========================================================================
ALIEN RUN 88bed60e-4513-4126-ae94-78828e596aaf
  run.status=completed  halt_reason=duration_exceeded
  PROVENANCE (P-15.2-6): benchmark_system='alien_universe'  included_in_distillation_v1=False
  SCORING MODE: single-config
  node types: {'hypothesis': 27}
  hypothesis nodes=27  status_breakdown={'active': 27}
  SPEND: 95 llm_calls, $1.5907 total
    provider='google': 84 calls, $1.5907
    provider='nvidia': 11 calls, $0.0000
------------------------------------------------------------------------
  DISCOVERY DEPTH (P-15.2-1/2/3): max_depth=2
    per_layer L1..L6 = (True, True, False, False, False, False)
    HONEST consecutive force-law depth (L1-L4, L-057) = 2   [L5=False L6=False reported separately, non-consecutive]
    held_out_rss_reduction=0.16949941384776535  q_drift=None
  scorer notes (43):
    - L1: inverse-square term + Newton accel-fit converges ('(G*m1*m2/r**2) * (1 + alpha * cos(omega * log(r/r0)))')
    - L1: inverse-square term + Newton accel-fit converges ('(m2*alpha)/r**2 - (m2*beta)/r**3')
    - L2 DENIED: second radial term exponent not ~-3.5 ('(m2*alpha)/r**2 - (m2*beta)/r**3')
    - L1: inverse-square term + Newton accel-fit converges ('-G * m2 / r**2 * (1 + alpha * cos(k*r))')
    - L1: inverse-square term + Newton accel-fit converges ('-G * m2 / r**2 + beta / r**3')
    - L2 DENIED: second radial term exponent not ~-3.5 ('-G * m2 / r**2 + beta / r**3')
    - L1: inverse-square term + Newton accel-fit converges ('-G*m2/r**2 + gamma*m2/r**4')
    - L2 DENIED: second radial term exponent not ~-3.5 ('-G*m2/r**2 + gamma*m2/r**4')
    - L6 DENIED: claimed symmetry not verified by sympy ('-G*m2/r**2 + gamma*m2/r**4')
    - L1: inverse-square term + Newton accel-fit converges ('-G/r**2 + K/r**3.4')
    - L2: second radial term ~r**-3.5 + correction-basis RSS reduction 0.169 >= 0.05 ('-G/r**2 + K/r**3.4')
    - L1: inverse-square term + Newton accel-fit converges ('-alpha/r**2 - beta/r**(17/5)')
    - L2: second radial term ~r**-3.5 + correction-basis RSS reduction 0.169 >= 0.05 ('-alpha/r**2 - beta/r**(17/5)')
    - L1: inverse-square term + Newton accel-fit converges ('G * m2 / r**2')
    - L1: inverse-square term + Newton accel-fit converges ('G*m1*m2/r**2 + alpha/r**3.4')
    - L2: second radial term ~r**-3.5 + correction-basis RSS reduction 0.169 >= 0.05 ('G*m1*m2/r**2 + alpha/r**3.4')
    - L1: inverse-square term + Newton accel-fit converges ('G*m1*m2/r**2 + alpha/r**3.4 + beta*r*sin(k*r)')
    - L2: second radial term ~r**-3.5 + correction-basis RSS reduction 0.169 >= 0.05 ('G*m1*m2/r**2 + alpha/r**3.4 + beta*r*sin(k*r)')
    - L1: inverse-square term + Newton accel-fit converges ('G*m1*m2/r**2 + k/r**3.4 * cos(omega*log(r))')
    - L2: second radial term ~r**-3.5 + correction-basis RSS reduction 0.169 >= 0.05 ('G*m1*m2/r**2 + k/r**3.4 * cos(omega*log(r))')
    - L1: inverse-square term + Newton accel-fit converges ('G*m1*m2/r**2 - alpha/r**3.4 * cos(beta * log(r) + gamma)')
    - L2: second radial term ~r**-3.5 + correction-basis RSS reduction 0.169 >= 0.05 ('G*m1*m2/r**2 - alpha/r**3.4 * cos(beta * log(r) + gamma)')
    - L1: inverse-square term + Newton accel-fit converges ('G*m2/r**2')
    - L1: inverse-square term + Newton accel-fit converges ('G*m2/r**2 + (C/r**3) * cos(omega*log(r/r0))')
    - L2 DENIED: second radial term exponent not ~-3.5 ('G*m2/r**2 + (C/r**3) * cos(omega*log(r/r0))')
    - L1: inverse-square term + Newton accel-fit converges ('G*m2/r**2 + K*m2/r**3.4 * cos(omega*log(r) + phi)')
    - L2: second radial term ~r**-3.5 + correction-basis RSS reduction 0.169 >= 0.05 ('G*m2/r**2 + K*m2/r**3.4 * cos(omega*log(r) + phi)')
    - L1: inverse-square term + Newton accel-fit converges ('G*m2/r**2 + alpha/r**(17/5)')
    - L2: second radial term ~r**-3.5 + correction-basis RSS reduction 0.169 >= 0.05 ('G*m2/r**2 + alpha/r**(17/5)')
    - L1: inverse-square term + Newton accel-fit converges ('G*m2/r**2 + beta*m2/r**3')
    - L2 DENIED: second radial term exponent not ~-3.5 ('G*m2/r**2 + beta*m2/r**3')
    - L2 DENIED: second radial term exponent not ~-3.5 ('G*r/(r**2 + alpha*r**0.4) + beta*sin(k*r)')
    - L2 DENIED: second radial term exponent not ~-3.5 ('G*r/(r**2 + alpha*r**3.4) + beta*sin(kappa*r)')
    - L1: inverse-square term + Newton accel-fit converges ('G/r**2 + (alpha/r**3) * (1 + gamma*cos(beta*log(r)))')
    - L2 DENIED: second radial term exponent not ~-3.5 ('G/r**2 + (alpha/r**3) * (1 + gamma*cos(beta*log(r)))')
    - L1: inverse-square term + Newton accel-fit converges ('G/r**2 + K/r**4')
    - L2 DENIED: second radial term exponent not ~-3.5 ('G/r**2 + K/r**4')
    - L1: inverse-square term + Newton accel-fit converges ('G/r**2 + alpha/r**gamma')
    - L1: inverse-square term + Newton accel-fit converges ('G/r**2 + alpha/r**p')
    - L1: inverse-square term + Newton accel-fit converges ('alpha/r**2 + beta/r**3 * cos(omega * log(r))')
    - L2 DENIED: second radial term exponent not ~-3.5 ('alpha/r**2 + beta/r**3 * cos(omega * log(r))')
    - L1: inverse-square term + Newton accel-fit converges ('alpha/r**2 + beta/r**4')
    - L2 DENIED: second radial term exponent not ~-3.5 ('alpha/r**2 + beta/r**4')
  distinct symbolic_form count=27 (sample up to 30):
    (G * m2 / r**p) * (1 + A * cos(w * log(r)))
    (G*m1*m2/r**2) * (1 + alpha * cos(omega * log(r/r0)))
    (G/r**p) * (1 + A*cos(omega*log(r)))
    (m2*alpha)/r**2 - (m2*beta)/r**3
    -G * m2 / r**2 * (1 + alpha * cos(k*r))
    -G * m2 / r**2 + beta / r**3
    -G*m2/r**2 + gamma*m2/r**4
    -G/r**2 + K/r**3.4
    -alpha/r**2 - beta/r**(17/5)
    G * m2 / r**2
    G*m1*m2/r**2 + alpha/r**3.4
    G*m1*m2/r**2 + alpha/r**3.4 + beta*r*sin(k*r)
    G*m1*m2/r**2 + k/r**3.4 * cos(omega*log(r))
    G*m1*m2/r**2 - alpha/r**3.4 * cos(beta * log(r) + gamma)
    G*m2/r**2
    G*m2/r**2 + (C/r**3) * cos(omega*log(r/r0))
    G*m2/r**2 + K*m2/r**3.4 * cos(omega*log(r) + phi)
    G*m2/r**2 + alpha/r**(17/5)
    G*m2/r**2 + beta*m2/r**3
    G*r/(r**2 + alpha*r**0.4) + beta*sin(k*r)
    G*r/(r**2 + alpha*r**3.4) + beta*sin(kappa*r)
    G/r**2 + (alpha/r**3) * (1 + gamma*cos(beta*log(r)))
    G/r**2 + K/r**4
    G/r**2 + alpha/r**gamma
    G/r**2 + alpha/r**p
    alpha/r**2 + beta/r**3 * cos(omega * log(r))
    alpha/r**2 + beta/r**4
========================================================================
