2026-08-25 18:58:38,712 [INFO] ascension.benchmarks.alien_depth: alien_depth: max_depth=6 per_layer=(True, False, True, False, False, True) held_out_rmse=0.21206819539332167 q_drift=None n_hyp=29 elapsed_ms=25902
========================================================================
ALIEN RUN 970fec4f-1c5b-4c2c-8654-c636676181c3
  run.status=completed  halt_reason=duration_exceeded
  PROVENANCE (P-15.2-6): benchmark_system='alien_universe'  included_in_distillation_v1=False
  SCORING MODE: FAMILY (L3/L4 vs held-out products {3,5})
  node types: {'dispute': 3, 'hypothesis': 29}
  hypothesis nodes=29  status_breakdown={'active': 23, 'contested': 6}
  SPEND: 94 llm_calls, $1.8333 total
    provider='google': 77 calls, $1.8333
    provider='nvidia': 17 calls, $0.0000
------------------------------------------------------------------------
  DISCOVERY DEPTH (P-15.2-1/2/3): max_depth=6
    per_layer L1..L6 = (True, False, True, False, False, True)
    HONEST consecutive force-law depth (L1-L4, L-057) = 1   [L5=False L6=True reported separately, non-consecutive]
    held_out_rss_reduction=0.21206819539332167  q_drift=None
  scorer notes (92):
    - L1: inverse-square term + Newton accel-fit converges ('(-G * m2 / r**2) + (beta * m2 * s1 * s2 / r**3)')
    - L2 DENIED: second radial term exponent not ~-3.5 ('(-G * m2 / r**2) + (beta * m2 * s1 * s2 / r**3)')
    - L3: hidden product does real work, hidden-basis RSS reduction 0.212 (+rationale tiebreaker) ('(-G * m2 / r**2) + (beta * m2 * s1 * s2 / r**3)')
    - L6: law verified invariant under P:(x->-x,v->-v,s->-s) ('(-G * m2 / r**2) + (beta * m2 * s1 * s2 / r**3)')
    - L1: inverse-square term + Newton accel-fit converges ('(G*m2 - k*s1*s2) / r**2')
    - L3: hidden product does real work, hidden-basis RSS reduction 0.212 (+rationale tiebreaker) ('(G*m2 - k*s1*s2) / r**2')
    - L6: law verified invariant under P:(x->-x,v->-v,s->-s) ('(G*m2 - k*s1*s2) / r**2')
    - L1: inverse-square term + Newton accel-fit converges ('(G*m2/r**2) - (beta*s1*s2*m2/r**3)')
    - L2 DENIED: second radial term exponent not ~-3.5 ('(G*m2/r**2) - (beta*s1*s2*m2/r**3)')
    - L3: hidden product does real work, hidden-basis RSS reduction 0.212 (+rationale tiebreaker) ('(G*m2/r**2) - (beta*s1*s2*m2/r**3)')
    - L6: law verified invariant under P:(x->-x,v->-v,s->-s) ('(G*m2/r**2) - (beta*s1*s2*m2/r**3)')
    - L1: inverse-square term + Newton accel-fit converges ('(alpha - beta*s1*s2)/r**2 + gamma/r**3')
    - L2 DENIED: second radial term exponent not ~-3.5 ('(alpha - beta*s1*s2)/r**2 + gamma/r**3')
    - L3: hidden product does real work, hidden-basis RSS reduction 0.212 (+rationale tiebreaker) ('(alpha - beta*s1*s2)/r**2 + gamma/r**3')
    - L6: law verified invariant under P:(x->-x,v->-v,s->-s) ('(alpha - beta*s1*s2)/r**2 + gamma/r**3')
    - L1: inverse-square term + Newton accel-fit converges ('(k * s1 * s2 - G * m1 * m2) / (m1 * r**2)')
    - L3: hidden product does real work, hidden-basis RSS reduction 0.212 (+rationale tiebreaker) ('(k * s1 * s2 - G * m1 * m2) / (m1 * r**2)')
    - L6: law verified invariant under P:(x->-x,v->-v,s->-s) ('(k * s1 * s2 - G * m1 * m2) / (m1 * r**2)')
    - L1: inverse-square term + Newton accel-fit converges ('(k*s1*s2 - G*m1*m2)/r**2')
    - L3: hidden product does real work, hidden-basis RSS reduction 0.212 (+rationale tiebreaker) ('(k*s1*s2 - G*m1*m2)/r**2')
    - L6: law verified invariant under P:(x->-x,v->-v,s->-s) ('(k*s1*s2 - G*m1*m2)/r**2')
    - L1: inverse-square term + Newton accel-fit converges ('(kappa * s1 * s2 / r**2 - gamma / r**3) / m1')
    - L2 DENIED: second radial term exponent not ~-3.5 ('(kappa * s1 * s2 / r**2 - gamma / r**3) / m1')
    - L3: hidden product does real work, hidden-basis RSS reduction 0.212 (+rationale tiebreaker) ('(kappa * s1 * s2 / r**2 - gamma / r**3) / m1')
    - L6: law verified invariant under P:(x->-x,v->-v,s->-s) ('(kappa * s1 * s2 / r**2 - gamma / r**3) / m1')
    - L1: inverse-square term + Newton accel-fit converges ('(s1*s2/r**2 + beta/r**3) / m1')
    - L2 DENIED: second radial term exponent not ~-3.5 ('(s1*s2/r**2 + beta/r**3) / m1')
    - L3: hidden product does real work, hidden-basis RSS reduction 0.212 (+rationale tiebreaker) ('(s1*s2/r**2 + beta/r**3) / m1')
    - L6: law verified invariant under P:(x->-x,v->-v,s->-s) ('(s1*s2/r**2 + beta/r**3) / m1')
    - L1: inverse-square term + Newton accel-fit converges ('-alpha*m2/r**2 + beta*s1*s2/(m1*r**3)')
    - L2 DENIED: second radial term exponent not ~-3.5 ('-alpha*m2/r**2 + beta*s1*s2/(m1*r**3)')
    - L3: hidden product does real work, hidden-basis RSS reduction 0.212 (+rationale tiebreaker) ('-alpha*m2/r**2 + beta*s1*s2/(m1*r**3)')
    - L6: law verified invariant under P:(x->-x,v->-v,s->-s) ('-alpha*m2/r**2 + beta*s1*s2/(m1*r**3)')
    - L1: inverse-square term + Newton accel-fit converges ('G * m2 / r**2 - beta * (s1 + s2) / r**3')
    - L2 DENIED: second radial term exponent not ~-3.5 ('G * m2 / r**2 - beta * (s1 + s2) / r**3')
    - L6 DENIED: claimed symmetry not verified by sympy ('G * m2 / r**2 - beta * (s1 + s2) / r**3')
    - L1: inverse-square term + Newton accel-fit converges ('G * s1 * s2 / r**2')
    - L3: hidden product does real work, hidden-basis RSS reduction 0.212 (+rationale tiebreaker) ('G * s1 * s2 / r**2')
    - L6: law verified invariant under P:(x->-x,v->-v,s->-s) ('G * s1 * s2 / r**2')
    - L1: inverse-square term + Newton accel-fit converges ('G*m1*m2/(r**2)')
    - L1: inverse-square term + Newton accel-fit converges ('G*m1*m2/(r**2)')
    - L1: inverse-square term + Newton accel-fit converges ('G*m1*m2/(r**2)')
    - L1: inverse-square term + Newton accel-fit converges ('G*m1*m2/(r**2)')
    - L1: inverse-square term + Newton accel-fit converges ('G*m1*m2/(r**2) * (x2 - x1)/r + s1*s2*(vx2 - vx1)/r**2 + alpha*(vy2 - vy1)/r**2')
    - L2 DENIED: second radial term exponent not ~-3.5 ('G*m1*m2/(r**2) * (x2 - x1)/r + s1*s2*(vx2 - vx1)/r**2 + alpha*(vy2 - vy1)/r**2')
    - L3: hidden product does real work, hidden-basis RSS reduction 0.212 (+rationale tiebreaker) ('G*m1*m2/(r**2) * (x2 - x1)/r + s1*s2*(vx2 - vx1)/r**2 + alpha*(vy2 - vy1)/r**2')
    - L6: law verified invariant under P:(x->-x,v->-v,s->-s) ('G*m1*m2/(r**2) * (x2 - x1)/r + s1*s2*(vx2 - vx1)/r**2 + alpha*(vy2 - vy1)/r**2')
    - L1: inverse-square term + Newton accel-fit converges ('G*m1*m2/(r**2) * (x2 - x1)/r + s1*s2*(vx2 - vx1)/r**2 + kappa*(vy2 - vy1)/r**2')
    - L2 DENIED: second radial term exponent not ~-3.5 ('G*m1*m2/(r**2) * (x2 - x1)/r + s1*s2*(vx2 - vx1)/r**2 + kappa*(vy2 - vy1)/r**2')
    - L3: hidden product does real work, hidden-basis RSS reduction 0.212 (+rationale tiebreaker) ('G*m1*m2/(r**2) * (x2 - x1)/r + s1*s2*(vx2 - vx1)/r**2 + kappa*(vy2 - vy1)/r**2')
    - L6: law verified invariant under P:(x->-x,v->-v,s->-s) ('G*m1*m2/(r**2) * (x2 - x1)/r + s1*s2*(vx2 - vx1)/r**2 + kappa*(vy2 - vy1)/r**2')
    - L1: inverse-square term + Newton accel-fit converges ('G*m1*m2/(r**2) * (x2 - x1)/r + s1*s2*(vx2 - vx1)/r**2 + kappa*(vy2 - vy1)/r**2')
    - L2 DENIED: second radial term exponent not ~-3.5 ('G*m1*m2/(r**2) * (x2 - x1)/r + s1*s2*(vx2 - vx1)/r**2 + kappa*(vy2 - vy1)/r**2')
    - L3: hidden product does real work, hidden-basis RSS reduction 0.212 (+rationale tiebreaker) ('G*m1*m2/(r**2) * (x2 - x1)/r + s1*s2*(vx2 - vx1)/r**2 + kappa*(vy2 - vy1)/r**2')
    - L6: law verified invariant under P:(x->-x,v->-v,s->-s) ('G*m1*m2/(r**2) * (x2 - x1)/r + s1*s2*(vx2 - vx1)/r**2 + kappa*(vy2 - vy1)/r**2')
    - L2 DENIED: second radial term exponent not ~-3.5 ('G*m1*m2/r**2 * (x2-x1)/r + s1*s2/r**2 * (y2-y1)/r')
    - L3: hidden product does real work, hidden-basis RSS reduction 0.212 (+rationale tiebreaker) ('G*m1*m2/r**2 * (x2-x1)/r + s1*s2/r**2 * (y2-y1)/r')
    - L6: law verified invariant under P:(x->-x,v->-v,s->-s) ('G*m1*m2/r**2 * (x2-x1)/r + s1*s2/r**2 * (y2-y1)/r')
    - L1: inverse-square term + Newton accel-fit converges ('G*m2*(s1+s2)/r**2')
    - L6 DENIED: claimed symmetry not verified by sympy ('G*m2*(s1+s2)/r**2')
  distinct symbolic_form count=24 (sample up to 30):
    (-G * m2 / r**2) + (beta * m2 * s1 * s2 / r**3)
    (G*m2 - k*s1*s2) / r**2
    (G*m2/r**2) - (beta*s1*s2*m2/r**3)
    (alpha - beta*s1*s2)/r**2 + gamma/r**3
    (k * s1 * s2 - G * m1 * m2) / (m1 * r**2)
    (k*s1*s2 - G*m1*m2)/r**2
    (kappa * s1 * s2 / r**2 - gamma / r**3) / m1
    (s1*s2/r**2 + beta/r**3) / m1
    -alpha*m2/r**2 + beta*s1*s2/(m1*r**3)
    G * m2 / r**2 - beta * (s1 + s2) / r**3
    G * s1 * s2 / r**2
    G*m1*m2/(r**2)
    G*m1*m2/(r**2) * (x2 - x1)/r + s1*s2*(vx2 - vx1)/r**2 + alpha*(vy2 - vy1)/r**2
    G*m1*m2/(r**2) * (x2 - x1)/r + s1*s2*(vx2 - vx1)/r**2 + kappa*(vy2 - vy1)/r**2
    G*m1*m2/r**2 * (x2-x1)/r + s1*s2/r**2 * (y2-y1)/r
    G*m2*(s1+s2)/r**2
    G*m2/r**2 + K*s1*s2/r**3
    G*m2/r**2 - beta*s1*s2/r**4
    G*r - alpha/r**2 + beta*s1*s2/r**3
    G*r/(s1*s2) + alpha*r**2/(m1*m2)
    G/r**2 - (s1+s2)/r**3
    alpha * (s1 * s2) / r**3 - beta * (s1 * s2) / r**2
    k * s1 * s2 / (m1 * r**2) - G * m2 / r**2
    kappa * s1 * s2 * m2 / r**2
========================================================================
