EXP-262: 128 units on 4 processes; out = <home>/project-ascension/.planning/research/exp262
[  1/128] T1    62 wall=    2.4s ok
[  2/128] T1    52 wall=    1.8s ok
[  3/128] T1    60 wall=    4.2s ok
[  4/128] T1    57 wall=    6.1s ok
[  5/128] T1    58 wall=    7.2s ok
[  6/128] T1    53 wall=   13.9s ok
[  7/128] T1    63 wall=    0.3s ok
[  8/128] T1    59 wall=    7.3s ok
[  9/128] T1    27 wall=    5.0s ok
[ 10/128] T1    61 wall=   14.4s ok
[ 11/128] T1    54 wall=    5.3s ok
/root/.cache/pypoetry/virtualenvs/ascension-YnjZw1d4-py3.11/lib/python3.11/site-packages/scipy/integrate/_ivp/lsoda.py:161: UserWarning: lsoda: Repeated convergence failures (perhaps bad Jacobian or tolerances).
  solver._y, solver.t = integrator.run(
[ 12/128] T2    60 wall=   23.2s ok
[ 13/128] T1    56 wall=   16.9s ok
[ 14/128] T1    26 wall=    4.3s ok
[ 15/128] T2    62 wall=   12.1s ok
[ 16/128] T1    42 wall=    3.8s ok
[ 17/128] T1    55 wall=   31.3s ok
[ 18/128] T1    48 wall=    4.5s ok
[ 19/128] T1    41 wall=    8.8s ok
[ 20/128] T1    22 wall=    1.9s ok
[ 21/128] T1    14 wall=    8.6s ok
/root/.cache/pypoetry/virtualenvs/ascension-YnjZw1d4-py3.11/lib/python3.11/site-packages/scipy/integrate/_ivp/lsoda.py:161: UserWarning: lsoda: Repeated convergence failures (perhaps bad Jacobian or tolerances).
  solver._y, solver.t = integrator.run(
[ 22/128] T2    57 wall=    5.4s ok
[ 23/128] T2    58 wall=    6.2s ok
/root/.cache/pypoetry/virtualenvs/ascension-YnjZw1d4-py3.11/lib/python3.11/site-packages/scipy/integrate/_ivp/lsoda.py:161: UserWarning: lsoda: Repeated error test failures (internal error).
  solver._y, solver.t = integrator.run(
[ 24/128] T2    59 wall=    7.1s ok
[ 25/128] T1    18 wall=   32.8s ok
[ 26/128] T2    63 wall=    0.1s ok
[ 27/128] T2    27 wall=    4.0s ok
[ 28/128] T2    61 wall=   17.8s ok
[ 29/128] T1     1 wall=    8.3s ok
[ 30/128] T1    16 wall=    2.6s ok
[ 31/128] T1     8 wall=    4.3s ok
[ 32/128] T1    17 wall=    1.8s ok
[ 33/128] T1    25 wall=    1.8s ok
[ 34/128] T1    31 wall=    3.6s ok
[ 35/128] T1    39 wall=    3.6s ok
[ 36/128] T1    43 wall=    2.0s ok
[ 37/128] T1    45 wall=    2.1s ok
[ 38/128] T1    44 wall=    3.2s ok
[ 39/128] T1    47 wall=    2.0s ok
[ 40/128] T1    50 wall=    2.6s ok
[ 41/128] T1    49 wall=    4.9s ok
[ 42/128] T1    51 wall=    2.0s ok
[ 43/128] T2    54 wall=    4.6s ok
[ 44/128] T2    52 wall=   65.3s ok
[ 45/128] T2    26 wall=    4.0s ok
[ 46/128] T2    41 wall=    4.8s ok
[ 47/128] T2    56 wall=   10.3s ok
[ 48/128] T2    42 wall=    3.1s ok
[ 49/128] T2    48 wall=    3.3s ok
/root/.cache/pypoetry/virtualenvs/ascension-YnjZw1d4-py3.11/lib/python3.11/site-packages/scipy/integrate/_ivp/lsoda.py:161: UserWarning: lsoda: Repeated convergence failures (perhaps bad Jacobian or tolerances).
  solver._y, solver.t = integrator.run(
[ 50/128] T2    55 wall=   22.9s ok
/root/.cache/pypoetry/virtualenvs/ascension-YnjZw1d4-py3.11/lib/python3.11/site-packages/scipy/integrate/_ivp/lsoda.py:161: UserWarning: lsoda: Repeated convergence failures (perhaps bad Jacobian or tolerances).
  solver._y, solver.t = integrator.run(
[ 51/128] T2    22 wall=   22.6s ok
[ 52/128] T1     3 wall=    1.8s ok
[ 53/128] T2    14 wall=   32.6s ok
[ 54/128] T1     4 wall=    1.2s ok
[ 55/128] T1     5 wall=    1.3s ok
[ 56/128] T1     7 wall=    1.0s ok
[ 57/128] T1     6 wall=    2.0s ok
[ 58/128] T2    53 wall=  173.0s ok
[ 59/128] T1     9 wall=    1.1s ok
[ 60/128] T2    18 wall=   34.9s ok
[ 61/128] T1    10 wall=    1.7s ok
[ 62/128] T1    15 wall=    1.4s ok
[ 63/128] T1    13 wall=    2.0s ok
[ 64/128] T1    19 wall=    1.4s ok
[ 65/128] T1    12 wall=    2.3s ok
[ 66/128] T1    20 wall=    1.2s ok
[ 67/128] T1    24 wall=    1.3s ok
[ 68/128] T1    21 wall=    1.5s ok
[ 69/128] T1    28 wall=    1.5s ok
[ 70/128] T1    30 wall=    1.3s ok
[ 71/128] T1    29 wall=    2.6s ok
[ 72/128] T1    33 wall=    2.3s ok
[ 73/128] T1    32 wall=    2.9s ok
[ 74/128] T1    34 wall=    1.9s ok
[ 75/128] T1    36 wall=    1.7s ok
[ 76/128] T1    37 wall=    2.3s ok
[ 77/128] T1    40 wall=    2.1s ok
[ 78/128] T1    35 wall=    4.7s ok
[ 79/128] T1    46 wall=    1.6s ok
[ 80/128] T1    38 wall=    3.9s ok
[ 81/128] T2    17 wall=    2.2s ok
[ 82/128] T2    25 wall=    1.8s ok
[ 83/128] T2     1 wall=    7.5s ok
[ 84/128] T2    31 wall=    2.7s ok
[ 85/128] T2    43 wall=    1.5s ok
[ 86/128] T2    39 wall=    2.4s ok
[ 87/128] T2    44 wall=    2.2s ok
[ 88/128] T2    45 wall=    1.6s ok
[ 89/128] T2    47 wall=    1.6s ok
[ 90/128] T2    49 wall=    3.2s ok
[ 91/128] T2    50 wall=    2.1s ok
[ 92/128] T1     2 wall=    1.0s ok
[ 93/128] T2    51 wall=    1.9s ok
[ 94/128] T1    23 wall=    1.6s ok
[ 95/128] T2     3 wall=    1.3s ok
[ 96/128] T2     4 wall=    0.8s ok
[ 97/128] T2     5 wall=    1.0s ok
[ 98/128] T2     7 wall=    0.9s ok
[ 99/128] T2     6 wall=    1.6s ok
[100/128] T2     9 wall=    0.9s ok
[101/128] T2    10 wall=    1.4s ok
[102/128] T2    12 wall=    1.8s ok
[103/128] T2    15 wall=    1.3s ok
[104/128] T2    19 wall=    0.8s ok
[105/128] T2    13 wall=    3.1s ok
[106/128] T2    20 wall=    1.0s ok
[107/128] T2    21 wall=    1.2s ok
[108/128] T2    24 wall=    1.3s ok
[109/128] T2    28 wall=    1.5s ok
[110/128] T2    30 wall=    1.1s ok
[111/128] T2    29 wall=    1.9s ok
[112/128] T2    33 wall=    1.8s ok
[113/128] T2    32 wall=    2.1s ok
[114/128] T2    34 wall=    1.4s ok
[115/128] T2    36 wall=    1.4s ok
[116/128] T2    35 wall=    3.5s ok
[117/128] T2    37 wall=    2.0s ok
[118/128] T2    40 wall=    1.8s ok
[119/128] T2    38 wall=    2.8s ok
[120/128] T2     2 wall=    0.8s ok
[121/128] T2    46 wall=    1.3s ok
[122/128] T3    PK wall=    0.2s ok
[123/128] T2    23 wall=    1.3s ok
[124/128] T3 ALIEN wall=    0.4s ok
[125/128] T3   SEQ wall=    0.0s ok
[126/128] T2    16 wall=   39.2s ok
[127/128] T3    MM wall=   14.6s ok
[128/128] T2     8 wall=   61.0s ok
done in 244.3 s
wrote <home>/project-ascension/.planning/research/exp262
