2026-09-08 15:08:26,667 [INFO] ascension.benchmarks.alien_depth: alien_depth: max_depth=6 per_layer=(True, False, True, False, False, True) held_out_rmse=0.21206819539332167 q_drift=None n_hyp=17 elapsed_ms=135714
========================================================================
ALIEN RUN 69057631-be81-483f-8130-52837942b187
  run.status=completed  halt_reason=duration_exceeded
  PROVENANCE (P-15.2-6): benchmark_system='alien_universe'  included_in_distillation_v1=False
  SCORING MODE: FAMILY (L3/L4 vs held-out products {3,5})
  node types: {'dispute': 7, 'hypothesis': 17}
  hypothesis nodes=17  status_breakdown={'contested': 9, 'active': 8}
  SPEND: 50 llm_calls, $2.6657 total
    provider='google': 50 calls, $2.6657
------------------------------------------------------------------------
  DISCOVERY DEPTH (P-15.2-1/2/3): max_depth=6
    per_layer L1..L6 = (True, False, True, False, False, True)
    HONEST consecutive force-law depth (L1-L4, L-057) = 1   [L5=False L6=True reported separately, non-consecutive]
    held_out_rss_reduction=0.21206819539332167  q_drift=None
  scorer notes (56):
    - L1: inverse-square term + Newton accel-fit converges ('(G + s2) / r**2')
    - L6 DENIED: claimed symmetry not verified by sympy ('(G + s2) / r**2')
    - L1: inverse-square term + Newton accel-fit converges ('(alpha * s1 * s2 - beta) / r**2')
    - L3: hidden product does real work, hidden-basis RSS reduction 0.212 (+rationale tiebreaker) ('(alpha * s1 * s2 - beta) / r**2')
    - L6: law verified invariant under P:(x->-x,v->-v,s->-s) ('(alpha * s1 * s2 - beta) / r**2')
    - L1: inverse-square term + Newton accel-fit converges ('(alpha*s1*s2 - beta) / r**2')
    - L3: hidden product does real work, hidden-basis RSS reduction 0.212 (+rationale tiebreaker) ('(alpha*s1*s2 - beta) / r**2')
    - L6: law verified invariant under P:(x->-x,v->-v,s->-s) ('(alpha*s1*s2 - beta) / r**2')
    - L1: inverse-square term + Newton accel-fit converges ('(alpha*s1*s2 - beta*m1) / r**2')
    - L3: hidden product does real work, hidden-basis RSS reduction 0.212 (+rationale tiebreaker) ('(alpha*s1*s2 - beta*m1) / r**2')
    - L6: law verified invariant under P:(x->-x,v->-v,s->-s) ('(alpha*s1*s2 - beta*m1) / r**2')
    - L1: inverse-square term + Newton accel-fit converges ('(s1 * s2) / r**3 - G / r**2')
    - L2 DENIED: second radial term exponent not ~-3.5 ('(s1 * s2) / r**3 - G / r**2')
    - L3: hidden product does real work, hidden-basis RSS reduction 0.212 (+rationale tiebreaker) ('(s1 * s2) / r**3 - G / r**2')
    - L6: law verified invariant under P:(x->-x,v->-v,s->-s) ('(s1 * s2) / r**3 - G / r**2')
    - L2 DENIED: second radial term exponent not ~-3.5 ('(s1*s2 - G) / r')
    - L3: hidden product does real work, hidden-basis RSS reduction 0.212 (+rationale tiebreaker) ('(s1*s2 - G) / r')
    - L6: law verified invariant under P:(x->-x,v->-v,s->-s) ('(s1*s2 - G) / r')
    - L1: inverse-square term + Newton accel-fit converges ('(s1*s2 - G) / r**2')
    - L3: hidden product does real work, hidden-basis RSS reduction 0.212 (+rationale tiebreaker) ('(s1*s2 - G) / r**2')
    - L6: law verified invariant under P:(x->-x,v->-v,s->-s) ('(s1*s2 - G) / r**2')
    - L1: inverse-square term + Newton accel-fit converges ('(s1*s2)/r**2 + beta * (((x2-x1)*(vx2-vx1) + (y2-y1)*(vy2-vy1))**2) / r**3')
    - L2 DENIED: second radial term exponent not ~-3.5 ('(s1*s2)/r**2 + beta * (((x2-x1)*(vx2-vx1) + (y2-y1)*(vy2-vy1))**2) / r**3')
    - L3: hidden product does real work, hidden-basis RSS reduction 0.212 ('(s1*s2)/r**2 + beta * (((x2-x1)*(vx2-vx1) + (y2-y1)*(vy2-vy1))**2) / r**3')
    - L6: law verified invariant under P:(x->-x,v->-v,s->-s) ('(s1*s2)/r**2 + beta * (((x2-x1)*(vx2-vx1) + (y2-y1)*(vy2-vy1))**2) / r**3')
    - L1: inverse-square term + Newton accel-fit converges ('-G * m1 * m2 * exp(-(s1+s2)) / r**2')
    - L6 DENIED: claimed symmetry not verified by sympy ('-G * m1 * m2 * exp(-(s1+s2)) / r**2')
    - L1: inverse-square term + Newton accel-fit converges ('alpha * s1 * s2 / r**3 - beta / r**2')
    - L2 DENIED: second radial term exponent not ~-3.5 ('alpha * s1 * s2 / r**3 - beta / r**2')
    - L3: hidden product does real work, hidden-basis RSS reduction 0.212 (+rationale tiebreaker) ('alpha * s1 * s2 / r**3 - beta / r**2')
    - L6: law verified invariant under P:(x->-x,v->-v,s->-s) ('alpha * s1 * s2 / r**3 - beta / r**2')
    - L1: inverse-square term + Newton accel-fit converges ('alpha*s1*s2/(m1*r**3) - G*m2/r**2')
    - L2 DENIED: second radial term exponent not ~-3.5 ('alpha*s1*s2/(m1*r**3) - G*m2/r**2')
    - L3: hidden product does real work, hidden-basis RSS reduction 0.212 (+rationale tiebreaker) ('alpha*s1*s2/(m1*r**3) - G*m2/r**2')
    - L6: law verified invariant under P:(x->-x,v->-v,s->-s) ('alpha*s1*s2/(m1*r**3) - G*m2/r**2')
    - L1: inverse-square term + Newton accel-fit converges ('alpha*s1*s2/r**3 - beta/r**2')
    - L2 DENIED: second radial term exponent not ~-3.5 ('alpha*s1*s2/r**3 - beta/r**2')
    - L3: hidden product does real work, hidden-basis RSS reduction 0.212 (+rationale tiebreaker) ('alpha*s1*s2/r**3 - beta/r**2')
    - L6: law verified invariant under P:(x->-x,v->-v,s->-s) ('alpha*s1*s2/r**3 - beta/r**2')
    - L1: inverse-square term + Newton accel-fit converges ('alpha/r**3 - beta/(s1*s2 * r**2)')
    - L2 DENIED: second radial term exponent not ~-3.5 ('alpha/r**3 - beta/(s1*s2 * r**2)')
    - L3: hidden product does real work, hidden-basis RSS reduction 0.212 (+rationale tiebreaker) ('alpha/r**3 - beta/(s1*s2 * r**2)')
    - L6: law verified invariant under P:(x->-x,v->-v,s->-s) ('alpha/r**3 - beta/(s1*s2 * r**2)')
    - L2 DENIED: second radial term exponent not ~-3.5 ('gamma * s1 * s2 * r')
    - L3: hidden product does real work, hidden-basis RSS reduction 0.212 ('gamma * s1 * s2 * r')
    - L6: law verified invariant under P:(x->-x,v->-v,s->-s) ('gamma * s1 * s2 * r')
    - L1: inverse-square term + Newton accel-fit converges ('k*s1*s2/(m1*r**2)')
    - L3: hidden product does real work, hidden-basis RSS reduction 0.212 (+rationale tiebreaker) ('k*s1*s2/(m1*r**2)')
    - L6: law verified invariant under P:(x->-x,v->-v,s->-s) ('k*s1*s2/(m1*r**2)')
    - L1: inverse-square term + Newton accel-fit converges ('s1 * s2 / r**2')
    - L3: hidden product does real work, hidden-basis RSS reduction 0.212 (+rationale tiebreaker) ('s1 * s2 / r**2')
    - L6: law verified invariant under P:(x->-x,v->-v,s->-s) ('s1 * s2 / r**2')
    - L1: inverse-square term + Newton accel-fit converges ('s1*s2/r - G/r**2')
    - L2 DENIED: second radial term exponent not ~-3.5 ('s1*s2/r - G/r**2')
    - L3: hidden product does real work, hidden-basis RSS reduction 0.212 (+rationale tiebreaker) ('s1*s2/r - G/r**2')
    - L6: law verified invariant under P:(x->-x,v->-v,s->-s) ('s1*s2/r - G/r**2')
  distinct symbolic_form count=17 (sample up to 30):
    (G + s2) / r**2
    (alpha * s1 * s2 - beta) / r**2
    (alpha*s1*s2 - beta) / r**2
    (alpha*s1*s2 - beta*m1) / r**2
    (s1 * s2) / r**3 - G / r**2
    (s1*s2 - G) / r
    (s1*s2 - G) / r**2
    (s1*s2)/r**2 + beta * (((x2-x1)*(vx2-vx1) + (y2-y1)*(vy2-vy1))**2) / r**3
    -G * m1 * m2 * exp(-(s1+s2)) / r**2
    alpha * s1 * s2 / r**3 - beta / r**2
    alpha*s1*s2/(m1*r**3) - G*m2/r**2
    alpha*s1*s2/r**3 - beta/r**2
    alpha/r**3 - beta/(s1*s2 * r**2)
    gamma * s1 * s2 * r
    k*s1*s2/(m1*r**2)
    s1 * s2 / r**2
    s1*s2/r - G/r**2
========================================================================
