2026-07-21 01:47:45,889 [INFO] ascension.benchmarks.alien_depth: alien_depth: max_depth=6 per_layer=(True, True, True, False, False, True) held_out_rmse=0.32083882427693194 q_drift=None n_hyp=58 elapsed_ms=11222
========================================================================
ALIEN RUN 38295365-a9df-4461-8b89-48484dbc8c06
  run.status=completed  halt_reason=duration_exceeded
  PROVENANCE (P-15.2-6): benchmark_system='alien_universe'  included_in_distillation_v1=False
  SCORING MODE: FAMILY-V2 (V2 law: sum coupling + r^-2.5; L3/L4 vs held-out sums {4,6})
  node types: {'dispute': 14, 'hypothesis': 58}
  hypothesis nodes=58  status_breakdown={'contested': 21, 'active': 37}
  SPEND: 163 llm_calls, $4.5526 total
    provider='google': 163 calls, $4.5526
------------------------------------------------------------------------
  DISCOVERY DEPTH (P-15.2-1/2/3): max_depth=6
    per_layer L1..L6 = (True, True, True, False, False, True)
    HONEST consecutive force-law depth (L1-L4, L-057) = 3   [L5=False L6=True reported separately, non-consecutive]
    held_out_rss_reduction=0.32083882427693194  q_drift=None
  scorer notes (102):
    - L1: inverse-square term + Newton accel-fit converges ('(-G*m1*m2 + k*s1*s2) / r**2')
    - L6: law verified invariant under P:(x->-x,v->-v,s->-s) ('(-G*m1*m2 + k*s1*s2) / r**2')
    - L6: law verified invariant under P:(x->-x,v->-v,s->-s) ('(-kappa * s1 * s2 + alpha * cos(beta * r)) / r**n')
    - L1: inverse-square term + Newton accel-fit converges ('(G * s1 * s2 / r**2) + (alpha * cos(beta * r) / r**2.3)')
    - L2: second radial term ~r**-2.5 + correction-basis RSS reduction 0.251 >= 0.05 ('(G * s1 * s2 / r**2) + (alpha * cos(beta * r) / r**2.3)')
    - L6: law verified invariant under P:(x->-x,v->-v,s->-s) ('(G * s1 * s2 / r**2) + (alpha * cos(beta * r) / r**2.3)')
    - L6: law verified invariant under P:(x->-x,v->-v,s->-s) ('(alpha * s1 * s2 + beta * cos(kappa * r)) / r**p')
    - L1: inverse-square term + Newton accel-fit converges ('(alpha * s1 * s2 / r**2) + (beta * (s1**2 + s2**2) / r**4)')
    - L2 DENIED: second radial term exponent not ~-2.5 ('(alpha * s1 * s2 / r**2) + (beta * (s1**2 + s2**2) / r**4)')
    - L6: law verified invariant under P:(x->-x,v->-v,s->-s) ('(alpha * s1 * s2 / r**2) + (beta * (s1**2 + s2**2) / r**4)')
    - L1: inverse-square term + Newton accel-fit converges ('(alpha*s1*s2 - beta*m1*m2) / (m1*r**2)')
    - L6: law verified invariant under P:(x->-x,v->-v,s->-s) ('(alpha*s1*s2 - beta*m1*m2) / (m1*r**2)')
    - L1: inverse-square term + Newton accel-fit converges ('(k*s1*s2 - G*m1*m2)/r**p + beta*cos(omega*r)/r**2')
    - L6: law verified invariant under P:(x->-x,v->-v,s->-s) ('(k*s1*s2 - G*m1*m2)/r**p + beta*cos(omega*r)/r**2')
    - L6: law verified invariant under P:(x->-x,v->-v,s->-s) ('(kappa * m2 * s1 * s2 / r**p) * (1 + alpha * cos(omega * r))')
    - L6: law verified invariant under P:(x->-x,v->-v,s->-s) ('(kappa * s1 * s2 / r**alpha) * (1 + beta * cos(gamma * r))')
    - L6: law verified invariant under P:(x->-x,v->-v,s->-s) ('(s1*s2 - G*m1*m2)/r**alpha + beta * cos(k*r) / r**gamma')
    - L2 DENIED: second radial term exponent not ~-2.5 ('(s1*s2 - r**2) / r**3')
    - L6: law verified invariant under P:(x->-x,v->-v,s->-s) ('(s1*s2 - r**2) / r**3')
    - L6: law verified invariant under P:(x->-x,v->-v,s->-s) ('(s1*s2 / r**p) * (1 + gamma * cos(k * log(r)))')
    - L1: inverse-square term + Newton accel-fit converges ('(s1*s2) / r**2.05')
    - L6: law verified invariant under P:(x->-x,v->-v,s->-s) ('(s1*s2) / r**2.05')
    - L6: law verified invariant under P:(x->-x,v->-v,s->-s) ('(s1*s2) / r**alpha + beta * (s1*s2) * cos(gamma*r)')
    - L6: law verified invariant under P:(x->-x,v->-v,s->-s) ('(s1*s2)*m2*(alpha/r**p + beta*cos(gamma*r))')
    - L1: inverse-square term + Newton accel-fit converges ('(s1*s2)/r**2 - alpha/r**nu + beta*cos(omega*log(r))/r**2')
    - L6: law verified invariant under P:(x->-x,v->-v,s->-s) ('(s1*s2)/r**2 - alpha/r**nu + beta*cos(omega*log(r))/r**2')
    - L1: inverse-square term + Newton accel-fit converges ('(s1+s2)/r**2 - beta/r**nu + gamma*cos(kappa*r)')
    - L3: hidden sum does real work, hidden-basis RSS reduction 0.321 (+rationale tiebreaker) ('(s1+s2)/r**2 - beta/r**nu + gamma*cos(kappa*r)')
    - L6 DENIED: claimed symmetry not verified by sympy ('(s1+s2)/r**2 - beta/r**nu + gamma*cos(kappa*r)')
    - L1: inverse-square term + Newton accel-fit converges ('-(G*m1*m2/r**2) + (k*s1*s2/r**3)')
    - L2 DENIED: second radial term exponent not ~-2.5 ('-(G*m1*m2/r**2) + (k*s1*s2/r**3)')
    - L6: law verified invariant under P:(x->-x,v->-v,s->-s) ('-(G*m1*m2/r**2) + (k*s1*s2/r**3)')
    - L1: inverse-square term + Newton accel-fit converges ('-G*m1*m2/r**2 + s1*s2*(alpha/r**p + beta*cos(kappa*r)/r**2)')
    - L6: law verified invariant under P:(x->-x,v->-v,s->-s) ('-G*m1*m2/r**2 + s1*s2*(alpha/r**p + beta*cos(kappa*r)/r**2)')
    - L1: inverse-square term + Newton accel-fit converges ('-G*m1*m2/r**2 + s1*s2*alpha/r**gamma * cos(kappa*log(r))')
    - L6: law verified invariant under P:(x->-x,v->-v,s->-s) ('-G*m1*m2/r**2 + s1*s2*alpha/r**gamma * cos(kappa*log(r))')
    - L1: inverse-square term + Newton accel-fit converges ('-G*m1*m2/r**p + (gamma*cos(omega*r) - k*s1*s2)/r**2')
    - L6: law verified invariant under P:(x->-x,v->-v,s->-s) ('-G*m1*m2/r**p + (gamma*cos(omega*r) - k*s1*s2)/r**2')
    - L1: inverse-square term + Newton accel-fit converges ('-alpha/r**2 + (beta * s1 * s2)/r**3')
    - L2 DENIED: second radial term exponent not ~-2.5 ('-alpha/r**2 + (beta * s1 * s2)/r**3')
    - L6: law verified invariant under P:(x->-x,v->-v,s->-s) ('-alpha/r**2 + (beta * s1 * s2)/r**3')
    - L1: inverse-square term + Newton accel-fit converges ('-alpha/r**2 + beta*s1*s2/r**3')
    - L2 DENIED: second radial term exponent not ~-2.5 ('-alpha/r**2 + beta*s1*s2/r**3')
    - L6: law verified invariant under P:(x->-x,v->-v,s->-s) ('-alpha/r**2 + beta*s1*s2/r**3')
    - L1: inverse-square term + Newton accel-fit converges ('A/r**p - B*s1*s2/r**2')
    - L6: law verified invariant under P:(x->-x,v->-v,s->-s) ('A/r**p - B*s1*s2/r**2')
    - L1: inverse-square term + Newton accel-fit converges ('G * s1 * s2 * m1 * m2 * exp(-kappa * r) / r**2 + beta * cos(omega * r) / r')
    - L2 DENIED: second radial term exponent not ~-2.5 ('G * s1 * s2 * m1 * m2 * exp(-kappa * r) / r**2 + beta * cos(omega * r) / r')
    - L6: law verified invariant under P:(x->-x,v->-v,s->-s) ('G * s1 * s2 * m1 * m2 * exp(-kappa * r) / r**2 + beta * cos(omega * r) / r')
    - L6: law verified invariant under P:(x->-x,v->-v,s->-s) ('G * s1 * s2 / (m1 * r**n) * (1 + alpha * cos(kappa * log(r)))')
    - L1: inverse-square term + Newton accel-fit converges ('G * s1 * s2 / r**2')
    - L6: law verified invariant under P:(x->-x,v->-v,s->-s) ('G * s1 * s2 / r**2')
    - L6: law verified invariant under P:(x->-x,v->-v,s->-s) ('G * s1*s2 * (1 + beta * cos(kappa*r)) / r**alpha')
    - L1: inverse-square term + Newton accel-fit converges ('G*m2/r**2 - s1*s2/r**p + C*cos(k*r)')
    - L6: law verified invariant under P:(x->-x,v->-v,s->-s) ('G*m2/r**2 - s1*s2/r**p + C*cos(k*r)')
    - L6: law verified invariant under P:(x->-x,v->-v,s->-s) ('G*s1*s2*(1 + A*cos(k*r))/r**p')
    - L2: second radial term ~r**-2.5 + correction-basis RSS reduction 0.251 >= 0.05 ('G*s1*s2/r**2.5 + A*(s1+s2)*cos(omega*r)/r**2.5')
    - L3: hidden sum does real work, hidden-basis RSS reduction 0.321 ('G*s1*s2/r**2.5 + A*(s1+s2)*cos(omega*r)/r**2.5')
    - L6 DENIED: claimed symmetry not verified by sympy ('G*s1*s2/r**2.5 + A*(s1+s2)*cos(omega*r)/r**2.5')
    - L6: law verified invariant under P:(x->-x,v->-v,s->-s) ('gamma * s1*s2 * cos(omega*log(r)) / r**p')
  distinct symbolic_form count=58 (sample up to 30):
    (-G*m1*m2 + k*s1*s2) / r**2
    (-kappa * s1 * s2 + alpha * cos(beta * r)) / r**n
    (G * s1 * s2 / r**2) + (alpha * cos(beta * r) / r**2.3)
    (alpha * s1 * s2 + beta * cos(kappa * r)) / r**p
    (alpha * s1 * s2 / r**2) + (beta * (s1**2 + s2**2) / r**4)
    (alpha*s1*s2 - beta*m1*m2) / (m1*r**2)
    (k*s1*s2 - G*m1*m2)/r**p + beta*cos(omega*r)/r**2
    (kappa * m2 * s1 * s2 / r**p) * (1 + alpha * cos(omega * r))
    (kappa * s1 * s2 / r**alpha) * (1 + beta * cos(gamma * r))
    (s1*s2 - G*m1*m2)/r**alpha + beta * cos(k*r) / r**gamma
    (s1*s2 - r**2) / r**3
    (s1*s2 / r**p) * (1 + gamma * cos(k * log(r)))
    (s1*s2) / r**2.05
    (s1*s2) / r**alpha + beta * (s1*s2) * cos(gamma*r)
    (s1*s2)*m2*(alpha/r**p + beta*cos(gamma*r))
    (s1*s2)/r**2 - alpha/r**nu + beta*cos(omega*log(r))/r**2
    (s1+s2)/r**2 - beta/r**nu + gamma*cos(kappa*r)
    -(G*m1*m2/r**2) + (k*s1*s2/r**3)
    -G*m1*m2/r**2 + s1*s2*(alpha/r**p + beta*cos(kappa*r)/r**2)
    -G*m1*m2/r**2 + s1*s2*alpha/r**gamma * cos(kappa*log(r))
    -G*m1*m2/r**p + (gamma*cos(omega*r) - k*s1*s2)/r**2
    -alpha/r**2 + (beta * s1 * s2)/r**3
    -alpha/r**2 + beta*s1*s2/r**3
    A/r**p - B*s1*s2/r**2
    G * s1 * s2 * m1 * m2 * exp(-kappa * r) / r**2 + beta * cos(omega * r) / r
    G * s1 * s2 / (m1 * r**n) * (1 + alpha * cos(kappa * log(r)))
    G * s1 * s2 / r**2
    G * s1*s2 * (1 + beta * cos(kappa*r)) / r**alpha
    G*m2/r**2 - s1*s2/r**p + C*cos(k*r)
    G*s1*s2*(1 + A*cos(k*r))/r**p
========================================================================
