2026-07-21 09:37:16,608 [INFO] ascension.benchmarks.alien_depth: alien_depth: max_depth=6 per_layer=(True, False, False, False, False, True) held_out_rmse=None q_drift=None n_hyp=8 elapsed_ms=9577
========================================================================
ALIEN RUN 32cd832f-abb7-4645-92dd-918df57fb2d3
  run.status=completed  halt_reason=duration_exceeded
  PROVENANCE (P-15.2-6): benchmark_system='alien_universe'  included_in_distillation_v1=False
  SCORING MODE: FAMILY-V2 (V2 law: sum coupling + r^-2.5; L3/L4 vs held-out sums {4,6})
  node types: {'hypothesis': 8}
  hypothesis nodes=8  status_breakdown={'active': 8}
  SPEND: 24 llm_calls, $0.5830 total
    provider='google': 24 calls, $0.5830
------------------------------------------------------------------------
  DISCOVERY DEPTH (P-15.2-1/2/3): max_depth=6
    per_layer L1..L6 = (True, False, False, False, False, True)
    HONEST consecutive force-law depth (L1-L4, L-057) = 1   [L5=False L6=True reported separately, non-consecutive]
    held_out_rss_reduction=None  q_drift=None
  scorer notes (16):
    - L1: inverse-square term + Newton accel-fit converges ('(-alpha * m2 + beta * s1 * s2 / m1) / r**2')
    - L6: law verified invariant under P:(x->-x,v->-v,s->-s) ('(-alpha * m2 + beta * s1 * s2 / m1) / r**2')
    - L1: inverse-square term + Newton accel-fit converges ('-G*(m1+m2)/r**2 + kappa*(s1+s2)/r**2.1')
    - L6 DENIED: claimed symmetry not verified by sympy ('-G*(m1+m2)/r**2 + kappa*(s1+s2)/r**2.1')
    - L1: inverse-square term + Newton accel-fit converges ('-G/r**2 + alpha*s1*s2*cos(kappa*log(r))/r**3')
    - L2 DENIED: second radial term exponent not ~-2.5 ('-G/r**2 + alpha*s1*s2*cos(kappa*log(r))/r**3')
    - L6: law verified invariant under P:(x->-x,v->-v,s->-s) ('-G/r**2 + alpha*s1*s2*cos(kappa*log(r))/r**3')
    - L6: law verified invariant under P:(x->-x,v->-v,s->-s) ('G*s1*s2/r**p - H/r**q')
    - L1: inverse-square term + Newton accel-fit converges ('alpha * s1 * s2 / r**3 - beta * m1 * m2 / r**2')
    - L2 DENIED: second radial term exponent not ~-2.5 ('alpha * s1 * s2 / r**3 - beta * m1 * m2 / r**2')
    - L6: law verified invariant under P:(x->-x,v->-v,s->-s) ('alpha * s1 * s2 / r**3 - beta * m1 * m2 / r**2')
    - L6: law verified invariant under P:(x->-x,v->-v,s->-s) ('beta * s1 * s2 / r**p - G * m1 * m2 / r**alpha')
    - L1: inverse-square term + Newton accel-fit converges ('kappa * s1 * s2 / r**alpha - G / r**2')
    - L6: law verified invariant under P:(x->-x,v->-v,s->-s) ('kappa * s1 * s2 / r**alpha - G / r**2')
    - L1: inverse-square term + Newton accel-fit converges ('s1 * s2 / r**kappa - G / r**2')
    - L6: law verified invariant under P:(x->-x,v->-v,s->-s) ('s1 * s2 / r**kappa - G / r**2')
  distinct symbolic_form count=8 (sample up to 30):
    (-alpha * m2 + beta * s1 * s2 / m1) / r**2
    -G*(m1+m2)/r**2 + kappa*(s1+s2)/r**2.1
    -G/r**2 + alpha*s1*s2*cos(kappa*log(r))/r**3
    G*s1*s2/r**p - H/r**q
    alpha * s1 * s2 / r**3 - beta * m1 * m2 / r**2
    beta * s1 * s2 / r**p - G * m1 * m2 / r**alpha
    kappa * s1 * s2 / r**alpha - G / r**2
    s1 * s2 / r**kappa - G / r**2
========================================================================
