2026-07-21 02:08:09,874 [INFO] ascension.benchmarks.alien_depth: alien_depth: max_depth=6 per_layer=(True, False, True, False, False, True) held_out_rmse=0.32083882427693194 q_drift=None n_hyp=24 elapsed_ms=11402
========================================================================
ALIEN RUN 966afbed-0b36-4f8b-9795-5da4b278ae10
  run.status=completed  halt_reason=duration_exceeded
  PROVENANCE (P-15.2-6): benchmark_system='alien_universe'  included_in_distillation_v1=False
  SCORING MODE: FAMILY-V2 (V2 law: sum coupling + r^-2.5; L3/L4 vs held-out sums {4,6})
  node types: {'dispute': 5, 'hypothesis': 24}
  hypothesis nodes=24  status_breakdown={'contested': 7, 'active': 17}
  SPEND: 64 llm_calls, $1.8151 total
    provider='google': 59 calls, $1.8151
    provider='nvidia': 5 calls, $0.0000
------------------------------------------------------------------------
  DISCOVERY DEPTH (P-15.2-1/2/3): max_depth=6
    per_layer L1..L6 = (True, False, True, False, False, True)
    HONEST consecutive force-law depth (L1-L4, L-057) = 1   [L5=False L6=True reported separately, non-consecutive]
    held_out_rss_reduction=0.32083882427693194  q_drift=None
  scorer notes (45):
    - L1: inverse-square term + Newton accel-fit converges ('((s1 * s2) / r**2) * (1 + alpha / r**0.1 + beta * cos(k * r))')
    - L6: law verified invariant under P:(x->-x,v->-v,s->-s) ('((s1 * s2) / r**2) * (1 + alpha / r**0.1 + beta * cos(k * r))')
    - L1: inverse-square term + Newton accel-fit converges ('(G * s1 * s2 - H) / r**2')
    - L6: law verified invariant under P:(x->-x,v->-v,s->-s) ('(G * s1 * s2 - H) / r**2')
    - L6: law verified invariant under P:(x->-x,v->-v,s->-s) ('(alpha*s1*s2 - beta*m1*m2 + gamma*cos(k*r)) / r**p')
    - L6: law verified invariant under P:(x->-x,v->-v,s->-s) ('(kappa * s1 * s2 + A * cos(omega * r)) / r**p')
    - L1: inverse-square term + Newton accel-fit converges ('-G*m1*m2/r**2 + K*s1*s2/r**2.1')
    - L6: law verified invariant under P:(x->-x,v->-v,s->-s) ('-G*m1*m2/r**2 + K*s1*s2/r**2.1')
    - L1: inverse-square term + Newton accel-fit converges ('-alpha/r**p + beta*(s1+s2)/r**q + gamma*cos(kappa*r)/r**2')
    - L3: hidden sum does real work, hidden-basis RSS reduction 0.321 (+rationale tiebreaker) ('-alpha/r**p + beta*(s1+s2)/r**q + gamma*cos(kappa*r)/r**2')
    - L6 DENIED: claimed symmetry not verified by sympy ('-alpha/r**p + beta*(s1+s2)/r**q + gamma*cos(kappa*r)/r**2')
    - L6: law verified invariant under P:(x->-x,v->-v,s->-s) ('G * (s1 * s2) * (1 + alpha * cos(omega * r)) / r**p')
    - L1: inverse-square term + Newton accel-fit converges ('G * s1 * s2 / r**2.1')
    - L6: law verified invariant under P:(x->-x,v->-v,s->-s) ('G * s1 * s2 / r**2.1')
    - L1: inverse-square term + Newton accel-fit converges ('G*r/(r**2 + alpha*r**2.1) + beta*cos(k*r)*r**-2.1')
    - L2 DENIED: second radial term exponent not ~-2.5 ('G*r/(r**2 + alpha*r**2.1) + beta*cos(k*r)*r**-2.1')
    - L2 DENIED: second radial term exponent not ~-2.5 ('G*r/(r**2 + alpha*r**2.1) + beta*sin(k*r)')
    - L2 DENIED: second radial term exponent not ~-2.5 ('G*r/(r**2 + alpha*r**2.1) + beta*sin(k*r)*exp(-s1*s2/r**2)')
    - L6: law verified invariant under P:(x->-x,v->-v,s->-s) ('G*r/(r**2 + alpha*r**2.1) + beta*sin(k*r)*exp(-s1*s2/r**2)')
    - L2 DENIED: second radial term exponent not ~-2.5 ('G*r/(r**2 + alpha*r**2.1) + beta*sin(k*r)*exp(-s1*s2/r**2)')
    - L6: law verified invariant under P:(x->-x,v->-v,s->-s) ('G*r/(r**2 + alpha*r**2.1) + beta*sin(k*r)*exp(-s1*s2/r**2)')
    - L1: inverse-square term + Newton accel-fit converges ('alpha * s1 * s2 / r**2 - beta / r**2.1')
    - L6: law verified invariant under P:(x->-x,v->-v,s->-s) ('alpha * s1 * s2 / r**2 - beta / r**2.1')
    - L2 DENIED: second radial term exponent not ~-2.5 ('k * s1 * s2 * (r0 - r) / r**4')
    - L6: law verified invariant under P:(x->-x,v->-v,s->-s) ('k * s1 * s2 * (r0 - r) / r**4')
    - L1: inverse-square term + Newton accel-fit converges ('k * s1 * s2 / r**2.1 - G * m1 * m2 / r**2')
    - L6: law verified invariant under P:(x->-x,v->-v,s->-s) ('k * s1 * s2 / r**2.1 - G * m1 * m2 / r**2')
    - L6: law verified invariant under P:(x->-x,v->-v,s->-s) ('k * s1*s2 * cos(omega * log(r)) / r**p')
    - L2 DENIED: second radial term exponent not ~-2.5 ('k*(s1+s2) / r**3')
    - L3: hidden sum does real work, hidden-basis RSS reduction 0.321 (+rationale tiebreaker) ('k*(s1+s2) / r**3')
    - L6 DENIED: claimed symmetry not verified by sympy ('k*(s1+s2) / r**3')
    - L1: inverse-square term + Newton accel-fit converges ('k*s1*s2/r**2')
    - L6: law verified invariant under P:(x->-x,v->-v,s->-s) ('k*s1*s2/r**2')
    - L2 DENIED: second radial term exponent not ~-2.5 ('k*s1*s2/r**p + gamma * ((x2-x1)*(vx2-vx1) + (y2-y1)*(vy2-vy1)) / r')
    - L6: law verified invariant under P:(x->-x,v->-v,s->-s) ('k*s1*s2/r**p + gamma * ((x2-x1)*(vx2-vx1) + (y2-y1)*(vy2-vy1)) / r')
    - L1: inverse-square term + Newton accel-fit converges ('kappa * s1*s2 / r**3 - G / r**2')
    - L2 DENIED: second radial term exponent not ~-2.5 ('kappa * s1*s2 / r**3 - G / r**2')
    - L6: law verified invariant under P:(x->-x,v->-v,s->-s) ('kappa * s1*s2 / r**3 - G / r**2')
    - L1: inverse-square term + Newton accel-fit converges ('s1*s2 * (G/r**2 + beta/r**gamma + alpha*cos(k*r))')
    - L6: law verified invariant under P:(x->-x,v->-v,s->-s) ('s1*s2 * (G/r**2 + beta/r**gamma + alpha*cos(k*r))')
    - L1: inverse-square term + Newton accel-fit converges ('s1*s2 * (alpha / r**2) * (1 + beta * cos(gamma * r))')
    - L6: law verified invariant under P:(x->-x,v->-v,s->-s) ('s1*s2 * (alpha / r**2) * (1 + beta * cos(gamma * r))')
    - L1: inverse-square term + Newton accel-fit converges ('s1*s2 * (alpha/r**2 + beta/r**2.1 + gamma*cos(k*r)/r**2)')
    - L6: law verified invariant under P:(x->-x,v->-v,s->-s) ('s1*s2 * (alpha/r**2 + beta/r**2.1 + gamma*cos(k*r)/r**2)')
    - L6: law verified invariant under P:(x->-x,v->-v,s->-s) ('s1*s2 / r**(p0 + alpha * cos(omega*r))')
  distinct symbolic_form count=23 (sample up to 30):
    ((s1 * s2) / r**2) * (1 + alpha / r**0.1 + beta * cos(k * r))
    (G * s1 * s2 - H) / r**2
    (alpha*s1*s2 - beta*m1*m2 + gamma*cos(k*r)) / r**p
    (kappa * s1 * s2 + A * cos(omega * r)) / r**p
    -G*m1*m2/r**2 + K*s1*s2/r**2.1
    -alpha/r**p + beta*(s1+s2)/r**q + gamma*cos(kappa*r)/r**2
    G * (s1 * s2) * (1 + alpha * cos(omega * r)) / r**p
    G * s1 * s2 / r**2.1
    G*r/(r**2 + alpha*r**2.1) + beta*cos(k*r)*r**-2.1
    G*r/(r**2 + alpha*r**2.1) + beta*sin(k*r)
    G*r/(r**2 + alpha*r**2.1) + beta*sin(k*r)*exp(-s1*s2/r**2)
    alpha * s1 * s2 / r**2 - beta / r**2.1
    k * s1 * s2 * (r0 - r) / r**4
    k * s1 * s2 / r**2.1 - G * m1 * m2 / r**2
    k * s1*s2 * cos(omega * log(r)) / r**p
    k*(s1+s2) / r**3
    k*s1*s2/r**2
    k*s1*s2/r**p + gamma * ((x2-x1)*(vx2-vx1) + (y2-y1)*(vy2-vy1)) / r
    kappa * s1*s2 / r**3 - G / r**2
    s1*s2 * (G/r**2 + beta/r**gamma + alpha*cos(k*r))
    s1*s2 * (alpha / r**2) * (1 + beta * cos(gamma * r))
    s1*s2 * (alpha/r**2 + beta/r**2.1 + gamma*cos(k*r)/r**2)
    s1*s2 / r**(p0 + alpha * cos(omega*r))
========================================================================
