2026-07-21 06:05:34,448 [INFO] ascension.benchmarks.alien_depth: alien_depth: max_depth=6 per_layer=(True, False, False, False, False, True) held_out_rmse=None q_drift=None n_hyp=3 elapsed_ms=9411
========================================================================
ALIEN RUN fb23f4c5-daee-4ba6-9176-48e3c374ccc0
  run.status=completed  halt_reason=duration_exceeded
  PROVENANCE (P-15.2-6): benchmark_system='alien_universe'  included_in_distillation_v1=False
  SCORING MODE: FAMILY-V2 (V2 law: sum coupling + r^-2.5; L3/L4 vs held-out sums {4,6})
  node types: {'dispute': 1, 'hypothesis': 3}
  hypothesis nodes=3  status_breakdown={'active': 2, 'contested': 1}
  SPEND: 6 llm_calls, $0.2534 total
    provider='google': 6 calls, $0.2534
------------------------------------------------------------------------
  DISCOVERY DEPTH (P-15.2-1/2/3): max_depth=6
    per_layer L1..L6 = (True, False, False, False, False, True)
    HONEST consecutive force-law depth (L1-L4, L-057) = 1   [L5=False L6=True reported separately, non-consecutive]
    held_out_rss_reduction=None  q_drift=None
  scorer notes (9):
    - L1: inverse-square term + Newton accel-fit converges ('(alpha / r**3) - (beta * s1 * s2 / r**2)')
    - L2 DENIED: second radial term exponent not ~-2.5 ('(alpha / r**3) - (beta * s1 * s2 / r**2)')
    - L6: law verified invariant under P:(x->-x,v->-v,s->-s) ('(alpha / r**3) - (beta * s1 * s2 / r**2)')
    - L1: inverse-square term + Newton accel-fit converges ('(s1*s2)/r**3 - G/r**2')
    - L2 DENIED: second radial term exponent not ~-2.5 ('(s1*s2)/r**3 - G/r**2')
    - L6: law verified invariant under P:(x->-x,v->-v,s->-s) ('(s1*s2)/r**3 - G/r**2')
    - L1: inverse-square term + Newton accel-fit converges ('k * s1 * s2 / r**3 - G * m1 * m2 / r**2')
    - L2 DENIED: second radial term exponent not ~-2.5 ('k * s1 * s2 / r**3 - G * m1 * m2 / r**2')
    - L6: law verified invariant under P:(x->-x,v->-v,s->-s) ('k * s1 * s2 / r**3 - G * m1 * m2 / r**2')
  distinct symbolic_form count=3 (sample up to 30):
    (alpha / r**3) - (beta * s1 * s2 / r**2)
    (s1*s2)/r**3 - G/r**2
    k * s1 * s2 / r**3 - G * m1 * m2 / r**2
========================================================================
