2026-09-08 20:12:18,604 [INFO] ascension.benchmarks.alien_depth: alien_depth: max_depth=2 per_layer=(True, True, False, False, False, False) held_out_rmse=0.16949941384776535 q_drift=None n_hyp=22 elapsed_ms=9013
========================================================================
ALIEN RUN 6ecc0267-eb73-4f24-b4b2-bed4abb121a8
  run.status=completed  halt_reason=duration_exceeded
  PROVENANCE (P-15.2-6): benchmark_system='alien_universe'  included_in_distillation_v1=False
  SCORING MODE: single-config
  node types: {'dispute': 1, 'hypothesis': 22}
  hypothesis nodes=22  status_breakdown={'active': 21, 'contested': 1}
  SPEND: 72 llm_calls, $1.5748 total
    provider='google': 72 calls, $1.5748
------------------------------------------------------------------------
  DISCOVERY DEPTH (P-15.2-1/2/3): max_depth=2
    per_layer L1..L6 = (True, True, False, False, False, False)
    HONEST consecutive force-law depth (L1-L4, L-057) = 2   [L5=False L6=False reported separately, non-consecutive]
    held_out_rss_reduction=0.16949941384776535  q_drift=None
  scorer notes (37):
    - L1: inverse-square term + Newton accel-fit converges ('(A - B*m2) / r**2')
    - L1: inverse-square term + Newton accel-fit converges ('(G + A*cos(omega*r)) / r**2')
    - L1: inverse-square term + Newton accel-fit converges ('(alpha / r**3.4) - (beta / r**2)')
    - L2: second radial term ~r**-3.5 + correction-basis RSS reduction 0.169 >= 0.05 ('(alpha / r**3.4) - (beta / r**2)')
    - L1: inverse-square term + Newton accel-fit converges ('(k1 - G*m2)/r**2 - k2/r**p + k3*cos(omega*r)/r**2')
    - L1: inverse-square term + Newton accel-fit converges ('-G * m2 / r**2')
    - L1: inverse-square term + Newton accel-fit converges ('-G * m2 / r**2 + alpha / r**3')
    - L2 DENIED: second radial term exponent not ~-3.5 ('-G * m2 / r**2 + alpha / r**3')
    - L1: inverse-square term + Newton accel-fit converges ('-G*m2/r**2 + C/r**3.4')
    - L2: second radial term ~r**-3.5 + correction-basis RSS reduction 0.169 >= 0.05 ('-G*m2/r**2 + C/r**3.4')
    - L1: inverse-square term + Newton accel-fit converges ('-G*m2/r**2 + H*m2/r**3.4')
    - L2: second radial term ~r**-3.5 + correction-basis RSS reduction 0.169 >= 0.05 ('-G*m2/r**2 + H*m2/r**3.4')
    - L1: inverse-square term + Newton accel-fit converges ('-G/r**2')
    - L1: inverse-square term + Newton accel-fit converges ('-G/r**2 + beta/r**3.4')
    - L2: second radial term ~r**-3.5 + correction-basis RSS reduction 0.169 >= 0.05 ('-G/r**2 + beta/r**3.4')
    - L1: inverse-square term + Newton accel-fit converges ('-G/r**2 + k/r**3.4')
    - L2: second radial term ~r**-3.5 + correction-basis RSS reduction 0.169 >= 0.05 ('-G/r**2 + k/r**3.4')
    - L1: inverse-square term + Newton accel-fit converges ('-alpha / r**2 + beta / r**3.4')
    - L2: second radial term ~r**-3.5 + correction-basis RSS reduction 0.169 >= 0.05 ('-alpha / r**2 + beta / r**3.4')
    - L1: inverse-square term + Newton accel-fit converges ('-alpha / r**2 + beta / r**3.4')
    - L2: second radial term ~r**-3.5 + correction-basis RSS reduction 0.169 >= 0.05 ('-alpha / r**2 + beta / r**3.4')
    - L1: inverse-square term + Newton accel-fit converges ('-alpha/r**2 + beta/r**3')
    - L2 DENIED: second radial term exponent not ~-3.5 ('-alpha/r**2 + beta/r**3')
    - L1: inverse-square term + Newton accel-fit converges ('-alpha/r**2 + beta/r**3.4')
    - L2: second radial term ~r**-3.5 + correction-basis RSS reduction 0.169 >= 0.05 ('-alpha/r**2 + beta/r**3.4')
    - L1: inverse-square term + Newton accel-fit converges ('-alpha/r**2 + beta/r**3.4')
    - L2: second radial term ~r**-3.5 + correction-basis RSS reduction 0.169 >= 0.05 ('-alpha/r**2 + beta/r**3.4')
    - L1: inverse-square term + Newton accel-fit converges ('-alpha/r**2 + beta/r**3.4')
    - L2: second radial term ~r**-3.5 + correction-basis RSS reduction 0.169 >= 0.05 ('-alpha/r**2 + beta/r**3.4')
    - L1: inverse-square term + Newton accel-fit converges ('-alpha/r**2 + beta/r**3.4')
    - L2: second radial term ~r**-3.5 + correction-basis RSS reduction 0.169 >= 0.05 ('-alpha/r**2 + beta/r**3.4')
    - L2 DENIED: second radial term exponent not ~-3.5 ('-k/r**3')
    - L1: inverse-square term + Newton accel-fit converges ('B/r**3.4 - G/r**2')
    - L2: second radial term ~r**-3.5 + correction-basis RSS reduction 0.169 >= 0.05 ('B/r**3.4 - G/r**2')
    - L1: inverse-square term + Newton accel-fit converges ('G * m2 / r**2')
    - L1: inverse-square term + Newton accel-fit converges ('beta/r**3.4 - alpha/r**2')
    - L2: second radial term ~r**-3.5 + correction-basis RSS reduction 0.169 >= 0.05 ('beta/r**3.4 - alpha/r**2')
  distinct symbolic_form count=18 (sample up to 30):
    (A - B*m2) / r**2
    (G + A*cos(omega*r)) / r**2
    (alpha / r**3.4) - (beta / r**2)
    (k1 - G*m2)/r**2 - k2/r**p + k3*cos(omega*r)/r**2
    -G * m2 / r**2
    -G * m2 / r**2 + alpha / r**3
    -G*m2/r**2 + C/r**3.4
    -G*m2/r**2 + H*m2/r**3.4
    -G/r**2
    -G/r**2 + beta/r**3.4
    -G/r**2 + k/r**3.4
    -alpha / r**2 + beta / r**3.4
    -alpha/r**2 + beta/r**3
    -alpha/r**2 + beta/r**3.4
    -k/r**3
    B/r**3.4 - G/r**2
    G * m2 / r**2
    beta/r**3.4 - alpha/r**2
========================================================================
