2026-09-08 19:52:02,361 [INFO] ascension.benchmarks.alien_depth: alien_depth: max_depth=6 per_layer=(True, True, True, False, False, True) held_out_rmse=0.21206819539332167 q_drift=None n_hyp=40 elapsed_ms=37478
========================================================================
ALIEN RUN f88b736a-2998-48a5-a5b1-369a9f6763d7
  run.status=completed  halt_reason=duration_exceeded
  PROVENANCE (P-15.2-6): benchmark_system='alien_universe'  included_in_distillation_v1=False
  SCORING MODE: FAMILY (L3/L4 vs held-out products {3,5})
  node types: {'dispute': 9, 'hypothesis': 40}
  hypothesis nodes=40  status_breakdown={'active': 26, 'contested': 14}
  SPEND: 132 llm_calls, $4.6736 total
    provider='google': 132 calls, $4.6736
------------------------------------------------------------------------
  DISCOVERY DEPTH (P-15.2-1/2/3): max_depth=6
    per_layer L1..L6 = (True, True, True, False, False, True)
    HONEST consecutive force-law depth (L1-L4, L-057) = 3   [L5=False L6=True reported separately, non-consecutive]
    held_out_rss_reduction=0.21206819539332167  q_drift=None
  scorer notes (131):
    - L1: inverse-square term + Newton accel-fit converges ('(-G + k * s1 * s2) / r**2')
    - L3: hidden product does real work, hidden-basis RSS reduction 0.212 (+rationale tiebreaker) ('(-G + k * s1 * s2) / r**2')
    - L6: law verified invariant under P:(x->-x,v->-v,s->-s) ('(-G + k * s1 * s2) / r**2')
    - L1: inverse-square term + Newton accel-fit converges ('(-G + kappa*s1*s2) / r**2')
    - L3: hidden product does real work, hidden-basis RSS reduction 0.212 (+rationale tiebreaker) ('(-G + kappa*s1*s2) / r**2')
    - L6: law verified invariant under P:(x->-x,v->-v,s->-s) ('(-G + kappa*s1*s2) / r**2')
    - L1: inverse-square term + Newton accel-fit converges ('(alpha * s1 * s2 - beta * m1 * m2) / r**2')
    - L3: hidden product does real work, hidden-basis RSS reduction 0.212 (+rationale tiebreaker) ('(alpha * s1 * s2 - beta * m1 * m2) / r**2')
    - L6: law verified invariant under P:(x->-x,v->-v,s->-s) ('(alpha * s1 * s2 - beta * m1 * m2) / r**2')
    - L1: inverse-square term + Newton accel-fit converges ('(alpha*s1*s2 - G*m1*m2) / r**2')
    - L3: hidden product does real work, hidden-basis RSS reduction 0.212 ('(alpha*s1*s2 - G*m1*m2) / r**2')
    - L6: law verified invariant under P:(x->-x,v->-v,s->-s) ('(alpha*s1*s2 - G*m1*m2) / r**2')
    - L1: inverse-square term + Newton accel-fit converges ('(alpha*s1*s2 - beta) / r**2')
    - L3: hidden product does real work, hidden-basis RSS reduction 0.212 ('(alpha*s1*s2 - beta) / r**2')
    - L6: law verified invariant under P:(x->-x,v->-v,s->-s) ('(alpha*s1*s2 - beta) / r**2')
    - L1: inverse-square term + Newton accel-fit converges ('(alpha*s1*s2 - beta*m1*m2) / r**2')
    - L3: hidden product does real work, hidden-basis RSS reduction 0.212 (+rationale tiebreaker) ('(alpha*s1*s2 - beta*m1*m2) / r**2')
    - L6: law verified invariant under P:(x->-x,v->-v,s->-s) ('(alpha*s1*s2 - beta*m1*m2) / r**2')
    - L1: inverse-square term + Newton accel-fit converges ('(alpha*s1*s2 - beta*m1*m2) / r**2')
    - L3: hidden product does real work, hidden-basis RSS reduction 0.212 (+rationale tiebreaker) ('(alpha*s1*s2 - beta*m1*m2) / r**2')
    - L6: law verified invariant under P:(x->-x,v->-v,s->-s) ('(alpha*s1*s2 - beta*m1*m2) / r**2')
    - L1: inverse-square term + Newton accel-fit converges ('(k * s1 * s2 - G * m1 * m2) / r**2')
    - L3: hidden product does real work, hidden-basis RSS reduction 0.212 (+rationale tiebreaker) ('(k * s1 * s2 - G * m1 * m2) / r**2')
    - L6: law verified invariant under P:(x->-x,v->-v,s->-s) ('(k * s1 * s2 - G * m1 * m2) / r**2')
    - L1: inverse-square term + Newton accel-fit converges ('(k * s1 * s2 / m1 - G * m2) / r**2')
    - L3: hidden product does real work, hidden-basis RSS reduction 0.212 (+rationale tiebreaker) ('(k * s1 * s2 / m1 - G * m2) / r**2')
    - L6: law verified invariant under P:(x->-x,v->-v,s->-s) ('(k * s1 * s2 / m1 - G * m2) / r**2')
    - L1: inverse-square term + Newton accel-fit converges ('(k*(s1+s2) - G*(m1+m2))/r**2')
    - L6 DENIED: claimed symmetry not verified by sympy ('(k*(s1+s2) - G*(m1+m2))/r**2')
    - L1: inverse-square term + Newton accel-fit converges ('(k*s1*s2 - G) * m2 / r**2')
    - L3: hidden product does real work, hidden-basis RSS reduction 0.212 (+rationale tiebreaker) ('(k*s1*s2 - G) * m2 / r**2')
    - L6: law verified invariant under P:(x->-x,v->-v,s->-s) ('(k*s1*s2 - G) * m2 / r**2')
    - L1: inverse-square term + Newton accel-fit converges ('(k*s1*s2 - G*m1*m2) / (m1 * r**2)')
    - L3: hidden product does real work, hidden-basis RSS reduction 0.212 (+rationale tiebreaker) ('(k*s1*s2 - G*m1*m2) / (m1 * r**2)')
    - L6: law verified invariant under P:(x->-x,v->-v,s->-s) ('(k*s1*s2 - G*m1*m2) / (m1 * r**2)')
    - L1: inverse-square term + Newton accel-fit converges ('(k*s1*s2 - G*m1*m2) / (m1 * r**2)')
    - L3: hidden product does real work, hidden-basis RSS reduction 0.212 (+rationale tiebreaker) ('(k*s1*s2 - G*m1*m2) / (m1 * r**2)')
    - L6: law verified invariant under P:(x->-x,v->-v,s->-s) ('(k*s1*s2 - G*m1*m2) / (m1 * r**2)')
    - L1: inverse-square term + Newton accel-fit converges ('(kappa * s1 * s2 - G * m1 * m2) / (m1 * r**2)')
    - L3: hidden product does real work, hidden-basis RSS reduction 0.212 (+rationale tiebreaker) ('(kappa * s1 * s2 - G * m1 * m2) / (m1 * r**2)')
    - L6: law verified invariant under P:(x->-x,v->-v,s->-s) ('(kappa * s1 * s2 - G * m1 * m2) / (m1 * r**2)')
    - L1: inverse-square term + Newton accel-fit converges ('(kappa * s1 * s2 - G) * m2 / r**2')
    - L3: hidden product does real work, hidden-basis RSS reduction 0.212 (+rationale tiebreaker) ('(kappa * s1 * s2 - G) * m2 / r**2')
    - L6: law verified invariant under P:(x->-x,v->-v,s->-s) ('(kappa * s1 * s2 - G) * m2 / r**2')
    - L1: inverse-square term + Newton accel-fit converges ('(kappa * s1 * s2 - gamma * m1 * m2) / (m1 * r**2)')
    - L3: hidden product does real work, hidden-basis RSS reduction 0.212 (+rationale tiebreaker) ('(kappa * s1 * s2 - gamma * m1 * m2) / (m1 * r**2)')
    - L6: law verified invariant under P:(x->-x,v->-v,s->-s) ('(kappa * s1 * s2 - gamma * m1 * m2) / (m1 * r**2)')
    - L1: inverse-square term + Newton accel-fit converges ('(kappa * s1 * s2) / r**3 - (G * m1 * m2) / r**2')
    - L2 DENIED: second radial term exponent not ~-3.5 ('(kappa * s1 * s2) / r**3 - (G * m1 * m2) / r**2')
    - L3: hidden product does real work, hidden-basis RSS reduction 0.212 ('(kappa * s1 * s2) / r**3 - (G * m1 * m2) / r**2')
    - L6: law verified invariant under P:(x->-x,v->-v,s->-s) ('(kappa * s1 * s2) / r**3 - (G * m1 * m2) / r**2')
    - L1: inverse-square term + Newton accel-fit converges ('-G*m1*m2*(1 - kappa*s1*s2) / r**2')
    - L3: hidden product does real work, hidden-basis RSS reduction 0.212 (+rationale tiebreaker) ('-G*m1*m2*(1 - kappa*s1*s2) / r**2')
    - L6: law verified invariant under P:(x->-x,v->-v,s->-s) ('-G*m1*m2*(1 - kappa*s1*s2) / r**2')
    - L1: inverse-square term + Newton accel-fit converges ('-G/r**2 + k*s1*s2/r**3')
    - L2 DENIED: second radial term exponent not ~-3.5 ('-G/r**2 + k*s1*s2/r**3')
    - L3: hidden product does real work, hidden-basis RSS reduction 0.212 (+rationale tiebreaker) ('-G/r**2 + k*s1*s2/r**3')
    - L6: law verified invariant under P:(x->-x,v->-v,s->-s) ('-G/r**2 + k*s1*s2/r**3')
    - L1: inverse-square term + Newton accel-fit converges ('-G/r**2 + k*s1*s2/r**3.4')
    - L2: second radial term ~r**-3.5 + correction-basis RSS reduction 0.169 >= 0.05 ('-G/r**2 + k*s1*s2/r**3.4')
  distinct symbolic_form count=38 (sample up to 30):
    (-G + k * s1 * s2) / r**2
    (-G + kappa*s1*s2) / r**2
    (alpha * s1 * s2 - beta * m1 * m2) / r**2
    (alpha*s1*s2 - G*m1*m2) / r**2
    (alpha*s1*s2 - beta) / r**2
    (alpha*s1*s2 - beta*m1*m2) / r**2
    (k * s1 * s2 - G * m1 * m2) / r**2
    (k * s1 * s2 / m1 - G * m2) / r**2
    (k*(s1+s2) - G*(m1+m2))/r**2
    (k*s1*s2 - G) * m2 / r**2
    (k*s1*s2 - G*m1*m2) / (m1 * r**2)
    (kappa * s1 * s2 - G * m1 * m2) / (m1 * r**2)
    (kappa * s1 * s2 - G) * m2 / r**2
    (kappa * s1 * s2 - gamma * m1 * m2) / (m1 * r**2)
    (kappa * s1 * s2) / r**3 - (G * m1 * m2) / r**2
    -G*m1*m2*(1 - kappa*s1*s2) / r**2
    -G/r**2 + k*s1*s2/r**3
    -G/r**2 + k*s1*s2/r**3.4
    -alpha/r**2 + beta*(s1+s2)/r**3
    -alpha/r**2 + beta*s1*s2/r**3
    G * s1 * s2 / (m1 * r**2)
    G*m2/r**2 - kappa*s1*s2/(m1*r**3)
    alpha * s1 * s2 / r**2
    alpha*(s1+s2)/r**3 - G*m2/r**2
    k * s1 * s2 / r**2
    k*s1*s2*m2/r**2
    k*s1*s2/(m1*r**2) - G*m2/r**2
    k*s1*s2/r - G*m1*m2/r**2
    k*s1*s2/r**3 - G/r**2
    kappa * (s1 + s2) / r**3
========================================================================
