2026-06-01 15:47:42,150 [INFO] ascension.benchmarks.alien_depth: alien_depth: max_depth=6 per_layer=(True, True, True, False, False, True) held_out_rmse=0.21206819539332167 q_drift=None n_hyp=41 elapsed_ms=31606
========================================================================
ALIEN RUN f92e7a6d-cbf0-4ba6-be5d-66db67fa0889
  run.status=completed  halt_reason=duration_exceeded
  PROVENANCE (P-15.2-6): benchmark_system='alien_universe'  included_in_distillation_v1=False
  SCORING MODE: FAMILY (L3/L4 vs held-out products {3,5})
  node types: {'dispute': 8, 'hypothesis': 41}
  hypothesis nodes=41  status_breakdown={'contested': 13, 'active': 28}
  SPEND: 119 llm_calls, $2.5978 total
    provider='google': 103 calls, $2.5978
    provider='nvidia': 16 calls, $0.0000
------------------------------------------------------------------------
  DISCOVERY DEPTH (P-15.2-1/2/3): max_depth=6
    per_layer L1..L6 = (True, True, True, False, False, True)
    HONEST consecutive force-law depth (L1-L4, L-057) = 3   [L5=False L6=True reported separately, non-consecutive]
    held_out_rss_reduction=0.21206819539332167  q_drift=None
  scorer notes (135):
    - L1: inverse-square term + Newton accel-fit converges ('(-G + s1*s2*k2*cos(kappa*r))/r**2 + s1*s2*k1/r**3.4')
    - L2: second radial term ~r**-3.5 + alpha-basis RSS reduction 0.169 >= 0.05 ('(-G + s1*s2*k2*cos(kappa*r))/r**2 + s1*s2*k1/r**3.4')
    - L3: hidden product does real work, hidden-basis RSS reduction 0.212 (+rationale tiebreaker) ('(-G + s1*s2*k2*cos(kappa*r))/r**2 + s1*s2*k1/r**3.4')
    - L6: law verified invariant under P:(x->-x,v->-v,s->-s) ('(-G + s1*s2*k2*cos(kappa*r))/r**2 + s1*s2*k1/r**3.4')
    - L1: inverse-square term + Newton accel-fit converges ('(-G*m1*m2/r**2) + k*(s1*s2)*cos(alpha*r)/r**3')
    - L2 DENIED: second radial term exponent not ~-3.5 ('(-G*m1*m2/r**2) + k*(s1*s2)*cos(alpha*r)/r**3')
    - L3: hidden product does real work, hidden-basis RSS reduction 0.212 (+rationale tiebreaker) ('(-G*m1*m2/r**2) + k*(s1*s2)*cos(alpha*r)/r**3')
    - L6: law verified invariant under P:(x->-x,v->-v,s->-s) ('(-G*m1*m2/r**2) + k*(s1*s2)*cos(alpha*r)/r**3')
    - L1: inverse-square term + Newton accel-fit converges ('(G * s1 * s2) / r**2 + (H * s1 * s2) / r**3.4')
    - L2: second radial term ~r**-3.5 + alpha-basis RSS reduction 0.169 >= 0.05 ('(G * s1 * s2) / r**2 + (H * s1 * s2) / r**3.4')
    - L3: hidden product does real work, hidden-basis RSS reduction 0.212 ('(G * s1 * s2) / r**2 + (H * s1 * s2) / r**3.4')
    - L6: law verified invariant under P:(x->-x,v->-v,s->-s) ('(G * s1 * s2) / r**2 + (H * s1 * s2) / r**3.4')
    - L2 DENIED: second radial term exponent not ~-3.5 ('(G * s1 * s2) / r**2.5 + A * cos(omega * r)')
    - L3: hidden product does real work, hidden-basis RSS reduction 0.212 (+rationale tiebreaker) ('(G * s1 * s2) / r**2.5 + A * cos(omega * r)')
    - L6: law verified invariant under P:(x->-x,v->-v,s->-s) ('(G * s1 * s2) / r**2.5 + A * cos(omega * r)')
    - L1: inverse-square term + Newton accel-fit converges ('(alpha * s1 * s2 - beta) / r**2')
    - L3: hidden product does real work, hidden-basis RSS reduction 0.212 (+rationale tiebreaker) ('(alpha * s1 * s2 - beta) / r**2')
    - L6: law verified invariant under P:(x->-x,v->-v,s->-s) ('(alpha * s1 * s2 - beta) / r**2')
    - L1: inverse-square term + Newton accel-fit converges ('(alpha*s1*s2/r**2 + beta*s1*s2/r**3.4)/m1')
    - L2: second radial term ~r**-3.5 + alpha-basis RSS reduction 0.169 >= 0.05 ('(alpha*s1*s2/r**2 + beta*s1*s2/r**3.4)/m1')
    - L3: hidden product does real work, hidden-basis RSS reduction 0.212 (+rationale tiebreaker) ('(alpha*s1*s2/r**2 + beta*s1*s2/r**3.4)/m1')
    - L6: law verified invariant under P:(x->-x,v->-v,s->-s) ('(alpha*s1*s2/r**2 + beta*s1*s2/r**3.4)/m1')
    - L1: inverse-square term + Newton accel-fit converges ('(alpha*s1*s2/r**2 - beta*m1*m2/r**p + gamma*cos(k*r)/r**2) / m1')
    - L3: hidden product does real work, hidden-basis RSS reduction 0.212 ('(alpha*s1*s2/r**2 - beta*m1*m2/r**p + gamma*cos(k*r)/r**2) / m1')
    - L6: law verified invariant under P:(x->-x,v->-v,s->-s) ('(alpha*s1*s2/r**2 - beta*m1*m2/r**p + gamma*cos(k*r)/r**2) / m1')
    - L1: inverse-square term + Newton accel-fit converges ('(k1*s1*s2 - k2*m1*m2)/(m1*r**2)')
    - L3: hidden product does real work, hidden-basis RSS reduction 0.212 (+rationale tiebreaker) ('(k1*s1*s2 - k2*m1*m2)/(m1*r**2)')
    - L6: law verified invariant under P:(x->-x,v->-v,s->-s) ('(k1*s1*s2 - k2*m1*m2)/(m1*r**2)')
    - L1: inverse-square term + Newton accel-fit converges ('(s1*s2/m1) * (G/r**2 + B/r**3 - C/r**4)')
    - L2 DENIED: second radial term exponent not ~-3.5 ('(s1*s2/m1) * (G/r**2 + B/r**3 - C/r**4)')
    - L3: hidden product does real work, hidden-basis RSS reduction 0.212 ('(s1*s2/m1) * (G/r**2 + B/r**3 - C/r**4)')
    - L6: law verified invariant under P:(x->-x,v->-v,s->-s) ('(s1*s2/m1) * (G/r**2 + B/r**3 - C/r**4)')
    - L1: inverse-square term + Newton accel-fit converges ('-(G * (1 + alpha * ((vx1-vx2)**2 + (vy1-vy2)**2))) * s1*s2 / r**2.1')
    - L3: hidden product does real work, hidden-basis RSS reduction 0.212 ('-(G * (1 + alpha * ((vx1-vx2)**2 + (vy1-vy2)**2))) * s1*s2 / r**2.1')
    - L6: law verified invariant under P:(x->-x,v->-v,s->-s) ('-(G * (1 + alpha * ((vx1-vx2)**2 + (vy1-vy2)**2))) * s1*s2 / r**2.1')
    - L1: inverse-square term + Newton accel-fit converges ('-G*m2/r**2 + K*s1*s2*m2/r**3.4')
    - L2: second radial term ~r**-3.5 + alpha-basis RSS reduction 0.169 >= 0.05 ('-G*m2/r**2 + K*s1*s2*m2/r**3.4')
    - L3: hidden product does real work, hidden-basis RSS reduction 0.212 (+rationale tiebreaker) ('-G*m2/r**2 + K*s1*s2*m2/r**3.4')
    - L6: law verified invariant under P:(x->-x,v->-v,s->-s) ('-G*m2/r**2 + K*s1*s2*m2/r**3.4')
    - L1: inverse-square term + Newton accel-fit converges ('-G*m2/r**2 + k*s1*s2/(m1*r**4)')
    - L2 DENIED: second radial term exponent not ~-3.5 ('-G*m2/r**2 + k*s1*s2/(m1*r**4)')
    - L3: hidden product does real work, hidden-basis RSS reduction 0.212 (+rationale tiebreaker) ('-G*m2/r**2 + k*s1*s2/(m1*r**4)')
    - L6: law verified invariant under P:(x->-x,v->-v,s->-s) ('-G*m2/r**2 + k*s1*s2/(m1*r**4)')
    - L1: inverse-square term + Newton accel-fit converges ('-G*m2/r**2 - beta*s1*s2*exp(-k*r)/r**2')
    - L3: hidden product does real work, hidden-basis RSS reduction 0.212 ('-G*m2/r**2 - beta*s1*s2*exp(-k*r)/r**2')
    - L6: law verified invariant under P:(x->-x,v->-v,s->-s) ('-G*m2/r**2 - beta*s1*s2*exp(-k*r)/r**2')
    - L1: inverse-square term + Newton accel-fit converges ('-alpha * m1 * m2 / r**2 + beta * s1 * s2 / r**3.4')
    - L2: second radial term ~r**-3.5 + alpha-basis RSS reduction 0.169 >= 0.05 ('-alpha * m1 * m2 / r**2 + beta * s1 * s2 / r**3.4')
    - L3: hidden product does real work, hidden-basis RSS reduction 0.212 (+rationale tiebreaker) ('-alpha * m1 * m2 / r**2 + beta * s1 * s2 / r**3.4')
    - L6: law verified invariant under P:(x->-x,v->-v,s->-s) ('-alpha * m1 * m2 / r**2 + beta * s1 * s2 / r**3.4')
    - L1: inverse-square term + Newton accel-fit converges ('-alpha * m1 * m2 / r**2 + beta * s1 * s2 / r**3.4')
    - L2: second radial term ~r**-3.5 + alpha-basis RSS reduction 0.169 >= 0.05 ('-alpha * m1 * m2 / r**2 + beta * s1 * s2 / r**3.4')
    - L3: hidden product does real work, hidden-basis RSS reduction 0.212 (+rationale tiebreaker) ('-alpha * m1 * m2 / r**2 + beta * s1 * s2 / r**3.4')
    - L6: law verified invariant under P:(x->-x,v->-v,s->-s) ('-alpha * m1 * m2 / r**2 + beta * s1 * s2 / r**3.4')
    - L1: inverse-square term + Newton accel-fit converges ('-alpha*m1*m2/r**2 + s1*s2*beta/r**3.4 + gamma*cos(omega*r)/r**2')
    - L2: second radial term ~r**-3.5 + alpha-basis RSS reduction 0.169 >= 0.05 ('-alpha*m1*m2/r**2 + s1*s2*beta/r**3.4 + gamma*cos(omega*r)/r**2')
    - L3: hidden product does real work, hidden-basis RSS reduction 0.212 (+rationale tiebreaker) ('-alpha*m1*m2/r**2 + s1*s2*beta/r**3.4 + gamma*cos(omega*r)/r**2')
    - L6: law verified invariant under P:(x->-x,v->-v,s->-s) ('-alpha*m1*m2/r**2 + s1*s2*beta/r**3.4 + gamma*cos(omega*r)/r**2')
    - L1: inverse-square term + Newton accel-fit converges ('-alpha*m2/r**2 + beta*s1*s2*sqrt((vx1-vx2)**2 + (vy1-vy2)**2)/r')
    - L2 DENIED: second radial term exponent not ~-3.5 ('-alpha*m2/r**2 + beta*s1*s2*sqrt((vx1-vx2)**2 + (vy1-vy2)**2)/r')
  distinct symbolic_form count=38 (sample up to 30):
    (-G + s1*s2*k2*cos(kappa*r))/r**2 + s1*s2*k1/r**3.4
    (-G*m1*m2/r**2) + k*(s1*s2)*cos(alpha*r)/r**3
    (G * s1 * s2) / r**2 + (H * s1 * s2) / r**3.4
    (G * s1 * s2) / r**2.5 + A * cos(omega * r)
    (alpha * s1 * s2 - beta) / r**2
    (alpha*s1*s2/r**2 + beta*s1*s2/r**3.4)/m1
    (alpha*s1*s2/r**2 - beta*m1*m2/r**p + gamma*cos(k*r)/r**2) / m1
    (k1*s1*s2 - k2*m1*m2)/(m1*r**2)
    (s1*s2/m1) * (G/r**2 + B/r**3 - C/r**4)
    -(G * (1 + alpha * ((vx1-vx2)**2 + (vy1-vy2)**2))) * s1*s2 / r**2.1
    -G*m2/r**2 + K*s1*s2*m2/r**3.4
    -G*m2/r**2 + k*s1*s2/(m1*r**4)
    -G*m2/r**2 - beta*s1*s2*exp(-k*r)/r**2
    -alpha * m1 * m2 / r**2 + beta * s1 * s2 / r**3.4
    -alpha*m1*m2/r**2 + s1*s2*beta/r**3.4 + gamma*cos(omega*r)/r**2
    -alpha*m2/r**2 + beta*s1*s2*sqrt((vx1-vx2)**2 + (vy1-vy2)**2)/r
    -alpha/r**2 * cos(beta * s1 * s2 / r)
    -alpha/r**2 + (s1*s2)/r**p + gamma*cos(kappa*r)
    -kappa/r**2 + beta*s1*s2/r**3.4
    G * s1 * s2 * m2 / r**2
    G*m1*m2/r**2 + alpha*m1*m2/r**3.4
    G*m1*m2/r**2 + alpha*m1*m2/r**3.4 + beta*m1*m2/r**2*cos(2*3.14*r/s1/s2)
    G*m1*m2/r**2 + alpha*m1*m2/r**3.4 + beta*m1*m2/r**2*cos(s1-s2)
    G*m1*m2/r**2 + alpha*s1*s2/r**3.4 + beta*(vx1*vx2 + vy1*vy2)/r**2
    G*m1*m2/r**2 + alpha/r**3.4
    G*m1*m2/r**2 + alpha/r**3.4 + beta*sin(k*r)
    G*m1*m2/r**2 + kappa*m1*m2/r**3.4
    G*m1*m2/r**2 + kappa*m1*m2/r**3.4 + alpha*s1*s2*cos(omega*r)
    G*m1*m2/r**2 + kappa/r**3.4
    G*m1*m2/r**2 + kappa/r**3.4 + alpha*sin(beta*r)
========================================================================
