2026-06-01 16:28:56,530 [INFO] ascension.benchmarks.alien_depth: alien_depth: max_depth=6 per_layer=(True, True, True, False, False, True) held_out_rmse=0.21206819539332167 q_drift=None n_hyp=44 elapsed_ms=32805
========================================================================
ALIEN RUN ff974bec-e739-48b7-9b52-1a0ac6df45de
  run.status=completed  halt_reason=duration_exceeded
  PROVENANCE (P-15.2-6): benchmark_system='alien_universe'  included_in_distillation_v1=False
  SCORING MODE: FAMILY (L3/L4 vs held-out products {3,5})
  node types: {'dispute': 8, 'hypothesis': 44}
  hypothesis nodes=44  status_breakdown={'active': 32, 'contested': 12}
  SPEND: 134 llm_calls, $2.3581 total
    provider='google': 105 calls, $2.3581
    provider='nvidia': 29 calls, $0.0000
------------------------------------------------------------------------
  DISCOVERY DEPTH (P-15.2-1/2/3): max_depth=6
    per_layer L1..L6 = (True, True, True, False, False, True)
    HONEST consecutive force-law depth (L1-L4, L-057) = 3   [L5=False L6=True reported separately, non-consecutive]
    held_out_rss_reduction=0.21206819539332167  q_drift=None
  scorer notes (141):
    - L1: inverse-square term + Newton accel-fit converges ('((G * s1 * s2 / r**2) + (alpha / r**3.4)) / m1')
    - L2: second radial term ~r**-3.5 + alpha-basis RSS reduction 0.169 >= 0.05 ('((G * s1 * s2 / r**2) + (alpha / r**3.4)) / m1')
    - L3: hidden product does real work, hidden-basis RSS reduction 0.212 ('((G * s1 * s2 / r**2) + (alpha / r**3.4)) / m1')
    - L6: law verified invariant under P:(x->-x,v->-v,s->-s) ('((G * s1 * s2 / r**2) + (alpha / r**3.4)) / m1')
    - L1: inverse-square term + Newton accel-fit converges ('(G*m1*m2 - k*s1*s2) / r**2')
    - L3: hidden product does real work, hidden-basis RSS reduction 0.212 (+rationale tiebreaker) ('(G*m1*m2 - k*s1*s2) / r**2')
    - L6: law verified invariant under P:(x->-x,v->-v,s->-s) ('(G*m1*m2 - k*s1*s2) / r**2')
    - L1: inverse-square term + Newton accel-fit converges ('(alpha * s1 * s2 / r**2) - (beta / r**3.4)')
    - L2: second radial term ~r**-3.5 + alpha-basis RSS reduction 0.169 >= 0.05 ('(alpha * s1 * s2 / r**2) - (beta / r**3.4)')
    - L3: hidden product does real work, hidden-basis RSS reduction 0.212 ('(alpha * s1 * s2 / r**2) - (beta / r**3.4)')
    - L6: law verified invariant under P:(x->-x,v->-v,s->-s) ('(alpha * s1 * s2 / r**2) - (beta / r**3.4)')
    - L1: inverse-square term + Newton accel-fit converges ('(k*s1*s2 - G) / r**2')
    - L3: hidden product does real work, hidden-basis RSS reduction 0.212 (+rationale tiebreaker) ('(k*s1*s2 - G) / r**2')
    - L6: law verified invariant under P:(x->-x,v->-v,s->-s) ('(k*s1*s2 - G) / r**2')
    - L1: inverse-square term + Newton accel-fit converges ('(s1*m1*s2*m2) * (alpha/r**2 - beta*cos(kappa*log(r))/r**3)')
    - L2 DENIED: second radial term exponent not ~-3.5 ('(s1*m1*s2*m2) * (alpha/r**2 - beta*cos(kappa*log(r))/r**3)')
    - L3: hidden product does real work, hidden-basis RSS reduction 0.212 ('(s1*m1*s2*m2) * (alpha/r**2 - beta*cos(kappa*log(r))/r**3)')
    - L6: law verified invariant under P:(x->-x,v->-v,s->-s) ('(s1*m1*s2*m2) * (alpha/r**2 - beta*cos(kappa*log(r))/r**3)')
    - L1: inverse-square term + Newton accel-fit converges ('-G*m1*m2/r**2 + k*s1*s2*exp(-alpha*r)/r')
    - L2 DENIED: second radial term exponent not ~-3.5 ('-G*m1*m2/r**2 + k*s1*s2*exp(-alpha*r)/r')
    - L3: hidden product does real work, hidden-basis RSS reduction 0.212 (+rationale tiebreaker) ('-G*m1*m2/r**2 + k*s1*s2*exp(-alpha*r)/r')
    - L6: law verified invariant under P:(x->-x,v->-v,s->-s) ('-G*m1*m2/r**2 + k*s1*s2*exp(-alpha*r)/r')
    - L1: inverse-square term + Newton accel-fit converges ('-G*m1*m2/r**2 + k*s1*s2/r**3 * cos(omega*r)')
    - L2 DENIED: second radial term exponent not ~-3.5 ('-G*m1*m2/r**2 + k*s1*s2/r**3 * cos(omega*r)')
    - L3: hidden product does real work, hidden-basis RSS reduction 0.212 (+rationale tiebreaker) ('-G*m1*m2/r**2 + k*s1*s2/r**3 * cos(omega*r)')
    - L6: law verified invariant under P:(x->-x,v->-v,s->-s) ('-G*m1*m2/r**2 + k*s1*s2/r**3 * cos(omega*r)')
    - L1: inverse-square term + Newton accel-fit converges ('-G*m2/r**2 * (1 - (k*s1*s2/r)**2)')
    - L2 DENIED: second radial term exponent not ~-3.5 ('-G*m2/r**2 * (1 - (k*s1*s2/r)**2)')
    - L3: hidden product does real work, hidden-basis RSS reduction 0.212 (+rationale tiebreaker) ('-G*m2/r**2 * (1 - (k*s1*s2/r)**2)')
    - L6: law verified invariant under P:(x->-x,v->-v,s->-s) ('-G*m2/r**2 * (1 - (k*s1*s2/r)**2)')
    - L1: inverse-square term + Newton accel-fit converges ('-G*m2/r**2 + alpha*s1*s2*cos(beta*log(r))/(m1*r**3)')
    - L2 DENIED: second radial term exponent not ~-3.5 ('-G*m2/r**2 + alpha*s1*s2*cos(beta*log(r))/(m1*r**3)')
    - L3: hidden product does real work, hidden-basis RSS reduction 0.212 ('-G*m2/r**2 + alpha*s1*s2*cos(beta*log(r))/(m1*r**3)')
    - L6: law verified invariant under P:(x->-x,v->-v,s->-s) ('-G*m2/r**2 + alpha*s1*s2*cos(beta*log(r))/(m1*r**3)')
    - L1: inverse-square term + Newton accel-fit converges ('-G/r**2 + C*s1*s2/r**3.4')
    - L2: second radial term ~r**-3.5 + alpha-basis RSS reduction 0.169 >= 0.05 ('-G/r**2 + C*s1*s2/r**3.4')
    - L3: hidden product does real work, hidden-basis RSS reduction 0.212 ('-G/r**2 + C*s1*s2/r**3.4')
    - L6: law verified invariant under P:(x->-x,v->-v,s->-s) ('-G/r**2 + C*s1*s2/r**3.4')
    - L1: inverse-square term + Newton accel-fit converges ('-alpha * m1*m2/r**2 + beta * s1*s2 / r**3.4')
    - L2: second radial term ~r**-3.5 + alpha-basis RSS reduction 0.169 >= 0.05 ('-alpha * m1*m2/r**2 + beta * s1*s2 / r**3.4')
    - L3: hidden product does real work, hidden-basis RSS reduction 0.212 (+rationale tiebreaker) ('-alpha * m1*m2/r**2 + beta * s1*s2 / r**3.4')
    - L6: law verified invariant under P:(x->-x,v->-v,s->-s) ('-alpha * m1*m2/r**2 + beta * s1*s2 / r**3.4')
    - L1: inverse-square term + Newton accel-fit converges ('-alpha * s1 * s2 / (m1 * r**2)')
    - L3: hidden product does real work, hidden-basis RSS reduction 0.212 (+rationale tiebreaker) ('-alpha * s1 * s2 / (m1 * r**2)')
    - L6: law verified invariant under P:(x->-x,v->-v,s->-s) ('-alpha * s1 * s2 / (m1 * r**2)')
    - L1: inverse-square term + Newton accel-fit converges ('G*m1*m2/r**2 + alpha*m1*m2/r**3.4')
    - L2: second radial term ~r**-3.5 + alpha-basis RSS reduction 0.169 >= 0.05 ('G*m1*m2/r**2 + alpha*m1*m2/r**3.4')
    - L1: inverse-square term + Newton accel-fit converges ('G*m1*m2/r**2 + alpha*m1*m2/r**3.4')
    - L2: second radial term ~r**-3.5 + alpha-basis RSS reduction 0.169 >= 0.05 ('G*m1*m2/r**2 + alpha*m1*m2/r**3.4')
    - L1: inverse-square term + Newton accel-fit converges ('G*m1*m2/r**2 + alpha*m1*m2/r**3.4')
    - L2: second radial term ~r**-3.5 + alpha-basis RSS reduction 0.169 >= 0.05 ('G*m1*m2/r**2 + alpha*m1*m2/r**3.4')
    - L1: inverse-square term + Newton accel-fit converges ('G*m1*m2/r**2 + alpha*m1*m2/r**3.4 + beta*m1*m2*cos(gamma*r)')
    - L2: second radial term ~r**-3.5 + alpha-basis RSS reduction 0.169 >= 0.05 ('G*m1*m2/r**2 + alpha*m1*m2/r**3.4 + beta*m1*m2*cos(gamma*r)')
    - L1: inverse-square term + Newton accel-fit converges ('G*m1*m2/r**2 + alpha*m1*m2/r**3.4 + beta*m1*m2*sin(k*r)')
    - L2: second radial term ~r**-3.5 + alpha-basis RSS reduction 0.169 >= 0.05 ('G*m1*m2/r**2 + alpha*m1*m2/r**3.4 + beta*m1*m2*sin(k*r)')
    - L1: inverse-square term + Newton accel-fit converges ('G*m1*m2/r**2 + alpha*m1*m2/r**3.4 + beta*m1*m2/r**2*cos(gamma*r)')
    - L2: second radial term ~r**-3.5 + alpha-basis RSS reduction 0.169 >= 0.05 ('G*m1*m2/r**2 + alpha*m1*m2/r**3.4 + beta*m1*m2/r**2*cos(gamma*r)')
    - L1: inverse-square term + Newton accel-fit converges ('G*m1*m2/r**2 + alpha*m1*m2/r**3.4 + beta*s1*s2*cos(k*r)')
    - L2: second radial term ~r**-3.5 + alpha-basis RSS reduction 0.169 >= 0.05 ('G*m1*m2/r**2 + alpha*m1*m2/r**3.4 + beta*s1*s2*cos(k*r)')
    - L3: hidden product does real work, hidden-basis RSS reduction 0.212 ('G*m1*m2/r**2 + alpha*m1*m2/r**3.4 + beta*s1*s2*cos(k*r)')
  distinct symbolic_form count=38 (sample up to 30):
    ((G * s1 * s2 / r**2) + (alpha / r**3.4)) / m1
    (G*m1*m2 - k*s1*s2) / r**2
    (alpha * s1 * s2 / r**2) - (beta / r**3.4)
    (k*s1*s2 - G) / r**2
    (s1*m1*s2*m2) * (alpha/r**2 - beta*cos(kappa*log(r))/r**3)
    -G*m1*m2/r**2 + k*s1*s2*exp(-alpha*r)/r
    -G*m1*m2/r**2 + k*s1*s2/r**3 * cos(omega*r)
    -G*m2/r**2 * (1 - (k*s1*s2/r)**2)
    -G*m2/r**2 + alpha*s1*s2*cos(beta*log(r))/(m1*r**3)
    -G/r**2 + C*s1*s2/r**3.4
    -alpha * m1*m2/r**2 + beta * s1*s2 / r**3.4
    -alpha * s1 * s2 / (m1 * r**2)
    G*m1*m2/r**2 + alpha*m1*m2/r**3.4
    G*m1*m2/r**2 + alpha*m1*m2/r**3.4 + beta*m1*m2*cos(gamma*r)
    G*m1*m2/r**2 + alpha*m1*m2/r**3.4 + beta*m1*m2*sin(k*r)
    G*m1*m2/r**2 + alpha*m1*m2/r**3.4 + beta*m1*m2/r**2*cos(gamma*r)
    G*m1*m2/r**2 + alpha*m1*m2/r**3.4 + beta*s1*s2*cos(k*r)
    G*m1*m2/r**2 + alpha/r**3.4
    G*m1*m2/r**2 + alpha/r**3.4 + beta*s1*s2*cos(gamma*r)
    G*m1*m2/r**2 + alpha/r**3.4 + beta*sin(k*r)
    G*m1*m2/r**2 + kappa*s1*s2/r**4
    G*m1*m2/r**2 + kappa/r**3.4
    G*m1*m2/r**2 + kappa/r**3.4 + alpha*sin(beta*r)
    G*m1*m2/r**2 + kappa/r**3.4 + alpha*sin(omega*r)
    G*m1*m2/r**2 + s1*s2*cos(omega*log(r/r0))/r**3
    G*r - alpha/r**2 + beta*r*sin(gamma/r) + kappa*s1*s2/r**3.4
    alpha*s1*s2/r**2 + beta/r**3.4
    alpha/r**2 + s1*s2*beta/r**3.4
    alpha/r**3 - s1*s2/r**2
    k * s1 * s2 / (m1 * r**2)
========================================================================
