2026-06-01 15:06:27,601 [INFO] ascension.benchmarks.alien_depth: alien_depth: max_depth=6 per_layer=(True, True, True, False, False, True) held_out_rmse=0.21206819539332167 q_drift=None n_hyp=55 elapsed_ms=41316
========================================================================
ALIEN RUN c7158ae0-e5c3-463b-bc91-def9c2e01441
  run.status=completed  halt_reason=duration_exceeded
  PROVENANCE (P-15.2-6): benchmark_system='alien_universe'  included_in_distillation_v1=False
  SCORING MODE: FAMILY (L3/L4 vs held-out products {3,5})
  node types: {'dispute': 14, 'hypothesis': 55}
  hypothesis nodes=55  status_breakdown={'active': 35, 'contested': 20}
  SPEND: 164 llm_calls, $3.7544 total
    provider='google': 149 calls, $3.7544
    provider='nvidia': 15 calls, $0.0000
------------------------------------------------------------------------
  DISCOVERY DEPTH (P-15.2-1/2/3): max_depth=6
    per_layer L1..L6 = (True, True, True, False, False, True)
    HONEST consecutive force-law depth (L1-L4, L-057) = 3   [L5=False L6=True reported separately, non-consecutive]
    held_out_rss_reduction=0.21206819539332167  q_drift=None
  scorer notes (191):
    - L1: inverse-square term + Newton accel-fit converges ('(-G*m2*s1*s2/r**2) + (beta*cos(kappa*r)/r**3)')
    - L2 DENIED: second radial term exponent not ~-3.5 ('(-G*m2*s1*s2/r**2) + (beta*cos(kappa*r)/r**3)')
    - L3: hidden product does real work, hidden-basis RSS reduction 0.212 ('(-G*m2*s1*s2/r**2) + (beta*cos(kappa*r)/r**3)')
    - L6: law verified invariant under P:(x->-x,v->-v,s->-s) ('(-G*m2*s1*s2/r**2) + (beta*cos(kappa*r)/r**3)')
    - L1: inverse-square term + Newton accel-fit converges ('(-G*m2/r**2) * (1 + kappa*s1*s2*cos(k*r))')
    - L3: hidden product does real work, hidden-basis RSS reduction 0.212 ('(-G*m2/r**2) * (1 + kappa*s1*s2*cos(k*r))')
    - L6: law verified invariant under P:(x->-x,v->-v,s->-s) ('(-G*m2/r**2) * (1 + kappa*s1*s2*cos(k*r))')
    - L1: inverse-square term + Newton accel-fit converges ('(alpha * s1 * s2 / r**2 + beta / r**3) / m1')
    - L2 DENIED: second radial term exponent not ~-3.5 ('(alpha * s1 * s2 / r**2 + beta / r**3) / m1')
    - L3: hidden product does real work, hidden-basis RSS reduction 0.212 (+rationale tiebreaker) ('(alpha * s1 * s2 / r**2 + beta / r**3) / m1')
    - L6: law verified invariant under P:(x->-x,v->-v,s->-s) ('(alpha * s1 * s2 / r**2 + beta / r**3) / m1')
    - L1: inverse-square term + Newton accel-fit converges ('(alpha * s1 * s2 / r**2) + (beta * cos(kappa * r + phi) / r**2)')
    - L3: hidden product does real work, hidden-basis RSS reduction 0.212 (+rationale tiebreaker) ('(alpha * s1 * s2 / r**2) + (beta * cos(kappa * r + phi) / r**2)')
    - L6: law verified invariant under P:(x->-x,v->-v,s->-s) ('(alpha * s1 * s2 / r**2) + (beta * cos(kappa * r + phi) / r**2)')
    - L1: inverse-square term + Newton accel-fit converges ('(alpha * s1 * s2 / r**2) + (beta / r**3.4)')
    - L2: second radial term ~r**-3.5 + alpha-basis RSS reduction 0.169 >= 0.05 ('(alpha * s1 * s2 / r**2) + (beta / r**3.4)')
    - L3: hidden product does real work, hidden-basis RSS reduction 0.212 (+rationale tiebreaker) ('(alpha * s1 * s2 / r**2) + (beta / r**3.4)')
    - L6: law verified invariant under P:(x->-x,v->-v,s->-s) ('(alpha * s1 * s2 / r**2) + (beta / r**3.4)')
    - L1: inverse-square term + Newton accel-fit converges ('(alpha * s1 * s2 / r**2) + (beta / r**3.4)')
    - L2: second radial term ~r**-3.5 + alpha-basis RSS reduction 0.169 >= 0.05 ('(alpha * s1 * s2 / r**2) + (beta / r**3.4)')
    - L3: hidden product does real work, hidden-basis RSS reduction 0.212 (+rationale tiebreaker) ('(alpha * s1 * s2 / r**2) + (beta / r**3.4)')
    - L6: law verified invariant under P:(x->-x,v->-v,s->-s) ('(alpha * s1 * s2 / r**2) + (beta / r**3.4)')
    - L1: inverse-square term + Newton accel-fit converges ('(beta*s1*s2 - alpha)/r**2 + (gamma*s1*s2)/r**4')
    - L2 DENIED: second radial term exponent not ~-3.5 ('(beta*s1*s2 - alpha)/r**2 + (gamma*s1*s2)/r**4')
    - L3: hidden product does real work, hidden-basis RSS reduction 0.212 ('(beta*s1*s2 - alpha)/r**2 + (gamma*s1*s2)/r**4')
    - L6: law verified invariant under P:(x->-x,v->-v,s->-s) ('(beta*s1*s2 - alpha)/r**2 + (gamma*s1*s2)/r**4')
    - L1: inverse-square term + Newton accel-fit converges ('(k*s1*s2 - G) * m2 / r**2')
    - L3: hidden product does real work, hidden-basis RSS reduction 0.212 (+rationale tiebreaker) ('(k*s1*s2 - G) * m2 / r**2')
    - L6: law verified invariant under P:(x->-x,v->-v,s->-s) ('(k*s1*s2 - G) * m2 / r**2')
    - L1: inverse-square term + Newton accel-fit converges ('(k*s1*s2-G)/r**2')
    - L3: hidden product does real work, hidden-basis RSS reduction 0.212 ('(k*s1*s2-G)/r**2')
    - L6: law verified invariant under P:(x->-x,v->-v,s->-s) ('(k*s1*s2-G)/r**2')
    - L1: inverse-square term + Newton accel-fit converges ('(k1*s1*s2 / r**2) - (k2 / r**3.4)')
    - L2: second radial term ~r**-3.5 + alpha-basis RSS reduction 0.169 >= 0.05 ('(k1*s1*s2 / r**2) - (k2 / r**3.4)')
    - L3: hidden product does real work, hidden-basis RSS reduction 0.212 ('(k1*s1*s2 / r**2) - (k2 / r**3.4)')
    - L6: law verified invariant under P:(x->-x,v->-v,s->-s) ('(k1*s1*s2 / r**2) - (k2 / r**3.4)')
    - L1: inverse-square term + Newton accel-fit converges ('(kappa * s1 * s2 / r**3) - (G / r**2)')
    - L2 DENIED: second radial term exponent not ~-3.5 ('(kappa * s1 * s2 / r**3) - (G / r**2)')
    - L3: hidden product does real work, hidden-basis RSS reduction 0.212 (+rationale tiebreaker) ('(kappa * s1 * s2 / r**3) - (G / r**2)')
    - L6: law verified invariant under P:(x->-x,v->-v,s->-s) ('(kappa * s1 * s2 / r**3) - (G / r**2)')
    - L1: inverse-square term + Newton accel-fit converges ('(kappa*s1*s2 - G*m1)/r**2 + beta/r**3 - gamma/r**4')
    - L2 DENIED: second radial term exponent not ~-3.5 ('(kappa*s1*s2 - G*m1)/r**2 + beta/r**3 - gamma/r**4')
    - L3: hidden product does real work, hidden-basis RSS reduction 0.212 (+rationale tiebreaker) ('(kappa*s1*s2 - G*m1)/r**2 + beta/r**3 - gamma/r**4')
    - L6: law verified invariant under P:(x->-x,v->-v,s->-s) ('(kappa*s1*s2 - G*m1)/r**2 + beta/r**3 - gamma/r**4')
    - L1: inverse-square term + Newton accel-fit converges ('(s1*s2/m1) * (G/r**2 + K*cos(alpha*log(r) + beta)/r**3)')
    - L2 DENIED: second radial term exponent not ~-3.5 ('(s1*s2/m1) * (G/r**2 + K*cos(alpha*log(r) + beta)/r**3)')
    - L3: hidden product does real work, hidden-basis RSS reduction 0.212 ('(s1*s2/m1) * (G/r**2 + K*cos(alpha*log(r) + beta)/r**3)')
    - L6: law verified invariant under P:(x->-x,v->-v,s->-s) ('(s1*s2/m1) * (G/r**2 + K*cos(alpha*log(r) + beta)/r**3)')
    - L1: inverse-square term + Newton accel-fit converges ('(s1*s2/m1) * (alpha/r**2 + beta*cos(k*r)/r**2 - beta*k*sin(k*r)/r)')
    - L2 DENIED: second radial term exponent not ~-3.5 ('(s1*s2/m1) * (alpha/r**2 + beta*cos(k*r)/r**2 - beta*k*sin(k*r)/r)')
    - L3: hidden product does real work, hidden-basis RSS reduction 0.212 ('(s1*s2/m1) * (alpha/r**2 + beta*cos(k*r)/r**2 - beta*k*sin(k*r)/r)')
    - L6: law verified invariant under P:(x->-x,v->-v,s->-s) ('(s1*s2/m1) * (alpha/r**2 + beta*cos(k*r)/r**2 - beta*k*sin(k*r)/r)')
    - L1: inverse-square term + Newton accel-fit converges ('-(alpha * s1 * s2 / r**2 + beta * s1 * s2 / r**3.4)')
    - L2: second radial term ~r**-3.5 + alpha-basis RSS reduction 0.169 >= 0.05 ('-(alpha * s1 * s2 / r**2 + beta * s1 * s2 / r**3.4)')
    - L3: hidden product does real work, hidden-basis RSS reduction 0.212 (+rationale tiebreaker) ('-(alpha * s1 * s2 / r**2 + beta * s1 * s2 / r**3.4)')
    - L6: law verified invariant under P:(x->-x,v->-v,s->-s) ('-(alpha * s1 * s2 / r**2 + beta * s1 * s2 / r**3.4)')
    - L1: inverse-square term + Newton accel-fit converges ('-G * m2 / r**2 + kappa * s1 * s2 * m2 / r**3.4')
    - L2: second radial term ~r**-3.5 + alpha-basis RSS reduction 0.169 >= 0.05 ('-G * m2 / r**2 + kappa * s1 * s2 * m2 / r**3.4')
    - L3: hidden product does real work, hidden-basis RSS reduction 0.212 (+rationale tiebreaker) ('-G * m2 / r**2 + kappa * s1 * s2 * m2 / r**3.4')
    - L6: law verified invariant under P:(x->-x,v->-v,s->-s) ('-G * m2 / r**2 + kappa * s1 * s2 * m2 / r**3.4')
  distinct symbolic_form count=52 (sample up to 30):
    (-G*m2*s1*s2/r**2) + (beta*cos(kappa*r)/r**3)
    (-G*m2/r**2) * (1 + kappa*s1*s2*cos(k*r))
    (alpha * s1 * s2 / r**2 + beta / r**3) / m1
    (alpha * s1 * s2 / r**2) + (beta * cos(kappa * r + phi) / r**2)
    (alpha * s1 * s2 / r**2) + (beta / r**3.4)
    (beta*s1*s2 - alpha)/r**2 + (gamma*s1*s2)/r**4
    (k*s1*s2 - G) * m2 / r**2
    (k*s1*s2-G)/r**2
    (k1*s1*s2 / r**2) - (k2 / r**3.4)
    (kappa * s1 * s2 / r**3) - (G / r**2)
    (kappa*s1*s2 - G*m1)/r**2 + beta/r**3 - gamma/r**4
    (s1*s2/m1) * (G/r**2 + K*cos(alpha*log(r) + beta)/r**3)
    (s1*s2/m1) * (alpha/r**2 + beta*cos(k*r)/r**2 - beta*k*sin(k*r)/r)
    -(alpha * s1 * s2 / r**2 + beta * s1 * s2 / r**3.4)
    -G * m2 / r**2 + kappa * s1 * s2 * m2 / r**3.4
    -G*m1*m2 / (r - s1 - s2)**2
    -G*m1*m2/r**2 + alpha*s1*s2*cos(k*r)/r**3
    -G*m1*m2/r**2 + alpha*s1*s2/r**4
    -G*m2/r**2 + alpha*s2*cos(k*r)/r**3
    -G*m2/r**2 + k*s1*s2/r**3.4
    -G*m2/r**2 + k*s1*s2/r**p + A*cos(omega*r)/r**2
    -G*m2/r**2 + k*s2/r**3.4
    -G*m2/r**2 + kappa*s1*s2/(m1*r**3.4)
    -alpha * s1 * s2 / r**2 + beta * cos(k*r) / r**3
    -alpha/r**2 + beta*s1*s2/r**3 + gamma*s1*s2/r**4
    G*m1*m2/r**2 + alpha*m1*m2/r**3.4
    G*m1*m2/r**2 + alpha/r**3.4
    G*m1*m2/r**2 + alpha/r**3.4 + beta*s1*s2*sin(k*r)
    G*m1*m2/r**2 + alpha/r**3.4 + beta*sin(gamma*r)
    G*m1*m2/r**2 + alpha/r**3.4 + beta*sin(k*r)
========================================================================
