2026-06-01 14:25:11,054 [INFO] ascension.benchmarks.alien_depth: alien_depth: max_depth=6 per_layer=(True, True, True, False, False, True) held_out_rmse=0.21206819539332167 q_drift=None n_hyp=59 elapsed_ms=52879
========================================================================
ALIEN RUN a0b12909-a74c-4665-ae7c-c951206f72b4
  run.status=completed  halt_reason=duration_exceeded
  PROVENANCE (P-15.2-6): benchmark_system='alien_universe'  included_in_distillation_v1=False
  SCORING MODE: FAMILY (L3/L4 vs held-out products {3,5})
  node types: {'dispute': 15, 'hypothesis': 59}
  hypothesis nodes=59  status_breakdown={'active': 35, 'contested': 24}
  SPEND: 169 llm_calls, $4.8031 total
    provider='google': 169 calls, $4.8031
------------------------------------------------------------------------
  DISCOVERY DEPTH (P-15.2-1/2/3): max_depth=6
    per_layer L1..L6 = (True, True, True, False, False, True)
    HONEST consecutive force-law depth (L1-L4, L-057) = 3   [L5=False L6=True reported separately, non-consecutive]
    held_out_rss_reduction=0.21206819539332167  q_drift=None
  scorer notes (212):
    - L1: inverse-square term + Newton accel-fit converges ('(-G * s1 * s2 / r**2 - alpha * cos(k * r) / r**3) / m1')
    - L2 DENIED: second radial term exponent not ~-3.5 ('(-G * s1 * s2 / r**2 - alpha * cos(k * r) / r**3) / m1')
    - L3: hidden product does real work, hidden-basis RSS reduction 0.212 (+rationale tiebreaker) ('(-G * s1 * s2 / r**2 - alpha * cos(k * r) / r**3) / m1')
    - L6: law verified invariant under P:(x->-x,v->-v,s->-s) ('(-G * s1 * s2 / r**2 - alpha * cos(k * r) / r**3) / m1')
    - L1: inverse-square term + Newton accel-fit converges ('(G * s1 * s2 / r**2) * (1 + alpha * cos(k*r))')
    - L3: hidden product does real work, hidden-basis RSS reduction 0.212 ('(G * s1 * s2 / r**2) * (1 + alpha * cos(k*r))')
    - L6: law verified invariant under P:(x->-x,v->-v,s->-s) ('(G * s1 * s2 / r**2) * (1 + alpha * cos(k*r))')
    - L1: inverse-square term + Newton accel-fit converges ('(G*s1*s2/r**2 - K/r**3.4) / m1')
    - L2: second radial term ~r**-3.5 + alpha-basis RSS reduction 0.169 >= 0.05 ('(G*s1*s2/r**2 - K/r**3.4) / m1')
    - L3: hidden product does real work, hidden-basis RSS reduction 0.212 (+rationale tiebreaker) ('(G*s1*s2/r**2 - K/r**3.4) / m1')
    - L6: law verified invariant under P:(x->-x,v->-v,s->-s) ('(G*s1*s2/r**2 - K/r**3.4) / m1')
    - L2 DENIED: second radial term exponent not ~-3.5 ('(k * s1 * s2) / (m1 * r)')
    - L3: hidden product does real work, hidden-basis RSS reduction 0.212 (+rationale tiebreaker) ('(k * s1 * s2) / (m1 * r)')
    - L6: law verified invariant under P:(x->-x,v->-v,s->-s) ('(k * s1 * s2) / (m1 * r)')
    - L1: inverse-square term + Newton accel-fit converges ('(kappa*s1*s2/r**2 + beta/r**3.4)/m1')
    - L2: second radial term ~r**-3.5 + alpha-basis RSS reduction 0.169 >= 0.05 ('(kappa*s1*s2/r**2 + beta/r**3.4)/m1')
    - L3: hidden product does real work, hidden-basis RSS reduction 0.212 ('(kappa*s1*s2/r**2 + beta/r**3.4)/m1')
    - L6: law verified invariant under P:(x->-x,v->-v,s->-s) ('(kappa*s1*s2/r**2 + beta/r**3.4)/m1')
    - L1: inverse-square term + Newton accel-fit converges ('(s1 * s2) * (k1 / r**2 + k2 * cos(alpha * log(r)) / r**3)')
    - L2 DENIED: second radial term exponent not ~-3.5 ('(s1 * s2) * (k1 / r**2 + k2 * cos(alpha * log(r)) / r**3)')
    - L3: hidden product does real work, hidden-basis RSS reduction 0.212 ('(s1 * s2) * (k1 / r**2 + k2 * cos(alpha * log(r)) / r**3)')
    - L6: law verified invariant under P:(x->-x,v->-v,s->-s) ('(s1 * s2) * (k1 / r**2 + k2 * cos(alpha * log(r)) / r**3)')
    - L1: inverse-square term + Newton accel-fit converges ('(s1*s2) * (-G/r**2 - alpha*cos(k*r)/r**3)')
    - L2 DENIED: second radial term exponent not ~-3.5 ('(s1*s2) * (-G/r**2 - alpha*cos(k*r)/r**3)')
    - L3: hidden product does real work, hidden-basis RSS reduction 0.212 ('(s1*s2) * (-G/r**2 - alpha*cos(k*r)/r**3)')
    - L6: law verified invariant under P:(x->-x,v->-v,s->-s) ('(s1*s2) * (-G/r**2 - alpha*cos(k*r)/r**3)')
    - L1: inverse-square term + Newton accel-fit converges ('(s1*s2/m1) * (-G/r**2 + alpha*cos(omega*log(r))/r**beta)')
    - L3: hidden product does real work, hidden-basis RSS reduction 0.212 (+rationale tiebreaker) ('(s1*s2/m1) * (-G/r**2 + alpha*cos(omega*log(r))/r**beta)')
    - L6: law verified invariant under P:(x->-x,v->-v,s->-s) ('(s1*s2/m1) * (-G/r**2 + alpha*cos(omega*log(r))/r**beta)')
    - L1: inverse-square term + Newton accel-fit converges ('(s1*s2/m1) * (alpha/r**2 - beta/r**3)')
    - L2 DENIED: second radial term exponent not ~-3.5 ('(s1*s2/m1) * (alpha/r**2 - beta/r**3)')
    - L3: hidden product does real work, hidden-basis RSS reduction 0.212 ('(s1*s2/m1) * (alpha/r**2 - beta/r**3)')
    - L6: law verified invariant under P:(x->-x,v->-v,s->-s) ('(s1*s2/m1) * (alpha/r**2 - beta/r**3)')
    - L1: inverse-square term + Newton accel-fit converges ('(s1*s2/m1) * (k1/r**2 + k2/r**3.4)')
    - L2: second radial term ~r**-3.5 + alpha-basis RSS reduction 0.169 >= 0.05 ('(s1*s2/m1) * (k1/r**2 + k2/r**3.4)')
    - L3: hidden product does real work, hidden-basis RSS reduction 0.212 (+rationale tiebreaker) ('(s1*s2/m1) * (k1/r**2 + k2/r**3.4)')
    - L6: law verified invariant under P:(x->-x,v->-v,s->-s) ('(s1*s2/m1) * (k1/r**2 + k2/r**3.4)')
    - L1: inverse-square term + Newton accel-fit converges ('(s1*s2/m1) * (k1/r**2 + k2/r**3.4)')
    - L2: second radial term ~r**-3.5 + alpha-basis RSS reduction 0.169 >= 0.05 ('(s1*s2/m1) * (k1/r**2 + k2/r**3.4)')
    - L3: hidden product does real work, hidden-basis RSS reduction 0.212 (+rationale tiebreaker) ('(s1*s2/m1) * (k1/r**2 + k2/r**3.4)')
    - L6: law verified invariant under P:(x->-x,v->-v,s->-s) ('(s1*s2/m1) * (k1/r**2 + k2/r**3.4)')
    - L1: inverse-square term + Newton accel-fit converges ('-(s1*s2/m1) * (G/r**2 + kappa/r**3.4)')
    - L2: second radial term ~r**-3.5 + alpha-basis RSS reduction 0.169 >= 0.05 ('-(s1*s2/m1) * (G/r**2 + kappa/r**3.4)')
    - L3: hidden product does real work, hidden-basis RSS reduction 0.212 (+rationale tiebreaker) ('-(s1*s2/m1) * (G/r**2 + kappa/r**3.4)')
    - L6: law verified invariant under P:(x->-x,v->-v,s->-s) ('-(s1*s2/m1) * (G/r**2 + kappa/r**3.4)')
    - L1: inverse-square term + Newton accel-fit converges ('-G * m1 * m2 / r**2 + kappa * s1 * s2 / r**3.4')
    - L2: second radial term ~r**-3.5 + alpha-basis RSS reduction 0.169 >= 0.05 ('-G * m1 * m2 / r**2 + kappa * s1 * s2 / r**3.4')
    - L3: hidden product does real work, hidden-basis RSS reduction 0.212 (+rationale tiebreaker) ('-G * m1 * m2 / r**2 + kappa * s1 * s2 / r**3.4')
    - L6: law verified invariant under P:(x->-x,v->-v,s->-s) ('-G * m1 * m2 / r**2 + kappa * s1 * s2 / r**3.4')
    - L1: inverse-square term + Newton accel-fit converges ('-G*m1*m2/r**2 + k*s1*s2/r**3.4')
    - L2: second radial term ~r**-3.5 + alpha-basis RSS reduction 0.169 >= 0.05 ('-G*m1*m2/r**2 + k*s1*s2/r**3.4')
    - L3: hidden product does real work, hidden-basis RSS reduction 0.212 ('-G*m1*m2/r**2 + k*s1*s2/r**3.4')
    - L6: law verified invariant under P:(x->-x,v->-v,s->-s) ('-G*m1*m2/r**2 + k*s1*s2/r**3.4')
    - L1: inverse-square term + Newton accel-fit converges ('-G*m2/r**2 + H*s1*s2*m2/r**3.4')
    - L2: second radial term ~r**-3.5 + alpha-basis RSS reduction 0.169 >= 0.05 ('-G*m2/r**2 + H*s1*s2*m2/r**3.4')
    - L3: hidden product does real work, hidden-basis RSS reduction 0.212 (+rationale tiebreaker) ('-G*m2/r**2 + H*s1*s2*m2/r**3.4')
    - L6: law verified invariant under P:(x->-x,v->-v,s->-s) ('-G*m2/r**2 + H*s1*s2*m2/r**3.4')
    - L1: inverse-square term + Newton accel-fit converges ('-G*m2/r**2 + K*s1*s2/(m1*r**3)')
    - L2 DENIED: second radial term exponent not ~-3.5 ('-G*m2/r**2 + K*s1*s2/(m1*r**3)')
    - L3: hidden product does real work, hidden-basis RSS reduction 0.212 (+rationale tiebreaker) ('-G*m2/r**2 + K*s1*s2/(m1*r**3)')
  distinct symbolic_form count=57 (sample up to 30):
    (-G * s1 * s2 / r**2 - alpha * cos(k * r) / r**3) / m1
    (G * s1 * s2 / r**2) * (1 + alpha * cos(k*r))
    (G*s1*s2/r**2 - K/r**3.4) / m1
    (k * s1 * s2) / (m1 * r)
    (kappa*s1*s2/r**2 + beta/r**3.4)/m1
    (s1 * s2) * (k1 / r**2 + k2 * cos(alpha * log(r)) / r**3)
    (s1*s2) * (-G/r**2 - alpha*cos(k*r)/r**3)
    (s1*s2/m1) * (-G/r**2 + alpha*cos(omega*log(r))/r**beta)
    (s1*s2/m1) * (alpha/r**2 - beta/r**3)
    (s1*s2/m1) * (k1/r**2 + k2/r**3.4)
    -(s1*s2/m1) * (G/r**2 + kappa/r**3.4)
    -G * m1 * m2 / r**2 + kappa * s1 * s2 / r**3.4
    -G*m1*m2/r**2 + k*s1*s2/r**3.4
    -G*m2/r**2 + H*s1*s2*m2/r**3.4
    -G*m2/r**2 + K*s1*s2/(m1*r**3)
    -G*m2/r**2 + K*s1*s2/(m1*r**p)
    -G*m2/r**2 + alpha*cos(k*r)/r**3
    -G/r**2 + k*s1*s2*cos(omega*r)/r**alpha
    -k * s1 * s2 / (m1 * r**2)
    -s1*s2/m1 * (G/r**2 + alpha/r**3 * cos(beta*log(r)))
    G * m2 * s1 * s2 * (1/r**2 + alpha/r**3.4)
    G * s1 * s2 / r
    G * s1 * s2 / r**2 + alpha * cos(beta * r + gamma) / r**3
    G * s1 * s2 / r**2 + k * s1 * s2 / r**3.4
    G * s1 * s2 / r**2 - alpha / r**3
    G * s1*s2 / r**2 + H * s1*s2 / r**3
    G*m2*s1*s2/r**2 + alpha*cos(beta*r)/r**n
    G*m2*s1*s2/r**2 + beta*cos(omega*r)/r**2
    G*m2/r**2 + kappa*s1*s2/(m1*r**3.4)
    G*m2/r**2 + kappa*s2/r**3.4
========================================================================
