2026-06-01 15:26:54,008 [INFO] ascension.benchmarks.alien_depth: alien_depth: max_depth=6 per_layer=(True, False, True, False, False, True) held_out_rmse=0.21206819539332167 q_drift=None n_hyp=7 elapsed_ms=14231
========================================================================
ALIEN RUN ea54b3da-1f51-4cbd-9462-325f185af300
  run.status=completed  halt_reason=duration_exceeded
  PROVENANCE (P-15.2-6): benchmark_system='alien_universe'  included_in_distillation_v1=False
  SCORING MODE: FAMILY (L3/L4 vs held-out products {3,5})
  node types: {'hypothesis': 7}
  hypothesis nodes=7  status_breakdown={'active': 7}
  SPEND: 14 llm_calls, $0.9985 total
    provider='google': 14 calls, $0.9985
------------------------------------------------------------------------
  DISCOVERY DEPTH (P-15.2-1/2/3): max_depth=6
    per_layer L1..L6 = (True, False, True, False, False, True)
    HONEST consecutive force-law depth (L1-L4, L-057) = 1   [L5=False L6=True reported separately, non-consecutive]
    held_out_rss_reduction=0.21206819539332167  q_drift=None
  scorer notes (25):
    - L1: inverse-square term + Newton accel-fit converges ('(-G * m2 + k * s1 * s2 / m1) / r**2')
    - L3: hidden product does real work, hidden-basis RSS reduction 0.212 (+rationale tiebreaker) ('(-G * m2 + k * s1 * s2 / m1) / r**2')
    - L6: law verified invariant under P:(x->-x,v->-v,s->-s) ('(-G * m2 + k * s1 * s2 / m1) / r**2')
    - L1: inverse-square term + Newton accel-fit converges ('(G * m2 - kappa * s1 * s2) / (m1 * r**2)')
    - L3: hidden product does real work, hidden-basis RSS reduction 0.212 (+rationale tiebreaker) ('(G * m2 - kappa * s1 * s2) / (m1 * r**2)')
    - L6: law verified invariant under P:(x->-x,v->-v,s->-s) ('(G * m2 - kappa * s1 * s2) / (m1 * r**2)')
    - L1: inverse-square term + Newton accel-fit converges ('(k*s1*s2 - G*m1*m2) / (m1 * r**2)')
    - L3: hidden product does real work, hidden-basis RSS reduction 0.212 (+rationale tiebreaker) ('(k*s1*s2 - G*m1*m2) / (m1 * r**2)')
    - L6: law verified invariant under P:(x->-x,v->-v,s->-s) ('(k*s1*s2 - G*m1*m2) / (m1 * r**2)')
    - L1: inverse-square term + Newton accel-fit converges ('(s1*s2/m1) * (alpha/r**2 + beta/r**3)')
    - L2 DENIED: second radial term exponent not ~-3.5 ('(s1*s2/m1) * (alpha/r**2 + beta/r**3)')
    - L3: hidden product does real work, hidden-basis RSS reduction 0.212 (+rationale tiebreaker) ('(s1*s2/m1) * (alpha/r**2 + beta/r**3)')
    - L6: law verified invariant under P:(x->-x,v->-v,s->-s) ('(s1*s2/m1) * (alpha/r**2 + beta/r**3)')
    - L1: inverse-square term + Newton accel-fit converges ('G*m2/r**2 - C*s1*s2/(m1*r**3)')
    - L2 DENIED: second radial term exponent not ~-3.5 ('G*m2/r**2 - C*s1*s2/(m1*r**3)')
    - L3: hidden product does real work, hidden-basis RSS reduction 0.212 (+rationale tiebreaker) ('G*m2/r**2 - C*s1*s2/(m1*r**3)')
    - L6: law verified invariant under P:(x->-x,v->-v,s->-s) ('G*m2/r**2 - C*s1*s2/(m1*r**3)')
    - L1: inverse-square term + Newton accel-fit converges ('alpha/r**2 - beta*s1*s2/r**3')
    - L2 DENIED: second radial term exponent not ~-3.5 ('alpha/r**2 - beta*s1*s2/r**3')
    - L3: hidden product does real work, hidden-basis RSS reduction 0.212 (+rationale tiebreaker) ('alpha/r**2 - beta*s1*s2/r**3')
    - L6: law verified invariant under P:(x->-x,v->-v,s->-s) ('alpha/r**2 - beta*s1*s2/r**3')
    - L1: inverse-square term + Newton accel-fit converges ('k*s1*s2/(m1*r) - G*m2/r**2')
    - L2 DENIED: second radial term exponent not ~-3.5 ('k*s1*s2/(m1*r) - G*m2/r**2')
    - L3: hidden product does real work, hidden-basis RSS reduction 0.212 (+rationale tiebreaker) ('k*s1*s2/(m1*r) - G*m2/r**2')
    - L6: law verified invariant under P:(x->-x,v->-v,s->-s) ('k*s1*s2/(m1*r) - G*m2/r**2')
  distinct symbolic_form count=7 (sample up to 30):
    (-G * m2 + k * s1 * s2 / m1) / r**2
    (G * m2 - kappa * s1 * s2) / (m1 * r**2)
    (k*s1*s2 - G*m1*m2) / (m1 * r**2)
    (s1*s2/m1) * (alpha/r**2 + beta/r**3)
    G*m2/r**2 - C*s1*s2/(m1*r**3)
    alpha/r**2 - beta*s1*s2/r**3
    k*s1*s2/(m1*r) - G*m2/r**2
========================================================================
