2026-06-01 18:32:21,225 [INFO] ascension.benchmarks.alien_depth: alien_depth: max_depth=6 per_layer=(True, True, True, False, False, True) held_out_rmse=0.21206819539332167 q_drift=None n_hyp=56 elapsed_ms=32802
========================================================================
ALIEN RUN a3ff098c-0f9f-4e16-8085-3675acd82b3b
  run.status=completed  halt_reason=duration_exceeded
  PROVENANCE (P-15.2-6): benchmark_system='alien_universe'  included_in_distillation_v1=False
  SCORING MODE: FAMILY (L3/L4 vs held-out products {3,5})
  node types: {'dispute': 8, 'hypothesis': 56}
  hypothesis nodes=56  status_breakdown={'contested': 14, 'active': 42}
  SPEND: 164 llm_calls, $2.1269 total
    provider='google': 125 calls, $2.1269
    provider='nvidia': 39 calls, $0.0000
------------------------------------------------------------------------
  DISCOVERY DEPTH (P-15.2-1/2/3): max_depth=6
    per_layer L1..L6 = (True, True, True, False, False, True)
    HONEST consecutive force-law depth (L1-L4, L-057) = 3   [L5=False L6=True reported separately, non-consecutive]
    held_out_rss_reduction=0.21206819539332167  q_drift=None
  scorer notes (163):
    - L1: inverse-square term + Newton accel-fit converges ('(s1 * s2 * m2) * (alpha/r**2 + beta/r**3)')
    - L2 DENIED: second radial term exponent not ~-3.5 ('(s1 * s2 * m2) * (alpha/r**2 + beta/r**3)')
    - L3: hidden product does real work, hidden-basis RSS reduction 0.212 (+rationale tiebreaker) ('(s1 * s2 * m2) * (alpha/r**2 + beta/r**3)')
    - L6: law verified invariant under P:(x->-x,v->-v,s->-s) ('(s1 * s2 * m2) * (alpha/r**2 + beta/r**3)')
    - L1: inverse-square term + Newton accel-fit converges ('-A*m1*m2/r**2 + B*s1*s2*cos(C*log(r))/r**3')
    - L2 DENIED: second radial term exponent not ~-3.5 ('-A*m1*m2/r**2 + B*s1*s2*cos(C*log(r))/r**3')
    - L3: hidden product does real work, hidden-basis RSS reduction 0.212 (+rationale tiebreaker) ('-A*m1*m2/r**2 + B*s1*s2*cos(C*log(r))/r**3')
    - L6: law verified invariant under P:(x->-x,v->-v,s->-s) ('-A*m1*m2/r**2 + B*s1*s2*cos(C*log(r))/r**3')
    - L1: inverse-square term + Newton accel-fit converges ('-G*m1*m2/r**2 - C*(s1*s2)*cos(omega*log(r))/r**3')
    - L2 DENIED: second radial term exponent not ~-3.5 ('-G*m1*m2/r**2 - C*(s1*s2)*cos(omega*log(r))/r**3')
    - L3: hidden product does real work, hidden-basis RSS reduction 0.212 ('-G*m1*m2/r**2 - C*(s1*s2)*cos(omega*log(r))/r**3')
    - L6: law verified invariant under P:(x->-x,v->-v,s->-s) ('-G*m1*m2/r**2 - C*(s1*s2)*cos(omega*log(r))/r**3')
    - L1: inverse-square term + Newton accel-fit converges ('-G*m2/r**2 + alpha*s1*s2*cos(kappa*r)/r**3')
    - L2 DENIED: second radial term exponent not ~-3.5 ('-G*m2/r**2 + alpha*s1*s2*cos(kappa*r)/r**3')
    - L3: hidden product does real work, hidden-basis RSS reduction 0.212 (+rationale tiebreaker) ('-G*m2/r**2 + alpha*s1*s2*cos(kappa*r)/r**3')
    - L6: law verified invariant under P:(x->-x,v->-v,s->-s) ('-G*m2/r**2 + alpha*s1*s2*cos(kappa*r)/r**3')
    - L1: inverse-square term + Newton accel-fit converges ('-G*m2/r**2 + k*m2*s1*s2/r**3.4')
    - L2: second radial term ~r**-3.5 + alpha-basis RSS reduction 0.169 >= 0.05 ('-G*m2/r**2 + k*m2*s1*s2/r**3.4')
    - L3: hidden product does real work, hidden-basis RSS reduction 0.212 (+rationale tiebreaker) ('-G*m2/r**2 + k*m2*s1*s2/r**3.4')
    - L6: law verified invariant under P:(x->-x,v->-v,s->-s) ('-G*m2/r**2 + k*m2*s1*s2/r**3.4')
    - L1: inverse-square term + Newton accel-fit converges ('-kappa * s1 * s2 / r**2 - alpha / r**3.4')
    - L2: second radial term ~r**-3.5 + alpha-basis RSS reduction 0.169 >= 0.05 ('-kappa * s1 * s2 / r**2 - alpha / r**3.4')
    - L3: hidden product does real work, hidden-basis RSS reduction 0.212 (+rationale tiebreaker) ('-kappa * s1 * s2 / r**2 - alpha / r**3.4')
    - L6: law verified invariant under P:(x->-x,v->-v,s->-s) ('-kappa * s1 * s2 / r**2 - alpha / r**3.4')
    - L1: inverse-square term + Newton accel-fit converges ('A/r**3 - B*s1*s2/r**2')
    - L2 DENIED: second radial term exponent not ~-3.5 ('A/r**3 - B*s1*s2/r**2')
    - L3: hidden product does real work, hidden-basis RSS reduction 0.212 (+rationale tiebreaker) ('A/r**3 - B*s1*s2/r**2')
    - L6: law verified invariant under P:(x->-x,v->-v,s->-s) ('A/r**3 - B*s1*s2/r**2')
    - L1: inverse-square term + Newton accel-fit converges ('A/r**4 - (B + C*s1*s2)/r**2')
    - L2 DENIED: second radial term exponent not ~-3.5 ('A/r**4 - (B + C*s1*s2)/r**2')
    - L3: hidden product does real work, hidden-basis RSS reduction 0.212 (+rationale tiebreaker) ('A/r**4 - (B + C*s1*s2)/r**2')
    - L6: law verified invariant under P:(x->-x,v->-v,s->-s) ('A/r**4 - (B + C*s1*s2)/r**2')
    - L1: inverse-square term + Newton accel-fit converges ('G*m1*m2/r**2 + alpha*m1*m2/r**3.4')
    - L2: second radial term ~r**-3.5 + alpha-basis RSS reduction 0.169 >= 0.05 ('G*m1*m2/r**2 + alpha*m1*m2/r**3.4')
    - L1: inverse-square term + Newton accel-fit converges ('G*m1*m2/r**2 + alpha*m1*m2/r**3.4 + beta*m1*m2*s1*s2/r**2*cos(s1*s2*r)')
    - L2: second radial term ~r**-3.5 + alpha-basis RSS reduction 0.169 >= 0.05 ('G*m1*m2/r**2 + alpha*m1*m2/r**3.4 + beta*m1*m2*s1*s2/r**2*cos(s1*s2*r)')
    - L3: hidden product does real work, hidden-basis RSS reduction 0.212 (+rationale tiebreaker) ('G*m1*m2/r**2 + alpha*m1*m2/r**3.4 + beta*m1*m2*s1*s2/r**2*cos(s1*s2*r)')
    - L6: law verified invariant under P:(x->-x,v->-v,s->-s) ('G*m1*m2/r**2 + alpha*m1*m2/r**3.4 + beta*m1*m2*s1*s2/r**2*cos(s1*s2*r)')
    - L1: inverse-square term + Newton accel-fit converges ('G*m1*m2/r**2 + alpha*m1*m2/r**3.4 + beta*m1*m2/r**2*cos(k*r)')
    - L2: second radial term ~r**-3.5 + alpha-basis RSS reduction 0.169 >= 0.05 ('G*m1*m2/r**2 + alpha*m1*m2/r**3.4 + beta*m1*m2/r**2*cos(k*r)')
    - L1: inverse-square term + Newton accel-fit converges ('G*m1*m2/r**2 + alpha*m1*m2/r**3.4 + beta*m1*m2/r**2*cos(k*r)')
    - L2: second radial term ~r**-3.5 + alpha-basis RSS reduction 0.169 >= 0.05 ('G*m1*m2/r**2 + alpha*m1*m2/r**3.4 + beta*m1*m2/r**2*cos(k*r)')
    - L1: inverse-square term + Newton accel-fit converges ('G*m1*m2/r**2 + alpha*m1*m2/r**3.4 + beta*m1*m2/r**2*cos(k*r)')
    - L2: second radial term ~r**-3.5 + alpha-basis RSS reduction 0.169 >= 0.05 ('G*m1*m2/r**2 + alpha*m1*m2/r**3.4 + beta*m1*m2/r**2*cos(k*r)')
    - L1: inverse-square term + Newton accel-fit converges ('G*m1*m2/r**2 + alpha/r**2.5 + beta*sin(kappa*r)')
    - L2 DENIED: second radial term exponent not ~-3.5 ('G*m1*m2/r**2 + alpha/r**2.5 + beta*sin(kappa*r)')
    - L1: inverse-square term + Newton accel-fit converges ('G*m1*m2/r**2 + alpha/r**3.4')
    - L2: second radial term ~r**-3.5 + alpha-basis RSS reduction 0.169 >= 0.05 ('G*m1*m2/r**2 + alpha/r**3.4')
    - L1: inverse-square term + Newton accel-fit converges ('G*m1*m2/r**2 + alpha/r**3.4')
    - L2: second radial term ~r**-3.5 + alpha-basis RSS reduction 0.169 >= 0.05 ('G*m1*m2/r**2 + alpha/r**3.4')
    - L1: inverse-square term + Newton accel-fit converges ('G*m1*m2/r**2 + alpha/r**3.4 + beta*s1*s2*sin(k*r)')
    - L2: second radial term ~r**-3.5 + alpha-basis RSS reduction 0.169 >= 0.05 ('G*m1*m2/r**2 + alpha/r**3.4 + beta*s1*s2*sin(k*r)')
    - L3: hidden product does real work, hidden-basis RSS reduction 0.212 ('G*m1*m2/r**2 + alpha/r**3.4 + beta*s1*s2*sin(k*r)')
    - L6: law verified invariant under P:(x->-x,v->-v,s->-s) ('G*m1*m2/r**2 + alpha/r**3.4 + beta*s1*s2*sin(k*r)')
    - L1: inverse-square term + Newton accel-fit converges ('G*m1*m2/r**2 + alpha/r**3.4 + beta*s1*s2/r**2')
    - L2: second radial term ~r**-3.5 + alpha-basis RSS reduction 0.169 >= 0.05 ('G*m1*m2/r**2 + alpha/r**3.4 + beta*s1*s2/r**2')
    - L3: hidden product does real work, hidden-basis RSS reduction 0.212 (+rationale tiebreaker) ('G*m1*m2/r**2 + alpha/r**3.4 + beta*s1*s2/r**2')
    - L6: law verified invariant under P:(x->-x,v->-v,s->-s) ('G*m1*m2/r**2 + alpha/r**3.4 + beta*s1*s2/r**2')
    - L1: inverse-square term + Newton accel-fit converges ('G*m1*m2/r**2 + alpha/r**3.4 + beta*sin(k*r)')
    - L2: second radial term ~r**-3.5 + alpha-basis RSS reduction 0.169 >= 0.05 ('G*m1*m2/r**2 + alpha/r**3.4 + beta*sin(k*r)')
  distinct symbolic_form count=45 (sample up to 30):
    (s1 * s2 * m2) * (alpha/r**2 + beta/r**3)
    -A*m1*m2/r**2 + B*s1*s2*cos(C*log(r))/r**3
    -G*m1*m2/r**2 - C*(s1*s2)*cos(omega*log(r))/r**3
    -G*m2/r**2 + alpha*s1*s2*cos(kappa*r)/r**3
    -G*m2/r**2 + k*m2*s1*s2/r**3.4
    -kappa * s1 * s2 / r**2 - alpha / r**3.4
    A/r**3 - B*s1*s2/r**2
    A/r**4 - (B + C*s1*s2)/r**2
    G*m1*m2/r**2 + alpha*m1*m2/r**3.4
    G*m1*m2/r**2 + alpha*m1*m2/r**3.4 + beta*m1*m2*s1*s2/r**2*cos(s1*s2*r)
    G*m1*m2/r**2 + alpha*m1*m2/r**3.4 + beta*m1*m2/r**2*cos(k*r)
    G*m1*m2/r**2 + alpha/r**2.5 + beta*sin(kappa*r)
    G*m1*m2/r**2 + alpha/r**3.4
    G*m1*m2/r**2 + alpha/r**3.4 + beta*s1*s2*sin(k*r)
    G*m1*m2/r**2 + alpha/r**3.4 + beta*s1*s2/r**2
    G*m1*m2/r**2 + alpha/r**3.4 + beta*sin(k*r)
    G*m1*m2/r**2 + alpha/r**3.4 + beta*sin(kappa*r)
    G*m1*m2/r**2 + kappa*m1*m2/r**3.4 + alpha*m1*m2*sin(omega*r)
    G*m1*m2/r**2 + kappa*m1*m2/r**3.4 + alpha*m1*m2/r**2*sin(omega*r)
    G*m1*m2/r**2 + kappa*m1*m2/r**3.4 + alpha*sin(omega*r)
    G*m1*m2/r**2 + kappa/r**3.4
    G*m1*m2/r**2 + kappa/r**3.4 + alpha*sin(beta*r)
    G*m1*m2/r**2 + kappa/r**3.4 + alpha*sin(omega*r)
    G*m1*m2/r**2.2 - alpha*s1*s2*sin(k*r)
    G*m2*s1*s2/r**2 - K/r**3.4
    G*r - alpha/r**2.5 + beta*sin(k*r)
    G*r - alpha/r**2.8 + beta*sin(kappa*r) + gamma*s1*s2/r**2.2
    G*s1*s2/r**2 + alpha*cos(beta*log(r))/r**3
    G*s1*s2/r**2 + alpha*s1*s2/r**3.4
    G/r**2 + kappa/r**3.4 + alpha*sin(beta*r)
========================================================================
