2026-06-01 17:51:08,663 [INFO] ascension.benchmarks.alien_depth: alien_depth: max_depth=6 per_layer=(True, True, True, False, False, True) held_out_rmse=0.21206819539332167 q_drift=None n_hyp=36 elapsed_ms=36139
========================================================================
ALIEN RUN 300b47e9-b509-4503-8d7a-c6fbd675363c
  run.status=completed  halt_reason=duration_exceeded
  PROVENANCE (P-15.2-6): benchmark_system='alien_universe'  included_in_distillation_v1=False
  SCORING MODE: FAMILY (L3/L4 vs held-out products {3,5})
  node types: {'dispute': 7, 'hypothesis': 36}
  hypothesis nodes=36  status_breakdown={'active': 26, 'contested': 10}
  SPEND: 130 llm_calls, $2.4290 total
    provider='google': 112 calls, $2.4290
    provider='nvidia': 18 calls, $0.0000
------------------------------------------------------------------------
  DISCOVERY DEPTH (P-15.2-1/2/3): max_depth=6
    per_layer L1..L6 = (True, True, True, False, False, True)
    HONEST consecutive force-law depth (L1-L4, L-057) = 3   [L5=False L6=True reported separately, non-consecutive]
    held_out_rss_reduction=0.21206819539332167  q_drift=None
  scorer notes (118):
    - L1: inverse-square term + Newton accel-fit converges ('(-G*m1*m2 + alpha*s1*s2*cos(k*r))/r**2 + alpha*k*s1*s2*sin(k*r)/r')
    - L2 DENIED: second radial term exponent not ~-3.5 ('(-G*m1*m2 + alpha*s1*s2*cos(k*r))/r**2 + alpha*k*s1*s2*sin(k*r)/r')
    - L3: hidden product does real work, hidden-basis RSS reduction 0.212 (+rationale tiebreaker) ('(-G*m1*m2 + alpha*s1*s2*cos(k*r))/r**2 + alpha*k*s1*s2*sin(k*r)/r')
    - L6: law verified invariant under P:(x->-x,v->-v,s->-s) ('(-G*m1*m2 + alpha*s1*s2*cos(k*r))/r**2 + alpha*k*s1*s2*sin(k*r)/r')
    - L1: inverse-square term + Newton accel-fit converges ('(alpha*s1*s2 - G*m1*m2) / r**2')
    - L3: hidden product does real work, hidden-basis RSS reduction 0.212 ('(alpha*s1*s2 - G*m1*m2) / r**2')
    - L6: law verified invariant under P:(x->-x,v->-v,s->-s) ('(alpha*s1*s2 - G*m1*m2) / r**2')
    - L2 DENIED: second radial term exponent not ~-3.5 ('(k * s1 * s2 / m1) * sin(alpha / r) / r')
    - L3: hidden product does real work, hidden-basis RSS reduction 0.212 ('(k * s1 * s2 / m1) * sin(alpha / r) / r')
    - L6: law verified invariant under P:(x->-x,v->-v,s->-s) ('(k * s1 * s2 / m1) * sin(alpha / r) / r')
    - L1: inverse-square term + Newton accel-fit converges ('(k*s1*s2/r**2) + (alpha/r**2.5) + (beta*cos(gamma*r)/r**2)')
    - L2 DENIED: second radial term exponent not ~-3.5 ('(k*s1*s2/r**2) + (alpha/r**2.5) + (beta*cos(gamma*r)/r**2)')
    - L3: hidden product does real work, hidden-basis RSS reduction 0.212 ('(k*s1*s2/r**2) + (alpha/r**2.5) + (beta*cos(gamma*r)/r**2)')
    - L6: law verified invariant under P:(x->-x,v->-v,s->-s) ('(k*s1*s2/r**2) + (alpha/r**2.5) + (beta*cos(gamma*r)/r**2)')
    - L1: inverse-square term + Newton accel-fit converges ('-(G + k*s1*s2) * m2 * cos(omega*r) / r**2.1')
    - L3: hidden product does real work, hidden-basis RSS reduction 0.212 (+rationale tiebreaker) ('-(G + k*s1*s2) * m2 * cos(omega*r) / r**2.1')
    - L6: law verified invariant under P:(x->-x,v->-v,s->-s) ('-(G + k*s1*s2) * m2 * cos(omega*r) / r**2.1')
    - L1: inverse-square term + Newton accel-fit converges ('-A/r**2 + B*s1*s2/r**p')
    - L3: hidden product does real work, hidden-basis RSS reduction 0.212 ('-A/r**2 + B*s1*s2/r**p')
    - L6: law verified invariant under P:(x->-x,v->-v,s->-s) ('-A/r**2 + B*s1*s2/r**p')
    - L1: inverse-square term + Newton accel-fit converges ('-G * m2 * (1 + alpha * s1 * s2 * cos(k*r)) / r**2')
    - L3: hidden product does real work, hidden-basis RSS reduction 0.212 (+rationale tiebreaker) ('-G * m2 * (1 + alpha * s1 * s2 * cos(k*r)) / r**2')
    - L6: law verified invariant under P:(x->-x,v->-v,s->-s) ('-G * m2 * (1 + alpha * s1 * s2 * cos(k*r)) / r**2')
    - L1: inverse-square term + Newton accel-fit converges ('-G*m1*m2/r**2 + k*s1*s2*cos(w*r)/r**3')
    - L2 DENIED: second radial term exponent not ~-3.5 ('-G*m1*m2/r**2 + k*s1*s2*cos(w*r)/r**3')
    - L3: hidden product does real work, hidden-basis RSS reduction 0.212 (+rationale tiebreaker) ('-G*m1*m2/r**2 + k*s1*s2*cos(w*r)/r**3')
    - L6: law verified invariant under P:(x->-x,v->-v,s->-s) ('-G*m1*m2/r**2 + k*s1*s2*cos(w*r)/r**3')
    - L1: inverse-square term + Newton accel-fit converges ('-G/r**2 + kappa*s1*s2*((x2-x1)*(vx2-vx1)+(y2-y1)*(vy2-vy1))/r * (v1+v2)/r')
    - L3: hidden product does real work, hidden-basis RSS reduction 0.212 ('-G/r**2 + kappa*s1*s2*((x2-x1)*(vx2-vx1)+(y2-y1)*(vy2-vy1))/r * (v1+v2)/r')
    - L6: law verified invariant under P:(x->-x,v->-v,s->-s) ('-G/r**2 + kappa*s1*s2*((x2-x1)*(vx2-vx1)+(y2-y1)*(vy2-vy1))/r * (v1+v2)/r')
    - L1: inverse-square term + Newton accel-fit converges ('-alpha * m1 * m2 / r**2 + beta * s1 * s2 * cos(kappa * r) / r**3')
    - L2 DENIED: second radial term exponent not ~-3.5 ('-alpha * m1 * m2 / r**2 + beta * s1 * s2 * cos(kappa * r) / r**3')
    - L3: hidden product does real work, hidden-basis RSS reduction 0.212 (+rationale tiebreaker) ('-alpha * m1 * m2 / r**2 + beta * s1 * s2 * cos(kappa * r) / r**3')
    - L6: law verified invariant under P:(x->-x,v->-v,s->-s) ('-alpha * m1 * m2 / r**2 + beta * s1 * s2 * cos(kappa * r) / r**3')
    - L1: inverse-square term + Newton accel-fit converges ('-k * s1 * s2 * m2 / r**2')
    - L3: hidden product does real work, hidden-basis RSS reduction 0.212 (+rationale tiebreaker) ('-k * s1 * s2 * m2 / r**2')
    - L6: law verified invariant under P:(x->-x,v->-v,s->-s) ('-k * s1 * s2 * m2 / r**2')
    - L1: inverse-square term + Newton accel-fit converges ('-k1*m2/r**2 + k2*m2*s1*s2/r**3')
    - L2 DENIED: second radial term exponent not ~-3.5 ('-k1*m2/r**2 + k2*m2*s1*s2/r**3')
    - L3: hidden product does real work, hidden-basis RSS reduction 0.212 (+rationale tiebreaker) ('-k1*m2/r**2 + k2*m2*s1*s2/r**3')
    - L6: law verified invariant under P:(x->-x,v->-v,s->-s) ('-k1*m2/r**2 + k2*m2*s1*s2/r**3')
    - L1: inverse-square term + Newton accel-fit converges ('-s1*s2*G*m1*m2/r**2 + kappa/r**4')
    - L2 DENIED: second radial term exponent not ~-3.5 ('-s1*s2*G*m1*m2/r**2 + kappa/r**4')
    - L3: hidden product does real work, hidden-basis RSS reduction 0.212 ('-s1*s2*G*m1*m2/r**2 + kappa/r**4')
    - L6: law verified invariant under P:(x->-x,v->-v,s->-s) ('-s1*s2*G*m1*m2/r**2 + kappa/r**4')
    - L3: hidden product does real work, hidden-basis RSS reduction 0.212 ('G * s1 * s2 / r**p')
    - L6: law verified invariant under P:(x->-x,v->-v,s->-s) ('G * s1 * s2 / r**p')
    - L1: inverse-square term + Newton accel-fit converges ('G*m1*m2/r**2 + alpha*s1*s2/r**3')
    - L2 DENIED: second radial term exponent not ~-3.5 ('G*m1*m2/r**2 + alpha*s1*s2/r**3')
    - L3: hidden product does real work, hidden-basis RSS reduction 0.212 (+rationale tiebreaker) ('G*m1*m2/r**2 + alpha*s1*s2/r**3')
    - L6: law verified invariant under P:(x->-x,v->-v,s->-s) ('G*m1*m2/r**2 + alpha*s1*s2/r**3')
    - L1: inverse-square term + Newton accel-fit converges ('G*m1*m2/r**2.2 - alpha/r**2 * sin(kappa*r) + beta*s1*s2/r**2')
    - L3: hidden product does real work, hidden-basis RSS reduction 0.212 ('G*m1*m2/r**2.2 - alpha/r**2 * sin(kappa*r) + beta*s1*s2/r**2')
    - L6: law verified invariant under P:(x->-x,v->-v,s->-s) ('G*m1*m2/r**2.2 - alpha/r**2 * sin(kappa*r) + beta*s1*s2/r**2')
    - L1: inverse-square term + Newton accel-fit converges ('G*r**(-1.8) - alpha*r**(-2.2)*(s1 + s2)/(m1 + m2)')
    - L6 DENIED: claimed symmetry not verified by sympy ('G*r**(-1.8) - alpha*r**(-2.2)*(s1 + s2)/(m1 + m2)')
    - L1: inverse-square term + Newton accel-fit converges ('G*r**(-2.2) + alpha*r**(-2.5)*sin(k*r) + beta*s1*s2*r**(-1.8)')
    - L2 DENIED: second radial term exponent not ~-3.5 ('G*r**(-2.2) + alpha*r**(-2.5)*sin(k*r) + beta*s1*s2*r**(-1.8)')
    - L3: hidden product does real work, hidden-basis RSS reduction 0.212 ('G*r**(-2.2) + alpha*r**(-2.5)*sin(k*r) + beta*s1*s2*r**(-1.8)')
    - L6: law verified invariant under P:(x->-x,v->-v,s->-s) ('G*r**(-2.2) + alpha*r**(-2.5)*sin(k*r) + beta*s1*s2*r**(-1.8)')
  distinct symbolic_form count=35 (sample up to 30):
    (-G*m1*m2 + alpha*s1*s2*cos(k*r))/r**2 + alpha*k*s1*s2*sin(k*r)/r
    (alpha*s1*s2 - G*m1*m2) / r**2
    (k * s1 * s2 / m1) * sin(alpha / r) / r
    (k*s1*s2/r**2) + (alpha/r**2.5) + (beta*cos(gamma*r)/r**2)
    -(G + k*s1*s2) * m2 * cos(omega*r) / r**2.1
    -A/r**2 + B*s1*s2/r**p
    -G * m2 * (1 + alpha * s1 * s2 * cos(k*r)) / r**2
    -G*m1*m2/r**2 + k*s1*s2*cos(w*r)/r**3
    -G/r**2 + kappa*s1*s2*((x2-x1)*(vx2-vx1)+(y2-y1)*(vy2-vy1))/r * (v1+v2)/r
    -alpha * m1 * m2 / r**2 + beta * s1 * s2 * cos(kappa * r) / r**3
    -k * s1 * s2 * m2 / r**2
    -k1*m2/r**2 + k2*m2*s1*s2/r**3
    -s1*s2*G*m1*m2/r**2 + kappa/r**4
    G * s1 * s2 / r**p
    G*m1*m2/r**2 + alpha*s1*s2/r**3
    G*m1*m2/r**2.2 - alpha/r**2 * sin(kappa*r) + beta*s1*s2/r**2
    G*r**(-1.8) - alpha*r**(-2.2)*(s1 + s2)/(m1 + m2)
    G*r**(-2.2) + alpha*r**(-2.5)*sin(k*r) + beta*s1*s2*r**(-1.8)
    G*s1*s2 / r**2.1
    G*s1*s2*(2*cos(omega*r)/r**3 + omega*sin(omega*r)/r**2)/m1
    alpha * s1 * s2 / r**2 - beta / r**3
    alpha * s1 * s2 / r**2.2
    alpha*s1*s2/r**3.4 - beta/r**2 + gamma*cos(kappa*r)/r**2.5
    beta * s1*s2 / r**2.8 - alpha * m1*m2 / r**2 + gamma * cos(kappa * r) / r**1.5
    k * s1 * s2 / (m1 * r**2)
    k * s1 * s2 / r**(2 + alpha * (s1 + s2)**2)
    k*s1*s2/r**(2+alpha) + beta*sin(gamma*r)
    k*s1*s2/r**2 + alpha*(s1-s2)/r**3
    k*s1*s2/r**2.2 + alpha*cos(beta*r)/r**2
    m2 * (-G/r**2 + beta*s1*s2/r**3.4)
========================================================================
