2026-06-01 14:45:35,347 [INFO] ascension.benchmarks.alien_depth: alien_depth: max_depth=6 per_layer=(True, False, True, False, False, True) held_out_rmse=0.21206819539332167 q_drift=None n_hyp=6 elapsed_ms=12530
========================================================================
ALIEN RUN 5207aaca-d1dc-4895-a294-bdd0b1c58222
  run.status=completed  halt_reason=duration_exceeded
  PROVENANCE (P-15.2-6): benchmark_system='alien_universe'  included_in_distillation_v1=False
  SCORING MODE: FAMILY (L3/L4 vs held-out products {3,5})
  node types: {'hypothesis': 6}
  hypothesis nodes=6  status_breakdown={'active': 6}
  SPEND: 13 llm_calls, $1.1981 total
    provider='google': 13 calls, $1.1981
------------------------------------------------------------------------
  DISCOVERY DEPTH (P-15.2-1/2/3): max_depth=6
    per_layer L1..L6 = (True, False, True, False, False, True)
    HONEST consecutive force-law depth (L1-L4, L-057) = 1   [L5=False L6=True reported separately, non-consecutive]
    held_out_rss_reduction=0.21206819539332167  q_drift=None
  scorer notes (20):
    - L1: inverse-square term + Newton accel-fit converges ('(-G*m1*m2/r**2 + s1*s2/r**3) / m1')
    - L2 DENIED: second radial term exponent not ~-3.5 ('(-G*m1*m2/r**2 + s1*s2/r**3) / m1')
    - L3: hidden product does real work, hidden-basis RSS reduction 0.212 (+rationale tiebreaker) ('(-G*m1*m2/r**2 + s1*s2/r**3) / m1')
    - L6: law verified invariant under P:(x->-x,v->-v,s->-s) ('(-G*m1*m2/r**2 + s1*s2/r**3) / m1')
    - L1: inverse-square term + Newton accel-fit converges ('(k*s1*s2 - G*m1*m2)/(m1*r**2)')
    - L3: hidden product does real work, hidden-basis RSS reduction 0.212 (+rationale tiebreaker) ('(k*s1*s2 - G*m1*m2)/(m1*r**2)')
    - L6: law verified invariant under P:(x->-x,v->-v,s->-s) ('(k*s1*s2 - G*m1*m2)/(m1*r**2)')
    - L1: inverse-square term + Newton accel-fit converges ('(kappa * s1 * s2 / r**3) - (G * m2 / r**2)')
    - L2 DENIED: second radial term exponent not ~-3.5 ('(kappa * s1 * s2 / r**3) - (G * m2 / r**2)')
    - L3: hidden product does real work, hidden-basis RSS reduction 0.212 (+rationale tiebreaker) ('(kappa * s1 * s2 / r**3) - (G * m2 / r**2)')
    - L6: law verified invariant under P:(x->-x,v->-v,s->-s) ('(kappa * s1 * s2 / r**3) - (G * m2 / r**2)')
    - L1: inverse-square term + Newton accel-fit converges ('G*m2/r**2 - k*s1*s2/(m1*r**3)')
    - L2 DENIED: second radial term exponent not ~-3.5 ('G*m2/r**2 - k*s1*s2/(m1*r**3)')
    - L3: hidden product does real work, hidden-basis RSS reduction 0.212 (+rationale tiebreaker) ('G*m2/r**2 - k*s1*s2/(m1*r**3)')
    - L6: law verified invariant under P:(x->-x,v->-v,s->-s) ('G*m2/r**2 - k*s1*s2/(m1*r**3)')
    - L1: inverse-square term + Newton accel-fit converges ('G*m2/r**2 - kappa*s1*s2/(m1*r**3)')
    - L2 DENIED: second radial term exponent not ~-3.5 ('G*m2/r**2 - kappa*s1*s2/(m1*r**3)')
    - L3: hidden product does real work, hidden-basis RSS reduction 0.212 (+rationale tiebreaker) ('G*m2/r**2 - kappa*s1*s2/(m1*r**3)')
    - L6: law verified invariant under P:(x->-x,v->-v,s->-s) ('G*m2/r**2 - kappa*s1*s2/(m1*r**3)')
    - L1: inverse-square term + Newton accel-fit converges ('k*(m1+m2)/r**2')
  distinct symbolic_form count=6 (sample up to 30):
    (-G*m1*m2/r**2 + s1*s2/r**3) / m1
    (k*s1*s2 - G*m1*m2)/(m1*r**2)
    (kappa * s1 * s2 / r**3) - (G * m2 / r**2)
    G*m2/r**2 - k*s1*s2/(m1*r**3)
    G*m2/r**2 - kappa*s1*s2/(m1*r**3)
    k*(m1+m2)/r**2
========================================================================
