2026-06-01 17:30:21,202 [INFO] ascension.benchmarks.alien_depth: alien_depth: max_depth=6 per_layer=(True, False, True, False, False, True) held_out_rmse=0.21206819539332167 q_drift=None n_hyp=4 elapsed_ms=11779
========================================================================
ALIEN RUN 22c8503d-41fa-401a-b2d6-433d27ae02b2
  run.status=completed  halt_reason=duration_exceeded
  PROVENANCE (P-15.2-6): benchmark_system='alien_universe'  included_in_distillation_v1=False
  SCORING MODE: FAMILY (L3/L4 vs held-out products {3,5})
  node types: {'hypothesis': 4}
  hypothesis nodes=4  status_breakdown={'active': 4}
  SPEND: 10 llm_calls, $1.0206 total
    provider='google': 10 calls, $1.0206
------------------------------------------------------------------------
  DISCOVERY DEPTH (P-15.2-1/2/3): max_depth=6
    per_layer L1..L6 = (True, False, True, False, False, True)
    HONEST consecutive force-law depth (L1-L4, L-057) = 1   [L5=False L6=True reported separately, non-consecutive]
    held_out_rss_reduction=0.21206819539332167  q_drift=None
  scorer notes (14):
    - L2 DENIED: second radial term exponent not ~-3.5 ('(k*s1*s2 - g)/(m1*r)')
    - L3: hidden product does real work, hidden-basis RSS reduction 0.212 (+rationale tiebreaker) ('(k*s1*s2 - g)/(m1*r)')
    - L6: law verified invariant under P:(x->-x,v->-v,s->-s) ('(k*s1*s2 - g)/(m1*r)')
    - L1: inverse-square term + Newton accel-fit converges ('-G*m1*m2/r**2 + kappa*s1*s2/r**3')
    - L2 DENIED: second radial term exponent not ~-3.5 ('-G*m1*m2/r**2 + kappa*s1*s2/r**3')
    - L3: hidden product does real work, hidden-basis RSS reduction 0.212 (+rationale tiebreaker) ('-G*m1*m2/r**2 + kappa*s1*s2/r**3')
    - L6: law verified invariant under P:(x->-x,v->-v,s->-s) ('-G*m1*m2/r**2 + kappa*s1*s2/r**3')
    - L1: inverse-square term + Newton accel-fit converges ('k*s1*s2/(m1*r**3) - G*m2/r**2')
    - L2 DENIED: second radial term exponent not ~-3.5 ('k*s1*s2/(m1*r**3) - G*m2/r**2')
    - L3: hidden product does real work, hidden-basis RSS reduction 0.212 (+rationale tiebreaker) ('k*s1*s2/(m1*r**3) - G*m2/r**2')
    - L6: law verified invariant under P:(x->-x,v->-v,s->-s) ('k*s1*s2/(m1*r**3) - G*m2/r**2')
    - L2 DENIED: second radial term exponent not ~-3.5 ('kappa*(s1+s2)*(x1-x2)/(m1*r**3)')
    - L3: hidden product does real work, hidden-basis RSS reduction 0.212 (+rationale tiebreaker) ('kappa*(s1+s2)*(x1-x2)/(m1*r**3)')
    - L6 DENIED: claimed symmetry not verified by sympy ('kappa*(s1+s2)*(x1-x2)/(m1*r**3)')
  distinct symbolic_form count=4 (sample up to 30):
    (k*s1*s2 - g)/(m1*r)
    -G*m1*m2/r**2 + kappa*s1*s2/r**3
    k*s1*s2/(m1*r**3) - G*m2/r**2
    kappa*(s1+s2)*(x1-x2)/(m1*r**3)
========================================================================
