2026-06-01 16:49:20,346 [INFO] ascension.benchmarks.alien_depth: alien_depth: max_depth=6 per_layer=(True, False, True, False, False, True) held_out_rmse=0.21206819539332167 q_drift=None n_hyp=4 elapsed_ms=11145
========================================================================
ALIEN RUN b93deba9-88f6-4363-b127-8606f495769f
  run.status=completed  halt_reason=duration_exceeded
  PROVENANCE (P-15.2-6): benchmark_system='alien_universe'  included_in_distillation_v1=False
  SCORING MODE: FAMILY (L3/L4 vs held-out products {3,5})
  node types: {'hypothesis': 4}
  hypothesis nodes=4  status_breakdown={'active': 4}
  SPEND: 11 llm_calls, $1.1865 total
    provider='google': 11 calls, $1.1865
------------------------------------------------------------------------
  DISCOVERY DEPTH (P-15.2-1/2/3): max_depth=6
    per_layer L1..L6 = (True, False, True, False, False, True)
    HONEST consecutive force-law depth (L1-L4, L-057) = 1   [L5=False L6=True reported separately, non-consecutive]
    held_out_rss_reduction=0.21206819539332167  q_drift=None
  scorer notes (12):
    - L2 DENIED: second radial term exponent not ~-3.5 ('(k * s1 * s2 / r) - (G * m1 * m2 / (m1 + m2) / r)')
    - L3: hidden product does real work, hidden-basis RSS reduction 0.212 (+rationale tiebreaker) ('(k * s1 * s2 / r) - (G * m1 * m2 / (m1 + m2) / r)')
    - L6: law verified invariant under P:(x->-x,v->-v,s->-s) ('(k * s1 * s2 / r) - (G * m1 * m2 / (m1 + m2) / r)')
    - L1: inverse-square term + Newton accel-fit converges ('(k*s1*s2/m1 - G*m2)/r**2')
    - L3: hidden product does real work, hidden-basis RSS reduction 0.212 (+rationale tiebreaker) ('(k*s1*s2/m1 - G*m2)/r**2')
    - L6: law verified invariant under P:(x->-x,v->-v,s->-s) ('(k*s1*s2/m1 - G*m2)/r**2')
    - L1: inverse-square term + Newton accel-fit converges ('-G*m2/r**2 + alpha*s1*s2/(m1*r)')
    - L2 DENIED: second radial term exponent not ~-3.5 ('-G*m2/r**2 + alpha*s1*s2/(m1*r)')
    - L3: hidden product does real work, hidden-basis RSS reduction 0.212 (+rationale tiebreaker) ('-G*m2/r**2 + alpha*s1*s2/(m1*r)')
    - L6: law verified invariant under P:(x->-x,v->-v,s->-s) ('-G*m2/r**2 + alpha*s1*s2/(m1*r)')
    - L1: inverse-square term + Newton accel-fit converges ('-alpha/r**2 + beta/r**3')
    - L2 DENIED: second radial term exponent not ~-3.5 ('-alpha/r**2 + beta/r**3')
  distinct symbolic_form count=4 (sample up to 30):
    (k * s1 * s2 / r) - (G * m1 * m2 / (m1 + m2) / r)
    (k*s1*s2/m1 - G*m2)/r**2
    -G*m2/r**2 + alpha*s1*s2/(m1*r)
    -alpha/r**2 + beta/r**3
========================================================================
